Warning: No PCF file specified; IO pins will be placed automatically

Info: Packing constants..
Info: Packing IOs..
Info: Packing LUT-FFs..
Info:       80 LCs used as LUT4 only
Info:      132 LCs used as LUT4 and DFF
Info: Packing non-LUT FFs..
Info:      193 LCs used as DFF only
Info: Packing carries..
Info:       46 LCs used as CARRY only
Info: Packing indirect carry+LUT pairs...
Info:       46 LUTs merged into carry LCs
Info: Packing RAMs..
Info: Placing PLLs..
Info: Packing special functions..
Info: Packing PLLs..
Info: Promoting globals..
Info: promoting clk$SB_IO_IN (fanout 325)
Info: promoting rst$SB_IO_IN [reset] (fanout 325)
Info: promoting layer0.output_valid_SB_LUT4_I3_O [cen] (fanout 64)
Info: promoting sample_valid_SB_LUT4_I2_O [cen] (fanout 56)
Info: promoting layer1.conv.impl.stage0_valid_SB_LUT4_I3_O [cen] (fanout 41)
Info: promoting layer0.conv.impl.stage0_valid_SB_LUT4_I3_O [cen] (fanout 40)
Info: Constraining chains...
Info:        4 LCs used to legalise carry chains.
Info: Checksum: 0x17798b05

Info: Device utilisation:
Info: 	         ICESTORM_LC:     411/   1280    32%
Info: 	        ICESTORM_RAM:       0/     16     0%
Info: 	               SB_IO:      21/    112    18%
Info: 	               SB_GB:       6/      8    75%
Info: 	        ICESTORM_PLL:       0/      1     0%
Info: 	         SB_WARMBOOT:       0/      1     0%

Info: Placed 0 cells based on constraints.
Info: Creating initial analytic placement for 253 cells, random placement wirelen = 4266.
Info:     at initial placer iter 0, wirelen = 361
Info:     at initial placer iter 1, wirelen = 299
Info:     at initial placer iter 2, wirelen = 315
Info:     at initial placer iter 3, wirelen = 315
Info: Running main analytical placer, max placement attempts per cell = 23980.
Info:     at iteration #1, type ICESTORM_LC: wirelen solved = 308, spread = 1456, legal = 1989; time = 0.01s
Info:     at iteration #1, type SB_GB: wirelen solved = 1967, spread = 2000, legal = 2002; time = 0.00s
Info:     at iteration #1, type ALL: wirelen solved = 330, spread = 1601, legal = 1931; time = 0.01s
Info:     at iteration #2, type ICESTORM_LC: wirelen solved = 410, spread = 1486, legal = 1800; time = 0.01s
Info:     at iteration #2, type SB_GB: wirelen solved = 1773, spread = 1798, legal = 1800; time = 0.00s
Info:     at iteration #2, type ALL: wirelen solved = 350, spread = 1381, legal = 1653; time = 0.01s
Info:     at iteration #3, type ICESTORM_LC: wirelen solved = 407, spread = 1053, legal = 1382; time = 0.01s
Info:     at iteration #3, type SB_GB: wirelen solved = 1360, spread = 1385, legal = 1406; time = 0.00s
Info:     at iteration #3, type ALL: wirelen solved = 372, spread = 1142, legal = 1555; time = 0.01s
Info:     at iteration #4, type ICESTORM_LC: wirelen solved = 388, spread = 1049, legal = 1422; time = 0.01s
Info:     at iteration #4, type SB_GB: wirelen solved = 1405, spread = 1410, legal = 1422; time = 0.00s
Info:     at iteration #4, type ALL: wirelen solved = 354, spread = 1192, legal = 1636; time = 0.01s
Info:     at iteration #5, type ICESTORM_LC: wirelen solved = 453, spread = 1049, legal = 1419; time = 0.01s
Info:     at iteration #5, type SB_GB: wirelen solved = 1405, spread = 1418, legal = 1419; time = 0.00s
Info:     at iteration #5, type ALL: wirelen solved = 420, spread = 1062, legal = 1488; time = 0.01s
Info:     at iteration #6, type ICESTORM_LC: wirelen solved = 490, spread = 1273, legal = 1468; time = 0.01s
Info:     at iteration #6, type SB_GB: wirelen solved = 1449, spread = 1467, legal = 1478; time = 0.00s
Info:     at iteration #6, type ALL: wirelen solved = 446, spread = 1304, legal = 1642; time = 0.01s
Info:     at iteration #7, type ICESTORM_LC: wirelen solved = 486, spread = 984, legal = 1349; time = 0.01s
Info:     at iteration #7, type SB_GB: wirelen solved = 1334, spread = 1348, legal = 1349; time = 0.00s
Info:     at iteration #7, type ALL: wirelen solved = 444, spread = 939, legal = 1343; time = 0.01s
Info:     at iteration #8, type ICESTORM_LC: wirelen solved = 488, spread = 1255, legal = 1490; time = 0.01s
Info:     at iteration #8, type SB_GB: wirelen solved = 1467, spread = 1487, legal = 1500; time = 0.00s
Info:     at iteration #8, type ALL: wirelen solved = 468, spread = 1254, legal = 1644; time = 0.01s
Info:     at iteration #9, type ICESTORM_LC: wirelen solved = 512, spread = 952, legal = 1302; time = 0.01s
Info:     at iteration #9, type SB_GB: wirelen solved = 1280, spread = 1300, legal = 1302; time = 0.00s
Info:     at iteration #9, type ALL: wirelen solved = 444, spread = 1159, legal = 1382; time = 0.01s
Info:     at iteration #10, type ICESTORM_LC: wirelen solved = 530, spread = 1123, legal = 1453; time = 0.01s
Info:     at iteration #10, type SB_GB: wirelen solved = 1432, spread = 1454, legal = 1465; time = 0.00s
Info:     at iteration #10, type ALL: wirelen solved = 527, spread = 1292, legal = 1629; time = 0.01s
Info:     at iteration #11, type ICESTORM_LC: wirelen solved = 590, spread = 936, legal = 1265; time = 0.01s
Info:     at iteration #11, type SB_GB: wirelen solved = 1240, spread = 1266, legal = 1265; time = 0.00s
Info:     at iteration #11, type ALL: wirelen solved = 527, spread = 1259, legal = 1564; time = 0.01s
Info:     at iteration #12, type ICESTORM_LC: wirelen solved = 553, spread = 960, legal = 1388; time = 0.01s
Info:     at iteration #12, type SB_GB: wirelen solved = 1365, spread = 1387, legal = 1388; time = 0.00s
Info:     at iteration #12, type ALL: wirelen solved = 509, spread = 1092, legal = 1462; time = 0.01s
Info: HeAP Placer Time: 0.20s
Info:   of which solving equations: 0.12s
Info:   of which spreading cells: 0.01s
Info:   of which strict legalisation: 0.05s

Info: Running simulated annealing placer for refinement.
Info:   at iteration #1: temp = 0.000000, timing cost = 39, wirelen = 1343
Info:   at iteration #5: temp = 0.000000, timing cost = 25, wirelen = 1097
Info:   at iteration #10: temp = 0.000000, timing cost = 29, wirelen = 1026
Info:   at iteration #15: temp = 0.000000, timing cost = 29, wirelen = 976
Info:   at iteration #20: temp = 0.000000, timing cost = 28, wirelen = 950
Info:   at iteration #25: temp = 0.000000, timing cost = 30, wirelen = 934
Info:   at iteration #28: temp = 0.000000, timing cost = 30, wirelen = 930 
Info: SA placement time 0.16s

Info: Max frequency for clock 'clk$SB_IO_IN_$glb_clk': 110.75 MHz (PASS at 25.00 MHz)

Info: Max delay <async>                       -> posedge clk$SB_IO_IN_$glb_clk: 5.95 ns
Info: Max delay posedge clk$SB_IO_IN_$glb_clk -> <async>                      : 1.75 ns

Info: Slack histogram:
Info:  legend: * represents 1 endpoint(s)
Info:          + represents [1,1) endpoint(s)
Info: [ 30971,  31350) |***+
Info: [ 31350,  31729) | 
Info: [ 31729,  32108) | 
Info: [ 32108,  32487) |***+
Info: [ 32487,  32866) | 
Info: [ 32866,  33245) | 
Info: [ 33245,  33624) |****+
Info: [ 33624,  34003) |**********+
Info: [ 34003,  34382) |*********************************+
Info: [ 34382,  34761) |***********************************************+
Info: [ 34761,  35140) |************************************+
Info: [ 35140,  35519) |*******************************************+
Info: [ 35519,  35898) |*************+
Info: [ 35898,  36277) |*****************+
Info: [ 36277,  36656) |******************+
Info: [ 36656,  37035) |**************************+
Info: [ 37035,  37414) |********************************+
Info: [ 37414,  37793) |************************************************************ 
Info: [ 37793,  38172) |********************************+
Info: [ 38172,  38551) |******************************************************+
Info: Checksum: 0xfd7ae3c0

Info: Routing..
Info: Setting up routing queue.
Info: Routing 1120 arcs.
Info:            |   (re-)routed arcs  |   delta    | remaining|       time spent     |
Info:    IterCnt |  w/ripup   wo/ripup |  w/r  wo/r |      arcs| batch(sec) total(sec)|
Info:       1000 |       81        775 |   81   775 |       209|       0.07       0.07|
Info:       1208 |       81        984 |    0   209 |         0|       0.02       0.09|
Info: Routing complete.
Info: Router1 time 0.09s
Info: Checksum: 0xd5bba4ed

Info: Critical path report for clock 'clk$SB_IO_IN_$glb_clk' (posedge -> posedge):
Info:       type curr  total name
Info:   clk-to-q  0.54  0.54 Source layer0.conv.impl.sample_out_SB_DFFESR_Q_D_SB_LUT4_O_LC.O
Info:    routing  0.96  1.50 Net layer0.conv_out[31] (6,12) -> (5,10)
Info:                          Sink layer0.sample_out_SB_DFFESR_Q_1_D_SB_LUT4_O_I3_SB_LUT4_O_I3_SB_CARRY_CO_CI_SB_CARRY_CO_CI_SB_CARRY_CO_CI_SB_CARRY_CO_CI_SB_CARRY_CO_CI_SB_CARRY_CO_CI_SB_CARRY_CO_CI_SB_CARRY_CO_CI_SB_CARRY_CO_CI_SB_CARRY_CO_CI_SB_CARRY_CO_CI_SB_CARRY_CO_CI_SB_CARRY_CO_CI_SB_CARRY_CO_CI_SB_CARRY_CO_CI_SB_CARRY_CO_CI_SB_CARRY_CO_CI_SB_CARRY_CO_CI_SB_CARRY_CO_CI_SB_CARRY_CO_CI_SB_CARRY_CO_CI_SB_CARRY_CO_CI_SB_CARRY_CO_CI_SB_LUT4_O_LC.I2
Info:                          Defined in:
Info:                               tcn_layer_basic.v:74.33-74.44
Info:      logic  0.38  1.88 Source layer0.sample_out_SB_DFFESR_Q_1_D_SB_LUT4_O_I3_SB_LUT4_O_I3_SB_CARRY_CO_CI_SB_CARRY_CO_CI_SB_CARRY_CO_CI_SB_CARRY_CO_CI_SB_CARRY_CO_CI_SB_CARRY_CO_CI_SB_CARRY_CO_CI_SB_CARRY_CO_CI_SB_CARRY_CO_CI_SB_CARRY_CO_CI_SB_CARRY_CO_CI_SB_CARRY_CO_CI_SB_CARRY_CO_CI_SB_CARRY_CO_CI_SB_CARRY_CO_CI_SB_CARRY_CO_CI_SB_CARRY_CO_CI_SB_CARRY_CO_CI_SB_CARRY_CO_CI_SB_CARRY_CO_CI_SB_CARRY_CO_CI_SB_CARRY_CO_CI_SB_CARRY_CO_CI_SB_LUT4_O_LC.O
Info:    routing  0.59  2.46 Net layer0.sample_out_SB_DFFESR_Q_1_D_SB_LUT4_O_I3_SB_LUT4_O_I3_SB_CARRY_CO_CI_SB_CARRY_CO_CI_SB_CARRY_CO_CI_SB_CARRY_CO_CI_SB_CARRY_CO_CI_SB_CARRY_CO_CI_SB_CARRY_CO_CI_SB_CARRY_CO_CI_SB_CARRY_CO_CI_SB_CARRY_CO_CI_SB_CARRY_CO_CI_SB_CARRY_CO_CI_SB_CARRY_CO_CI_SB_CARRY_CO_CI_SB_CARRY_CO_CI_SB_CARRY_CO_CI_SB_CARRY_CO_CI_SB_CARRY_CO_CI_SB_CARRY_CO_CI_SB_CARRY_CO_CI_SB_CARRY_CO_CI_SB_CARRY_CO_CI_SB_CARRY_CO_CI (5,10) -> (5,11)
Info:                          Sink $nextpnr_ICESTORM_LC_2.I1
Info:                          Defined in:
Info:                               tcn_layer_basic.v:64.17-64.34
Info:                               /opt/homebrew/bin/../share/yosys/ice40/arith_map.v:62.5-70.4
Info:                               /opt/homebrew/bin/../share/yosys/ice40/abc9_model.v:8.8-8.10
Info:      logic  0.26  2.72 Source $nextpnr_ICESTORM_LC_2.COUT
Info:    routing  0.00  2.72 Net $nextpnr_ICESTORM_LC_2$O (5,11) -> (5,11)
Info:                          Sink layer0.sample_out_SB_DFFESR_Q_1_D_SB_LUT4_O_I3_SB_LUT4_O_I3_SB_CARRY_CO_CI_SB_CARRY_CO_CI_SB_CARRY_CO_CI_SB_CARRY_CO_CI_SB_CARRY_CO_CI_SB_CARRY_CO_CI_SB_CARRY_CO_CI_SB_CARRY_CO_CI_SB_CARRY_CO_CI_SB_CARRY_CO_CI_SB_CARRY_CO_CI_SB_CARRY_CO_CI_SB_CARRY_CO_CI_SB_CARRY_CO_CI_SB_CARRY_CO_CI_SB_CARRY_CO_CI_SB_CARRY_CO_CI_SB_CARRY_CO_CI_SB_CARRY_CO_CI_SB_CARRY_CO_CI_SB_CARRY_CO_CI_SB_CARRY_CO_CI_SB_CARRY_CO$CARRY.CIN
Info:      logic  0.13  2.85 Source layer0.sample_out_SB_DFFESR_Q_1_D_SB_LUT4_O_I3_SB_LUT4_O_I3_SB_CARRY_CO_CI_SB_CARRY_CO_CI_SB_CARRY_CO_CI_SB_CARRY_CO_CI_SB_CARRY_CO_CI_SB_CARRY_CO_CI_SB_CARRY_CO_CI_SB_CARRY_CO_CI_SB_CARRY_CO_CI_SB_CARRY_CO_CI_SB_CARRY_CO_CI_SB_CARRY_CO_CI_SB_CARRY_CO_CI_SB_CARRY_CO_CI_SB_CARRY_CO_CI_SB_CARRY_CO_CI_SB_CARRY_CO_CI_SB_CARRY_CO_CI_SB_CARRY_CO_CI_SB_CARRY_CO_CI_SB_CARRY_CO_CI_SB_CARRY_CO_CI_SB_CARRY_CO$CARRY.COUT
Info:    routing  0.00  2.85 Net layer0.sample_out_SB_DFFESR_Q_1_D_SB_LUT4_O_I3_SB_LUT4_O_I3_SB_CARRY_CO_CI_SB_CARRY_CO_CI_SB_CARRY_CO_CI_SB_CARRY_CO_CI_SB_CARRY_CO_CI_SB_CARRY_CO_CI_SB_CARRY_CO_CI_SB_CARRY_CO_CI_SB_CARRY_CO_CI_SB_CARRY_CO_CI_SB_CARRY_CO_CI_SB_CARRY_CO_CI_SB_CARRY_CO_CI_SB_CARRY_CO_CI_SB_CARRY_CO_CI_SB_CARRY_CO_CI_SB_CARRY_CO_CI_SB_CARRY_CO_CI_SB_CARRY_CO_CI_SB_CARRY_CO_CI_SB_CARRY_CO_CI_SB_CARRY_CO_CI (5,11) -> (5,11)
Info:                          Sink layer0.sample_out_SB_DFFESR_Q_1_D_SB_LUT4_O_I3_SB_LUT4_O_I3_SB_CARRY_CO_CI_SB_CARRY_CO_CI_SB_CARRY_CO_CI_SB_CARRY_CO_CI_SB_CARRY_CO_CI_SB_CARRY_CO_CI_SB_CARRY_CO_CI_SB_CARRY_CO_CI_SB_CARRY_CO_CI_SB_CARRY_CO_CI_SB_CARRY_CO_CI_SB_CARRY_CO_CI_SB_CARRY_CO_CI_SB_CARRY_CO_CI_SB_CARRY_CO_CI_SB_CARRY_CO_CI_SB_CARRY_CO_CI_SB_CARRY_CO_CI_SB_CARRY_CO_CI_SB_CARRY_CO_CI_SB_CARRY_CO_CI_SB_CARRY_CO$CARRY.CIN
Info:                          Defined in:
Info:                               tcn_layer_basic.v:64.17-64.34
Info:                               /opt/homebrew/bin/../share/yosys/ice40/arith_map.v:62.5-70.4
Info:                               /opt/homebrew/bin/../share/yosys/ice40/abc9_model.v:4.9-4.11
Info:      logic  0.13  2.98 Source layer0.sample_out_SB_DFFESR_Q_1_D_SB_LUT4_O_I3_SB_LUT4_O_I3_SB_CARRY_CO_CI_SB_CARRY_CO_CI_SB_CARRY_CO_CI_SB_CARRY_CO_CI_SB_CARRY_CO_CI_SB_CARRY_CO_CI_SB_CARRY_CO_CI_SB_CARRY_CO_CI_SB_CARRY_CO_CI_SB_CARRY_CO_CI_SB_CARRY_CO_CI_SB_CARRY_CO_CI_SB_CARRY_CO_CI_SB_CARRY_CO_CI_SB_CARRY_CO_CI_SB_CARRY_CO_CI_SB_CARRY_CO_CI_SB_CARRY_CO_CI_SB_CARRY_CO_CI_SB_CARRY_CO_CI_SB_CARRY_CO_CI_SB_CARRY_CO$CARRY.COUT
Info:    routing  0.00  2.98 Net layer0.sample_out_SB_DFFESR_Q_1_D_SB_LUT4_O_I3_SB_LUT4_O_I3_SB_CARRY_CO_CI_SB_CARRY_CO_CI_SB_CARRY_CO_CI_SB_CARRY_CO_CI_SB_CARRY_CO_CI_SB_CARRY_CO_CI_SB_CARRY_CO_CI_SB_CARRY_CO_CI_SB_CARRY_CO_CI_SB_CARRY_CO_CI_SB_CARRY_CO_CI_SB_CARRY_CO_CI_SB_CARRY_CO_CI_SB_CARRY_CO_CI_SB_CARRY_CO_CI_SB_CARRY_CO_CI_SB_CARRY_CO_CI_SB_CARRY_CO_CI_SB_CARRY_CO_CI_SB_CARRY_CO_CI_SB_CARRY_CO_CI (5,11) -> (5,11)
Info:                          Sink layer0.sample_out_SB_DFFESR_Q_1_D_SB_LUT4_O_I3_SB_LUT4_O_I3_SB_CARRY_CO_CI_SB_CARRY_CO_CI_SB_CARRY_CO_CI_SB_CARRY_CO_CI_SB_CARRY_CO_CI_SB_CARRY_CO_CI_SB_CARRY_CO_CI_SB_CARRY_CO_CI_SB_CARRY_CO_CI_SB_CARRY_CO_CI_SB_CARRY_CO_CI_SB_CARRY_CO_CI_SB_CARRY_CO_CI_SB_CARRY_CO_CI_SB_CARRY_CO_CI_SB_CARRY_CO_CI_SB_CARRY_CO_CI_SB_CARRY_CO_CI_SB_CARRY_CO_CI_SB_CARRY_CO_CI_SB_CARRY_CO$CARRY.CIN
Info:                          Defined in:
Info:                               tcn_layer_basic.v:64.17-64.34
Info:                               /opt/homebrew/bin/../share/yosys/ice40/arith_map.v:62.5-70.4
Info:                               /opt/homebrew/bin/../share/yosys/ice40/abc9_model.v:4.9-4.11
Info:      logic  0.13  3.10 Source layer0.sample_out_SB_DFFESR_Q_1_D_SB_LUT4_O_I3_SB_LUT4_O_I3_SB_CARRY_CO_CI_SB_CARRY_CO_CI_SB_CARRY_CO_CI_SB_CARRY_CO_CI_SB_CARRY_CO_CI_SB_CARRY_CO_CI_SB_CARRY_CO_CI_SB_CARRY_CO_CI_SB_CARRY_CO_CI_SB_CARRY_CO_CI_SB_CARRY_CO_CI_SB_CARRY_CO_CI_SB_CARRY_CO_CI_SB_CARRY_CO_CI_SB_CARRY_CO_CI_SB_CARRY_CO_CI_SB_CARRY_CO_CI_SB_CARRY_CO_CI_SB_CARRY_CO_CI_SB_CARRY_CO_CI_SB_CARRY_CO$CARRY.COUT
Info:    routing  0.00  3.10 Net layer0.sample_out_SB_DFFESR_Q_1_D_SB_LUT4_O_I3_SB_LUT4_O_I3_SB_CARRY_CO_CI_SB_CARRY_CO_CI_SB_CARRY_CO_CI_SB_CARRY_CO_CI_SB_CARRY_CO_CI_SB_CARRY_CO_CI_SB_CARRY_CO_CI_SB_CARRY_CO_CI_SB_CARRY_CO_CI_SB_CARRY_CO_CI_SB_CARRY_CO_CI_SB_CARRY_CO_CI_SB_CARRY_CO_CI_SB_CARRY_CO_CI_SB_CARRY_CO_CI_SB_CARRY_CO_CI_SB_CARRY_CO_CI_SB_CARRY_CO_CI_SB_CARRY_CO_CI_SB_CARRY_CO_CI (5,11) -> (5,11)
Info:                          Sink layer0.sample_out_SB_DFFESR_Q_1_D_SB_LUT4_O_I3_SB_LUT4_O_I3_SB_CARRY_CO_CI_SB_CARRY_CO_CI_SB_CARRY_CO_CI_SB_CARRY_CO_CI_SB_CARRY_CO_CI_SB_CARRY_CO_CI_SB_CARRY_CO_CI_SB_CARRY_CO_CI_SB_CARRY_CO_CI_SB_CARRY_CO_CI_SB_CARRY_CO_CI_SB_CARRY_CO_CI_SB_CARRY_CO_CI_SB_CARRY_CO_CI_SB_CARRY_CO_CI_SB_CARRY_CO_CI_SB_CARRY_CO_CI_SB_CARRY_CO_CI_SB_CARRY_CO_CI_SB_CARRY_CO$CARRY.CIN
Info:                          Defined in:
Info:                               tcn_layer_basic.v:64.17-64.34
Info:                               /opt/homebrew/bin/../share/yosys/ice40/arith_map.v:62.5-70.4
Info:                               /opt/homebrew/bin/../share/yosys/ice40/abc9_model.v:4.9-4.11
Info:      logic  0.13  3.23 Source layer0.sample_out_SB_DFFESR_Q_1_D_SB_LUT4_O_I3_SB_LUT4_O_I3_SB_CARRY_CO_CI_SB_CARRY_CO_CI_SB_CARRY_CO_CI_SB_CARRY_CO_CI_SB_CARRY_CO_CI_SB_CARRY_CO_CI_SB_CARRY_CO_CI_SB_CARRY_CO_CI_SB_CARRY_CO_CI_SB_CARRY_CO_CI_SB_CARRY_CO_CI_SB_CARRY_CO_CI_SB_CARRY_CO_CI_SB_CARRY_CO_CI_SB_CARRY_CO_CI_SB_CARRY_CO_CI_SB_CARRY_CO_CI_SB_CARRY_CO_CI_SB_CARRY_CO_CI_SB_CARRY_CO$CARRY.COUT
Info:    routing  0.00  3.23 Net layer0.sample_out_SB_DFFESR_Q_1_D_SB_LUT4_O_I3_SB_LUT4_O_I3_SB_CARRY_CO_CI_SB_CARRY_CO_CI_SB_CARRY_CO_CI_SB_CARRY_CO_CI_SB_CARRY_CO_CI_SB_CARRY_CO_CI_SB_CARRY_CO_CI_SB_CARRY_CO_CI_SB_CARRY_CO_CI_SB_CARRY_CO_CI_SB_CARRY_CO_CI_SB_CARRY_CO_CI_SB_CARRY_CO_CI_SB_CARRY_CO_CI_SB_CARRY_CO_CI_SB_CARRY_CO_CI_SB_CARRY_CO_CI_SB_CARRY_CO_CI_SB_CARRY_CO_CI (5,11) -> (5,11)
Info:                          Sink layer0.sample_out_SB_DFFESR_Q_1_D_SB_LUT4_O_I3_SB_LUT4_O_I3_SB_CARRY_CO_CI_SB_CARRY_CO_CI_SB_CARRY_CO_CI_SB_CARRY_CO_CI_SB_CARRY_CO_CI_SB_CARRY_CO_CI_SB_CARRY_CO_CI_SB_CARRY_CO_CI_SB_CARRY_CO_CI_SB_CARRY_CO_CI_SB_CARRY_CO_CI_SB_CARRY_CO_CI_SB_CARRY_CO_CI_SB_CARRY_CO_CI_SB_CARRY_CO_CI_SB_CARRY_CO_CI_SB_CARRY_CO_CI_SB_CARRY_CO_CI_SB_CARRY_CO$CARRY.CIN
Info:                          Defined in:
Info:                               tcn_layer_basic.v:64.17-64.34
Info:                               /opt/homebrew/bin/../share/yosys/ice40/arith_map.v:62.5-70.4
Info:                               /opt/homebrew/bin/../share/yosys/ice40/abc9_model.v:4.9-4.11
Info:      logic  0.13  3.35 Source layer0.sample_out_SB_DFFESR_Q_1_D_SB_LUT4_O_I3_SB_LUT4_O_I3_SB_CARRY_CO_CI_SB_CARRY_CO_CI_SB_CARRY_CO_CI_SB_CARRY_CO_CI_SB_CARRY_CO_CI_SB_CARRY_CO_CI_SB_CARRY_CO_CI_SB_CARRY_CO_CI_SB_CARRY_CO_CI_SB_CARRY_CO_CI_SB_CARRY_CO_CI_SB_CARRY_CO_CI_SB_CARRY_CO_CI_SB_CARRY_CO_CI_SB_CARRY_CO_CI_SB_CARRY_CO_CI_SB_CARRY_CO_CI_SB_CARRY_CO_CI_SB_CARRY_CO$CARRY.COUT
Info:    routing  0.00  3.35 Net layer0.sample_out_SB_DFFESR_Q_1_D_SB_LUT4_O_I3_SB_LUT4_O_I3_SB_CARRY_CO_CI_SB_CARRY_CO_CI_SB_CARRY_CO_CI_SB_CARRY_CO_CI_SB_CARRY_CO_CI_SB_CARRY_CO_CI_SB_CARRY_CO_CI_SB_CARRY_CO_CI_SB_CARRY_CO_CI_SB_CARRY_CO_CI_SB_CARRY_CO_CI_SB_CARRY_CO_CI_SB_CARRY_CO_CI_SB_CARRY_CO_CI_SB_CARRY_CO_CI_SB_CARRY_CO_CI_SB_CARRY_CO_CI_SB_CARRY_CO_CI (5,11) -> (5,11)
Info:                          Sink layer0.sample_out_SB_DFFESR_Q_1_D_SB_LUT4_O_I3_SB_LUT4_O_I3_SB_CARRY_CO_CI_SB_CARRY_CO_CI_SB_CARRY_CO_CI_SB_CARRY_CO_CI_SB_CARRY_CO_CI_SB_CARRY_CO_CI_SB_CARRY_CO_CI_SB_CARRY_CO_CI_SB_CARRY_CO_CI_SB_CARRY_CO_CI_SB_CARRY_CO_CI_SB_CARRY_CO_CI_SB_CARRY_CO_CI_SB_CARRY_CO_CI_SB_CARRY_CO_CI_SB_CARRY_CO_CI_SB_CARRY_CO_CI_SB_CARRY_CO$CARRY.CIN
Info:                          Defined in:
Info:                               tcn_layer_basic.v:64.17-64.34
Info:                               /opt/homebrew/bin/../share/yosys/ice40/arith_map.v:62.5-70.4
Info:                               /opt/homebrew/bin/../share/yosys/ice40/abc9_model.v:4.9-4.11
Info:      logic  0.13  3.48 Source layer0.sample_out_SB_DFFESR_Q_1_D_SB_LUT4_O_I3_SB_LUT4_O_I3_SB_CARRY_CO_CI_SB_CARRY_CO_CI_SB_CARRY_CO_CI_SB_CARRY_CO_CI_SB_CARRY_CO_CI_SB_CARRY_CO_CI_SB_CARRY_CO_CI_SB_CARRY_CO_CI_SB_CARRY_CO_CI_SB_CARRY_CO_CI_SB_CARRY_CO_CI_SB_CARRY_CO_CI_SB_CARRY_CO_CI_SB_CARRY_CO_CI_SB_CARRY_CO_CI_SB_CARRY_CO_CI_SB_CARRY_CO_CI_SB_CARRY_CO$CARRY.COUT
Info:    routing  0.00  3.48 Net layer0.sample_out_SB_DFFESR_Q_1_D_SB_LUT4_O_I3_SB_LUT4_O_I3_SB_CARRY_CO_CI_SB_CARRY_CO_CI_SB_CARRY_CO_CI_SB_CARRY_CO_CI_SB_CARRY_CO_CI_SB_CARRY_CO_CI_SB_CARRY_CO_CI_SB_CARRY_CO_CI_SB_CARRY_CO_CI_SB_CARRY_CO_CI_SB_CARRY_CO_CI_SB_CARRY_CO_CI_SB_CARRY_CO_CI_SB_CARRY_CO_CI_SB_CARRY_CO_CI_SB_CARRY_CO_CI_SB_CARRY_CO_CI (5,11) -> (5,11)
Info:                          Sink layer0.sample_out_SB_DFFESR_Q_1_D_SB_LUT4_O_I3_SB_LUT4_O_I3_SB_CARRY_CO_CI_SB_CARRY_CO_CI_SB_CARRY_CO_CI_SB_CARRY_CO_CI_SB_CARRY_CO_CI_SB_CARRY_CO_CI_SB_CARRY_CO_CI_SB_CARRY_CO_CI_SB_CARRY_CO_CI_SB_CARRY_CO_CI_SB_CARRY_CO_CI_SB_CARRY_CO_CI_SB_CARRY_CO_CI_SB_CARRY_CO_CI_SB_CARRY_CO_CI_SB_CARRY_CO_CI_SB_CARRY_CO$CARRY.CIN
Info:                          Defined in:
Info:                               tcn_layer_basic.v:64.17-64.34
Info:                               /opt/homebrew/bin/../share/yosys/ice40/arith_map.v:62.5-70.4
Info:                               /opt/homebrew/bin/../share/yosys/ice40/abc9_model.v:4.9-4.11
Info:      logic  0.13  3.61 Source layer0.sample_out_SB_DFFESR_Q_1_D_SB_LUT4_O_I3_SB_LUT4_O_I3_SB_CARRY_CO_CI_SB_CARRY_CO_CI_SB_CARRY_CO_CI_SB_CARRY_CO_CI_SB_CARRY_CO_CI_SB_CARRY_CO_CI_SB_CARRY_CO_CI_SB_CARRY_CO_CI_SB_CARRY_CO_CI_SB_CARRY_CO_CI_SB_CARRY_CO_CI_SB_CARRY_CO_CI_SB_CARRY_CO_CI_SB_CARRY_CO_CI_SB_CARRY_CO_CI_SB_CARRY_CO_CI_SB_CARRY_CO$CARRY.COUT
Info:    routing  0.20  3.80 Net layer0.sample_out_SB_DFFESR_Q_1_D_SB_LUT4_O_I3_SB_LUT4_O_I3_SB_CARRY_CO_CI_SB_CARRY_CO_CI_SB_CARRY_CO_CI_SB_CARRY_CO_CI_SB_CARRY_CO_CI_SB_CARRY_CO_CI_SB_CARRY_CO_CI_SB_CARRY_CO_CI_SB_CARRY_CO_CI_SB_CARRY_CO_CI_SB_CARRY_CO_CI_SB_CARRY_CO_CI_SB_CARRY_CO_CI_SB_CARRY_CO_CI_SB_CARRY_CO_CI_SB_CARRY_CO_CI (5,11) -> (5,12)
Info:                          Sink layer0.sample_out_SB_DFFESR_Q_1_D_SB_LUT4_O_I3_SB_LUT4_O_I3_SB_CARRY_CO_CI_SB_CARRY_CO_CI_SB_CARRY_CO_CI_SB_CARRY_CO_CI_SB_CARRY_CO_CI_SB_CARRY_CO_CI_SB_CARRY_CO_CI_SB_CARRY_CO_CI_SB_CARRY_CO_CI_SB_CARRY_CO_CI_SB_CARRY_CO_CI_SB_CARRY_CO_CI_SB_CARRY_CO_CI_SB_CARRY_CO_CI_SB_CARRY_CO_CI_SB_CARRY_CO$CARRY.CIN
Info:                          Defined in:
Info:                               tcn_layer_basic.v:64.17-64.34
Info:                               /opt/homebrew/bin/../share/yosys/ice40/arith_map.v:62.5-70.4
Info:                               /opt/homebrew/bin/../share/yosys/ice40/abc9_model.v:4.9-4.11
Info:      logic  0.13  3.93 Source layer0.sample_out_SB_DFFESR_Q_1_D_SB_LUT4_O_I3_SB_LUT4_O_I3_SB_CARRY_CO_CI_SB_CARRY_CO_CI_SB_CARRY_CO_CI_SB_CARRY_CO_CI_SB_CARRY_CO_CI_SB_CARRY_CO_CI_SB_CARRY_CO_CI_SB_CARRY_CO_CI_SB_CARRY_CO_CI_SB_CARRY_CO_CI_SB_CARRY_CO_CI_SB_CARRY_CO_CI_SB_CARRY_CO_CI_SB_CARRY_CO_CI_SB_CARRY_CO_CI_SB_CARRY_CO$CARRY.COUT
Info:    routing  0.00  3.93 Net layer0.sample_out_SB_DFFESR_Q_1_D_SB_LUT4_O_I3_SB_LUT4_O_I3_SB_CARRY_CO_CI_SB_CARRY_CO_CI_SB_CARRY_CO_CI_SB_CARRY_CO_CI_SB_CARRY_CO_CI_SB_CARRY_CO_CI_SB_CARRY_CO_CI_SB_CARRY_CO_CI_SB_CARRY_CO_CI_SB_CARRY_CO_CI_SB_CARRY_CO_CI_SB_CARRY_CO_CI_SB_CARRY_CO_CI_SB_CARRY_CO_CI_SB_CARRY_CO_CI (5,12) -> (5,12)
Info:                          Sink layer0.sample_out_SB_DFFESR_Q_1_D_SB_LUT4_O_I3_SB_LUT4_O_I3_SB_CARRY_CO_CI_SB_CARRY_CO_CI_SB_CARRY_CO_CI_SB_CARRY_CO_CI_SB_CARRY_CO_CI_SB_CARRY_CO_CI_SB_CARRY_CO_CI_SB_CARRY_CO_CI_SB_CARRY_CO_CI_SB_CARRY_CO_CI_SB_CARRY_CO_CI_SB_CARRY_CO_CI_SB_CARRY_CO_CI_SB_CARRY_CO_CI_SB_CARRY_CO$CARRY.CIN
Info:                          Defined in:
Info:                               tcn_layer_basic.v:64.17-64.34
Info:                               /opt/homebrew/bin/../share/yosys/ice40/arith_map.v:62.5-70.4
Info:                               /opt/homebrew/bin/../share/yosys/ice40/abc9_model.v:4.9-4.11
Info:      logic  0.13  4.05 Source layer0.sample_out_SB_DFFESR_Q_1_D_SB_LUT4_O_I3_SB_LUT4_O_I3_SB_CARRY_CO_CI_SB_CARRY_CO_CI_SB_CARRY_CO_CI_SB_CARRY_CO_CI_SB_CARRY_CO_CI_SB_CARRY_CO_CI_SB_CARRY_CO_CI_SB_CARRY_CO_CI_SB_CARRY_CO_CI_SB_CARRY_CO_CI_SB_CARRY_CO_CI_SB_CARRY_CO_CI_SB_CARRY_CO_CI_SB_CARRY_CO_CI_SB_CARRY_CO$CARRY.COUT
Info:    routing  0.00  4.05 Net layer0.sample_out_SB_DFFESR_Q_1_D_SB_LUT4_O_I3_SB_LUT4_O_I3_SB_CARRY_CO_CI_SB_CARRY_CO_CI_SB_CARRY_CO_CI_SB_CARRY_CO_CI_SB_CARRY_CO_CI_SB_CARRY_CO_CI_SB_CARRY_CO_CI_SB_CARRY_CO_CI_SB_CARRY_CO_CI_SB_CARRY_CO_CI_SB_CARRY_CO_CI_SB_CARRY_CO_CI_SB_CARRY_CO_CI_SB_CARRY_CO_CI (5,12) -> (5,12)
Info:                          Sink layer0.sample_out_SB_DFFESR_Q_1_D_SB_LUT4_O_I3_SB_LUT4_O_I3_SB_CARRY_CO_CI_SB_CARRY_CO_CI_SB_CARRY_CO_CI_SB_CARRY_CO_CI_SB_CARRY_CO_CI_SB_CARRY_CO_CI_SB_CARRY_CO_CI_SB_CARRY_CO_CI_SB_CARRY_CO_CI_SB_CARRY_CO_CI_SB_CARRY_CO_CI_SB_CARRY_CO_CI_SB_CARRY_CO_CI_SB_CARRY_CO$CARRY.CIN
Info:                          Defined in:
Info:                               tcn_layer_basic.v:64.17-64.34
Info:                               /opt/homebrew/bin/../share/yosys/ice40/arith_map.v:62.5-70.4
Info:                               /opt/homebrew/bin/../share/yosys/ice40/abc9_model.v:4.9-4.11
Info:      logic  0.13  4.18 Source layer0.sample_out_SB_DFFESR_Q_1_D_SB_LUT4_O_I3_SB_LUT4_O_I3_SB_CARRY_CO_CI_SB_CARRY_CO_CI_SB_CARRY_CO_CI_SB_CARRY_CO_CI_SB_CARRY_CO_CI_SB_CARRY_CO_CI_SB_CARRY_CO_CI_SB_CARRY_CO_CI_SB_CARRY_CO_CI_SB_CARRY_CO_CI_SB_CARRY_CO_CI_SB_CARRY_CO_CI_SB_CARRY_CO_CI_SB_CARRY_CO$CARRY.COUT
Info:    routing  0.00  4.18 Net layer0.sample_out_SB_DFFESR_Q_1_D_SB_LUT4_O_I3_SB_LUT4_O_I3_SB_CARRY_CO_CI_SB_CARRY_CO_CI_SB_CARRY_CO_CI_SB_CARRY_CO_CI_SB_CARRY_CO_CI_SB_CARRY_CO_CI_SB_CARRY_CO_CI_SB_CARRY_CO_CI_SB_CARRY_CO_CI_SB_CARRY_CO_CI_SB_CARRY_CO_CI_SB_CARRY_CO_CI_SB_CARRY_CO_CI (5,12) -> (5,12)
Info:                          Sink layer0.sample_out_SB_DFFESR_Q_1_D_SB_LUT4_O_I3_SB_LUT4_O_I3_SB_CARRY_CO_CI_SB_CARRY_CO_CI_SB_CARRY_CO_CI_SB_CARRY_CO_CI_SB_CARRY_CO_CI_SB_CARRY_CO_CI_SB_CARRY_CO_CI_SB_CARRY_CO_CI_SB_CARRY_CO_CI_SB_CARRY_CO_CI_SB_CARRY_CO_CI_SB_CARRY_CO_CI_SB_CARRY_CO$CARRY.CIN
Info:                          Defined in:
Info:                               tcn_layer_basic.v:64.17-64.34
Info:                               /opt/homebrew/bin/../share/yosys/ice40/arith_map.v:62.5-70.4
Info:                               /opt/homebrew/bin/../share/yosys/ice40/abc9_model.v:4.9-4.11
Info:      logic  0.13  4.31 Source layer0.sample_out_SB_DFFESR_Q_1_D_SB_LUT4_O_I3_SB_LUT4_O_I3_SB_CARRY_CO_CI_SB_CARRY_CO_CI_SB_CARRY_CO_CI_SB_CARRY_CO_CI_SB_CARRY_CO_CI_SB_CARRY_CO_CI_SB_CARRY_CO_CI_SB_CARRY_CO_CI_SB_CARRY_CO_CI_SB_CARRY_CO_CI_SB_CARRY_CO_CI_SB_CARRY_CO_CI_SB_CARRY_CO$CARRY.COUT
Info:    routing  0.00  4.31 Net layer0.sample_out_SB_DFFESR_Q_1_D_SB_LUT4_O_I3_SB_LUT4_O_I3_SB_CARRY_CO_CI_SB_CARRY_CO_CI_SB_CARRY_CO_CI_SB_CARRY_CO_CI_SB_CARRY_CO_CI_SB_CARRY_CO_CI_SB_CARRY_CO_CI_SB_CARRY_CO_CI_SB_CARRY_CO_CI_SB_CARRY_CO_CI_SB_CARRY_CO_CI_SB_CARRY_CO_CI (5,12) -> (5,12)
Info:                          Sink layer0.sample_out_SB_DFFESR_Q_1_D_SB_LUT4_O_I3_SB_LUT4_O_I3_SB_CARRY_CO_CI_SB_CARRY_CO_CI_SB_CARRY_CO_CI_SB_CARRY_CO_CI_SB_CARRY_CO_CI_SB_CARRY_CO_CI_SB_CARRY_CO_CI_SB_CARRY_CO_CI_SB_CARRY_CO_CI_SB_CARRY_CO_CI_SB_CARRY_CO_CI_SB_CARRY_CO$CARRY.CIN
Info:                          Defined in:
Info:                               tcn_layer_basic.v:64.17-64.34
Info:                               /opt/homebrew/bin/../share/yosys/ice40/arith_map.v:62.5-70.4
Info:                               /opt/homebrew/bin/../share/yosys/ice40/abc9_model.v:4.9-4.11
Info:      logic  0.13  4.43 Source layer0.sample_out_SB_DFFESR_Q_1_D_SB_LUT4_O_I3_SB_LUT4_O_I3_SB_CARRY_CO_CI_SB_CARRY_CO_CI_SB_CARRY_CO_CI_SB_CARRY_CO_CI_SB_CARRY_CO_CI_SB_CARRY_CO_CI_SB_CARRY_CO_CI_SB_CARRY_CO_CI_SB_CARRY_CO_CI_SB_CARRY_CO_CI_SB_CARRY_CO_CI_SB_CARRY_CO$CARRY.COUT
Info:    routing  0.00  4.43 Net layer0.sample_out_SB_DFFESR_Q_1_D_SB_LUT4_O_I3_SB_LUT4_O_I3_SB_CARRY_CO_CI_SB_CARRY_CO_CI_SB_CARRY_CO_CI_SB_CARRY_CO_CI_SB_CARRY_CO_CI_SB_CARRY_CO_CI_SB_CARRY_CO_CI_SB_CARRY_CO_CI_SB_CARRY_CO_CI_SB_CARRY_CO_CI_SB_CARRY_CO_CI (5,12) -> (5,12)
Info:                          Sink layer0.sample_out_SB_DFFESR_Q_1_D_SB_LUT4_O_I3_SB_LUT4_O_I3_SB_CARRY_CO_CI_SB_CARRY_CO_CI_SB_CARRY_CO_CI_SB_CARRY_CO_CI_SB_CARRY_CO_CI_SB_CARRY_CO_CI_SB_CARRY_CO_CI_SB_CARRY_CO_CI_SB_CARRY_CO_CI_SB_CARRY_CO_CI_SB_CARRY_CO$CARRY.CIN
Info:                          Defined in:
Info:                               tcn_layer_basic.v:64.17-64.34
Info:                               /opt/homebrew/bin/../share/yosys/ice40/arith_map.v:62.5-70.4
Info:                               /opt/homebrew/bin/../share/yosys/ice40/abc9_model.v:4.9-4.11
Info:      logic  0.13  4.56 Source layer0.sample_out_SB_DFFESR_Q_1_D_SB_LUT4_O_I3_SB_LUT4_O_I3_SB_CARRY_CO_CI_SB_CARRY_CO_CI_SB_CARRY_CO_CI_SB_CARRY_CO_CI_SB_CARRY_CO_CI_SB_CARRY_CO_CI_SB_CARRY_CO_CI_SB_CARRY_CO_CI_SB_CARRY_CO_CI_SB_CARRY_CO_CI_SB_CARRY_CO$CARRY.COUT
Info:    routing  0.00  4.56 Net layer0.sample_out_SB_DFFESR_Q_1_D_SB_LUT4_O_I3_SB_LUT4_O_I3_SB_CARRY_CO_CI_SB_CARRY_CO_CI_SB_CARRY_CO_CI_SB_CARRY_CO_CI_SB_CARRY_CO_CI_SB_CARRY_CO_CI_SB_CARRY_CO_CI_SB_CARRY_CO_CI_SB_CARRY_CO_CI_SB_CARRY_CO_CI (5,12) -> (5,12)
Info:                          Sink layer0.sample_out_SB_DFFESR_Q_1_D_SB_LUT4_O_I3_SB_LUT4_O_I3_SB_CARRY_CO_CI_SB_CARRY_CO_CI_SB_CARRY_CO_CI_SB_CARRY_CO_CI_SB_CARRY_CO_CI_SB_CARRY_CO_CI_SB_CARRY_CO_CI_SB_CARRY_CO_CI_SB_CARRY_CO_CI_SB_CARRY_CO$CARRY.CIN
Info:                          Defined in:
Info:                               tcn_layer_basic.v:64.17-64.34
Info:                               /opt/homebrew/bin/../share/yosys/ice40/arith_map.v:62.5-70.4
Info:                               /opt/homebrew/bin/../share/yosys/ice40/abc9_model.v:4.9-4.11
Info:      logic  0.13  4.68 Source layer0.sample_out_SB_DFFESR_Q_1_D_SB_LUT4_O_I3_SB_LUT4_O_I3_SB_CARRY_CO_CI_SB_CARRY_CO_CI_SB_CARRY_CO_CI_SB_CARRY_CO_CI_SB_CARRY_CO_CI_SB_CARRY_CO_CI_SB_CARRY_CO_CI_SB_CARRY_CO_CI_SB_CARRY_CO_CI_SB_CARRY_CO$CARRY.COUT
Info:    routing  0.00  4.68 Net layer0.sample_out_SB_DFFESR_Q_1_D_SB_LUT4_O_I3_SB_LUT4_O_I3_SB_CARRY_CO_CI_SB_CARRY_CO_CI_SB_CARRY_CO_CI_SB_CARRY_CO_CI_SB_CARRY_CO_CI_SB_CARRY_CO_CI_SB_CARRY_CO_CI_SB_CARRY_CO_CI_SB_CARRY_CO_CI (5,12) -> (5,12)
Info:                          Sink layer0.sample_out_SB_DFFESR_Q_1_D_SB_LUT4_O_I3_SB_LUT4_O_I3_SB_CARRY_CO_CI_SB_CARRY_CO_CI_SB_CARRY_CO_CI_SB_CARRY_CO_CI_SB_CARRY_CO_CI_SB_CARRY_CO_CI_SB_CARRY_CO_CI_SB_CARRY_CO_CI_SB_CARRY_CO$CARRY.CIN
Info:                          Defined in:
Info:                               tcn_layer_basic.v:64.17-64.34
Info:                               /opt/homebrew/bin/../share/yosys/ice40/arith_map.v:62.5-70.4
Info:                               /opt/homebrew/bin/../share/yosys/ice40/abc9_model.v:4.9-4.11
Info:      logic  0.13  4.81 Source layer0.sample_out_SB_DFFESR_Q_1_D_SB_LUT4_O_I3_SB_LUT4_O_I3_SB_CARRY_CO_CI_SB_CARRY_CO_CI_SB_CARRY_CO_CI_SB_CARRY_CO_CI_SB_CARRY_CO_CI_SB_CARRY_CO_CI_SB_CARRY_CO_CI_SB_CARRY_CO_CI_SB_CARRY_CO$CARRY.COUT
Info:    routing  0.20  5.01 Net layer0.sample_out_SB_DFFESR_Q_1_D_SB_LUT4_O_I3_SB_LUT4_O_I3_SB_CARRY_CO_CI_SB_CARRY_CO_CI_SB_CARRY_CO_CI_SB_CARRY_CO_CI_SB_CARRY_CO_CI_SB_CARRY_CO_CI_SB_CARRY_CO_CI_SB_CARRY_CO_CI (5,12) -> (5,13)
Info:                          Sink layer0.sample_out_SB_DFFESR_Q_1_D_SB_LUT4_O_I3_SB_LUT4_O_I3_SB_CARRY_CO_CI_SB_CARRY_CO_CI_SB_CARRY_CO_CI_SB_CARRY_CO_CI_SB_CARRY_CO_CI_SB_CARRY_CO_CI_SB_CARRY_CO_CI_SB_CARRY_CO$CARRY.CIN
Info:                          Defined in:
Info:                               tcn_layer_basic.v:64.17-64.34
Info:                               /opt/homebrew/bin/../share/yosys/ice40/arith_map.v:62.5-70.4
Info:                               /opt/homebrew/bin/../share/yosys/ice40/abc9_model.v:4.9-4.11
Info:      logic  0.13  5.13 Source layer0.sample_out_SB_DFFESR_Q_1_D_SB_LUT4_O_I3_SB_LUT4_O_I3_SB_CARRY_CO_CI_SB_CARRY_CO_CI_SB_CARRY_CO_CI_SB_CARRY_CO_CI_SB_CARRY_CO_CI_SB_CARRY_CO_CI_SB_CARRY_CO_CI_SB_CARRY_CO$CARRY.COUT
Info:    routing  0.00  5.13 Net layer0.sample_out_SB_DFFESR_Q_1_D_SB_LUT4_O_I3_SB_LUT4_O_I3_SB_CARRY_CO_CI_SB_CARRY_CO_CI_SB_CARRY_CO_CI_SB_CARRY_CO_CI_SB_CARRY_CO_CI_SB_CARRY_CO_CI_SB_CARRY_CO_CI (5,13) -> (5,13)
Info:                          Sink layer0.sample_out_SB_DFFESR_Q_1_D_SB_LUT4_O_I3_SB_LUT4_O_I3_SB_CARRY_CO_CI_SB_CARRY_CO_CI_SB_CARRY_CO_CI_SB_CARRY_CO_CI_SB_CARRY_CO_CI_SB_CARRY_CO_CI_SB_CARRY_CO$CARRY.CIN
Info:                          Defined in:
Info:                               tcn_layer_basic.v:64.17-64.34
Info:                               /opt/homebrew/bin/../share/yosys/ice40/arith_map.v:62.5-70.4
Info:                               /opt/homebrew/bin/../share/yosys/ice40/abc9_model.v:4.9-4.11
Info:      logic  0.13  5.26 Source layer0.sample_out_SB_DFFESR_Q_1_D_SB_LUT4_O_I3_SB_LUT4_O_I3_SB_CARRY_CO_CI_SB_CARRY_CO_CI_SB_CARRY_CO_CI_SB_CARRY_CO_CI_SB_CARRY_CO_CI_SB_CARRY_CO_CI_SB_CARRY_CO$CARRY.COUT
Info:    routing  0.00  5.26 Net layer0.sample_out_SB_DFFESR_Q_1_D_SB_LUT4_O_I3_SB_LUT4_O_I3_SB_CARRY_CO_CI_SB_CARRY_CO_CI_SB_CARRY_CO_CI_SB_CARRY_CO_CI_SB_CARRY_CO_CI_SB_CARRY_CO_CI (5,13) -> (5,13)
Info:                          Sink layer0.sample_out_SB_DFFESR_Q_1_D_SB_LUT4_O_I3_SB_LUT4_O_I3_SB_CARRY_CO_CI_SB_CARRY_CO_CI_SB_CARRY_CO_CI_SB_CARRY_CO_CI_SB_CARRY_CO_CI_SB_CARRY_CO$CARRY.CIN
Info:                          Defined in:
Info:                               tcn_layer_basic.v:64.17-64.34
Info:                               /opt/homebrew/bin/../share/yosys/ice40/arith_map.v:62.5-70.4
Info:                               /opt/homebrew/bin/../share/yosys/ice40/abc9_model.v:4.9-4.11
Info:      logic  0.13  5.38 Source layer0.sample_out_SB_DFFESR_Q_1_D_SB_LUT4_O_I3_SB_LUT4_O_I3_SB_CARRY_CO_CI_SB_CARRY_CO_CI_SB_CARRY_CO_CI_SB_CARRY_CO_CI_SB_CARRY_CO_CI_SB_CARRY_CO$CARRY.COUT
Info:    routing  0.00  5.38 Net layer0.sample_out_SB_DFFESR_Q_1_D_SB_LUT4_O_I3_SB_LUT4_O_I3_SB_CARRY_CO_CI_SB_CARRY_CO_CI_SB_CARRY_CO_CI_SB_CARRY_CO_CI_SB_CARRY_CO_CI (5,13) -> (5,13)
Info:                          Sink layer0.sample_out_SB_DFFESR_Q_1_D_SB_LUT4_O_I3_SB_LUT4_O_I3_SB_CARRY_CO_CI_SB_CARRY_CO_CI_SB_CARRY_CO_CI_SB_CARRY_CO_CI_SB_CARRY_CO$CARRY.CIN
Info:                          Defined in:
Info:                               tcn_layer_basic.v:64.17-64.34
Info:                               /opt/homebrew/bin/../share/yosys/ice40/arith_map.v:62.5-70.4
Info:                               /opt/homebrew/bin/../share/yosys/ice40/abc9_model.v:4.9-4.11
Info:      logic  0.13  5.51 Source layer0.sample_out_SB_DFFESR_Q_1_D_SB_LUT4_O_I3_SB_LUT4_O_I3_SB_CARRY_CO_CI_SB_CARRY_CO_CI_SB_CARRY_CO_CI_SB_CARRY_CO_CI_SB_CARRY_CO$CARRY.COUT
Info:    routing  0.00  5.51 Net layer0.sample_out_SB_DFFESR_Q_1_D_SB_LUT4_O_I3_SB_LUT4_O_I3_SB_CARRY_CO_CI_SB_CARRY_CO_CI_SB_CARRY_CO_CI_SB_CARRY_CO_CI (5,13) -> (5,13)
Info:                          Sink layer0.sample_out_SB_DFFESR_Q_1_D_SB_LUT4_O_I3_SB_LUT4_O_I3_SB_CARRY_CO_CI_SB_CARRY_CO_CI_SB_CARRY_CO_CI_SB_CARRY_CO$CARRY.CIN
Info:                          Defined in:
Info:                               tcn_layer_basic.v:64.17-64.34
Info:                               /opt/homebrew/bin/../share/yosys/ice40/arith_map.v:62.5-70.4
Info:                               /opt/homebrew/bin/../share/yosys/ice40/abc9_model.v:4.9-4.11
Info:      logic  0.13  5.64 Source layer0.sample_out_SB_DFFESR_Q_1_D_SB_LUT4_O_I3_SB_LUT4_O_I3_SB_CARRY_CO_CI_SB_CARRY_CO_CI_SB_CARRY_CO_CI_SB_CARRY_CO$CARRY.COUT
Info:    routing  0.00  5.64 Net layer0.sample_out_SB_DFFESR_Q_1_D_SB_LUT4_O_I3_SB_LUT4_O_I3_SB_CARRY_CO_CI_SB_CARRY_CO_CI_SB_CARRY_CO_CI (5,13) -> (5,13)
Info:                          Sink layer0.sample_out_SB_DFFESR_Q_1_D_SB_LUT4_O_I3_SB_LUT4_O_I3_SB_CARRY_CO_CI_SB_CARRY_CO_CI_SB_CARRY_CO$CARRY.CIN
Info:                          Defined in:
Info:                               tcn_layer_basic.v:64.17-64.34
Info:                               /opt/homebrew/bin/../share/yosys/ice40/arith_map.v:62.5-70.4
Info:                               /opt/homebrew/bin/../share/yosys/ice40/abc9_model.v:4.9-4.11
Info:      logic  0.13  5.76 Source layer0.sample_out_SB_DFFESR_Q_1_D_SB_LUT4_O_I3_SB_LUT4_O_I3_SB_CARRY_CO_CI_SB_CARRY_CO_CI_SB_CARRY_CO$CARRY.COUT
Info:    routing  0.00  5.76 Net layer0.sample_out_SB_DFFESR_Q_1_D_SB_LUT4_O_I3_SB_LUT4_O_I3_SB_CARRY_CO_CI_SB_CARRY_CO_CI (5,13) -> (5,13)
Info:                          Sink layer0.sample_out_SB_DFFESR_Q_1_D_SB_LUT4_O_I3_SB_LUT4_O_I3_SB_CARRY_CO_CI_SB_CARRY_CO$CARRY.CIN
Info:                          Defined in:
Info:                               tcn_layer_basic.v:64.17-64.34
Info:                               /opt/homebrew/bin/../share/yosys/ice40/arith_map.v:62.5-70.4
Info:                               /opt/homebrew/bin/../share/yosys/ice40/abc9_model.v:4.9-4.11
Info:      logic  0.13  5.89 Source layer0.sample_out_SB_DFFESR_Q_1_D_SB_LUT4_O_I3_SB_LUT4_O_I3_SB_CARRY_CO_CI_SB_CARRY_CO$CARRY.COUT
Info:    routing  0.00  5.89 Net layer0.sample_out_SB_DFFESR_Q_1_D_SB_LUT4_O_I3_SB_LUT4_O_I3_SB_CARRY_CO_CI (5,13) -> (5,13)
Info:                          Sink layer0.sample_out_SB_DFFESR_Q_1_D_SB_LUT4_O_I3_SB_LUT4_O_I3_SB_CARRY_CO$CARRY.CIN
Info:                          Defined in:
Info:                               tcn_layer_basic.v:64.17-64.34
Info:                               /opt/homebrew/bin/../share/yosys/ice40/arith_map.v:62.5-70.4
Info:                               /opt/homebrew/bin/../share/yosys/ice40/abc9_model.v:4.9-4.11
Info:      logic  0.13  6.01 Source layer0.sample_out_SB_DFFESR_Q_1_D_SB_LUT4_O_I3_SB_LUT4_O_I3_SB_CARRY_CO$CARRY.COUT
Info:    routing  0.46  6.47 Net layer0.sample_out_SB_DFFESR_Q_1_D_SB_LUT4_O_I3_SB_LUT4_O_I3 (5,13) -> (5,14)
Info:                          Sink layer0.sample_out_SB_DFFESR_Q_1_D_SB_LUT4_O_I3_SB_LUT4_O_LC.I3
Info:                          Defined in:
Info:                               tcn_layer_basic.v:64.17-64.34
Info:                               /opt/homebrew/bin/../share/yosys/ice40/arith_map.v:62.5-70.4
Info:                               /opt/homebrew/bin/../share/yosys/ice40/abc9_model.v:4.9-4.11
Info:      logic  0.31  6.78 Source layer0.sample_out_SB_DFFESR_Q_1_D_SB_LUT4_O_I3_SB_LUT4_O_LC.O
Info:    routing  1.13  7.91 Net layer0.sample_out_SB_DFFESR_Q_1_D_SB_LUT4_O_I3[2] (5,14) -> (5,7)
Info:                          Sink layer0.sample_out_SB_DFFESR_Q_1_D_SB_LUT4_O_LC.I3
Info:                          Defined in:
Info:                               /opt/homebrew/bin/../share/yosys/ice40/cells_map.v:6.21-6.22
Info:      setup  0.34  8.25 Source layer0.sample_out_SB_DFFESR_Q_1_D_SB_LUT4_O_LC.I3
Info: 4.72 ns logic, 3.52 ns routing

Info: Critical path report for cross-domain path '<async>' -> 'posedge clk$SB_IO_IN_$glb_clk':
Info:       type curr  total name
Info:     source  0.00  0.00 Source rst$sb_io.D_IN_0
Info:    routing  1.92  1.92 Net rst$SB_IO_IN (0,6) -> (7,8)
Info:                          Sink layer0.output_valid_SB_LUT4_I3_LC.I2
Info:                          Defined in:
Info:                               tcn_network_basic.v:11.16-11.19
Info:      logic  0.38  2.30 Source layer0.output_valid_SB_LUT4_I3_LC.O
Info:    routing  0.96  3.26 Net layer0.output_valid_SB_LUT4_I3_O (7,8) -> (13,8)
Info:                          Sink $gbuf_layer0.output_valid_SB_LUT4_I3_O_$glb_ce.USER_SIGNAL_TO_GLOBAL_BUFFER
Info:      logic  0.62  3.87 Source $gbuf_layer0.output_valid_SB_LUT4_I3_O_$glb_ce.GLOBAL_BUFFER_OUTPUT
Info:    routing  0.60  4.47 Net layer0.output_valid_SB_LUT4_I3_O_$glb_ce (13,8) -> (4,12)
Info:                          Sink layer1.conv.impl.p2_r_SB_DFFESR_Q_8_DFFLC.CEN
Info:      setup  0.10  4.57 Source layer1.conv.impl.p2_r_SB_DFFESR_Q_8_DFFLC.CEN
Info: 1.10 ns logic, 3.48 ns routing

Info: Critical path report for cross-domain path 'posedge clk$SB_IO_IN_$glb_clk' -> '<async>':
Info:       type curr  total name
Info:   clk-to-q  0.54  0.54 Source output_layer.sample_out_SB_DFFESR_Q_DFFLC.O
Info:    routing  1.53  2.07 Net sample_out[7]$SB_IO_OUT (2,4) -> (13,4)
Info:                          Sink sample_out[7]$sb_io.D_OUT_0
Info:                          Defined in:
Info:                               tcn_network_basic.v:16.43-16.53
Info: 0.54 ns logic, 1.53 ns routing

Info: Max frequency for clock 'clk$SB_IO_IN_$glb_clk': 121.26 MHz (PASS at 25.00 MHz)

Info: Max delay <async>                       -> posedge clk$SB_IO_IN_$glb_clk: 4.57 ns
Info: Max delay posedge clk$SB_IO_IN_$glb_clk -> <async>                      : 2.07 ns

Info: Slack histogram:
Info:  legend: * represents 2 endpoint(s)
Info:          + represents [1,2) endpoint(s)
Info: [ 31753,  32090) |**+
Info: [ 32090,  32427) |**+
Info: [ 32427,  32764) | 
Info: [ 32764,  33101) | 
Info: [ 33101,  33438) |***+
Info: [ 33438,  33775) |******+
Info: [ 33775,  34112) |**********+
Info: [ 34112,  34449) |***********+
Info: [ 34449,  34786) |***************+
Info: [ 34786,  35123) |***************+
Info: [ 35123,  35460) |*******+
Info: [ 35460,  35797) |********+
Info: [ 35797,  36134) |************************************************************ 
Info: [ 36134,  36471) |****************+
Info: [ 36471,  36808) |***************************+
Info: [ 36808,  37145) |****************** 
Info: [ 37145,  37482) |*************+
Info: [ 37482,  37819) |****************** 
Info: [ 37819,  38156) |****************** 
Info: [ 38156,  38493) |*********************************+
1 warning, 0 errors

Info: Program finished normally.
