Warning: No PCF file specified; IO pins will be placed automatically

Info: Packing constants..
Info: Packing IOs..
Info: Packing LUT-FFs..
Info:      157 LCs used as LUT4 only
Info:       16 LCs used as LUT4 and DFF
Info: Packing non-LUT FFs..
Info:       82 LCs used as DFF only
Info: Packing carries..
Info:        1 LCs used as CARRY only
Info: Packing indirect carry+LUT pairs...
Info:        0 LUTs merged into carry LCs
Info: Packing RAMs..
Info: Placing PLLs..
Info: Packing special functions..
Info: Packing PLLs..
Info: Promoting globals..
Info: promoting clk$SB_IO_IN (fanout 98)
Info: promoting rst$SB_IO_IN [reset] (fanout 65)
Info: promoting sample_valid_SB_LUT4_I1_O[1] [reset] (fanout 32)
Info: promoting conv.impl.busy_SB_DFFSR_Q_D_SB_LUT4_I3_O [cen] (fanout 16)
Info: promoting sample_valid_SB_LUT4_I1_2_I3_SB_LUT4_I3_O [cen] (fanout 16)
Info: promoting sample_valid_SB_LUT4_I1_1_O [cen] (fanout 16)
Info: Constraining chains...
Info:        1 LCs used to legalise carry chains.
Info: Checksum: 0x1bdba940

Info: Device utilisation:
Info: 	         ICESTORM_LC:     259/   1280    20%
Info: 	        ICESTORM_RAM:       0/     16     0%
Info: 	               SB_IO:      27/    112    24%
Info: 	               SB_GB:       6/      8    75%
Info: 	        ICESTORM_PLL:       0/      1     0%
Info: 	         SB_WARMBOOT:       0/      1     0%

Info: Placed 0 cells based on constraints.
Info: Creating initial analytic placement for 235 cells, random placement wirelen = 3666.
Info:     at initial placer iter 0, wirelen = 308
Info:     at initial placer iter 1, wirelen = 328
Info:     at initial placer iter 2, wirelen = 327
Info:     at initial placer iter 3, wirelen = 324
Info: Running main analytical placer, max placement attempts per cell = 10658.
Info:     at iteration #1, type ICESTORM_LC: wirelen solved = 309, spread = 942, legal = 1028; time = 0.00s
Info:     at iteration #1, type SB_GB: wirelen solved = 1018, spread = 1041, legal = 1062; time = 0.00s
Info:     at iteration #1, type ALL: wirelen solved = 327, spread = 1034, legal = 1067; time = 0.00s
Info:     at iteration #2, type ICESTORM_LC: wirelen solved = 373, spread = 1152, legal = 1189; time = 0.00s
Info:     at iteration #2, type SB_GB: wirelen solved = 1172, spread = 1184, legal = 1189; time = 0.00s
Info:     at iteration #2, type ALL: wirelen solved = 322, spread = 989, legal = 1023; time = 0.01s
Info:     at iteration #3, type ICESTORM_LC: wirelen solved = 368, spread = 972, legal = 1002; time = 0.00s
Info:     at iteration #3, type SB_GB: wirelen solved = 978, spread = 991, legal = 1012; time = 0.00s
Info:     at iteration #3, type ALL: wirelen solved = 364, spread = 1006, legal = 1096; time = 0.01s
Info:     at iteration #4, type ICESTORM_LC: wirelen solved = 373, spread = 948, legal = 982; time = 0.00s
Info:     at iteration #4, type SB_GB: wirelen solved = 953, spread = 978, legal = 991; time = 0.00s
Info:     at iteration #4, type ALL: wirelen solved = 370, spread = 924, legal = 951; time = 0.01s
Info:     at iteration #5, type ICESTORM_LC: wirelen solved = 386, spread = 940, legal = 969; time = 0.00s
Info:     at iteration #5, type SB_GB: wirelen solved = 945, spread = 964, legal = 980; time = 0.00s
Info:     at iteration #5, type ALL: wirelen solved = 348, spread = 926, legal = 955; time = 0.00s
Info:     at iteration #6, type ICESTORM_LC: wirelen solved = 377, spread = 877, legal = 916; time = 0.00s
Info:     at iteration #6, type SB_GB: wirelen solved = 892, spread = 911, legal = 924; time = 0.00s
Info:     at iteration #6, type ALL: wirelen solved = 350, spread = 928, legal = 968; time = 0.00s
Info:     at iteration #7, type ICESTORM_LC: wirelen solved = 401, spread = 1006, legal = 1027; time = 0.00s
Info:     at iteration #7, type SB_GB: wirelen solved = 992, spread = 1003, legal = 1028; time = 0.00s
Info:     at iteration #7, type ALL: wirelen solved = 368, spread = 851, legal = 928; time = 0.01s
Info:     at iteration #8, type ICESTORM_LC: wirelen solved = 415, spread = 853, legal = 886; time = 0.00s
Info:     at iteration #8, type SB_GB: wirelen solved = 857, spread = 875, legal = 894; time = 0.00s
Info:     at iteration #8, type ALL: wirelen solved = 377, spread = 794, legal = 859; time = 0.00s
Info:     at iteration #9, type ICESTORM_LC: wirelen solved = 420, spread = 999, legal = 1043; time = 0.00s
Info:     at iteration #9, type SB_GB: wirelen solved = 1023, spread = 1041, legal = 1039; time = 0.00s
Info:     at iteration #9, type ALL: wirelen solved = 383, spread = 821, legal = 886; time = 0.00s
Info:     at iteration #10, type ICESTORM_LC: wirelen solved = 463, spread = 851, legal = 886; time = 0.00s
Info:     at iteration #10, type SB_GB: wirelen solved = 863, spread = 887, legal = 885; time = 0.00s
Info:     at iteration #10, type ALL: wirelen solved = 429, spread = 850, legal = 919; time = 0.00s
Info:     at iteration #11, type ICESTORM_LC: wirelen solved = 439, spread = 882, legal = 918; time = 0.00s
Info:     at iteration #11, type SB_GB: wirelen solved = 891, spread = 908, legal = 922; time = 0.00s
Info:     at iteration #11, type ALL: wirelen solved = 407, spread = 834, legal = 924; time = 0.00s
Info:     at iteration #12, type ICESTORM_LC: wirelen solved = 444, spread = 798, legal = 832; time = 0.00s
Info:     at iteration #12, type SB_GB: wirelen solved = 803, spread = 822, legal = 832; time = 0.00s
Info:     at iteration #12, type ALL: wirelen solved = 414, spread = 761, legal = 843; time = 0.01s
Info:     at iteration #13, type ICESTORM_LC: wirelen solved = 441, spread = 820, legal = 863; time = 0.00s
Info:     at iteration #13, type SB_GB: wirelen solved = 834, spread = 853, legal = 863; time = 0.00s
Info:     at iteration #13, type ALL: wirelen solved = 408, spread = 759, legal = 840; time = 0.00s
Info:     at iteration #14, type ICESTORM_LC: wirelen solved = 446, spread = 810, legal = 836; time = 0.00s
Info:     at iteration #14, type SB_GB: wirelen solved = 808, spread = 826, legal = 838; time = 0.00s
Info:     at iteration #14, type ALL: wirelen solved = 418, spread = 762, legal = 849; time = 0.00s
Info:     at iteration #15, type ICESTORM_LC: wirelen solved = 454, spread = 854, legal = 882; time = 0.00s
Info:     at iteration #15, type SB_GB: wirelen solved = 853, spread = 865, legal = 882; time = 0.00s
Info:     at iteration #15, type ALL: wirelen solved = 416, spread = 775, legal = 821; time = 0.00s
Info:     at iteration #16, type ICESTORM_LC: wirelen solved = 448, spread = 804, legal = 830; time = 0.00s
Info:     at iteration #16, type SB_GB: wirelen solved = 802, spread = 813, legal = 832; time = 0.00s
Info:     at iteration #16, type ALL: wirelen solved = 413, spread = 770, legal = 804; time = 0.00s
Info:     at iteration #17, type ICESTORM_LC: wirelen solved = 451, spread = 796, legal = 814; time = 0.00s
Info:     at iteration #17, type SB_GB: wirelen solved = 789, spread = 803, legal = 820; time = 0.00s
Info:     at iteration #17, type ALL: wirelen solved = 418, spread = 772, legal = 818; time = 0.01s
Info:     at iteration #18, type ICESTORM_LC: wirelen solved = 488, spread = 800, legal = 816; time = 0.00s
Info:     at iteration #18, type SB_GB: wirelen solved = 789, spread = 799, legal = 818; time = 0.00s
Info:     at iteration #18, type ALL: wirelen solved = 468, spread = 774, legal = 820; time = 0.00s
Info:     at iteration #19, type ICESTORM_LC: wirelen solved = 487, spread = 784, legal = 823; time = 0.00s
Info:     at iteration #19, type SB_GB: wirelen solved = 796, spread = 808, legal = 821; time = 0.00s
Info:     at iteration #19, type ALL: wirelen solved = 462, spread = 767, legal = 823; time = 0.01s
Info:     at iteration #20, type ICESTORM_LC: wirelen solved = 503, spread = 778, legal = 797; time = 0.00s
Info:     at iteration #20, type SB_GB: wirelen solved = 770, spread = 780, legal = 795; time = 0.00s
Info:     at iteration #20, type ALL: wirelen solved = 473, spread = 762, legal = 810; time = 0.01s
Info:     at iteration #21, type ICESTORM_LC: wirelen solved = 494, spread = 779, legal = 805; time = 0.00s
Info:     at iteration #21, type SB_GB: wirelen solved = 778, spread = 788, legal = 807; time = 0.00s
Info:     at iteration #21, type ALL: wirelen solved = 462, spread = 770, legal = 831; time = 0.00s
Info: HeAP Placer Time: 0.23s
Info:   of which solving equations: 0.17s
Info:   of which spreading cells: 0.02s
Info:   of which strict legalisation: 0.03s

Info: Running simulated annealing placer for refinement.
Info:   at iteration #1: temp = 0.000000, timing cost = 177, wirelen = 804
Info:   at iteration #5: temp = 0.000000, timing cost = 148, wirelen = 647
Info:   at iteration #10: temp = 0.000000, timing cost = 136, wirelen = 614
Info:   at iteration #15: temp = 0.000000, timing cost = 157, wirelen = 587
Info:   at iteration #16: temp = 0.000000, timing cost = 163, wirelen = 585 
Info: SA placement time 0.08s

Info: Max frequency for clock 'clk$SB_IO_IN_$glb_clk': 75.09 MHz (PASS at 25.00 MHz)

Info: Max delay <async>                       -> posedge clk$SB_IO_IN_$glb_clk: 6.29 ns
Info: Max delay posedge clk$SB_IO_IN_$glb_clk -> <async>                      : 2.65 ns

Info: Slack histogram:
Info:  legend: * represents 1 endpoint(s)
Info:          + represents [1,1) endpoint(s)
Info: [ 26683,  27276) |** 
Info: [ 27276,  27869) |************ 
Info: [ 27869,  28462) |***** 
Info: [ 28462,  29055) |** 
Info: [ 29055,  29648) |*** 
Info: [ 29648,  30241) |******************************** 
Info: [ 30241,  30834) |**** 
Info: [ 30834,  31427) |* 
Info: [ 31427,  32020) |* 
Info: [ 32020,  32613) |* 
Info: [ 32613,  33206) |** 
Info: [ 33206,  33799) | 
Info: [ 33799,  34392) | 
Info: [ 34392,  34985) |****************** 
Info: [ 34985,  35578) |************ 
Info: [ 35578,  36171) |************ 
Info: [ 36171,  36764) |******************* 
Info: [ 36764,  37357) |********************* 
Info: [ 37357,  37950) |***************************************** 
Info: [ 37950,  38543) |************************************************* 
Info: Checksum: 0xd8755502

Info: Routing..
Info: Setting up routing queue.
Info: Routing 797 arcs.
Info:            |   (re-)routed arcs  |   delta    | remaining|       time spent     |
Info:    IterCnt |  w/ripup   wo/ripup |  w/r  wo/r |      arcs| batch(sec) total(sec)|
Info:       1000 |      320        666 |  320   666 |       194|       0.07       0.07|
Info:       1197 |      324        849 |    4   183 |         0|       0.02       0.09|
Info: Routing complete.
Info: Router1 time 0.09s
Info: Checksum: 0x990c58f2

Info: Critical path report for clock 'clk$SB_IO_IN_$glb_clk' (posedge -> posedge):
Info:       type curr  total name
Info:   clk-to-q  0.54  0.54 Source conv.impl.tap_index_SB_DFFESR_Q_13_D_SB_LUT4_O_LC.O
Info:    routing  0.96  1.50 Net conv.impl.acc_SB_DFFESR_Q_D_SB_LUT4_O_I1_SB_LUT4_O_1_I2[0] (1,5) -> (1,4)
Info:                          Sink conv.impl.output_valid_SB_DFFSR_Q_D_SB_LUT4_O_I1_SB_LUT4_O_LC.I1
Info:                          Defined in:
Info:                               conv1d_large_serial.v:26.16-26.25
Info:      logic  0.40  1.90 Source conv.impl.output_valid_SB_DFFSR_Q_D_SB_LUT4_O_I1_SB_LUT4_O_LC.O
Info:    routing  0.59  2.49 Net conv.impl.output_valid_SB_DFFSR_Q_D_SB_LUT4_O_I1[3] (1,4) -> (2,5)
Info:                          Sink conv.impl.output_valid_SB_DFFSR_Q_D_SB_LUT4_O_I1_SB_LUT4_I3_4_LC.I3
Info:                          Defined in:
Info:                               /opt/homebrew/bin/../share/yosys/ice40/cells_map.v:6.21-6.22
Info:      logic  0.31  2.80 Source conv.impl.output_valid_SB_DFFSR_Q_D_SB_LUT4_O_I1_SB_LUT4_I3_4_LC.O
Info:    routing  1.28  4.08 Net conv.impl.output_valid_SB_DFFSR_Q_D_SB_LUT4_O_I1_SB_LUT4_I3_4_O[2] (2,5) -> (4,4)
Info:                          Sink conv.impl.acc_SB_DFFESR_Q_14_D_SB_LUT4_O_I1_SB_LUT4_O_1_I3_SB_LUT4_O_LC.I2
Info:                          Defined in:
Info:                               /opt/homebrew/bin/../share/yosys/ice40/cells_map.v:6.21-6.22
Info:      logic  0.38  4.46 Source conv.impl.acc_SB_DFFESR_Q_14_D_SB_LUT4_O_I1_SB_LUT4_O_1_I3_SB_LUT4_O_LC.O
Info:    routing  0.96  5.42 Net conv.impl.acc_SB_DFFESR_Q_10_D_SB_LUT4_O_I1_SB_LUT4_O_I1_SB_LUT4_O_I2[1] (4,4) -> (5,2)
Info:                          Sink conv.impl.acc_SB_DFFESR_Q_11_D_SB_LUT4_O_I1_SB_LUT4_O_I0_SB_LUT4_O_I1_SB_LUT4_O_LC.I2
Info:                          Defined in:
Info:                               /opt/homebrew/bin/../share/yosys/ice40/cells_map.v:6.21-6.22
Info:      logic  0.38  5.80 Source conv.impl.acc_SB_DFFESR_Q_11_D_SB_LUT4_O_I1_SB_LUT4_O_I0_SB_LUT4_O_I1_SB_LUT4_O_LC.O
Info:    routing  0.59  6.39 Net conv.impl.acc_SB_DFFESR_Q_11_D_SB_LUT4_O_I1_SB_LUT4_O_I0[1] (5,2) -> (5,1)
Info:                          Sink conv.impl.acc_SB_DFFESR_Q_11_D_SB_LUT4_O_I1_SB_LUT4_O_I0_SB_LUT4_O_LC.I1
Info:                          Defined in:
Info:                               /opt/homebrew/bin/../share/yosys/ice40/cells_map.v:6.21-6.22
Info:      logic  0.40  6.78 Source conv.impl.acc_SB_DFFESR_Q_11_D_SB_LUT4_O_I1_SB_LUT4_O_I0_SB_LUT4_O_LC.O
Info:    routing  0.59  7.37 Net conv.impl.acc_SB_DFFESR_Q_11_D_SB_LUT4_O_I1_SB_LUT4_O_I0[0] (5,1) -> (5,2)
Info:                          Sink conv.impl.acc_SB_DFFESR_Q_10_D_SB_LUT4_O_I1_SB_LUT4_O_I1_SB_LUT4_O_1_LC.I1
Info:                          Defined in:
Info:                               /opt/homebrew/bin/../share/yosys/ice40/cells_map.v:6.21-6.22
Info:      logic  0.40  7.77 Source conv.impl.acc_SB_DFFESR_Q_10_D_SB_LUT4_O_I1_SB_LUT4_O_I1_SB_LUT4_O_1_LC.O
Info:    routing  0.59  8.36 Net conv.impl.acc_SB_DFFESR_Q_10_D_SB_LUT4_O_I1_SB_LUT4_O_I1[1] (5,2) -> (5,2)
Info:                          Sink conv.impl.acc_SB_DFFESR_Q_10_D_SB_LUT4_O_I1_SB_LUT4_O_LC.I2
Info:                          Defined in:
Info:                               /opt/homebrew/bin/../share/yosys/ice40/cells_map.v:6.21-6.22
Info:      logic  0.38  8.74 Source conv.impl.acc_SB_DFFESR_Q_10_D_SB_LUT4_O_I1_SB_LUT4_O_LC.O
Info:    routing  0.59  9.32 Net conv.impl.acc_SB_DFFESR_Q_10_D_SB_LUT4_O_I1[1] (5,2) -> (6,3)
Info:                          Sink conv.impl.acc_SB_DFFESR_Q_10_D_SB_LUT4_O_LC.I1
Info:                          Defined in:
Info:                               /opt/homebrew/bin/../share/yosys/ice40/arith_map.v:62.5-70.4
Info:                               /opt/homebrew/bin/../share/yosys/ice40/cells_map.v:6.21-6.22
Info:      logic  0.26  9.58 Source conv.impl.acc_SB_DFFESR_Q_10_D_SB_LUT4_O_LC.COUT
Info:    routing  0.00  9.58 Net conv.impl.acc_SB_DFFESR_Q_9_D_SB_LUT4_O_I1[3] (6,3) -> (6,3)
Info:                          Sink conv.impl.acc_SB_DFFESR_Q_9_D_SB_LUT4_O_LC.CIN
Info:                          Defined in:
Info:                               /opt/homebrew/bin/../share/yosys/ice40/arith_map.v:62.5-70.4
Info:                               /opt/homebrew/bin/../share/yosys/ice40/abc9_model.v:4.9-4.11
Info:      logic  0.13  9.71 Source conv.impl.acc_SB_DFFESR_Q_9_D_SB_LUT4_O_LC.COUT
Info:    routing  0.00  9.71 Net conv.impl.acc_SB_DFFESR_Q_8_D_SB_LUT4_O_I1[3] (6,3) -> (6,3)
Info:                          Sink conv.impl.acc_SB_DFFESR_Q_8_D_SB_LUT4_O_LC.CIN
Info:                          Defined in:
Info:                               /opt/homebrew/bin/../share/yosys/ice40/arith_map.v:62.5-70.4
Info:                               /opt/homebrew/bin/../share/yosys/ice40/abc9_model.v:4.9-4.11
Info:      logic  0.13  9.84 Source conv.impl.acc_SB_DFFESR_Q_8_D_SB_LUT4_O_LC.COUT
Info:    routing  0.00  9.84 Net conv.impl.acc_SB_DFFESR_Q_7_D_SB_LUT4_O_I1[3] (6,3) -> (6,3)
Info:                          Sink conv.impl.acc_SB_DFFESR_Q_7_D_SB_LUT4_O_LC.CIN
Info:                          Defined in:
Info:                               /opt/homebrew/bin/../share/yosys/ice40/arith_map.v:62.5-70.4
Info:                               /opt/homebrew/bin/../share/yosys/ice40/abc9_model.v:4.9-4.11
Info:      logic  0.13  9.96 Source conv.impl.acc_SB_DFFESR_Q_7_D_SB_LUT4_O_LC.COUT
Info:    routing  0.00  9.96 Net conv.impl.acc_SB_DFFESR_Q_6_D_SB_LUT4_O_I1[3] (6,3) -> (6,3)
Info:                          Sink conv.impl.acc_SB_DFFESR_Q_6_D_SB_LUT4_O_LC.CIN
Info:                          Defined in:
Info:                               /opt/homebrew/bin/../share/yosys/ice40/arith_map.v:62.5-70.4
Info:                               /opt/homebrew/bin/../share/yosys/ice40/abc9_model.v:4.9-4.11
Info:      logic  0.13  10.09 Source conv.impl.acc_SB_DFFESR_Q_6_D_SB_LUT4_O_LC.COUT
Info:    routing  0.20  10.28 Net conv.impl.acc_SB_DFFESR_Q_5_D_SB_LUT4_O_I1[3] (6,3) -> (6,4)
Info:                          Sink conv.impl.acc_SB_DFFESR_Q_5_D_SB_LUT4_O_LC.CIN
Info:                          Defined in:
Info:                               /opt/homebrew/bin/../share/yosys/ice40/arith_map.v:62.5-70.4
Info:                               /opt/homebrew/bin/../share/yosys/ice40/abc9_model.v:4.9-4.11
Info:      logic  0.13  10.41 Source conv.impl.acc_SB_DFFESR_Q_5_D_SB_LUT4_O_LC.COUT
Info:    routing  0.00  10.41 Net conv.impl.acc_SB_DFFESR_Q_4_D_SB_LUT4_O_I1[3] (6,4) -> (6,4)
Info:                          Sink conv.impl.acc_SB_DFFESR_Q_4_D_SB_LUT4_O_LC.CIN
Info:                          Defined in:
Info:                               /opt/homebrew/bin/../share/yosys/ice40/arith_map.v:62.5-70.4
Info:                               /opt/homebrew/bin/../share/yosys/ice40/abc9_model.v:4.9-4.11
Info:      logic  0.13  10.54 Source conv.impl.acc_SB_DFFESR_Q_4_D_SB_LUT4_O_LC.COUT
Info:    routing  0.00  10.54 Net conv.impl.acc_SB_DFFESR_Q_3_D_SB_LUT4_O_I1[3] (6,4) -> (6,4)
Info:                          Sink conv.impl.acc_SB_DFFESR_Q_3_D_SB_LUT4_O_LC.CIN
Info:                          Defined in:
Info:                               /opt/homebrew/bin/../share/yosys/ice40/arith_map.v:62.5-70.4
Info:                               /opt/homebrew/bin/../share/yosys/ice40/abc9_model.v:4.9-4.11
Info:      logic  0.13  10.66 Source conv.impl.acc_SB_DFFESR_Q_3_D_SB_LUT4_O_LC.COUT
Info:    routing  0.26  10.92 Net conv.impl.acc_SB_DFFESR_Q_2_D_SB_LUT4_O_I1[3] (6,4) -> (6,4)
Info:                          Sink conv.impl.acc_SB_DFFESR_Q_2_D_SB_LUT4_O_LC.I3
Info:                          Defined in:
Info:                               /opt/homebrew/bin/../share/yosys/ice40/arith_map.v:62.5-70.4
Info:                               /opt/homebrew/bin/../share/yosys/ice40/abc9_model.v:4.9-4.11
Info:      logic  0.31  11.24 Source conv.impl.acc_SB_DFFESR_Q_2_D_SB_LUT4_O_LC.O
Info:    routing  1.27  12.51 Net conv.impl.acc_SB_DFFESR_Q_2_D (6,4) -> (4,8)
Info:                          Sink conv.impl.sample_out_SB_DFFESR_Q_2_DFFLC.I0
Info:      setup  0.47  12.98 Source conv.impl.sample_out_SB_DFFESR_Q_2_DFFLC.I0
Info: 5.11 ns logic, 7.87 ns routing

Info: Critical path report for cross-domain path '<async>' -> 'posedge clk$SB_IO_IN_$glb_clk':
Info:       type curr  total name
Info:     source  0.00  0.00 Source rst$sb_io.D_IN_0
Info:    routing  1.90  1.90 Net rst$SB_IO_IN (13,9) -> (2,8)
Info:                          Sink sample_valid_SB_LUT4_I1_1_LC.I2
Info:                          Defined in:
Info:                               /opt/homebrew/bin/../share/yosys/ice40/cells_map.v:6.21-6.22
Info:      logic  0.38  2.28 Source sample_valid_SB_LUT4_I1_1_LC.O
Info:    routing  1.76  4.04 Net sample_valid_SB_LUT4_I1_1_O (2,8) -> (6,0)
Info:                          Sink $gbuf_sample_valid_SB_LUT4_I1_1_O_$glb_ce.USER_SIGNAL_TO_GLOBAL_BUFFER
Info:      logic  0.62  4.66 Source $gbuf_sample_valid_SB_LUT4_I1_1_O_$glb_ce.GLOBAL_BUFFER_OUTPUT
Info:    routing  0.60  5.26 Net sample_valid_SB_LUT4_I1_1_O_$glb_ce (6,0) -> (1,5)
Info:                          Sink conv.impl.tap_index_SB_DFFESR_Q_10_D_SB_LUT4_O_LC.CEN
Info:      setup  0.10  5.36 Source conv.impl.tap_index_SB_DFFESR_Q_10_D_SB_LUT4_O_LC.CEN
Info: 1.10 ns logic, 4.26 ns routing

Info: Critical path report for cross-domain path 'posedge clk$SB_IO_IN_$glb_clk' -> '<async>':
Info:       type curr  total name
Info:   clk-to-q  0.54  0.54 Source conv.impl.busy_SB_DFFSR_Q_DFFLC.O
Info:    routing  0.96  1.50 Net sample_valid_SB_LUT4_I1_O[0] (2,8) -> (1,10)
Info:                          Sink sample_ready_SB_LUT4_O_LC.I3
Info:                          Defined in:
Info:                               /opt/homebrew/bin/../share/yosys/ice40/cells_map.v:6.21-6.22
Info:      logic  0.31  1.81 Source sample_ready_SB_LUT4_O_LC.O
Info:    routing  0.59  2.40 Net sample_ready$SB_IO_OUT (1,10) -> (0,10)
Info:                          Sink sample_ready$sb_io.D_OUT_0
Info:                          Defined in:
Info:                               conv1d_large_benchmark_top.v:14.17-14.29
Info: 0.86 ns logic, 1.55 ns routing

Info: Max frequency for clock 'clk$SB_IO_IN_$glb_clk': 77.05 MHz (PASS at 25.00 MHz)

Info: Max delay <async>                       -> posedge clk$SB_IO_IN_$glb_clk: 5.36 ns
Info: Max delay posedge clk$SB_IO_IN_$glb_clk -> <async>                      : 2.40 ns

Info: Slack histogram:
Info:  legend: * represents 1 endpoint(s)
Info:          + represents [1,1) endpoint(s)
Info: [ 27022,  27598) |****** 
Info: [ 27598,  28174) |*********** 
Info: [ 28174,  28750) |*** 
Info: [ 28750,  29326) |** 
Info: [ 29326,  29902) |** 
Info: [ 29902,  30478) |** 
Info: [ 30478,  31054) |** 
Info: [ 31054,  31630) | 
Info: [ 31630,  32206) |***************** 
Info: [ 32206,  32782) |****************** 
Info: [ 32782,  33358) |* 
Info: [ 33358,  33934) |* 
Info: [ 33934,  34510) | 
Info: [ 34510,  35086) |* 
Info: [ 35086,  35662) |***************** 
Info: [ 35662,  36238) |****** 
Info: [ 36238,  36814) |************************************* 
Info: [ 36814,  37390) |********************************************************* 
Info: [ 37390,  37966) |******** 
Info: [ 37966,  38542) |********************************************** 
1 warning, 0 errors

Info: Program finished normally.
