Warning: No PCF file specified; IO pins will be placed automatically

Info: Packing constants..
Info: Packing IOs..
Info: Packing LUT-FFs..
Info:      663 LCs used as LUT4 only
Info:        4 LCs used as LUT4 and DFF
Info: Packing non-LUT FFs..
Info:      588 LCs used as DFF only
Info: Packing carries..
Info:       16 LCs used as CARRY only
Info: Packing indirect carry+LUT pairs...
Info:        5 LUTs merged into carry LCs
Info: Packing RAMs..
Info: Placing PLLs..
Info: Packing special functions..
Info: Packing PLLs..
Info: Promoting globals..
Info: promoting clk$SB_IO_IN (fanout 592)
Info: promoting rst$SB_IO_IN [reset] (fanout 545)
Info: promoting sample_valid_SB_LUT4_I1_O[1] [reset] (fanout 46)
Info: promoting conv.impl.busy_SB_DFFSR_Q_D_SB_LUT4_I3_O [cen] (fanout 32)
Info: promoting conv.impl.busy_SB_LUT4_I2_O [cen] (fanout 32)
Info: Constraining chains...
Info:        4 LCs used to legalise carry chains.
Info: Checksum: 0x4eab7027

Info: Device utilisation:
Info: 	         ICESTORM_LC:    1272/   1280    99%
Info: 	        ICESTORM_RAM:       0/     16     0%
Info: 	               SB_IO:      45/    112    40%
Info: 	               SB_GB:       5/      8    62%
Info: 	        ICESTORM_PLL:       0/      1     0%
Info: 	         SB_WARMBOOT:       0/      1     0%

Info: Placed 0 cells based on constraints.
Info: Creating initial analytic placement for 1197 cells, random placement wirelen = 15756.
Info:     at initial placer iter 0, wirelen = 576
Info:     at initial placer iter 1, wirelen = 542
Info:     at initial placer iter 2, wirelen = 576
Info:     at initial placer iter 3, wirelen = 546
Info: Running main analytical placer, max placement attempts per cell = 218460.
Info:     at iteration #1, type ALL: wirelen solved = 698, spread = 5055, legal = 6708; time = 0.03s
Info:     at iteration #2, type ALL: wirelen solved = 687, spread = 4952, legal = 5902; time = 0.02s
Info:     at iteration #3, type ALL: wirelen solved = 814, spread = 4104, legal = 6209; time = 0.03s
Info:     at iteration #4, type ALL: wirelen solved = 794, spread = 4168, legal = 4767; time = 0.02s
Info:     at iteration #5, type ALL: wirelen solved = 772, spread = 4079, legal = 5241; time = 0.02s
Info:     at iteration #6, type ALL: wirelen solved = 1099, spread = 3961, legal = 4763; time = 0.02s
Info:     at iteration #7, type ALL: wirelen solved = 1151, spread = 3855, legal = 4812; time = 0.02s
Info:     at iteration #8, type ALL: wirelen solved = 1415, spread = 3715, legal = 4945; time = 0.02s
Info:     at iteration #9, type ALL: wirelen solved = 1326, spread = 3636, legal = 5205; time = 0.02s
Info:     at iteration #10, type ALL: wirelen solved = 1430, spread = 3563, legal = 3916; time = 0.01s
Info:     at iteration #11, type ALL: wirelen solved = 1609, spread = 3525, legal = 3896; time = 0.01s
Info:     at iteration #12, type ALL: wirelen solved = 1654, spread = 3541, legal = 4496; time = 0.02s
Info:     at iteration #13, type ALL: wirelen solved = 1710, spread = 3446, legal = 3840; time = 0.01s
Info:     at iteration #14, type ALL: wirelen solved = 1753, spread = 3474, legal = 3727; time = 0.01s
Info:     at iteration #15, type ALL: wirelen solved = 1815, spread = 3340, legal = 3676; time = 0.01s
Info:     at iteration #16, type ALL: wirelen solved = 1804, spread = 3357, legal = 4625; time = 0.02s
Info:     at iteration #17, type ALL: wirelen solved = 1880, spread = 3323, legal = 4088; time = 0.01s
Info:     at iteration #18, type ALL: wirelen solved = 1925, spread = 3363, legal = 4530; time = 0.02s
Info:     at iteration #19, type ALL: wirelen solved = 1946, spread = 3281, legal = 4001; time = 0.01s
Info:     at iteration #20, type ALL: wirelen solved = 1948, spread = 3349, legal = 4334; time = 0.01s
Info: HeAP Placer Time: 0.44s
Info:   of which solving equations: 0.24s
Info:   of which spreading cells: 0.04s
Info:   of which strict legalisation: 0.10s

Info: Running simulated annealing placer for refinement.
Info:   at iteration #1: temp = 0.000000, timing cost = 895, wirelen = 3676
Info:   at iteration #5: temp = 0.000000, timing cost = 898, wirelen = 2904
Info:   at iteration #10: temp = 0.000000, timing cost = 877, wirelen = 2770
Info:   at iteration #15: temp = 0.000000, timing cost = 871, wirelen = 2698
Info:   at iteration #20: temp = 0.000000, timing cost = 888, wirelen = 2644
Info:   at iteration #24: temp = 0.000000, timing cost = 906, wirelen = 2626 
Info: SA placement time 0.61s

Info: Max frequency for clock 'clk$SB_IO_IN_$glb_clk': 37.59 MHz (PASS at 25.00 MHz)

Info: Max delay <async>                       -> posedge clk$SB_IO_IN_$glb_clk: 6.08 ns
Info: Max delay posedge clk$SB_IO_IN_$glb_clk -> <async>                      : 3.06 ns

Info: Slack histogram:
Info:  legend: * represents 7 endpoint(s)
Info:          + represents [1,7) endpoint(s)
Info: [ 13396,  14678) |*+
Info: [ 14678,  15960) |**+
Info: [ 15960,  17242) |**+
Info: [ 17242,  18524) |*+
Info: [ 18524,  19806) |+
Info: [ 19806,  21088) | 
Info: [ 21088,  22370) | 
Info: [ 22370,  23652) |+
Info: [ 23652,  24934) |+
Info: [ 24934,  26216) |+
Info: [ 26216,  27498) |****+
Info: [ 27498,  28780) |***+
Info: [ 28780,  30062) | 
Info: [ 30062,  31344) |+
Info: [ 31344,  32626) |+
Info: [ 32626,  33908) |+
Info: [ 33908,  35190) |******+
Info: [ 35190,  36472) |******************************+
Info: [ 36472,  37754) |************************************************+
Info: [ 37754,  39036) |************************************************************ 
Info: Checksum: 0x3bccf5ab

Info: Routing..
Info: Setting up routing queue.
Info: Routing 3286 arcs.
Info:            |   (re-)routed arcs  |   delta    | remaining|       time spent     |
Info:    IterCnt |  w/ripup   wo/ripup |  w/r  wo/r |      arcs| batch(sec) total(sec)|
Info:       1000 |      188        811 |  188   811 |      2636|       0.31       0.31|
Info:       2000 |      451       1489 |  263   678 |      1952|       0.07       0.38|
Info:       3000 |      907       2027 |  456   538 |      1497|       0.07       0.45|
Info:       4000 |     1334       2597 |  427   570 |       996|       0.10       0.55|
Info:       5000 |     1632       3298 |  298   701 |       354|       0.15       0.70|
Info:       5386 |     1657       3659 |   25   361 |         0|       0.04       0.74|
Info: Routing complete.
Info: Router1 time 0.74s
Info: Checksum: 0x1fd0f5ce

Info: Critical path report for clock 'clk$SB_IO_IN_$glb_clk' (posedge -> posedge):
Info:       type curr  total name
Info:   clk-to-q  0.54  0.54 Source conv.impl.tap_index_SB_DFFESR_Q_13_D_SB_LUT4_O_LC.O
Info:    routing  0.96  1.50 Net conv.impl.acc_SB_DFFESR_Q_22_D_SB_LUT4_O_I2_SB_LUT4_O_I3_SB_CARRY_CI_CO_SB_LUT4_I3_I1_SB_LUT4_O_1_I3_SB_LUT4_O_I3_SB_CARRY_CO_I0_SB_LUT4_O_1_I0[0] (6,6) -> (7,3)
Info:                          Sink $nextpnr_ICESTORM_LC_0.I1
Info:                          Defined in:
Info:                               /opt/homebrew/bin/../share/yosys/ice40/cells_map.v:6.21-6.22
Info:      logic  0.26  1.76 Source $nextpnr_ICESTORM_LC_0.COUT
Info:    routing  0.00  1.76 Net $nextpnr_ICESTORM_LC_0$O (7,3) -> (7,3)
Info:                          Sink conv.impl.tap_index_SB_DFFESR_Q_11_D_SB_LUT4_O_I2_SB_LUT4_O_I3_SB_CARRY_CO$CARRY.CIN
Info:      logic  0.13  1.88 Source conv.impl.tap_index_SB_DFFESR_Q_11_D_SB_LUT4_O_I2_SB_LUT4_O_I3_SB_CARRY_CO$CARRY.COUT
Info:    routing  0.00  1.88 Net conv.impl.tap_index_SB_DFFESR_Q_11_D_SB_LUT4_O_I2_SB_LUT4_O_I3 (7,3) -> (7,3)
Info:                          Sink conv.impl.tap_index_SB_DFFESR_Q_11_D_SB_LUT4_O_I2_SB_LUT4_O_LC.CIN
Info:                          Defined in:
Info:                               /Users/adarmaori/Desktop/Final Project/FPGA/conv1d_large_4mult.v:88.22-88.35
Info:                               /opt/homebrew/bin/../share/yosys/ice40/arith_map.v:62.5-70.4
Info:                               /opt/homebrew/bin/../share/yosys/ice40/abc9_model.v:4.9-4.11
Info:      logic  0.13  2.01 Source conv.impl.tap_index_SB_DFFESR_Q_11_D_SB_LUT4_O_I2_SB_LUT4_O_LC.COUT
Info:    routing  0.00  2.01 Net conv.impl.tap_index_SB_DFFESR_Q_10_D_SB_LUT4_O_I2_SB_LUT4_O_I3 (7,3) -> (7,3)
Info:                          Sink conv.impl.tap_index_SB_DFFESR_Q_10_D_SB_LUT4_O_I2_SB_LUT4_O_LC.CIN
Info:                          Defined in:
Info:                               /Users/adarmaori/Desktop/Final Project/FPGA/conv1d_large_4mult.v:88.22-88.35
Info:                               /opt/homebrew/bin/../share/yosys/ice40/arith_map.v:62.5-70.4
Info:                               /opt/homebrew/bin/../share/yosys/ice40/abc9_model.v:4.9-4.11
Info:      logic  0.13  2.14 Source conv.impl.tap_index_SB_DFFESR_Q_10_D_SB_LUT4_O_I2_SB_LUT4_O_LC.COUT
Info:    routing  0.00  2.14 Net conv.impl.tap_index_SB_DFFESR_Q_10_D_SB_LUT4_O_I2_SB_LUT4_O_I3_SB_CARRY_CI_CO (7,3) -> (7,3)
Info:                          Sink conv.impl.tap_index_SB_DFFESR_Q_10_D_SB_LUT4_O_I2_SB_LUT4_O_I3_SB_CARRY_CI_CO_SB_LUT4_I3_LC.CIN
Info:                          Defined in:
Info:                               /Users/adarmaori/Desktop/Final Project/FPGA/conv1d_large_4mult.v:88.22-88.35
Info:                               /opt/homebrew/bin/../share/yosys/ice40/arith_map.v:62.5-70.4
Info:                               /opt/homebrew/bin/../share/yosys/ice40/abc9_model.v:4.9-4.11
Info:      logic  0.13  2.26 Source conv.impl.tap_index_SB_DFFESR_Q_10_D_SB_LUT4_O_I2_SB_LUT4_O_I3_SB_CARRY_CI_CO_SB_LUT4_I3_LC.COUT
Info:    routing  0.00  2.26 Net conv.impl.tap_index_SB_DFFESR_Q_10_D_SB_LUT4_O_I2_SB_LUT4_O_I3_SB_CARRY_CI_CO_SB_CARRY_CI_CO (7,3) -> (7,3)
Info:                          Sink conv.impl.tap_index_SB_DFFESR_Q_10_D_SB_LUT4_O_I2_SB_LUT4_O_I3_SB_CARRY_CI_CO_SB_CARRY_CI_CO_SB_LUT4_I3_LC.CIN
Info:                          Defined in:
Info:                               /Users/adarmaori/Desktop/Final Project/FPGA/conv1d_large_4mult.v:88.22-88.35
Info:                               /opt/homebrew/bin/../share/yosys/ice40/arith_map.v:62.5-70.4
Info:                               /opt/homebrew/bin/../share/yosys/ice40/abc9_model.v:4.9-4.11
Info:      logic  0.13  2.39 Source conv.impl.tap_index_SB_DFFESR_Q_10_D_SB_LUT4_O_I2_SB_LUT4_O_I3_SB_CARRY_CI_CO_SB_CARRY_CI_CO_SB_LUT4_I3_LC.COUT
Info:    routing  0.00  2.39 Net conv.impl.tap_index_SB_DFFESR_Q_10_D_SB_LUT4_O_I2_SB_LUT4_O_I3_SB_CARRY_CI_CO_SB_CARRY_CI_CO_SB_CARRY_CI_CO (7,3) -> (7,3)
Info:                          Sink conv.impl.tap_index_SB_DFFESR_Q_10_D_SB_LUT4_O_I2_SB_LUT4_O_I3_SB_CARRY_CI_CO_SB_CARRY_CI_CO_SB_CARRY_CI_CO_SB_LUT4_I3_LC.CIN
Info:                          Defined in:
Info:                               /Users/adarmaori/Desktop/Final Project/FPGA/conv1d_large_4mult.v:88.22-88.35
Info:                               /opt/homebrew/bin/../share/yosys/ice40/arith_map.v:62.5-70.4
Info:                               /opt/homebrew/bin/../share/yosys/ice40/abc9_model.v:4.9-4.11
Info:      logic  0.13  2.51 Source conv.impl.tap_index_SB_DFFESR_Q_10_D_SB_LUT4_O_I2_SB_LUT4_O_I3_SB_CARRY_CI_CO_SB_CARRY_CI_CO_SB_CARRY_CI_CO_SB_LUT4_I3_LC.COUT
Info:    routing  0.00  2.51 Net conv.impl.tap_index_SB_DFFESR_Q_10_D_SB_LUT4_O_I2_SB_LUT4_O_I3_SB_CARRY_CI_CO_SB_CARRY_CI_CO_SB_CARRY_CI_CO_SB_CARRY_CI_CO (7,3) -> (7,3)
Info:                          Sink conv.impl.tap_index_SB_DFFESR_Q_10_D_SB_LUT4_O_I2_SB_LUT4_O_I3_SB_CARRY_CI_CO_SB_CARRY_CI_CO_SB_CARRY_CI_CO_SB_CARRY_CI_CO_SB_LUT4_I3_LC.CIN
Info:                          Defined in:
Info:                               /Users/adarmaori/Desktop/Final Project/FPGA/conv1d_large_4mult.v:88.22-88.35
Info:                               /opt/homebrew/bin/../share/yosys/ice40/arith_map.v:62.5-70.4
Info:                               /opt/homebrew/bin/../share/yosys/ice40/abc9_model.v:4.9-4.11
Info:      logic  0.13  2.64 Source conv.impl.tap_index_SB_DFFESR_Q_10_D_SB_LUT4_O_I2_SB_LUT4_O_I3_SB_CARRY_CI_CO_SB_CARRY_CI_CO_SB_CARRY_CI_CO_SB_CARRY_CI_CO_SB_LUT4_I3_LC.COUT
Info:    routing  0.20  2.84 Net conv.impl.tap_index_SB_DFFESR_Q_10_D_SB_LUT4_O_I2_SB_LUT4_O_I3_SB_CARRY_CI_CO_SB_CARRY_CI_CO_SB_CARRY_CI_CO_SB_CARRY_CI_CO_SB_CARRY_CI_CO (7,3) -> (7,4)
Info:                          Sink conv.impl.tap_index_SB_DFFESR_Q_10_D_SB_LUT4_O_I2_SB_LUT4_O_I3_SB_CARRY_CI_CO_SB_CARRY_CI_CO_SB_CARRY_CI_CO_SB_CARRY_CI_CO_SB_CARRY_CI_CO_SB_LUT4_I3_LC.CIN
Info:                          Defined in:
Info:                               /Users/adarmaori/Desktop/Final Project/FPGA/conv1d_large_4mult.v:88.22-88.35
Info:                               /opt/homebrew/bin/../share/yosys/ice40/arith_map.v:62.5-70.4
Info:                               /opt/homebrew/bin/../share/yosys/ice40/abc9_model.v:4.9-4.11
Info:      logic  0.13  2.96 Source conv.impl.tap_index_SB_DFFESR_Q_10_D_SB_LUT4_O_I2_SB_LUT4_O_I3_SB_CARRY_CI_CO_SB_CARRY_CI_CO_SB_CARRY_CI_CO_SB_CARRY_CI_CO_SB_CARRY_CI_CO_SB_LUT4_I3_LC.COUT
Info:    routing  0.00  2.96 Net conv.impl.tap_index_SB_DFFESR_Q_10_D_SB_LUT4_O_I2_SB_LUT4_O_I3_SB_CARRY_CI_CO_SB_CARRY_CI_CO_SB_CARRY_CI_CO_SB_CARRY_CI_CO_SB_CARRY_CI_CO_SB_CARRY_CI_CO (7,4) -> (7,4)
Info:                          Sink conv.impl.tap_index_SB_DFFESR_Q_10_D_SB_LUT4_O_I2_SB_LUT4_O_I3_SB_CARRY_CI_CO_SB_CARRY_CI_CO_SB_CARRY_CI_CO_SB_CARRY_CI_CO_SB_CARRY_CI_CO_SB_CARRY_CI_CO_SB_LUT4_I3_LC.CIN
Info:                          Defined in:
Info:                               /Users/adarmaori/Desktop/Final Project/FPGA/conv1d_large_4mult.v:88.22-88.35
Info:                               /opt/homebrew/bin/../share/yosys/ice40/arith_map.v:62.5-70.4
Info:                               /opt/homebrew/bin/../share/yosys/ice40/abc9_model.v:4.9-4.11
Info:      logic  0.13  3.09 Source conv.impl.tap_index_SB_DFFESR_Q_10_D_SB_LUT4_O_I2_SB_LUT4_O_I3_SB_CARRY_CI_CO_SB_CARRY_CI_CO_SB_CARRY_CI_CO_SB_CARRY_CI_CO_SB_CARRY_CI_CO_SB_CARRY_CI_CO_SB_LUT4_I3_LC.COUT
Info:    routing  0.00  3.09 Net conv.impl.tap_index_SB_DFFESR_Q_10_D_SB_LUT4_O_I2_SB_LUT4_O_I3_SB_CARRY_CI_CO_SB_CARRY_CI_CO_SB_CARRY_CI_CO_SB_CARRY_CI_CO_SB_CARRY_CI_CO_SB_CARRY_CI_CO_SB_CARRY_CI_CO (7,4) -> (7,4)
Info:                          Sink conv.impl.tap_index_SB_DFFESR_Q_10_D_SB_LUT4_O_I2_SB_LUT4_O_I3_SB_CARRY_CI_CO_SB_CARRY_CI_CO_SB_CARRY_CI_CO_SB_CARRY_CI_CO_SB_CARRY_CI_CO_SB_CARRY_CI_CO_SB_CARRY_CI_CO_SB_LUT4_I3_LC.CIN
Info:                          Defined in:
Info:                               /Users/adarmaori/Desktop/Final Project/FPGA/conv1d_large_4mult.v:88.22-88.35
Info:                               /opt/homebrew/bin/../share/yosys/ice40/arith_map.v:62.5-70.4
Info:                               /opt/homebrew/bin/../share/yosys/ice40/abc9_model.v:4.9-4.11
Info:      logic  0.13  3.21 Source conv.impl.tap_index_SB_DFFESR_Q_10_D_SB_LUT4_O_I2_SB_LUT4_O_I3_SB_CARRY_CI_CO_SB_CARRY_CI_CO_SB_CARRY_CI_CO_SB_CARRY_CI_CO_SB_CARRY_CI_CO_SB_CARRY_CI_CO_SB_CARRY_CI_CO_SB_LUT4_I3_LC.COUT
Info:    routing  0.00  3.21 Net conv.impl.tap_index_SB_DFFESR_Q_10_D_SB_LUT4_O_I2_SB_LUT4_O_I3_SB_CARRY_CI_CO_SB_CARRY_CI_CO_SB_CARRY_CI_CO_SB_CARRY_CI_CO_SB_CARRY_CI_CO_SB_CARRY_CI_CO_SB_CARRY_CI_CO_SB_CARRY_CI_CO (7,4) -> (7,4)
Info:                          Sink conv.impl.tap_index_SB_DFFESR_Q_10_D_SB_LUT4_O_I2_SB_LUT4_O_I3_SB_CARRY_CI_CO_SB_CARRY_CI_CO_SB_CARRY_CI_CO_SB_CARRY_CI_CO_SB_CARRY_CI_CO_SB_CARRY_CI_CO_SB_CARRY_CI_CO_SB_CARRY_CI_CO_SB_LUT4_I3_LC.CIN
Info:                          Defined in:
Info:                               /Users/adarmaori/Desktop/Final Project/FPGA/conv1d_large_4mult.v:88.22-88.35
Info:                               /opt/homebrew/bin/../share/yosys/ice40/arith_map.v:62.5-70.4
Info:                               /opt/homebrew/bin/../share/yosys/ice40/abc9_model.v:4.9-4.11
Info:      logic  0.13  3.34 Source conv.impl.tap_index_SB_DFFESR_Q_10_D_SB_LUT4_O_I2_SB_LUT4_O_I3_SB_CARRY_CI_CO_SB_CARRY_CI_CO_SB_CARRY_CI_CO_SB_CARRY_CI_CO_SB_CARRY_CI_CO_SB_CARRY_CI_CO_SB_CARRY_CI_CO_SB_CARRY_CI_CO_SB_LUT4_I3_LC.COUT
Info:    routing  0.00  3.34 Net conv.impl.tap_index_SB_DFFESR_Q_10_D_SB_LUT4_O_I2_SB_LUT4_O_I3_SB_CARRY_CI_CO_SB_CARRY_CI_CO_SB_CARRY_CI_CO_SB_CARRY_CI_CO_SB_CARRY_CI_CO_SB_CARRY_CI_CO_SB_CARRY_CI_CO_SB_CARRY_CI_CO_SB_CARRY_CI_CO (7,4) -> (7,4)
Info:                          Sink conv.impl.tap_index_SB_DFFESR_Q_10_D_SB_LUT4_O_I2_SB_LUT4_O_I3_SB_CARRY_CI_CO_SB_CARRY_CI_CO_SB_CARRY_CI_CO_SB_CARRY_CI_CO_SB_CARRY_CI_CO_SB_CARRY_CI_CO_SB_CARRY_CI_CO_SB_CARRY_CI_CO_SB_CARRY_CI_CO_SB_LUT4_I3_LC.CIN
Info:                          Defined in:
Info:                               /Users/adarmaori/Desktop/Final Project/FPGA/conv1d_large_4mult.v:88.22-88.35
Info:                               /opt/homebrew/bin/../share/yosys/ice40/arith_map.v:62.5-70.4
Info:                               /opt/homebrew/bin/../share/yosys/ice40/abc9_model.v:4.9-4.11
Info:      logic  0.13  3.47 Source conv.impl.tap_index_SB_DFFESR_Q_10_D_SB_LUT4_O_I2_SB_LUT4_O_I3_SB_CARRY_CI_CO_SB_CARRY_CI_CO_SB_CARRY_CI_CO_SB_CARRY_CI_CO_SB_CARRY_CI_CO_SB_CARRY_CI_CO_SB_CARRY_CI_CO_SB_CARRY_CI_CO_SB_CARRY_CI_CO_SB_LUT4_I3_LC.COUT
Info:    routing  0.00  3.47 Net conv.impl.tap_index_SB_DFFESR_Q_10_D_SB_LUT4_O_I2_SB_LUT4_O_I3_SB_CARRY_CI_CO_SB_CARRY_CI_CO_SB_CARRY_CI_CO_SB_CARRY_CI_CO_SB_CARRY_CI_CO_SB_CARRY_CI_CO_SB_CARRY_CI_CO_SB_CARRY_CI_CO_SB_CARRY_CI_CO_SB_CARRY_CI_CO (7,4) -> (7,4)
Info:                          Sink conv.impl.tap_index_SB_DFFESR_Q_10_D_SB_LUT4_O_I2_SB_LUT4_O_I3_SB_CARRY_CI_CO_SB_CARRY_CI_CO_SB_CARRY_CI_CO_SB_CARRY_CI_CO_SB_CARRY_CI_CO_SB_CARRY_CI_CO_SB_CARRY_CI_CO_SB_CARRY_CI_CO_SB_CARRY_CI_CO_SB_CARRY_CI_CO_SB_LUT4_I3_LC.CIN
Info:                          Defined in:
Info:                               /Users/adarmaori/Desktop/Final Project/FPGA/conv1d_large_4mult.v:88.22-88.35
Info:                               /opt/homebrew/bin/../share/yosys/ice40/arith_map.v:62.5-70.4
Info:                               /opt/homebrew/bin/../share/yosys/ice40/abc9_model.v:4.9-4.11
Info:      logic  0.13  3.59 Source conv.impl.tap_index_SB_DFFESR_Q_10_D_SB_LUT4_O_I2_SB_LUT4_O_I3_SB_CARRY_CI_CO_SB_CARRY_CI_CO_SB_CARRY_CI_CO_SB_CARRY_CI_CO_SB_CARRY_CI_CO_SB_CARRY_CI_CO_SB_CARRY_CI_CO_SB_CARRY_CI_CO_SB_CARRY_CI_CO_SB_CARRY_CI_CO_SB_LUT4_I3_LC.COUT
Info:    routing  0.26  3.85 Net $nextpnr_ICESTORM_LC_1$I3 (7,4) -> (7,4)
Info:                          Sink $nextpnr_ICESTORM_LC_1.I3
Info:      logic  0.31  4.17 Source $nextpnr_ICESTORM_LC_1.O
Info:    routing  0.59  4.75 Net conv.impl.tap_index_SB_DFFESR_Q_10_D_SB_LUT4_O_I2_SB_LUT4_O_I3_SB_CARRY_CI_CO_SB_CARRY_CI_CO_SB_CARRY_CI_CO_SB_CARRY_CI_CO_SB_CARRY_CI_CO_SB_CARRY_CI_CO_SB_CARRY_CI_CO_SB_CARRY_CI_CO_SB_CARRY_CI_CO_SB_CARRY_CI_CO_SB_CARRY_CI_CO (7,4) -> (8,5)
Info:                          Sink conv.impl.tap_index_SB_DFFESR_Q_10_D_SB_LUT4_O_I2_SB_LUT4_I3_O_SB_CARRY_I1_CO_SB_CARRY_CI_CO_SB_CARRY_CI_CO_SB_CARRY_CI_CO_SB_CARRY_CI_CO_SB_CARRY_CI_CO_SB_CARRY_CI_CO_SB_CARRY_CI_CO_SB_CARRY_CI_CO_SB_CARRY_CI_CO_SB_CARRY_CI_CO_SB_CARRY_CI$CARRY.I3
Info:                          Defined in:
Info:                               /Users/adarmaori/Desktop/Final Project/FPGA/conv1d_large_4mult.v:88.22-88.35
Info:                               /opt/homebrew/bin/../share/yosys/ice40/arith_map.v:62.5-70.4
Info:                               /opt/homebrew/bin/../share/yosys/ice40/abc9_model.v:4.9-4.11
Info:      logic  0.31  5.07 Source conv.impl.tap_index_SB_DFFESR_Q_10_D_SB_LUT4_O_I2_SB_LUT4_I3_O_SB_CARRY_I1_CO_SB_CARRY_CI_CO_SB_CARRY_CI_CO_SB_CARRY_CI_CO_SB_CARRY_CI_CO_SB_CARRY_CI_CO_SB_CARRY_CI_CO_SB_CARRY_CI_CO_SB_CARRY_CI_CO_SB_CARRY_CI_CO_SB_CARRY_CI_CO_SB_CARRY_CI$CARRY.O
Info:    routing  0.59  5.66 Net conv.impl.tap_index_SB_DFFESR_Q_10_D_SB_LUT4_O_I2_SB_LUT4_O_I3_SB_CARRY_CI_CO_SB_CARRY_CI_CO_SB_CARRY_CI_CO_SB_CARRY_CI_CO_SB_CARRY_CI_CO_SB_CARRY_CI_CO_SB_CARRY_CI_CO_SB_CARRY_CI_CO_SB_CARRY_CI_CO_SB_CARRY_CI_CO_SB_CARRY_CI_CO_SB_LUT4_I3_O (8,5) -> (8,5)
Info:                          Sink conv.impl.tap_index_SB_DFFESR_Q_10_D_SB_LUT4_O_I2_SB_LUT4_I3_O_SB_CARRY_I1_CO_SB_CARRY_CI_CO_SB_CARRY_CI_CO_SB_CARRY_CI_CO_SB_CARRY_CI_CO_SB_CARRY_CI_CO_SB_CARRY_CI_CO_SB_CARRY_CI_CO_SB_CARRY_CI_CO_SB_CARRY_CI_CO_SB_CARRY_CI_CO_SB_CARRY_CI$CARRY.I2
Info:      logic  0.23  5.89 Source conv.impl.tap_index_SB_DFFESR_Q_10_D_SB_LUT4_O_I2_SB_LUT4_I3_O_SB_CARRY_I1_CO_SB_CARRY_CI_CO_SB_CARRY_CI_CO_SB_CARRY_CI_CO_SB_CARRY_CI_CO_SB_CARRY_CI_CO_SB_CARRY_CI_CO_SB_CARRY_CI_CO_SB_CARRY_CI_CO_SB_CARRY_CI_CO_SB_CARRY_CI_CO_SB_CARRY_CI$CARRY.COUT
Info:    routing  0.26  6.15 Net $nextpnr_ICESTORM_LC_3$I3 (8,5) -> (8,5)
Info:                          Sink $nextpnr_ICESTORM_LC_3.I3
Info:      logic  0.31  6.46 Source $nextpnr_ICESTORM_LC_3.O
Info:    routing  1.27  7.74 Net conv.impl.acc_SB_DFFESR_Q_22_D_SB_LUT4_O_I2_SB_LUT4_O_I3_SB_CARRY_CI_CO_SB_LUT4_I3_I1[0] (8,5) -> (4,9)
Info:                          Sink conv.impl.acc_SB_DFFESR_Q_31_D_SB_LUT4_O_I2_SB_LUT4_O_I3_SB_LUT4_I3_O_SB_LUT4_O_I2_SB_LUT4_O_I1_SB_LUT4_O_1_I3_SB_LUT4_I3_I2_SB_LUT4_I3_LC.I1
Info:                          Defined in:
Info:                               /opt/homebrew/bin/../share/yosys/ice40/cells_map.v:6.21-6.22
Info:      logic  0.40  8.14 Source conv.impl.acc_SB_DFFESR_Q_31_D_SB_LUT4_O_I2_SB_LUT4_O_I3_SB_LUT4_I3_O_SB_LUT4_O_I2_SB_LUT4_O_I1_SB_LUT4_O_1_I3_SB_LUT4_I3_I2_SB_LUT4_I3_LC.O
Info:    routing  0.90  9.04 Net conv.impl.acc_SB_DFFESR_Q_31_D_SB_LUT4_O_I2_SB_LUT4_O_I3_SB_LUT4_I3_O_SB_LUT4_O_I2_SB_LUT4_O_I1_SB_LUT4_O_1_I3_SB_LUT4_I3_I2_SB_LUT4_I3_O[2] (4,9) -> (5,9)
Info:                          Sink conv.impl.acc_SB_DFFESR_Q_31_D_SB_LUT4_O_I2_SB_LUT4_O_I3_SB_LUT4_I3_O_SB_LUT4_O_I2_SB_LUT4_O_I1_SB_LUT4_O_1_I3_SB_LUT4_I3_I2_SB_LUT4_I3_O_SB_LUT4_I1_1_LC.I2
Info:                          Defined in:
Info:                               /opt/homebrew/bin/../share/yosys/ice40/cells_map.v:6.21-6.22
Info:      logic  0.38  9.42 Source conv.impl.acc_SB_DFFESR_Q_31_D_SB_LUT4_O_I2_SB_LUT4_O_I3_SB_LUT4_I3_O_SB_LUT4_O_I2_SB_LUT4_O_I1_SB_LUT4_O_1_I3_SB_LUT4_I3_I2_SB_LUT4_I3_O_SB_LUT4_I1_1_LC.O
Info:    routing  0.59  10.00 Net conv.impl.acc_SB_DFFESR_Q_31_D_SB_LUT4_O_I2_SB_LUT4_O_I3_SB_LUT4_I3_O_SB_LUT4_O_I2_SB_LUT4_O_1_I3_SB_LUT4_I3_O_SB_LUT4_O_I2_SB_LUT4_O_1_I3[2] (5,9) -> (6,10)
Info:                          Sink conv.impl.acc_SB_DFFESR_Q_22_D_SB_LUT4_O_I2_SB_LUT4_O_I3_SB_CARRY_CI_CO_SB_LUT4_I3_I1_SB_LUT4_O_1_I3_SB_LUT4_O_I3_SB_CARRY_CO_CI_SB_CARRY_CO_CI_SB_CARRY_CO_CI_SB_CARRY_CO_I0_SB_LUT4_O_1_I2_SB_LUT4_O_I1_SB_LUT4_O_LC.I2
Info:                          Defined in:
Info:                               /opt/homebrew/bin/../share/yosys/ice40/cells_map.v:6.21-6.22
Info:      logic  0.38  10.38 Source conv.impl.acc_SB_DFFESR_Q_22_D_SB_LUT4_O_I2_SB_LUT4_O_I3_SB_CARRY_CI_CO_SB_LUT4_I3_I1_SB_LUT4_O_1_I3_SB_LUT4_O_I3_SB_CARRY_CO_CI_SB_CARRY_CO_CI_SB_CARRY_CO_CI_SB_CARRY_CO_I0_SB_LUT4_O_1_I2_SB_LUT4_O_I1_SB_LUT4_O_LC.O
Info:    routing  1.27  11.66 Net conv.impl.acc_SB_DFFESR_Q_22_D_SB_LUT4_O_I2_SB_LUT4_O_I3_SB_CARRY_CI_CO_SB_LUT4_I3_I1_SB_LUT4_O_1_I3_SB_LUT4_O_I3_SB_CARRY_CO_CI_SB_CARRY_CO_CI_SB_CARRY_CO_CI_SB_CARRY_CO_I0_SB_LUT4_O_1_I2_SB_LUT4_O_I1[2] (6,10) -> (8,9)
Info:                          Sink conv.impl.acc_SB_DFFESR_Q_22_D_SB_LUT4_O_I2_SB_LUT4_O_I3_SB_CARRY_CI_CO_SB_LUT4_I3_I1_SB_LUT4_O_1_I3_SB_LUT4_O_I3_SB_CARRY_CO_CI_SB_CARRY_CO_I0_SB_LUT4_O_1_I1_SB_LUT4_O_1_I2_SB_LUT4_O_I3_SB_CARRY_CO_CI_SB_CARRY_CO$CARRY.I1
Info:                          Defined in:
Info:                               /opt/homebrew/bin/../share/yosys/ice40/cells_map.v:6.21-6.22
Info:      logic  0.26  11.91 Source conv.impl.acc_SB_DFFESR_Q_22_D_SB_LUT4_O_I2_SB_LUT4_O_I3_SB_CARRY_CI_CO_SB_LUT4_I3_I1_SB_LUT4_O_1_I3_SB_LUT4_O_I3_SB_CARRY_CO_CI_SB_CARRY_CO_I0_SB_LUT4_O_1_I1_SB_LUT4_O_1_I2_SB_LUT4_O_I3_SB_CARRY_CO_CI_SB_CARRY_CO$CARRY.COUT
Info:    routing  0.26  12.17 Net conv.impl.acc_SB_DFFESR_Q_22_D_SB_LUT4_O_I2_SB_LUT4_O_I3_SB_CARRY_CI_CO_SB_LUT4_I3_I1_SB_LUT4_O_1_I3_SB_LUT4_O_I3_SB_CARRY_CO_CI_SB_CARRY_CO_I0_SB_LUT4_O_1_I1_SB_LUT4_O_1_I2_SB_LUT4_O_I3_SB_CARRY_CO_CI (8,9) -> (8,9)
Info:                          Sink conv.impl.acc_SB_DFFESR_Q_31_D_SB_LUT4_O_I2_SB_LUT4_O_I3_SB_LUT4_I3_O_SB_LUT4_O_I2_SB_LUT4_O_1_I3_SB_LUT4_I3_O_SB_LUT4_O_I2_SB_LUT4_O_1_I3_SB_LUT4_I3_O_SB_LUT4_I1_LC.I3
Info:                          Defined in:
Info:                               /opt/homebrew/bin/../share/yosys/ice40/arith_map.v:62.5-70.4
Info:                               /opt/homebrew/bin/../share/yosys/ice40/cells_map.v:6.21-6.22
Info:      logic  0.31  12.49 Source conv.impl.acc_SB_DFFESR_Q_31_D_SB_LUT4_O_I2_SB_LUT4_O_I3_SB_LUT4_I3_O_SB_LUT4_O_I2_SB_LUT4_O_1_I3_SB_LUT4_I3_O_SB_LUT4_O_I2_SB_LUT4_O_1_I3_SB_LUT4_I3_O_SB_LUT4_I1_LC.O
Info:    routing  0.59  13.08 Net conv.impl.acc_SB_DFFESR_Q_31_D_SB_LUT4_O_I2_SB_LUT4_O_I3_SB_LUT4_I3_O_SB_LUT4_O_I2_SB_LUT4_O_1_I3_SB_LUT4_I3_O_SB_LUT4_O_I2_SB_LUT4_O_1_I3_SB_LUT4_I3_O_SB_LUT4_I1_O[3] (8,9) -> (7,10)
Info:                          Sink conv.impl.acc_SB_DFFESR_Q_22_D_SB_LUT4_O_I2_SB_LUT4_O_I3_SB_CARRY_CI_CO_SB_LUT4_I3_I1_SB_LUT4_O_1_I3_SB_LUT4_O_I3_SB_CARRY_CO_CI_SB_CARRY_CO_CI_SB_CARRY_CO_CI_SB_CARRY_CO_I0_SB_LUT4_O_1_I1_SB_LUT4_O_LC.I3
Info:                          Defined in:
Info:                               /opt/homebrew/bin/../share/yosys/ice40/cells_map.v:6.21-6.22
Info:      logic  0.31  13.39 Source conv.impl.acc_SB_DFFESR_Q_22_D_SB_LUT4_O_I2_SB_LUT4_O_I3_SB_CARRY_CI_CO_SB_LUT4_I3_I1_SB_LUT4_O_1_I3_SB_LUT4_O_I3_SB_CARRY_CO_CI_SB_CARRY_CO_CI_SB_CARRY_CO_CI_SB_CARRY_CO_I0_SB_LUT4_O_1_I1_SB_LUT4_O_LC.O
Info:    routing  0.59  13.98 Net conv.impl.acc_SB_DFFESR_Q_22_D_SB_LUT4_O_I2_SB_LUT4_O_I3_SB_CARRY_CI_CO_SB_LUT4_I3_I1_SB_LUT4_O_1_I3_SB_LUT4_O_I3_SB_CARRY_CO_CI_SB_CARRY_CO_CI_SB_CARRY_CO_CI_SB_CARRY_CO_I0_SB_LUT4_O_1_I1[0] (7,10) -> (7,11)
Info:                          Sink conv.impl.acc_SB_DFFESR_Q_22_D_SB_LUT4_O_I2_SB_LUT4_O_I3_SB_CARRY_CI_CO_SB_LUT4_I3_I1_SB_LUT4_O_1_I3_SB_LUT4_O_I3_SB_CARRY_CO_CI_SB_CARRY_CO_I0_SB_LUT4_O_1_I1_SB_LUT4_O_1_I2_SB_LUT4_I2_O_SB_LUT4_O_LC.I1
Info:                          Defined in:
Info:                               /opt/homebrew/bin/../share/yosys/ice40/cells_map.v:6.21-6.22
Info:      logic  0.40  14.38 Source conv.impl.acc_SB_DFFESR_Q_22_D_SB_LUT4_O_I2_SB_LUT4_O_I3_SB_CARRY_CI_CO_SB_LUT4_I3_I1_SB_LUT4_O_1_I3_SB_LUT4_O_I3_SB_CARRY_CO_CI_SB_CARRY_CO_I0_SB_LUT4_O_1_I1_SB_LUT4_O_1_I2_SB_LUT4_I2_O_SB_LUT4_O_LC.O
Info:    routing  0.59  14.97 Net conv.impl.acc_SB_DFFESR_Q_22_D_SB_LUT4_O_I2_SB_LUT4_O_I3_SB_CARRY_CI_CO_SB_LUT4_I3_I1_SB_LUT4_O_1_I3_SB_LUT4_O_I3_SB_CARRY_CO_CI_SB_CARRY_CO_I0_SB_LUT4_O_1_I1_SB_LUT4_O_1_I2_SB_LUT4_I2_O[3] (7,11) -> (7,11)
Info:                          Sink conv.impl.acc_SB_DFFESR_Q_22_D_SB_LUT4_O_I2_SB_LUT4_O_I3_SB_CARRY_CI_CO_SB_LUT4_I3_I1_SB_LUT4_O_1_I3_SB_LUT4_O_I3_SB_CARRY_CO_CI_SB_CARRY_CO_CI_SB_CARRY_CO_CI_SB_CARRY_CO_I0_SB_LUT4_O_LC.I3
Info:                          Defined in:
Info:                               /opt/homebrew/bin/../share/yosys/ice40/cells_map.v:6.21-6.22
Info:      logic  0.31  15.28 Source conv.impl.acc_SB_DFFESR_Q_22_D_SB_LUT4_O_I2_SB_LUT4_O_I3_SB_CARRY_CI_CO_SB_LUT4_I3_I1_SB_LUT4_O_1_I3_SB_LUT4_O_I3_SB_CARRY_CO_CI_SB_CARRY_CO_CI_SB_CARRY_CO_CI_SB_CARRY_CO_I0_SB_LUT4_O_LC.O
Info:    routing  0.59  15.87 Net conv.impl.acc_SB_DFFESR_Q_22_D_SB_LUT4_O_I2_SB_LUT4_O_I3_SB_CARRY_CI_CO_SB_LUT4_I3_I1_SB_LUT4_O_1_I3_SB_LUT4_O_I3_SB_CARRY_CO_CI_SB_CARRY_CO_CI_SB_CARRY_CO_CI_SB_CARRY_CO_I0[1] (7,11) -> (8,11)
Info:                          Sink conv.impl.acc_SB_DFFESR_Q_22_D_SB_LUT4_O_I2_SB_LUT4_O_I3_SB_CARRY_CI_CO_SB_LUT4_I3_I1_SB_LUT4_O_1_I3_SB_LUT4_O_I3_SB_CARRY_CO_CI_SB_CARRY_CO_CI_SB_CARRY_CO_CI_SB_CARRY_CO_CI_SB_LUT4_I3_LC.I1
Info:                          Defined in:
Info:                               /opt/homebrew/bin/../share/yosys/ice40/arith_map.v:62.5-70.4
Info:                               /opt/homebrew/bin/../share/yosys/ice40/cells_map.v:6.21-6.22
Info:      logic  0.40  16.27 Source conv.impl.acc_SB_DFFESR_Q_22_D_SB_LUT4_O_I2_SB_LUT4_O_I3_SB_CARRY_CI_CO_SB_LUT4_I3_I1_SB_LUT4_O_1_I3_SB_LUT4_O_I3_SB_CARRY_CO_CI_SB_CARRY_CO_CI_SB_CARRY_CO_CI_SB_CARRY_CO_CI_SB_LUT4_I3_LC.O
Info:    routing  0.59  16.86 Net conv.impl.acc_SB_DFFESR_Q_22_D_SB_LUT4_O_I2_SB_LUT4_O_I3_SB_CARRY_CI_CO_SB_LUT4_I3_I1_SB_LUT4_O_1_I3_SB_LUT4_O_I3_SB_CARRY_CO_CI_SB_CARRY_CO_CI_SB_CARRY_CO_CI_SB_CARRY_CO_CI_SB_CARRY_CO_CI_SB_LUT4_I3_O_SB_LUT4_I2_1_O[1] (8,11) -> (9,12)
Info:                          Sink conv.impl.acc_SB_DFFESR_Q_22_D_SB_LUT4_O_I2_SB_LUT4_O_I3_SB_CARRY_CI_CO_SB_LUT4_I3_I1_SB_LUT4_O_1_I3_SB_LUT4_O_I3_SB_CARRY_CO_CI_SB_CARRY_CO_CI_SB_CARRY_CO_CI_SB_LUT4_I3_O_SB_LUT4_O_LC.I3
Info:                          Defined in:
Info:                               /opt/homebrew/bin/../share/yosys/ice40/cells_map.v:6.21-6.22
Info:      logic  0.31  17.17 Source conv.impl.acc_SB_DFFESR_Q_22_D_SB_LUT4_O_I2_SB_LUT4_O_I3_SB_CARRY_CI_CO_SB_LUT4_I3_I1_SB_LUT4_O_1_I3_SB_LUT4_O_I3_SB_CARRY_CO_CI_SB_CARRY_CO_CI_SB_CARRY_CO_CI_SB_LUT4_I3_O_SB_LUT4_O_LC.O
Info:    routing  0.59  17.76 Net conv.impl.acc_SB_DFFESR_Q_22_D_SB_LUT4_O_I2_SB_LUT4_O_I3_SB_CARRY_CI_CO_SB_LUT4_I3_I1_SB_LUT4_O_1_I3_SB_LUT4_O_I3_SB_CARRY_CO_CI_SB_CARRY_CO_CI_SB_CARRY_CO_CI_SB_LUT4_I3_O[2] (9,12) -> (9,12)
Info:                          Sink conv.impl.acc_SB_DFFESR_Q_22_D_SB_LUT4_O_I2_SB_LUT4_O_I3_SB_CARRY_CI_CO_SB_LUT4_I3_I1_SB_LUT4_O_1_I3_SB_LUT4_O_I3_SB_CARRY_CO_CI_SB_CARRY_CO_CI_SB_CARRY_CO_CI_SB_LUT4_I3_O_SB_LUT4_I1_1_LC.I3
Info:                          Defined in:
Info:                               /opt/homebrew/bin/../share/yosys/ice40/cells_map.v:6.21-6.22
Info:      logic  0.31  18.08 Source conv.impl.acc_SB_DFFESR_Q_22_D_SB_LUT4_O_I2_SB_LUT4_O_I3_SB_CARRY_CI_CO_SB_LUT4_I3_I1_SB_LUT4_O_1_I3_SB_LUT4_O_I3_SB_CARRY_CO_CI_SB_CARRY_CO_CI_SB_CARRY_CO_CI_SB_LUT4_I3_O_SB_LUT4_I1_1_LC.O
Info:    routing  0.59  18.66 Net conv.impl.acc_SB_DFFESR_Q_22_D_SB_LUT4_O_I2_SB_LUT4_O_I3_SB_CARRY_CI_CO_SB_LUT4_I3_I1_SB_LUT4_O_1_I3_SB_LUT4_O_I3_SB_CARRY_CO_CI_SB_CARRY_CO_CI_SB_LUT4_I3_O_SB_LUT4_I2_O[0] (9,12) -> (9,12)
Info:                          Sink conv.impl.acc_SB_DFFESR_Q_24_D_SB_LUT4_O_I2_SB_LUT4_O_I1_SB_LUT4_O_LC.I2
Info:                          Defined in:
Info:                               /opt/homebrew/bin/../share/yosys/ice40/cells_map.v:6.21-6.22
Info:      logic  0.38  19.04 Source conv.impl.acc_SB_DFFESR_Q_24_D_SB_LUT4_O_I2_SB_LUT4_O_I1_SB_LUT4_O_LC.O
Info:    routing  1.27  20.32 Net conv.impl.acc_SB_DFFESR_Q_24_D_SB_LUT4_O_I2_SB_LUT4_O_I1[1] (9,12) -> (7,13)
Info:                          Sink conv.impl.acc_SB_DFFESR_Q_24_D_SB_LUT4_O_I2_SB_LUT4_O_LC.I1
Info:                          Defined in:
Info:                               /opt/homebrew/bin/../share/yosys/ice40/arith_map.v:62.5-70.4
Info:                               /opt/homebrew/bin/../share/yosys/ice40/cells_map.v:6.21-6.22
Info:      logic  0.26  20.57 Source conv.impl.acc_SB_DFFESR_Q_24_D_SB_LUT4_O_I2_SB_LUT4_O_LC.COUT
Info:    routing  0.00  20.57 Net conv.impl.acc_SB_DFFESR_Q_23_D_SB_LUT4_O_I2_SB_LUT4_O_I1[3] (7,13) -> (7,13)
Info:                          Sink conv.impl.acc_SB_DFFESR_Q_23_D_SB_LUT4_O_I2_SB_LUT4_O_LC.CIN
Info:                          Defined in:
Info:                               /opt/homebrew/bin/../share/yosys/ice40/arith_map.v:62.5-70.4
Info:                               /opt/homebrew/bin/../share/yosys/ice40/abc9_model.v:4.9-4.11
Info:      logic  0.13  20.70 Source conv.impl.acc_SB_DFFESR_Q_23_D_SB_LUT4_O_I2_SB_LUT4_O_LC.COUT
Info:    routing  0.00  20.70 Net conv.impl.acc_SB_DFFESR_Q_22_D_SB_LUT4_O_I2_SB_LUT4_O_I3 (7,13) -> (7,13)
Info:                          Sink conv.impl.acc_SB_DFFESR_Q_22_D_SB_LUT4_O_I2_SB_LUT4_O_LC.CIN
Info:                          Defined in:
Info:                               /opt/homebrew/bin/../share/yosys/ice40/arith_map.v:62.5-70.4
Info:                               /opt/homebrew/bin/../share/yosys/ice40/cells_map.v:6.21-6.22
Info:      logic  0.13  20.83 Source conv.impl.acc_SB_DFFESR_Q_22_D_SB_LUT4_O_I2_SB_LUT4_O_LC.COUT
Info:    routing  0.26  21.08 Net conv.impl.acc_SB_DFFESR_Q_22_D_SB_LUT4_O_I2_SB_LUT4_O_I3_SB_CARRY_CI_CO (7,13) -> (7,13)
Info:                          Sink conv.impl.acc_SB_DFFESR_Q_22_D_SB_LUT4_O_I2_SB_LUT4_O_I3_SB_CARRY_CI_CO_SB_LUT4_I3_LC.I3
Info:                          Defined in:
Info:                               /opt/homebrew/bin/../share/yosys/ice40/arith_map.v:62.5-70.4
Info:                               /opt/homebrew/bin/../share/yosys/ice40/cells_map.v:6.21-6.22
Info:      logic  0.31  21.40 Source conv.impl.acc_SB_DFFESR_Q_22_D_SB_LUT4_O_I2_SB_LUT4_O_I3_SB_CARRY_CI_CO_SB_LUT4_I3_LC.O
Info:    routing  0.59  21.99 Net conv.impl.acc_SB_DFFESR_Q_22_D_SB_LUT4_O_I2_SB_LUT4_O_I3_SB_CARRY_CI_CO_SB_LUT4_I3_O[2] (7,13) -> (8,14)
Info:                          Sink conv.impl.acc_SB_DFFESR_Q_21_D_SB_LUT4_O_LC.I2
Info:                          Defined in:
Info:                               /Users/adarmaori/Desktop/Final Project/FPGA/conv1d_large_4mult.v:89.35-89.50
Info:                               /opt/homebrew/bin/../share/yosys/ice40/arith_map.v:62.5-70.4
Info:                               /opt/homebrew/bin/../share/yosys/ice40/cells_map.v:6.21-6.22
Info:      logic  0.23  22.22 Source conv.impl.acc_SB_DFFESR_Q_21_D_SB_LUT4_O_LC.COUT
Info:    routing  0.00  22.22 Net conv.impl.acc_SB_DFFESR_Q_20_D_SB_LUT4_O_I3 (8,14) -> (8,14)
Info:                          Sink conv.impl.acc_SB_DFFESR_Q_20_D_SB_LUT4_O_LC.CIN
Info:                          Defined in:
Info:                               /Users/adarmaori/Desktop/Final Project/FPGA/conv1d_large_4mult.v:89.35-89.50
Info:                               /opt/homebrew/bin/../share/yosys/ice40/arith_map.v:62.5-70.4
Info:                               /opt/homebrew/bin/../share/yosys/ice40/abc9_model.v:4.9-4.11
Info:      logic  0.13  22.34 Source conv.impl.acc_SB_DFFESR_Q_20_D_SB_LUT4_O_LC.COUT
Info:    routing  0.00  22.34 Net conv.impl.acc_SB_DFFESR_Q_19_D_SB_LUT4_O_I3 (8,14) -> (8,14)
Info:                          Sink conv.impl.acc_SB_DFFESR_Q_19_D_SB_LUT4_O_LC.CIN
Info:                          Defined in:
Info:                               /Users/adarmaori/Desktop/Final Project/FPGA/conv1d_large_4mult.v:89.35-89.50
Info:                               /opt/homebrew/bin/../share/yosys/ice40/arith_map.v:62.5-70.4
Info:                               /opt/homebrew/bin/../share/yosys/ice40/abc9_model.v:4.9-4.11
Info:      logic  0.13  22.47 Source conv.impl.acc_SB_DFFESR_Q_19_D_SB_LUT4_O_LC.COUT
Info:    routing  0.00  22.47 Net conv.impl.acc_SB_DFFESR_Q_18_D_SB_LUT4_O_I3 (8,14) -> (8,14)
Info:                          Sink conv.impl.acc_SB_DFFESR_Q_18_D_SB_LUT4_O_LC.CIN
Info:                          Defined in:
Info:                               /Users/adarmaori/Desktop/Final Project/FPGA/conv1d_large_4mult.v:89.35-89.50
Info:                               /opt/homebrew/bin/../share/yosys/ice40/arith_map.v:62.5-70.4
Info:                               /opt/homebrew/bin/../share/yosys/ice40/cells_map.v:6.21-6.22
Info:      logic  0.13  22.60 Source conv.impl.acc_SB_DFFESR_Q_18_D_SB_LUT4_O_LC.COUT
Info:    routing  0.00  22.60 Net conv.impl.acc_SB_DFFESR_Q_17_D_SB_LUT4_O_I3 (8,14) -> (8,14)
Info:                          Sink conv.impl.acc_SB_DFFESR_Q_17_D_SB_LUT4_O_LC.CIN
Info:                          Defined in:
Info:                               /Users/adarmaori/Desktop/Final Project/FPGA/conv1d_large_4mult.v:89.35-89.50
Info:                               /opt/homebrew/bin/../share/yosys/ice40/arith_map.v:62.5-70.4
Info:                               /opt/homebrew/bin/../share/yosys/ice40/abc9_model.v:4.9-4.11
Info:      logic  0.13  22.72 Source conv.impl.acc_SB_DFFESR_Q_17_D_SB_LUT4_O_LC.COUT
Info:    routing  0.00  22.72 Net conv.impl.acc_SB_DFFESR_Q_16_D_SB_LUT4_O_I3 (8,14) -> (8,14)
Info:                          Sink conv.impl.acc_SB_DFFESR_Q_16_D_SB_LUT4_O_LC.CIN
Info:                          Defined in:
Info:                               /Users/adarmaori/Desktop/Final Project/FPGA/conv1d_large_4mult.v:89.35-89.50
Info:                               /opt/homebrew/bin/../share/yosys/ice40/arith_map.v:62.5-70.4
Info:                               /opt/homebrew/bin/../share/yosys/ice40/abc9_model.v:4.9-4.11
Info:      logic  0.13  22.85 Source conv.impl.acc_SB_DFFESR_Q_16_D_SB_LUT4_O_LC.COUT
Info:    routing  0.20  23.05 Net conv.impl.acc_SB_DFFESR_Q_15_D_SB_LUT4_O_I3 (8,14) -> (8,15)
Info:                          Sink conv.impl.acc_SB_DFFESR_Q_15_D_SB_LUT4_O_LC.CIN
Info:                          Defined in:
Info:                               /Users/adarmaori/Desktop/Final Project/FPGA/conv1d_large_4mult.v:89.35-89.50
Info:                               /opt/homebrew/bin/../share/yosys/ice40/arith_map.v:62.5-70.4
Info:                               /opt/homebrew/bin/../share/yosys/ice40/abc9_model.v:4.9-4.11
Info:      logic  0.13  23.17 Source conv.impl.acc_SB_DFFESR_Q_15_D_SB_LUT4_O_LC.COUT
Info:    routing  0.00  23.17 Net conv.impl.acc_SB_DFFESR_Q_14_D_SB_LUT4_O_I3 (8,15) -> (8,15)
Info:                          Sink conv.impl.acc_SB_DFFESR_Q_14_D_SB_LUT4_O_LC.CIN
Info:                          Defined in:
Info:                               /Users/adarmaori/Desktop/Final Project/FPGA/conv1d_large_4mult.v:89.35-89.50
Info:                               /opt/homebrew/bin/../share/yosys/ice40/arith_map.v:62.5-70.4
Info:                               /opt/homebrew/bin/../share/yosys/ice40/abc9_model.v:4.9-4.11
Info:      logic  0.13  23.30 Source conv.impl.acc_SB_DFFESR_Q_14_D_SB_LUT4_O_LC.COUT
Info:    routing  0.00  23.30 Net conv.impl.acc_SB_DFFESR_Q_13_D_SB_LUT4_O_I3 (8,15) -> (8,15)
Info:                          Sink conv.impl.acc_SB_DFFESR_Q_13_D_SB_LUT4_O_LC.CIN
Info:                          Defined in:
Info:                               /Users/adarmaori/Desktop/Final Project/FPGA/conv1d_large_4mult.v:89.35-89.50
Info:                               /opt/homebrew/bin/../share/yosys/ice40/arith_map.v:62.5-70.4
Info:                               /opt/homebrew/bin/../share/yosys/ice40/abc9_model.v:4.9-4.11
Info:      logic  0.13  23.42 Source conv.impl.acc_SB_DFFESR_Q_13_D_SB_LUT4_O_LC.COUT
Info:    routing  0.00  23.42 Net conv.impl.acc_SB_DFFESR_Q_12_D_SB_LUT4_O_I3 (8,15) -> (8,15)
Info:                          Sink conv.impl.acc_SB_DFFESR_Q_12_D_SB_LUT4_O_LC.CIN
Info:                          Defined in:
Info:                               /Users/adarmaori/Desktop/Final Project/FPGA/conv1d_large_4mult.v:89.35-89.50
Info:                               /opt/homebrew/bin/../share/yosys/ice40/arith_map.v:62.5-70.4
Info:                               /opt/homebrew/bin/../share/yosys/ice40/abc9_model.v:4.9-4.11
Info:      logic  0.13  23.55 Source conv.impl.acc_SB_DFFESR_Q_12_D_SB_LUT4_O_LC.COUT
Info:    routing  0.00  23.55 Net conv.impl.acc_SB_DFFESR_Q_11_D_SB_LUT4_O_I3 (8,15) -> (8,15)
Info:                          Sink conv.impl.acc_SB_DFFESR_Q_11_D_SB_LUT4_O_LC.CIN
Info:                          Defined in:
Info:                               /Users/adarmaori/Desktop/Final Project/FPGA/conv1d_large_4mult.v:89.35-89.50
Info:                               /opt/homebrew/bin/../share/yosys/ice40/arith_map.v:62.5-70.4
Info:                               /opt/homebrew/bin/../share/yosys/ice40/abc9_model.v:4.9-4.11
Info:      logic  0.13  23.67 Source conv.impl.acc_SB_DFFESR_Q_11_D_SB_LUT4_O_LC.COUT
Info:    routing  0.00  23.67 Net conv.impl.acc_SB_DFFESR_Q_10_D_SB_LUT4_O_I3 (8,15) -> (8,15)
Info:                          Sink conv.impl.acc_SB_DFFESR_Q_10_D_SB_LUT4_O_LC.CIN
Info:                          Defined in:
Info:                               /Users/adarmaori/Desktop/Final Project/FPGA/conv1d_large_4mult.v:89.35-89.50
Info:                               /opt/homebrew/bin/../share/yosys/ice40/arith_map.v:62.5-70.4
Info:                               /opt/homebrew/bin/../share/yosys/ice40/abc9_model.v:4.9-4.11
Info:      logic  0.13  23.80 Source conv.impl.acc_SB_DFFESR_Q_10_D_SB_LUT4_O_LC.COUT
Info:    routing  0.00  23.80 Net conv.impl.acc_SB_DFFESR_Q_9_D_SB_LUT4_O_I3 (8,15) -> (8,15)
Info:                          Sink conv.impl.acc_SB_DFFESR_Q_9_D_SB_LUT4_O_LC.CIN
Info:                          Defined in:
Info:                               /Users/adarmaori/Desktop/Final Project/FPGA/conv1d_large_4mult.v:89.35-89.50
Info:                               /opt/homebrew/bin/../share/yosys/ice40/arith_map.v:62.5-70.4
Info:                               /opt/homebrew/bin/../share/yosys/ice40/abc9_model.v:4.9-4.11
Info:      logic  0.13  23.93 Source conv.impl.acc_SB_DFFESR_Q_9_D_SB_LUT4_O_LC.COUT
Info:    routing  0.00  23.93 Net conv.impl.acc_SB_DFFESR_Q_8_D_SB_LUT4_O_I3 (8,15) -> (8,15)
Info:                          Sink conv.impl.acc_SB_DFFESR_Q_8_D_SB_LUT4_O_LC.CIN
Info:                          Defined in:
Info:                               /Users/adarmaori/Desktop/Final Project/FPGA/conv1d_large_4mult.v:89.35-89.50
Info:                               /opt/homebrew/bin/../share/yosys/ice40/arith_map.v:62.5-70.4
Info:                               /opt/homebrew/bin/../share/yosys/ice40/abc9_model.v:4.9-4.11
Info:      logic  0.13  24.05 Source conv.impl.acc_SB_DFFESR_Q_8_D_SB_LUT4_O_LC.COUT
Info:    routing  0.20  24.25 Net conv.impl.acc_SB_DFFESR_Q_7_D_SB_LUT4_O_I3 (8,15) -> (8,16)
Info:                          Sink conv.impl.acc_SB_DFFESR_Q_7_D_SB_LUT4_O_LC.CIN
Info:                          Defined in:
Info:                               /Users/adarmaori/Desktop/Final Project/FPGA/conv1d_large_4mult.v:89.35-89.50
Info:                               /opt/homebrew/bin/../share/yosys/ice40/arith_map.v:62.5-70.4
Info:                               /opt/homebrew/bin/../share/yosys/ice40/abc9_model.v:4.9-4.11
Info:      logic  0.13  24.38 Source conv.impl.acc_SB_DFFESR_Q_7_D_SB_LUT4_O_LC.COUT
Info:    routing  0.00  24.38 Net conv.impl.acc_SB_DFFESR_Q_6_D_SB_LUT4_O_I3 (8,16) -> (8,16)
Info:                          Sink conv.impl.acc_SB_DFFESR_Q_6_D_SB_LUT4_O_LC.CIN
Info:                          Defined in:
Info:                               /Users/adarmaori/Desktop/Final Project/FPGA/conv1d_large_4mult.v:89.35-89.50
Info:                               /opt/homebrew/bin/../share/yosys/ice40/arith_map.v:62.5-70.4
Info:                               /opt/homebrew/bin/../share/yosys/ice40/abc9_model.v:4.9-4.11
Info:      logic  0.13  24.50 Source conv.impl.acc_SB_DFFESR_Q_6_D_SB_LUT4_O_LC.COUT
Info:    routing  0.00  24.50 Net conv.impl.acc_SB_DFFESR_Q_5_D_SB_LUT4_O_I3 (8,16) -> (8,16)
Info:                          Sink conv.impl.acc_SB_DFFESR_Q_5_D_SB_LUT4_O_LC.CIN
Info:                          Defined in:
Info:                               /Users/adarmaori/Desktop/Final Project/FPGA/conv1d_large_4mult.v:89.35-89.50
Info:                               /opt/homebrew/bin/../share/yosys/ice40/arith_map.v:62.5-70.4
Info:                               /opt/homebrew/bin/../share/yosys/ice40/abc9_model.v:4.9-4.11
Info:      logic  0.13  24.63 Source conv.impl.acc_SB_DFFESR_Q_5_D_SB_LUT4_O_LC.COUT
Info:    routing  0.00  24.63 Net conv.impl.acc_SB_DFFESR_Q_4_D_SB_LUT4_O_I3 (8,16) -> (8,16)
Info:                          Sink conv.impl.acc_SB_DFFESR_Q_4_D_SB_LUT4_O_LC.CIN
Info:                          Defined in:
Info:                               /Users/adarmaori/Desktop/Final Project/FPGA/conv1d_large_4mult.v:89.35-89.50
Info:                               /opt/homebrew/bin/../share/yosys/ice40/arith_map.v:62.5-70.4
Info:                               /opt/homebrew/bin/../share/yosys/ice40/abc9_model.v:4.9-4.11
Info:      logic  0.13  24.75 Source conv.impl.acc_SB_DFFESR_Q_4_D_SB_LUT4_O_LC.COUT
Info:    routing  0.00  24.75 Net conv.impl.acc_SB_DFFESR_Q_3_D_SB_LUT4_O_I3 (8,16) -> (8,16)
Info:                          Sink conv.impl.acc_SB_DFFESR_Q_3_D_SB_LUT4_O_LC.CIN
Info:                          Defined in:
Info:                               /Users/adarmaori/Desktop/Final Project/FPGA/conv1d_large_4mult.v:89.35-89.50
Info:                               /opt/homebrew/bin/../share/yosys/ice40/arith_map.v:62.5-70.4
Info:                               /opt/homebrew/bin/../share/yosys/ice40/abc9_model.v:4.9-4.11
Info:      logic  0.13  24.88 Source conv.impl.acc_SB_DFFESR_Q_3_D_SB_LUT4_O_LC.COUT
Info:    routing  0.00  24.88 Net conv.impl.acc_SB_DFFESR_Q_2_D_SB_LUT4_O_I3 (8,16) -> (8,16)
Info:                          Sink conv.impl.acc_SB_DFFESR_Q_2_D_SB_LUT4_O_LC.CIN
Info:                          Defined in:
Info:                               /Users/adarmaori/Desktop/Final Project/FPGA/conv1d_large_4mult.v:89.35-89.50
Info:                               /opt/homebrew/bin/../share/yosys/ice40/arith_map.v:62.5-70.4
Info:                               /opt/homebrew/bin/../share/yosys/ice40/abc9_model.v:4.9-4.11
Info:      logic  0.13  25.00 Source conv.impl.acc_SB_DFFESR_Q_2_D_SB_LUT4_O_LC.COUT
Info:    routing  0.00  25.00 Net conv.impl.acc_SB_DFFESR_Q_1_D_SB_LUT4_O_I3 (8,16) -> (8,16)
Info:                          Sink conv.impl.acc_SB_DFFESR_Q_1_D_SB_LUT4_O_LC.CIN
Info:                          Defined in:
Info:                               /Users/adarmaori/Desktop/Final Project/FPGA/conv1d_large_4mult.v:89.35-89.50
Info:                               /opt/homebrew/bin/../share/yosys/ice40/arith_map.v:62.5-70.4
Info:                               /opt/homebrew/bin/../share/yosys/ice40/abc9_model.v:4.9-4.11
Info:      logic  0.13  25.13 Source conv.impl.acc_SB_DFFESR_Q_1_D_SB_LUT4_O_LC.COUT
Info:    routing  0.26  25.39 Net conv.impl.acc_SB_DFFESR_Q_D_SB_LUT4_O_I3 (8,16) -> (8,16)
Info:                          Sink conv.impl.acc_SB_DFFESR_Q_D_SB_LUT4_O_LC.I3
Info:                          Defined in:
Info:                               /Users/adarmaori/Desktop/Final Project/FPGA/conv1d_large_4mult.v:89.35-89.50
Info:                               /opt/homebrew/bin/../share/yosys/ice40/arith_map.v:62.5-70.4
Info:                               /opt/homebrew/bin/../share/yosys/ice40/abc9_model.v:4.9-4.11
Info:      logic  0.31  25.70 Source conv.impl.acc_SB_DFFESR_Q_D_SB_LUT4_O_LC.O
Info:    routing  1.22  26.92 Net conv.impl.acc_SB_DFFESR_Q_D (8,16) -> (11,16)
Info:                          Sink conv.impl.sample_out_SB_DFFESR_Q_DFFLC.I0
Info:      setup  0.47  27.39 Source conv.impl.sample_out_SB_DFFESR_Q_DFFLC.I0
Info: 12.14 ns logic, 15.25 ns routing

Info: Critical path report for cross-domain path '<async>' -> 'posedge clk$SB_IO_IN_$glb_clk':
Info:       type curr  total name
Info:     source  0.00  0.00 Source rst$sb_io.D_IN_0
Info:    routing  1.28  1.28 Net rst$SB_IO_IN (11,0) -> (7,1)
Info:                          Sink sample_valid_SB_LUT4_I1_LC.I2
Info:                          Defined in:
Info:                               conv1d_large_benchmark_top.v:12.16-12.19
Info:      logic  0.38  1.66 Source sample_valid_SB_LUT4_I1_LC.O
Info:    routing  3.10  4.76 Net sample_valid_SB_LUT4_I1_O[1] (7,1) -> (1,14)
Info:                          Sink conv.impl.tap[33]_SB_DFFESR_Q_5_DFFLC.CEN
Info:                          Defined in:
Info:                               /opt/homebrew/bin/../share/yosys/ice40/cells_map.v:6.21-6.22
Info:      setup  0.10  4.86 Source conv.impl.tap[33]_SB_DFFESR_Q_5_DFFLC.CEN
Info: 0.48 ns logic, 4.38 ns routing

Info: Critical path report for cross-domain path 'posedge clk$SB_IO_IN_$glb_clk' -> '<async>':
Info:       type curr  total name
Info:   clk-to-q  0.54  0.54 Source conv.impl.busy_SB_DFFSR_Q_DFFLC.O
Info:    routing  1.64  2.18 Net sample_valid_SB_LUT4_I1_O[0] (7,1) -> (1,4)
Info:                          Sink sample_ready_SB_LUT4_O_LC.I3
Info:                          Defined in:
Info:                               /opt/homebrew/bin/../share/yosys/ice40/cells_map.v:6.21-6.22
Info:      logic  0.31  2.50 Source sample_ready_SB_LUT4_O_LC.O
Info:    routing  0.59  3.09 Net sample_ready$SB_IO_OUT (1,4) -> (0,4)
Info:                          Sink sample_ready$sb_io.D_OUT_0
Info:                          Defined in:
Info:                               conv1d_large_benchmark_top.v:14.17-14.29
Info: 0.86 ns logic, 2.23 ns routing

Info: Max frequency for clock 'clk$SB_IO_IN_$glb_clk': 36.51 MHz (PASS at 25.00 MHz)

Info: Max delay <async>                       -> posedge clk$SB_IO_IN_$glb_clk: 4.86 ns
Info: Max delay posedge clk$SB_IO_IN_$glb_clk -> <async>                      : 3.09 ns

Info: Slack histogram:
Info:  legend: * represents 8 endpoint(s)
Info:          + represents [1,8) endpoint(s)
Info: [ 12609,  13903) |*+
Info: [ 13903,  15197) |*+
Info: [ 15197,  16491) |**+
Info: [ 16491,  17785) |+
Info: [ 17785,  19079) |+
Info: [ 19079,  20373) |+
Info: [ 20373,  21667) | 
Info: [ 21667,  22961) |+
Info: [ 22961,  24255) |+
Info: [ 24255,  25549) |+
Info: [ 25549,  26843) |+
Info: [ 26843,  28137) |+
Info: [ 28137,  29431) |*******+
Info: [ 29431,  30725) |+
Info: [ 30725,  32019) |+
Info: [ 32019,  33313) | 
Info: [ 33313,  34607) | 
Info: [ 34607,  35901) |*****************+
Info: [ 35901,  37195) |********************************************+
Info: [ 37195,  38489) |************************************************************ 
1 warning, 0 errors

Info: Program finished normally.
