Warning: No PCF file specified; IO pins will be placed automatically

Info: Packing constants..
Info: Packing IOs..
Info: Packing LUT-FFs..
Info:      367 LCs used as LUT4 only
Info:        3 LCs used as LUT4 and DFF
Info: Packing non-LUT FFs..
Info:      269 LCs used as DFF only
Info: Packing carries..
Info:       16 LCs used as CARRY only
Info: Packing indirect carry+LUT pairs...
Info:        4 LUTs merged into carry LCs
Info: Packing RAMs..
Info: Placing PLLs..
Info: Packing special functions..
Info: Packing PLLs..
Info: Promoting globals..
Info: promoting clk$SB_IO_IN (fanout 272)
Info: promoting rst$SB_IO_IN [reset] (fanout 225)
Info: promoting sample_valid_SB_LUT4_I1_O [reset] (fanout 46)
Info: promoting conv.impl.busy_SB_DFFSR_Q_D_SB_LUT4_I3_O [cen] (fanout 32)
Info: promoting conv.impl.busy_SB_LUT4_I2_O [cen] (fanout 32)
Info: Constraining chains...
Info:        4 LCs used to legalise carry chains.
Info: Checksum: 0x3d2f4592

Info: Device utilisation:
Info: 	         ICESTORM_LC:     657/   1280    51%
Info: 	        ICESTORM_RAM:       0/     16     0%
Info: 	               SB_IO:      43/    112    38%
Info: 	               SB_GB:       5/      8    62%
Info: 	        ICESTORM_PLL:       0/      1     0%
Info: 	         SB_WARMBOOT:       0/      1     0%

Info: Placed 0 cells based on constraints.
Info: Creating initial analytic placement for 587 cells, random placement wirelen = 8202.
Info:     at initial placer iter 0, wirelen = 631
Info:     at initial placer iter 1, wirelen = 573
Info:     at initial placer iter 2, wirelen = 571
Info:     at initial placer iter 3, wirelen = 572
Info: Running main analytical placer, max placement attempts per cell = 62128.
Info:     at iteration #1, type ALL: wirelen solved = 570, spread = 2384, legal = 2458; time = 0.01s
Info:     at iteration #2, type ALL: wirelen solved = 507, spread = 2381, legal = 2469; time = 0.01s
Info:     at iteration #3, type ALL: wirelen solved = 579, spread = 2404, legal = 2489; time = 0.01s
Info:     at iteration #4, type ALL: wirelen solved = 604, spread = 2245, legal = 2291; time = 0.01s
Info:     at iteration #5, type ALL: wirelen solved = 635, spread = 2352, legal = 2488; time = 0.02s
Info:     at iteration #6, type ALL: wirelen solved = 727, spread = 2410, legal = 2481; time = 0.06s
Info:     at iteration #7, type ALL: wirelen solved = 754, spread = 2293, legal = 2374; time = 0.02s
Info:     at iteration #8, type ALL: wirelen solved = 795, spread = 2208, legal = 2279; time = 0.02s
Info:     at iteration #9, type ALL: wirelen solved = 831, spread = 2148, legal = 2260; time = 0.01s
Info:     at iteration #10, type ALL: wirelen solved = 844, spread = 2160, legal = 2283; time = 0.01s
Info:     at iteration #11, type ALL: wirelen solved = 952, spread = 2023, legal = 2168; time = 0.01s
Info:     at iteration #12, type ALL: wirelen solved = 947, spread = 2038, legal = 2114; time = 0.01s
Info:     at iteration #13, type ALL: wirelen solved = 1004, spread = 1989, legal = 2114; time = 0.01s
Info:     at iteration #14, type ALL: wirelen solved = 1010, spread = 1903, legal = 2108; time = 0.01s
Info:     at iteration #15, type ALL: wirelen solved = 1007, spread = 1860, legal = 2075; time = 0.01s
Info:     at iteration #16, type ALL: wirelen solved = 1034, spread = 1768, legal = 1915; time = 0.01s
Info:     at iteration #17, type ALL: wirelen solved = 1082, spread = 1776, legal = 1871; time = 0.01s
Info:     at iteration #18, type ALL: wirelen solved = 1081, spread = 1785, legal = 1890; time = 0.01s
Info:     at iteration #19, type ALL: wirelen solved = 1058, spread = 1790, legal = 1882; time = 0.01s
Info:     at iteration #20, type ALL: wirelen solved = 1115, spread = 1801, legal = 1890; time = 0.01s
Info:     at iteration #21, type ALL: wirelen solved = 1119, spread = 1786, legal = 1887; time = 0.01s
Info:     at iteration #22, type ALL: wirelen solved = 1174, spread = 1794, legal = 1912; time = 0.01s
Info: HeAP Placer Time: 0.31s
Info:   of which solving equations: 0.20s
Info:   of which spreading cells: 0.03s
Info:   of which strict legalisation: 0.02s

Info: Running simulated annealing placer for refinement.
Info:   at iteration #1: temp = 0.000000, timing cost = 429, wirelen = 1871
Info:   at iteration #5: temp = 0.000000, timing cost = 348, wirelen = 1527
Info:   at iteration #10: temp = 0.000000, timing cost = 352, wirelen = 1445
Info:   at iteration #15: temp = 0.000000, timing cost = 354, wirelen = 1395
Info:   at iteration #20: temp = 0.000000, timing cost = 338, wirelen = 1364
Info:   at iteration #21: temp = 0.000000, timing cost = 336, wirelen = 1359 
Info: SA placement time 0.27s

Info: Max frequency for clock 'clk$SB_IO_IN_$glb_clk': 35.94 MHz (PASS at 25.00 MHz)

Info: Max delay <async>                       -> posedge clk$SB_IO_IN_$glb_clk: 6.69 ns
Info: Max delay posedge clk$SB_IO_IN_$glb_clk -> <async>                      : 3.48 ns

Info: Slack histogram:
Info:  legend: * represents 4 endpoint(s)
Info:          + represents [1,4) endpoint(s)
Info: [ 12178,  13497) |******+
Info: [ 13497,  14816) |****+
Info: [ 14816,  16135) |**+
Info: [ 16135,  17454) |+
Info: [ 17454,  18773) |+
Info: [ 18773,  20092) |+
Info: [ 20092,  21411) | 
Info: [ 21411,  22730) | 
Info: [ 22730,  24049) | 
Info: [ 24049,  25368) |**+
Info: [ 25368,  26687) |*************+
Info: [ 26687,  28006) | 
Info: [ 28006,  29325) |+
Info: [ 29325,  30644) |+
Info: [ 30644,  31963) | 
Info: [ 31963,  33282) |***+
Info: [ 33282,  34601) |******+
Info: [ 34601,  35920) |+
Info: [ 35920,  37239) |************************************+
Info: [ 37239,  38558) |************************************************************ 
Info: Checksum: 0xf0c09cec

Info: Routing..
Info: Setting up routing queue.
Info: Routing 1746 arcs.
Info:            |   (re-)routed arcs  |   delta    | remaining|       time spent     |
Info:    IterCnt |  w/ripup   wo/ripup |  w/r  wo/r |      arcs| batch(sec) total(sec)|
Info:       1000 |       92        846 |   92   846 |       889|       0.08       0.08|
Info:       2000 |      354       1581 |  262   735 |       238|       0.10       0.18|
Info:       2243 |      360       1818 |    6   237 |         0|       0.02       0.20|
Info: Routing complete.
Info: Router1 time 0.20s
Info: Checksum: 0xfcbdef92

Info: Critical path report for clock 'clk$SB_IO_IN_$glb_clk' (posedge -> posedge):
Info:       type curr  total name
Info:   clk-to-q  0.54  0.54 Source conv.impl.tap_index_SB_DFFESR_Q_13_D_SB_LUT4_O_LC.O
Info:    routing  1.13  1.67 Net conv.impl.acc_SB_DFFESR_Q_24_D_SB_LUT4_O_I1_SB_LUT4_O_I3_SB_CARRY_CI_CO_SB_LUT4_I3_I1_SB_LUT4_O_I0[1] (7,5) -> (2,5)
Info:                          Sink $nextpnr_ICESTORM_LC_2.I1
Info:                          Defined in:
Info:                               /opt/homebrew/bin/../share/yosys/ice40/cells_map.v:6.21-6.22
Info:      logic  0.26  1.93 Source $nextpnr_ICESTORM_LC_2.COUT
Info:    routing  0.00  1.93 Net $nextpnr_ICESTORM_LC_2$O (2,5) -> (2,5)
Info:                          Sink conv.impl.tap_index_SB_DFFESR_Q_11_D_SB_LUT4_O_I2_SB_LUT4_O_I3_SB_CARRY_CO$CARRY.CIN
Info:      logic  0.13  2.05 Source conv.impl.tap_index_SB_DFFESR_Q_11_D_SB_LUT4_O_I2_SB_LUT4_O_I3_SB_CARRY_CO$CARRY.COUT
Info:    routing  0.00  2.05 Net conv.impl.tap_index_SB_DFFESR_Q_11_D_SB_LUT4_O_I2_SB_LUT4_O_I3 (2,5) -> (2,5)
Info:                          Sink conv.impl.tap_index_SB_DFFESR_Q_11_D_SB_LUT4_O_I2_SB_LUT4_O_LC.CIN
Info:                          Defined in:
Info:                               /Users/adarmaori/Desktop/Final Project/FPGA/conv1d_large_4mult.v:88.22-88.35
Info:                               /opt/homebrew/bin/../share/yosys/ice40/arith_map.v:62.5-70.4
Info:                               /opt/homebrew/bin/../share/yosys/ice40/abc9_model.v:4.9-4.11
Info:      logic  0.13  2.18 Source conv.impl.tap_index_SB_DFFESR_Q_11_D_SB_LUT4_O_I2_SB_LUT4_O_LC.COUT
Info:    routing  0.00  2.18 Net conv.impl.tap_index_SB_DFFESR_Q_11_D_SB_LUT4_O_I2_SB_LUT4_O_I3_SB_CARRY_CI_CO (2,5) -> (2,5)
Info:                          Sink conv.impl.tap_index_SB_DFFESR_Q_11_D_SB_LUT4_O_I2_SB_LUT4_O_I3_SB_CARRY_CI_CO_SB_LUT4_I3_LC.CIN
Info:                          Defined in:
Info:                               /Users/adarmaori/Desktop/Final Project/FPGA/conv1d_large_4mult.v:88.22-88.35
Info:                               /opt/homebrew/bin/../share/yosys/ice40/arith_map.v:62.5-70.4
Info:                               /opt/homebrew/bin/../share/yosys/ice40/abc9_model.v:4.9-4.11
Info:      logic  0.13  2.31 Source conv.impl.tap_index_SB_DFFESR_Q_11_D_SB_LUT4_O_I2_SB_LUT4_O_I3_SB_CARRY_CI_CO_SB_LUT4_I3_LC.COUT
Info:    routing  0.00  2.31 Net conv.impl.tap_index_SB_DFFESR_Q_11_D_SB_LUT4_O_I2_SB_LUT4_O_I3_SB_CARRY_CI_CO_SB_CARRY_CI_CO (2,5) -> (2,5)
Info:                          Sink conv.impl.tap_index_SB_DFFESR_Q_11_D_SB_LUT4_O_I2_SB_LUT4_O_I3_SB_CARRY_CI_CO_SB_CARRY_CI_CO_SB_LUT4_I3_LC.CIN
Info:                          Defined in:
Info:                               /Users/adarmaori/Desktop/Final Project/FPGA/conv1d_large_4mult.v:88.22-88.35
Info:                               /opt/homebrew/bin/../share/yosys/ice40/arith_map.v:62.5-70.4
Info:                               /opt/homebrew/bin/../share/yosys/ice40/abc9_model.v:4.9-4.11
Info:      logic  0.13  2.43 Source conv.impl.tap_index_SB_DFFESR_Q_11_D_SB_LUT4_O_I2_SB_LUT4_O_I3_SB_CARRY_CI_CO_SB_CARRY_CI_CO_SB_LUT4_I3_LC.COUT
Info:    routing  0.00  2.43 Net conv.impl.tap_index_SB_DFFESR_Q_11_D_SB_LUT4_O_I2_SB_LUT4_O_I3_SB_CARRY_CI_CO_SB_CARRY_CI_CO_SB_CARRY_CI_CO (2,5) -> (2,5)
Info:                          Sink conv.impl.tap_index_SB_DFFESR_Q_11_D_SB_LUT4_O_I2_SB_LUT4_O_I3_SB_CARRY_CI_CO_SB_CARRY_CI_CO_SB_CARRY_CI_CO_SB_LUT4_I3_LC.CIN
Info:                          Defined in:
Info:                               /Users/adarmaori/Desktop/Final Project/FPGA/conv1d_large_4mult.v:88.22-88.35
Info:                               /opt/homebrew/bin/../share/yosys/ice40/arith_map.v:62.5-70.4
Info:                               /opt/homebrew/bin/../share/yosys/ice40/abc9_model.v:4.9-4.11
Info:      logic  0.13  2.56 Source conv.impl.tap_index_SB_DFFESR_Q_11_D_SB_LUT4_O_I2_SB_LUT4_O_I3_SB_CARRY_CI_CO_SB_CARRY_CI_CO_SB_CARRY_CI_CO_SB_LUT4_I3_LC.COUT
Info:    routing  0.00  2.56 Net conv.impl.tap_index_SB_DFFESR_Q_11_D_SB_LUT4_O_I2_SB_LUT4_O_I3_SB_CARRY_CI_CO_SB_CARRY_CI_CO_SB_CARRY_CI_CO_SB_CARRY_CI_CO (2,5) -> (2,5)
Info:                          Sink conv.impl.tap_index_SB_DFFESR_Q_11_D_SB_LUT4_O_I2_SB_LUT4_O_I3_SB_CARRY_CI_CO_SB_CARRY_CI_CO_SB_CARRY_CI_CO_SB_CARRY_CI_CO_SB_LUT4_I3_LC.CIN
Info:                          Defined in:
Info:                               /Users/adarmaori/Desktop/Final Project/FPGA/conv1d_large_4mult.v:88.22-88.35
Info:                               /opt/homebrew/bin/../share/yosys/ice40/arith_map.v:62.5-70.4
Info:                               /opt/homebrew/bin/../share/yosys/ice40/abc9_model.v:4.9-4.11
Info:      logic  0.13  2.68 Source conv.impl.tap_index_SB_DFFESR_Q_11_D_SB_LUT4_O_I2_SB_LUT4_O_I3_SB_CARRY_CI_CO_SB_CARRY_CI_CO_SB_CARRY_CI_CO_SB_CARRY_CI_CO_SB_LUT4_I3_LC.COUT
Info:    routing  0.00  2.68 Net conv.impl.tap_index_SB_DFFESR_Q_11_D_SB_LUT4_O_I2_SB_LUT4_O_I3_SB_CARRY_CI_CO_SB_CARRY_CI_CO_SB_CARRY_CI_CO_SB_CARRY_CI_CO_SB_CARRY_CI_CO (2,5) -> (2,5)
Info:                          Sink conv.impl.tap_index_SB_DFFESR_Q_11_D_SB_LUT4_O_I2_SB_LUT4_O_I3_SB_CARRY_CI_CO_SB_CARRY_CI_CO_SB_CARRY_CI_CO_SB_CARRY_CI_CO_SB_CARRY_CI_CO_SB_LUT4_I3_LC.CIN
Info:                          Defined in:
Info:                               /Users/adarmaori/Desktop/Final Project/FPGA/conv1d_large_4mult.v:88.22-88.35
Info:                               /opt/homebrew/bin/../share/yosys/ice40/arith_map.v:62.5-70.4
Info:                               /opt/homebrew/bin/../share/yosys/ice40/abc9_model.v:4.9-4.11
Info:      logic  0.13  2.81 Source conv.impl.tap_index_SB_DFFESR_Q_11_D_SB_LUT4_O_I2_SB_LUT4_O_I3_SB_CARRY_CI_CO_SB_CARRY_CI_CO_SB_CARRY_CI_CO_SB_CARRY_CI_CO_SB_CARRY_CI_CO_SB_LUT4_I3_LC.COUT
Info:    routing  0.20  3.01 Net conv.impl.tap_index_SB_DFFESR_Q_11_D_SB_LUT4_O_I2_SB_LUT4_O_I3_SB_CARRY_CI_CO_SB_CARRY_CI_CO_SB_CARRY_CI_CO_SB_CARRY_CI_CO_SB_CARRY_CI_CO_SB_CARRY_CI_CO (2,5) -> (2,6)
Info:                          Sink conv.impl.tap_index_SB_DFFESR_Q_11_D_SB_LUT4_O_I2_SB_LUT4_O_I3_SB_CARRY_CI_CO_SB_CARRY_CI_CO_SB_CARRY_CI_CO_SB_CARRY_CI_CO_SB_CARRY_CI_CO_SB_CARRY_CI_CO_SB_LUT4_I3_LC.CIN
Info:                          Defined in:
Info:                               /Users/adarmaori/Desktop/Final Project/FPGA/conv1d_large_4mult.v:88.22-88.35
Info:                               /opt/homebrew/bin/../share/yosys/ice40/arith_map.v:62.5-70.4
Info:                               /opt/homebrew/bin/../share/yosys/ice40/abc9_model.v:4.9-4.11
Info:      logic  0.13  3.13 Source conv.impl.tap_index_SB_DFFESR_Q_11_D_SB_LUT4_O_I2_SB_LUT4_O_I3_SB_CARRY_CI_CO_SB_CARRY_CI_CO_SB_CARRY_CI_CO_SB_CARRY_CI_CO_SB_CARRY_CI_CO_SB_CARRY_CI_CO_SB_LUT4_I3_LC.COUT
Info:    routing  0.00  3.13 Net conv.impl.tap_index_SB_DFFESR_Q_11_D_SB_LUT4_O_I2_SB_LUT4_O_I3_SB_CARRY_CI_CO_SB_CARRY_CI_CO_SB_CARRY_CI_CO_SB_CARRY_CI_CO_SB_CARRY_CI_CO_SB_CARRY_CI_CO_SB_CARRY_CI_CO (2,6) -> (2,6)
Info:                          Sink conv.impl.tap_index_SB_DFFESR_Q_11_D_SB_LUT4_O_I2_SB_LUT4_O_I3_SB_CARRY_CI_CO_SB_CARRY_CI_CO_SB_CARRY_CI_CO_SB_CARRY_CI_CO_SB_CARRY_CI_CO_SB_CARRY_CI_CO_SB_CARRY_CI_CO_SB_LUT4_I3_LC.CIN
Info:                          Defined in:
Info:                               /Users/adarmaori/Desktop/Final Project/FPGA/conv1d_large_4mult.v:88.22-88.35
Info:                               /opt/homebrew/bin/../share/yosys/ice40/arith_map.v:62.5-70.4
Info:                               /opt/homebrew/bin/../share/yosys/ice40/abc9_model.v:4.9-4.11
Info:      logic  0.13  3.26 Source conv.impl.tap_index_SB_DFFESR_Q_11_D_SB_LUT4_O_I2_SB_LUT4_O_I3_SB_CARRY_CI_CO_SB_CARRY_CI_CO_SB_CARRY_CI_CO_SB_CARRY_CI_CO_SB_CARRY_CI_CO_SB_CARRY_CI_CO_SB_CARRY_CI_CO_SB_LUT4_I3_LC.COUT
Info:    routing  0.00  3.26 Net conv.impl.tap_index_SB_DFFESR_Q_11_D_SB_LUT4_O_I2_SB_LUT4_O_I3_SB_CARRY_CI_CO_SB_CARRY_CI_CO_SB_CARRY_CI_CO_SB_CARRY_CI_CO_SB_CARRY_CI_CO_SB_CARRY_CI_CO_SB_CARRY_CI_CO_SB_CARRY_CI_CO (2,6) -> (2,6)
Info:                          Sink conv.impl.tap_index_SB_DFFESR_Q_11_D_SB_LUT4_O_I2_SB_LUT4_O_I3_SB_CARRY_CI_CO_SB_CARRY_CI_CO_SB_CARRY_CI_CO_SB_CARRY_CI_CO_SB_CARRY_CI_CO_SB_CARRY_CI_CO_SB_CARRY_CI_CO_SB_CARRY_CI_CO_SB_LUT4_I3_LC.CIN
Info:                          Defined in:
Info:                               /Users/adarmaori/Desktop/Final Project/FPGA/conv1d_large_4mult.v:88.22-88.35
Info:                               /opt/homebrew/bin/../share/yosys/ice40/arith_map.v:62.5-70.4
Info:                               /opt/homebrew/bin/../share/yosys/ice40/abc9_model.v:4.9-4.11
Info:      logic  0.13  3.38 Source conv.impl.tap_index_SB_DFFESR_Q_11_D_SB_LUT4_O_I2_SB_LUT4_O_I3_SB_CARRY_CI_CO_SB_CARRY_CI_CO_SB_CARRY_CI_CO_SB_CARRY_CI_CO_SB_CARRY_CI_CO_SB_CARRY_CI_CO_SB_CARRY_CI_CO_SB_CARRY_CI_CO_SB_LUT4_I3_LC.COUT
Info:    routing  0.00  3.38 Net conv.impl.tap_index_SB_DFFESR_Q_11_D_SB_LUT4_O_I2_SB_LUT4_O_I3_SB_CARRY_CI_CO_SB_CARRY_CI_CO_SB_CARRY_CI_CO_SB_CARRY_CI_CO_SB_CARRY_CI_CO_SB_CARRY_CI_CO_SB_CARRY_CI_CO_SB_CARRY_CI_CO_SB_CARRY_CI_CO (2,6) -> (2,6)
Info:                          Sink conv.impl.tap_index_SB_DFFESR_Q_11_D_SB_LUT4_O_I2_SB_LUT4_O_I3_SB_CARRY_CI_CO_SB_CARRY_CI_CO_SB_CARRY_CI_CO_SB_CARRY_CI_CO_SB_CARRY_CI_CO_SB_CARRY_CI_CO_SB_CARRY_CI_CO_SB_CARRY_CI_CO_SB_CARRY_CI_CO_SB_LUT4_I3_LC.CIN
Info:                          Defined in:
Info:                               /Users/adarmaori/Desktop/Final Project/FPGA/conv1d_large_4mult.v:88.22-88.35
Info:                               /opt/homebrew/bin/../share/yosys/ice40/arith_map.v:62.5-70.4
Info:                               /opt/homebrew/bin/../share/yosys/ice40/abc9_model.v:4.9-4.11
Info:      logic  0.13  3.51 Source conv.impl.tap_index_SB_DFFESR_Q_11_D_SB_LUT4_O_I2_SB_LUT4_O_I3_SB_CARRY_CI_CO_SB_CARRY_CI_CO_SB_CARRY_CI_CO_SB_CARRY_CI_CO_SB_CARRY_CI_CO_SB_CARRY_CI_CO_SB_CARRY_CI_CO_SB_CARRY_CI_CO_SB_CARRY_CI_CO_SB_LUT4_I3_LC.COUT
Info:    routing  0.00  3.51 Net conv.impl.tap_index_SB_DFFESR_Q_11_D_SB_LUT4_O_I2_SB_LUT4_O_I3_SB_CARRY_CI_CO_SB_CARRY_CI_CO_SB_CARRY_CI_CO_SB_CARRY_CI_CO_SB_CARRY_CI_CO_SB_CARRY_CI_CO_SB_CARRY_CI_CO_SB_CARRY_CI_CO_SB_CARRY_CI_CO_SB_CARRY_CI_CO (2,6) -> (2,6)
Info:                          Sink conv.impl.tap_index_SB_DFFESR_Q_11_D_SB_LUT4_O_I2_SB_LUT4_O_I3_SB_CARRY_CI_CO_SB_CARRY_CI_CO_SB_CARRY_CI_CO_SB_CARRY_CI_CO_SB_CARRY_CI_CO_SB_CARRY_CI_CO_SB_CARRY_CI_CO_SB_CARRY_CI_CO_SB_CARRY_CI_CO_SB_CARRY_CI_CO_SB_LUT4_I3_LC.CIN
Info:                          Defined in:
Info:                               /Users/adarmaori/Desktop/Final Project/FPGA/conv1d_large_4mult.v:88.22-88.35
Info:                               /opt/homebrew/bin/../share/yosys/ice40/arith_map.v:62.5-70.4
Info:                               /opt/homebrew/bin/../share/yosys/ice40/abc9_model.v:4.9-4.11
Info:      logic  0.13  3.63 Source conv.impl.tap_index_SB_DFFESR_Q_11_D_SB_LUT4_O_I2_SB_LUT4_O_I3_SB_CARRY_CI_CO_SB_CARRY_CI_CO_SB_CARRY_CI_CO_SB_CARRY_CI_CO_SB_CARRY_CI_CO_SB_CARRY_CI_CO_SB_CARRY_CI_CO_SB_CARRY_CI_CO_SB_CARRY_CI_CO_SB_CARRY_CI_CO_SB_LUT4_I3_LC.COUT
Info:    routing  0.00  3.63 Net conv.impl.tap_index_SB_DFFESR_Q_11_D_SB_LUT4_O_I2_SB_LUT4_O_I3_SB_CARRY_CI_CO_SB_CARRY_CI_CO_SB_CARRY_CI_CO_SB_CARRY_CI_CO_SB_CARRY_CI_CO_SB_CARRY_CI_CO_SB_CARRY_CI_CO_SB_CARRY_CI_CO_SB_CARRY_CI_CO_SB_CARRY_CI_CO_SB_CARRY_CI_CO (2,6) -> (2,6)
Info:                          Sink conv.impl.tap_index_SB_DFFESR_Q_11_D_SB_LUT4_O_I2_SB_LUT4_O_I3_SB_CARRY_CI_CO_SB_CARRY_CI_CO_SB_CARRY_CI_CO_SB_CARRY_CI_CO_SB_CARRY_CI_CO_SB_CARRY_CI_CO_SB_CARRY_CI_CO_SB_CARRY_CI_CO_SB_CARRY_CI_CO_SB_CARRY_CI_CO_SB_CARRY_CI_CO_SB_LUT4_I3_LC.CIN
Info:                          Defined in:
Info:                               /Users/adarmaori/Desktop/Final Project/FPGA/conv1d_large_4mult.v:88.22-88.35
Info:                               /opt/homebrew/bin/../share/yosys/ice40/arith_map.v:62.5-70.4
Info:                               /opt/homebrew/bin/../share/yosys/ice40/abc9_model.v:4.9-4.11
Info:      logic  0.13  3.76 Source conv.impl.tap_index_SB_DFFESR_Q_11_D_SB_LUT4_O_I2_SB_LUT4_O_I3_SB_CARRY_CI_CO_SB_CARRY_CI_CO_SB_CARRY_CI_CO_SB_CARRY_CI_CO_SB_CARRY_CI_CO_SB_CARRY_CI_CO_SB_CARRY_CI_CO_SB_CARRY_CI_CO_SB_CARRY_CI_CO_SB_CARRY_CI_CO_SB_CARRY_CI_CO_SB_LUT4_I3_LC.COUT
Info:    routing  0.26  4.02 Net $nextpnr_ICESTORM_LC_3$I3 (2,6) -> (2,6)
Info:                          Sink $nextpnr_ICESTORM_LC_3.I3
Info:      logic  0.31  4.34 Source $nextpnr_ICESTORM_LC_3.O
Info:    routing  1.27  5.61 Net conv.impl.tap_index_SB_DFFESR_Q_11_D_SB_LUT4_O_I2_SB_LUT4_O_I3_SB_CARRY_CI_CO_SB_CARRY_CI_CO_SB_CARRY_CI_CO_SB_CARRY_CI_CO_SB_CARRY_CI_CO_SB_CARRY_CI_CO_SB_CARRY_CI_CO_SB_CARRY_CI_CO_SB_CARRY_CI_CO_SB_CARRY_CI_CO_SB_CARRY_CI_CO_SB_CARRY_CI_CO (2,6) -> (4,4)
Info:                          Sink conv.impl.tap_index_SB_DFFESR_Q_11_D_SB_LUT4_O_I2_SB_LUT4_I3_O_SB_CARRY_I1_CO_SB_CARRY_CI_CO_SB_CARRY_CI_CO_SB_CARRY_CI_CO_SB_CARRY_CI_CO_SB_CARRY_CI_CO_SB_CARRY_CI_CO_SB_CARRY_CI_CO_SB_CARRY_CI_CO_SB_CARRY_CI_CO_SB_CARRY_CI_CO_SB_CARRY_CI_CO_SB_CARRY_CI$CARRY.I3
Info:                          Defined in:
Info:                               /Users/adarmaori/Desktop/Final Project/FPGA/conv1d_large_4mult.v:88.22-88.35
Info:                               /opt/homebrew/bin/../share/yosys/ice40/arith_map.v:62.5-70.4
Info:                               /opt/homebrew/bin/../share/yosys/ice40/abc9_model.v:4.9-4.11
Info:      logic  0.31  5.92 Source conv.impl.tap_index_SB_DFFESR_Q_11_D_SB_LUT4_O_I2_SB_LUT4_I3_O_SB_CARRY_I1_CO_SB_CARRY_CI_CO_SB_CARRY_CI_CO_SB_CARRY_CI_CO_SB_CARRY_CI_CO_SB_CARRY_CI_CO_SB_CARRY_CI_CO_SB_CARRY_CI_CO_SB_CARRY_CI_CO_SB_CARRY_CI_CO_SB_CARRY_CI_CO_SB_CARRY_CI_CO_SB_CARRY_CI$CARRY.O
Info:    routing  0.59  6.51 Net conv.impl.tap_index_SB_DFFESR_Q_11_D_SB_LUT4_O_I2_SB_LUT4_O_I3_SB_CARRY_CI_CO_SB_CARRY_CI_CO_SB_CARRY_CI_CO_SB_CARRY_CI_CO_SB_CARRY_CI_CO_SB_CARRY_CI_CO_SB_CARRY_CI_CO_SB_CARRY_CI_CO_SB_CARRY_CI_CO_SB_CARRY_CI_CO_SB_CARRY_CI_CO_SB_CARRY_CI_CO_SB_LUT4_I3_O (4,4) -> (4,4)
Info:                          Sink conv.impl.tap_index_SB_DFFESR_Q_11_D_SB_LUT4_O_I2_SB_LUT4_I3_O_SB_CARRY_I1_CO_SB_CARRY_CI_CO_SB_CARRY_CI_CO_SB_CARRY_CI_CO_SB_CARRY_CI_CO_SB_CARRY_CI_CO_SB_CARRY_CI_CO_SB_CARRY_CI_CO_SB_CARRY_CI_CO_SB_CARRY_CI_CO_SB_CARRY_CI_CO_SB_CARRY_CI_CO_SB_CARRY_CI$CARRY.I2
Info:      logic  0.23  6.74 Source conv.impl.tap_index_SB_DFFESR_Q_11_D_SB_LUT4_O_I2_SB_LUT4_I3_O_SB_CARRY_I1_CO_SB_CARRY_CI_CO_SB_CARRY_CI_CO_SB_CARRY_CI_CO_SB_CARRY_CI_CO_SB_CARRY_CI_CO_SB_CARRY_CI_CO_SB_CARRY_CI_CO_SB_CARRY_CI_CO_SB_CARRY_CI_CO_SB_CARRY_CI_CO_SB_CARRY_CI_CO_SB_CARRY_CI$CARRY.COUT
Info:    routing  0.26  7.00 Net $nextpnr_ICESTORM_LC_1$I3 (4,4) -> (4,4)
Info:                          Sink $nextpnr_ICESTORM_LC_1.I3
Info:      logic  0.31  7.32 Source $nextpnr_ICESTORM_LC_1.O
Info:    routing  1.27  8.59 Net conv.impl.acc_SB_DFFESR_Q_24_D_SB_LUT4_O_I1_SB_LUT4_O_I1[0] (4,4) -> (7,5)
Info:                          Sink conv.impl.acc_SB_DFFESR_Q_31_D_SB_LUT4_O_I1_SB_LUT4_O_I2_SB_LUT4_I3_O_SB_LUT4_O_1_I1_SB_LUT4_O_I3_SB_LUT4_I2_O_SB_LUT4_O_1_LC.I3
Info:                          Defined in:
Info:                               /Users/adarmaori/Desktop/Final Project/FPGA/conv1d_large_4mult.v:88.21-88.51
Info:                               /opt/homebrew/bin/../share/yosys/ice40/arith_map.v:62.5-70.4
Info:                               /opt/homebrew/bin/../share/yosys/ice40/abc9_model.v:4.9-4.11
Info:      logic  0.31  8.91 Source conv.impl.acc_SB_DFFESR_Q_31_D_SB_LUT4_O_I1_SB_LUT4_O_I2_SB_LUT4_I3_O_SB_LUT4_O_1_I1_SB_LUT4_O_I3_SB_LUT4_I2_O_SB_LUT4_O_1_LC.O
Info:    routing  0.59  9.49 Net conv.impl.acc_SB_DFFESR_Q_31_D_SB_LUT4_O_I1_SB_LUT4_O_I2_SB_LUT4_I3_O_SB_LUT4_O_1_I1_SB_LUT4_O_I3_SB_LUT4_I2_O[2] (7,5) -> (7,6)
Info:                          Sink conv.impl.acc_SB_DFFESR_Q_31_D_SB_LUT4_O_I1_SB_LUT4_O_I2_SB_LUT4_I3_O_SB_LUT4_O_1_I1_SB_LUT4_O_I3_SB_LUT4_I2_O_SB_LUT4_O_1_I1_SB_LUT4_I2_O_SB_LUT4_I3_1_O_SB_LUT4_O_1_LC.I3
Info:                          Defined in:
Info:                               /opt/homebrew/bin/../share/yosys/ice40/cells_map.v:6.21-6.22
Info:      logic  0.31  9.81 Source conv.impl.acc_SB_DFFESR_Q_31_D_SB_LUT4_O_I1_SB_LUT4_O_I2_SB_LUT4_I3_O_SB_LUT4_O_1_I1_SB_LUT4_O_I3_SB_LUT4_I2_O_SB_LUT4_O_1_I1_SB_LUT4_I2_O_SB_LUT4_I3_1_O_SB_LUT4_O_1_LC.O
Info:    routing  0.59  10.40 Net conv.impl.acc_SB_DFFESR_Q_31_D_SB_LUT4_O_I1_SB_LUT4_O_I2_SB_LUT4_I3_O_SB_LUT4_O_1_I1_SB_LUT4_O_I3_SB_LUT4_I2_O_SB_LUT4_O_1_I1_SB_LUT4_I2_O_SB_LUT4_I3_1_O[3] (7,6) -> (7,6)
Info:                          Sink conv.impl.acc_SB_DFFESR_Q_31_D_SB_LUT4_O_I1_SB_LUT4_O_I2_SB_LUT4_I3_O_SB_LUT4_O_1_I1_SB_LUT4_O_I3_SB_LUT4_I2_O_SB_LUT4_O_1_I1_SB_LUT4_I2_O_SB_LUT4_I3_O_SB_LUT4_I2_O_SB_LUT4_O_1_LC.I3
Info:                          Defined in:
Info:                               /opt/homebrew/bin/../share/yosys/ice40/cells_map.v:6.21-6.22
Info:      logic  0.31  10.71 Source conv.impl.acc_SB_DFFESR_Q_31_D_SB_LUT4_O_I1_SB_LUT4_O_I2_SB_LUT4_I3_O_SB_LUT4_O_1_I1_SB_LUT4_O_I3_SB_LUT4_I2_O_SB_LUT4_O_1_I1_SB_LUT4_I2_O_SB_LUT4_I3_O_SB_LUT4_I2_O_SB_LUT4_O_1_LC.O
Info:    routing  0.59  11.30 Net conv.impl.acc_SB_DFFESR_Q_31_D_SB_LUT4_O_I1_SB_LUT4_O_I2_SB_LUT4_I3_O_SB_LUT4_O_1_I1_SB_LUT4_O_I3_SB_LUT4_I2_O_SB_LUT4_O_1_I1_SB_LUT4_I2_O_SB_LUT4_I3_O_SB_LUT4_I2_O[3] (7,6) -> (7,7)
Info:                          Sink conv.impl.acc_SB_DFFESR_Q_24_D_SB_LUT4_O_I1_SB_LUT4_O_I3_SB_CARRY_CI_CO_SB_LUT4_I3_I1_SB_LUT4_O_I0_SB_LUT4_O_I1_SB_LUT4_O_I1_SB_LUT4_O_1_I3_SB_LUT4_O_I1_SB_LUT4_O_1_I3_SB_LUT4_O_LC.I3
Info:                          Defined in:
Info:                               /opt/homebrew/bin/../share/yosys/ice40/cells_map.v:6.21-6.22
Info:      logic  0.31  11.61 Source conv.impl.acc_SB_DFFESR_Q_24_D_SB_LUT4_O_I1_SB_LUT4_O_I3_SB_CARRY_CI_CO_SB_LUT4_I3_I1_SB_LUT4_O_I0_SB_LUT4_O_I1_SB_LUT4_O_I1_SB_LUT4_O_1_I3_SB_LUT4_O_I1_SB_LUT4_O_1_I3_SB_LUT4_O_LC.O
Info:    routing  0.59  12.20 Net conv.impl.acc_SB_DFFESR_Q_24_D_SB_LUT4_O_I1_SB_LUT4_O_I3_SB_CARRY_CI_CO_SB_LUT4_I3_I1_SB_LUT4_O_I0_SB_LUT4_O_I1_SB_LUT4_O_I1_SB_LUT4_O_1_I3_SB_LUT4_O_I1_SB_LUT4_O_1_I3[3] (7,7) -> (7,6)
Info:                          Sink conv.impl.acc_SB_DFFESR_Q_31_D_SB_LUT4_O_I1_SB_LUT4_O_I2_SB_LUT4_I3_O_SB_LUT4_O_I2_SB_LUT4_O_I2_SB_LUT4_I2_O_SB_LUT4_O_1_I1_SB_LUT4_I1_O_SB_LUT4_O_I1_SB_LUT4_O_LC.I3
Info:                          Defined in:
Info:                               /opt/homebrew/bin/../share/yosys/ice40/cells_map.v:6.21-6.22
Info:      logic  0.31  12.52 Source conv.impl.acc_SB_DFFESR_Q_31_D_SB_LUT4_O_I1_SB_LUT4_O_I2_SB_LUT4_I3_O_SB_LUT4_O_I2_SB_LUT4_O_I2_SB_LUT4_I2_O_SB_LUT4_O_1_I1_SB_LUT4_I1_O_SB_LUT4_O_I1_SB_LUT4_O_LC.O
Info:    routing  0.59  13.11 Net conv.impl.acc_SB_DFFESR_Q_31_D_SB_LUT4_O_I1_SB_LUT4_O_I2_SB_LUT4_I3_O_SB_LUT4_O_I2_SB_LUT4_O_I2_SB_LUT4_I2_O_SB_LUT4_O_1_I1_SB_LUT4_I1_O_SB_LUT4_O_I1[1] (7,6) -> (6,6)
Info:                          Sink conv.impl.acc_SB_DFFESR_Q_31_D_SB_LUT4_O_I1_SB_LUT4_O_I2_SB_LUT4_I3_O_SB_LUT4_O_I2_SB_LUT4_O_I2_SB_LUT4_I2_O_SB_LUT4_O_1_I1_SB_LUT4_I1_O_SB_LUT4_O_LC.I1
Info:                          Defined in:
Info:                               /opt/homebrew/bin/../share/yosys/ice40/arith_map.v:62.5-70.4
Info:                               /opt/homebrew/bin/../share/yosys/ice40/cells_map.v:6.21-6.22
Info:      logic  0.40  13.51 Source conv.impl.acc_SB_DFFESR_Q_31_D_SB_LUT4_O_I1_SB_LUT4_O_I2_SB_LUT4_I3_O_SB_LUT4_O_I2_SB_LUT4_O_I2_SB_LUT4_I2_O_SB_LUT4_O_1_I1_SB_LUT4_I1_O_SB_LUT4_O_LC.O
Info:    routing  0.59  14.09 Net conv.impl.acc_SB_DFFESR_Q_31_D_SB_LUT4_O_I1_SB_LUT4_O_I2_SB_LUT4_I3_O_SB_LUT4_O_I2_SB_LUT4_O_I2_SB_LUT4_I2_O_SB_LUT4_O_1_I1_SB_LUT4_I1_O[3] (6,6) -> (6,5)
Info:                          Sink conv.impl.acc_SB_DFFESR_Q_31_D_SB_LUT4_O_I1_SB_LUT4_O_I2_SB_LUT4_I3_O_SB_LUT4_O_I2_SB_LUT4_O_I2_SB_LUT4_I2_I3_SB_LUT4_I0_O_SB_LUT4_O_LC.I3
Info:                          Defined in:
Info:                               /opt/homebrew/bin/../share/yosys/ice40/cells_map.v:6.21-6.22
Info:      logic  0.31  14.41 Source conv.impl.acc_SB_DFFESR_Q_31_D_SB_LUT4_O_I1_SB_LUT4_O_I2_SB_LUT4_I3_O_SB_LUT4_O_I2_SB_LUT4_O_I2_SB_LUT4_I2_I3_SB_LUT4_I0_O_SB_LUT4_O_LC.O
Info:    routing  0.59  15.00 Net conv.impl.acc_SB_DFFESR_Q_31_D_SB_LUT4_O_I1_SB_LUT4_O_I2_SB_LUT4_I3_O_SB_LUT4_O_I2_SB_LUT4_O_I2_SB_LUT4_I2_I3_SB_LUT4_I0_O[2] (6,5) -> (6,5)
Info:                          Sink conv.impl.acc_SB_DFFESR_Q_31_D_SB_LUT4_O_I1_SB_LUT4_O_I2_SB_LUT4_I3_O_SB_LUT4_O_I2_SB_LUT4_O_I2_SB_LUT4_I2_O_SB_LUT4_O_1_I1_SB_LUT4_I2_LC.I0
Info:                          Defined in:
Info:                               /opt/homebrew/bin/../share/yosys/ice40/cells_map.v:6.21-6.22
Info:      logic  0.45  15.44 Source conv.impl.acc_SB_DFFESR_Q_31_D_SB_LUT4_O_I1_SB_LUT4_O_I2_SB_LUT4_I3_O_SB_LUT4_O_I2_SB_LUT4_O_I2_SB_LUT4_I2_O_SB_LUT4_O_1_I1_SB_LUT4_I2_LC.O
Info:    routing  0.59  16.03 Net conv.impl.acc_SB_DFFESR_Q_24_D_SB_LUT4_O_I1_SB_LUT4_O_I3_SB_CARRY_CI_CO_SB_LUT4_I3_I1_SB_LUT4_O_I0_SB_LUT4_O_I1_SB_LUT4_O_1_I3[2] (6,5) -> (5,5)
Info:                          Sink conv.impl.acc_SB_DFFESR_Q_24_D_SB_LUT4_O_I1_SB_LUT4_O_I3_SB_CARRY_CI_CO_SB_LUT4_I3_I1_SB_LUT4_O_I0_SB_LUT4_O_1_I1_SB_LUT4_O_LC.I2
Info:                          Defined in:
Info:                               /opt/homebrew/bin/../share/yosys/ice40/cells_map.v:6.21-6.22
Info:      logic  0.38  16.41 Source conv.impl.acc_SB_DFFESR_Q_24_D_SB_LUT4_O_I1_SB_LUT4_O_I3_SB_CARRY_CI_CO_SB_LUT4_I3_I1_SB_LUT4_O_I0_SB_LUT4_O_1_I1_SB_LUT4_O_LC.O
Info:    routing  0.59  17.00 Net conv.impl.acc_SB_DFFESR_Q_24_D_SB_LUT4_O_I1_SB_LUT4_O_I3_SB_CARRY_CI_CO_SB_LUT4_I3_I1_SB_LUT4_O_I0_SB_LUT4_O_1_I1[1] (5,5) -> (5,6)
Info:                          Sink conv.impl.acc_SB_DFFESR_Q_24_D_SB_LUT4_O_I1_SB_LUT4_O_I3_SB_CARRY_CI_CO_SB_LUT4_I3_I1_SB_LUT4_O_I0_SB_LUT4_O_1_LC.I1
Info:                          Defined in:
Info:                               /opt/homebrew/bin/../share/yosys/ice40/arith_map.v:62.5-70.4
Info:                               /opt/homebrew/bin/../share/yosys/ice40/cells_map.v:6.21-6.22
Info:      logic  0.40  17.40 Source conv.impl.acc_SB_DFFESR_Q_24_D_SB_LUT4_O_I1_SB_LUT4_O_I3_SB_CARRY_CI_CO_SB_LUT4_I3_I1_SB_LUT4_O_I0_SB_LUT4_O_1_LC.O
Info:    routing  0.96  18.36 Net conv.impl.acc_SB_DFFESR_Q_24_D_SB_LUT4_O_I1_SB_LUT4_O_I3_SB_CARRY_CI_CO_SB_LUT4_I3_I1_SB_LUT4_O_I0[0] (5,6) -> (5,8)
Info:                          Sink conv.impl.acc_SB_DFFESR_Q_25_D_SB_LUT4_O_I1_SB_LUT4_O_I1_SB_LUT4_O_I2_SB_LUT4_O_1_LC.I3
Info:                          Defined in:
Info:                               /opt/homebrew/bin/../share/yosys/ice40/cells_map.v:6.21-6.22
Info:      logic  0.31  18.67 Source conv.impl.acc_SB_DFFESR_Q_25_D_SB_LUT4_O_I1_SB_LUT4_O_I1_SB_LUT4_O_I2_SB_LUT4_O_1_LC.O
Info:    routing  0.59  19.26 Net conv.impl.acc_SB_DFFESR_Q_25_D_SB_LUT4_O_I1_SB_LUT4_O_I1_SB_LUT4_O_I2[1] (5,8) -> (4,9)
Info:                          Sink conv.impl.acc_SB_DFFESR_Q_25_D_SB_LUT4_O_I1_SB_LUT4_O_I1_SB_LUT4_O_LC.I3
Info:                          Defined in:
Info:                               /opt/homebrew/bin/../share/yosys/ice40/cells_map.v:6.21-6.22
Info:      logic  0.31  19.57 Source conv.impl.acc_SB_DFFESR_Q_25_D_SB_LUT4_O_I1_SB_LUT4_O_I1_SB_LUT4_O_LC.O
Info:    routing  0.59  20.16 Net conv.impl.acc_SB_DFFESR_Q_25_D_SB_LUT4_O_I1_SB_LUT4_O_I1[1] (4,9) -> (4,8)
Info:                          Sink conv.impl.acc_SB_DFFESR_Q_25_D_SB_LUT4_O_I1_SB_LUT4_O_LC.I1
Info:                          Defined in:
Info:                               /opt/homebrew/bin/../share/yosys/ice40/arith_map.v:62.5-70.4
Info:                               /opt/homebrew/bin/../share/yosys/ice40/cells_map.v:6.21-6.22
Info:      logic  0.26  20.42 Source conv.impl.acc_SB_DFFESR_Q_25_D_SB_LUT4_O_I1_SB_LUT4_O_LC.COUT
Info:    routing  0.26  20.68 Net conv.impl.acc_SB_DFFESR_Q_24_D_SB_LUT4_O_I1_SB_LUT4_O_I1[3] (4,8) -> (4,8)
Info:                          Sink conv.impl.acc_SB_DFFESR_Q_24_D_SB_LUT4_O_I1_SB_LUT4_O_LC.I3
Info:                          Defined in:
Info:                               /opt/homebrew/bin/../share/yosys/ice40/arith_map.v:62.5-70.4
Info:                               /opt/homebrew/bin/../share/yosys/ice40/abc9_model.v:4.9-4.11
Info:      logic  0.31  21.00 Source conv.impl.acc_SB_DFFESR_Q_24_D_SB_LUT4_O_I1_SB_LUT4_O_LC.O
Info:    routing  1.27  22.27 Net conv.impl.acc_SB_DFFESR_Q_24_D_SB_LUT4_O_I1[1] (4,8) -> (2,7)
Info:                          Sink conv.impl.acc_SB_DFFESR_Q_24_D_SB_LUT4_O_LC.I1
Info:                          Defined in:
Info:                               /Users/adarmaori/Desktop/Final Project/FPGA/conv1d_large_4mult.v:89.35-89.50
Info:                               /opt/homebrew/bin/../share/yosys/ice40/arith_map.v:62.5-70.4
Info:                               /opt/homebrew/bin/../share/yosys/ice40/cells_map.v:6.21-6.22
Info:      logic  0.26  22.53 Source conv.impl.acc_SB_DFFESR_Q_24_D_SB_LUT4_O_LC.COUT
Info:    routing  0.20  22.72 Net conv.impl.acc_SB_DFFESR_Q_23_D_SB_LUT4_O_I3 (2,7) -> (2,8)
Info:                          Sink conv.impl.acc_SB_DFFESR_Q_23_D_SB_LUT4_O_LC.CIN
Info:                          Defined in:
Info:                               /Users/adarmaori/Desktop/Final Project/FPGA/conv1d_large_4mult.v:89.35-89.50
Info:                               /opt/homebrew/bin/../share/yosys/ice40/arith_map.v:62.5-70.4
Info:                               /opt/homebrew/bin/../share/yosys/ice40/abc9_model.v:4.9-4.11
Info:      logic  0.13  22.85 Source conv.impl.acc_SB_DFFESR_Q_23_D_SB_LUT4_O_LC.COUT
Info:    routing  0.00  22.85 Net conv.impl.acc_SB_DFFESR_Q_22_D_SB_LUT4_O_I3 (2,8) -> (2,8)
Info:                          Sink conv.impl.acc_SB_DFFESR_Q_22_D_SB_LUT4_O_LC.CIN
Info:                          Defined in:
Info:                               /Users/adarmaori/Desktop/Final Project/FPGA/conv1d_large_4mult.v:89.35-89.50
Info:                               /opt/homebrew/bin/../share/yosys/ice40/arith_map.v:62.5-70.4
Info:                               /opt/homebrew/bin/../share/yosys/ice40/abc9_model.v:4.9-4.11
Info:      logic  0.13  22.98 Source conv.impl.acc_SB_DFFESR_Q_22_D_SB_LUT4_O_LC.COUT
Info:    routing  0.00  22.98 Net conv.impl.acc_SB_DFFESR_Q_21_D_SB_LUT4_O_I3 (2,8) -> (2,8)
Info:                          Sink conv.impl.acc_SB_DFFESR_Q_21_D_SB_LUT4_O_LC.CIN
Info:                          Defined in:
Info:                               /Users/adarmaori/Desktop/Final Project/FPGA/conv1d_large_4mult.v:89.35-89.50
Info:                               /opt/homebrew/bin/../share/yosys/ice40/arith_map.v:62.5-70.4
Info:                               /opt/homebrew/bin/../share/yosys/ice40/abc9_model.v:4.9-4.11
Info:      logic  0.13  23.10 Source conv.impl.acc_SB_DFFESR_Q_21_D_SB_LUT4_O_LC.COUT
Info:    routing  0.00  23.10 Net conv.impl.acc_SB_DFFESR_Q_20_D_SB_LUT4_O_I3 (2,8) -> (2,8)
Info:                          Sink conv.impl.acc_SB_DFFESR_Q_20_D_SB_LUT4_O_LC.CIN
Info:                          Defined in:
Info:                               /Users/adarmaori/Desktop/Final Project/FPGA/conv1d_large_4mult.v:89.35-89.50
Info:                               /opt/homebrew/bin/../share/yosys/ice40/arith_map.v:62.5-70.4
Info:                               /opt/homebrew/bin/../share/yosys/ice40/abc9_model.v:4.9-4.11
Info:      logic  0.13  23.23 Source conv.impl.acc_SB_DFFESR_Q_20_D_SB_LUT4_O_LC.COUT
Info:    routing  0.00  23.23 Net conv.impl.acc_SB_DFFESR_Q_19_D_SB_LUT4_O_I3 (2,8) -> (2,8)
Info:                          Sink conv.impl.acc_SB_DFFESR_Q_19_D_SB_LUT4_O_LC.CIN
Info:                          Defined in:
Info:                               /Users/adarmaori/Desktop/Final Project/FPGA/conv1d_large_4mult.v:89.35-89.50
Info:                               /opt/homebrew/bin/../share/yosys/ice40/arith_map.v:62.5-70.4
Info:                               /opt/homebrew/bin/../share/yosys/ice40/abc9_model.v:4.9-4.11
Info:      logic  0.13  23.35 Source conv.impl.acc_SB_DFFESR_Q_19_D_SB_LUT4_O_LC.COUT
Info:    routing  0.00  23.35 Net conv.impl.acc_SB_DFFESR_Q_18_D_SB_LUT4_O_I3 (2,8) -> (2,8)
Info:                          Sink conv.impl.acc_SB_DFFESR_Q_18_D_SB_LUT4_O_LC.CIN
Info:                          Defined in:
Info:                               /Users/adarmaori/Desktop/Final Project/FPGA/conv1d_large_4mult.v:89.35-89.50
Info:                               /opt/homebrew/bin/../share/yosys/ice40/arith_map.v:62.5-70.4
Info:                               /opt/homebrew/bin/../share/yosys/ice40/abc9_model.v:4.9-4.11
Info:      logic  0.13  23.48 Source conv.impl.acc_SB_DFFESR_Q_18_D_SB_LUT4_O_LC.COUT
Info:    routing  0.00  23.48 Net conv.impl.acc_SB_DFFESR_Q_17_D_SB_LUT4_O_I3 (2,8) -> (2,8)
Info:                          Sink conv.impl.acc_SB_DFFESR_Q_17_D_SB_LUT4_O_LC.CIN
Info:                          Defined in:
Info:                               /Users/adarmaori/Desktop/Final Project/FPGA/conv1d_large_4mult.v:89.35-89.50
Info:                               /opt/homebrew/bin/../share/yosys/ice40/arith_map.v:62.5-70.4
Info:                               /opt/homebrew/bin/../share/yosys/ice40/abc9_model.v:4.9-4.11
Info:      logic  0.13  23.61 Source conv.impl.acc_SB_DFFESR_Q_17_D_SB_LUT4_O_LC.COUT
Info:    routing  0.00  23.61 Net conv.impl.acc_SB_DFFESR_Q_16_D_SB_LUT4_O_I3 (2,8) -> (2,8)
Info:                          Sink conv.impl.acc_SB_DFFESR_Q_16_D_SB_LUT4_O_LC.CIN
Info:                          Defined in:
Info:                               /Users/adarmaori/Desktop/Final Project/FPGA/conv1d_large_4mult.v:89.35-89.50
Info:                               /opt/homebrew/bin/../share/yosys/ice40/arith_map.v:62.5-70.4
Info:                               /opt/homebrew/bin/../share/yosys/ice40/abc9_model.v:4.9-4.11
Info:      logic  0.13  23.73 Source conv.impl.acc_SB_DFFESR_Q_16_D_SB_LUT4_O_LC.COUT
Info:    routing  0.20  23.93 Net conv.impl.acc_SB_DFFESR_Q_15_D_SB_LUT4_O_I3 (2,8) -> (2,9)
Info:                          Sink conv.impl.acc_SB_DFFESR_Q_15_D_SB_LUT4_O_LC.CIN
Info:                          Defined in:
Info:                               /Users/adarmaori/Desktop/Final Project/FPGA/conv1d_large_4mult.v:89.35-89.50
Info:                               /opt/homebrew/bin/../share/yosys/ice40/arith_map.v:62.5-70.4
Info:                               /opt/homebrew/bin/../share/yosys/ice40/abc9_model.v:4.9-4.11
Info:      logic  0.13  24.05 Source conv.impl.acc_SB_DFFESR_Q_15_D_SB_LUT4_O_LC.COUT
Info:    routing  0.00  24.05 Net conv.impl.acc_SB_DFFESR_Q_14_D_SB_LUT4_O_I3 (2,9) -> (2,9)
Info:                          Sink conv.impl.acc_SB_DFFESR_Q_14_D_SB_LUT4_O_LC.CIN
Info:                          Defined in:
Info:                               /Users/adarmaori/Desktop/Final Project/FPGA/conv1d_large_4mult.v:89.35-89.50
Info:                               /opt/homebrew/bin/../share/yosys/ice40/arith_map.v:62.5-70.4
Info:                               /opt/homebrew/bin/../share/yosys/ice40/abc9_model.v:4.9-4.11
Info:      logic  0.13  24.18 Source conv.impl.acc_SB_DFFESR_Q_14_D_SB_LUT4_O_LC.COUT
Info:    routing  0.00  24.18 Net conv.impl.acc_SB_DFFESR_Q_13_D_SB_LUT4_O_I3 (2,9) -> (2,9)
Info:                          Sink conv.impl.acc_SB_DFFESR_Q_13_D_SB_LUT4_O_LC.CIN
Info:                          Defined in:
Info:                               /Users/adarmaori/Desktop/Final Project/FPGA/conv1d_large_4mult.v:89.35-89.50
Info:                               /opt/homebrew/bin/../share/yosys/ice40/arith_map.v:62.5-70.4
Info:                               /opt/homebrew/bin/../share/yosys/ice40/abc9_model.v:4.9-4.11
Info:      logic  0.13  24.31 Source conv.impl.acc_SB_DFFESR_Q_13_D_SB_LUT4_O_LC.COUT
Info:    routing  0.00  24.31 Net conv.impl.acc_SB_DFFESR_Q_12_D_SB_LUT4_O_I3 (2,9) -> (2,9)
Info:                          Sink conv.impl.acc_SB_DFFESR_Q_12_D_SB_LUT4_O_LC.CIN
Info:                          Defined in:
Info:                               /Users/adarmaori/Desktop/Final Project/FPGA/conv1d_large_4mult.v:89.35-89.50
Info:                               /opt/homebrew/bin/../share/yosys/ice40/arith_map.v:62.5-70.4
Info:                               /opt/homebrew/bin/../share/yosys/ice40/abc9_model.v:4.9-4.11
Info:      logic  0.13  24.43 Source conv.impl.acc_SB_DFFESR_Q_12_D_SB_LUT4_O_LC.COUT
Info:    routing  0.00  24.43 Net conv.impl.acc_SB_DFFESR_Q_11_D_SB_LUT4_O_I3 (2,9) -> (2,9)
Info:                          Sink conv.impl.acc_SB_DFFESR_Q_11_D_SB_LUT4_O_LC.CIN
Info:                          Defined in:
Info:                               /Users/adarmaori/Desktop/Final Project/FPGA/conv1d_large_4mult.v:89.35-89.50
Info:                               /opt/homebrew/bin/../share/yosys/ice40/arith_map.v:62.5-70.4
Info:                               /opt/homebrew/bin/../share/yosys/ice40/abc9_model.v:4.9-4.11
Info:      logic  0.13  24.56 Source conv.impl.acc_SB_DFFESR_Q_11_D_SB_LUT4_O_LC.COUT
Info:    routing  0.00  24.56 Net conv.impl.acc_SB_DFFESR_Q_10_D_SB_LUT4_O_I3 (2,9) -> (2,9)
Info:                          Sink conv.impl.acc_SB_DFFESR_Q_10_D_SB_LUT4_O_LC.CIN
Info:                          Defined in:
Info:                               /Users/adarmaori/Desktop/Final Project/FPGA/conv1d_large_4mult.v:89.35-89.50
Info:                               /opt/homebrew/bin/../share/yosys/ice40/arith_map.v:62.5-70.4
Info:                               /opt/homebrew/bin/../share/yosys/ice40/cells_map.v:6.21-6.22
Info:      logic  0.13  24.68 Source conv.impl.acc_SB_DFFESR_Q_10_D_SB_LUT4_O_LC.COUT
Info:    routing  0.00  24.68 Net conv.impl.acc_SB_DFFESR_Q_9_D_SB_LUT4_O_I3 (2,9) -> (2,9)
Info:                          Sink conv.impl.acc_SB_DFFESR_Q_9_D_SB_LUT4_O_LC.CIN
Info:                          Defined in:
Info:                               /Users/adarmaori/Desktop/Final Project/FPGA/conv1d_large_4mult.v:89.35-89.50
Info:                               /opt/homebrew/bin/../share/yosys/ice40/arith_map.v:62.5-70.4
Info:                               /opt/homebrew/bin/../share/yosys/ice40/abc9_model.v:4.9-4.11
Info:      logic  0.13  24.81 Source conv.impl.acc_SB_DFFESR_Q_9_D_SB_LUT4_O_LC.COUT
Info:    routing  0.00  24.81 Net conv.impl.acc_SB_DFFESR_Q_8_D_SB_LUT4_O_I3 (2,9) -> (2,9)
Info:                          Sink conv.impl.acc_SB_DFFESR_Q_8_D_SB_LUT4_O_LC.CIN
Info:                          Defined in:
Info:                               /Users/adarmaori/Desktop/Final Project/FPGA/conv1d_large_4mult.v:89.35-89.50
Info:                               /opt/homebrew/bin/../share/yosys/ice40/arith_map.v:62.5-70.4
Info:                               /opt/homebrew/bin/../share/yosys/ice40/abc9_model.v:4.9-4.11
Info:      logic  0.13  24.94 Source conv.impl.acc_SB_DFFESR_Q_8_D_SB_LUT4_O_LC.COUT
Info:    routing  0.20  25.13 Net conv.impl.acc_SB_DFFESR_Q_7_D_SB_LUT4_O_I3 (2,9) -> (2,10)
Info:                          Sink conv.impl.acc_SB_DFFESR_Q_7_D_SB_LUT4_O_LC.CIN
Info:                          Defined in:
Info:                               /Users/adarmaori/Desktop/Final Project/FPGA/conv1d_large_4mult.v:89.35-89.50
Info:                               /opt/homebrew/bin/../share/yosys/ice40/arith_map.v:62.5-70.4
Info:                               /opt/homebrew/bin/../share/yosys/ice40/abc9_model.v:4.9-4.11
Info:      logic  0.13  25.26 Source conv.impl.acc_SB_DFFESR_Q_7_D_SB_LUT4_O_LC.COUT
Info:    routing  0.00  25.26 Net conv.impl.acc_SB_DFFESR_Q_6_D_SB_LUT4_O_I3 (2,10) -> (2,10)
Info:                          Sink conv.impl.acc_SB_DFFESR_Q_6_D_SB_LUT4_O_LC.CIN
Info:                          Defined in:
Info:                               /Users/adarmaori/Desktop/Final Project/FPGA/conv1d_large_4mult.v:89.35-89.50
Info:                               /opt/homebrew/bin/../share/yosys/ice40/arith_map.v:62.5-70.4
Info:                               /opt/homebrew/bin/../share/yosys/ice40/abc9_model.v:4.9-4.11
Info:      logic  0.13  25.38 Source conv.impl.acc_SB_DFFESR_Q_6_D_SB_LUT4_O_LC.COUT
Info:    routing  0.00  25.38 Net conv.impl.acc_SB_DFFESR_Q_5_D_SB_LUT4_O_I3 (2,10) -> (2,10)
Info:                          Sink conv.impl.acc_SB_DFFESR_Q_5_D_SB_LUT4_O_LC.CIN
Info:                          Defined in:
Info:                               /Users/adarmaori/Desktop/Final Project/FPGA/conv1d_large_4mult.v:89.35-89.50
Info:                               /opt/homebrew/bin/../share/yosys/ice40/arith_map.v:62.5-70.4
Info:                               /opt/homebrew/bin/../share/yosys/ice40/abc9_model.v:4.9-4.11
Info:      logic  0.13  25.51 Source conv.impl.acc_SB_DFFESR_Q_5_D_SB_LUT4_O_LC.COUT
Info:    routing  0.00  25.51 Net conv.impl.acc_SB_DFFESR_Q_4_D_SB_LUT4_O_I3 (2,10) -> (2,10)
Info:                          Sink conv.impl.acc_SB_DFFESR_Q_4_D_SB_LUT4_O_LC.CIN
Info:                          Defined in:
Info:                               /Users/adarmaori/Desktop/Final Project/FPGA/conv1d_large_4mult.v:89.35-89.50
Info:                               /opt/homebrew/bin/../share/yosys/ice40/arith_map.v:62.5-70.4
Info:                               /opt/homebrew/bin/../share/yosys/ice40/abc9_model.v:4.9-4.11
Info:      logic  0.13  25.64 Source conv.impl.acc_SB_DFFESR_Q_4_D_SB_LUT4_O_LC.COUT
Info:    routing  0.00  25.64 Net conv.impl.acc_SB_DFFESR_Q_3_D_SB_LUT4_O_I3 (2,10) -> (2,10)
Info:                          Sink conv.impl.acc_SB_DFFESR_Q_3_D_SB_LUT4_O_LC.CIN
Info:                          Defined in:
Info:                               /Users/adarmaori/Desktop/Final Project/FPGA/conv1d_large_4mult.v:89.35-89.50
Info:                               /opt/homebrew/bin/../share/yosys/ice40/arith_map.v:62.5-70.4
Info:                               /opt/homebrew/bin/../share/yosys/ice40/abc9_model.v:4.9-4.11
Info:      logic  0.13  25.76 Source conv.impl.acc_SB_DFFESR_Q_3_D_SB_LUT4_O_LC.COUT
Info:    routing  0.26  26.02 Net conv.impl.acc_SB_DFFESR_Q_2_D_SB_LUT4_O_I3 (2,10) -> (2,10)
Info:                          Sink conv.impl.acc_SB_DFFESR_Q_2_D_SB_LUT4_O_LC.I3
Info:                          Defined in:
Info:                               /Users/adarmaori/Desktop/Final Project/FPGA/conv1d_large_4mult.v:89.35-89.50
Info:                               /opt/homebrew/bin/../share/yosys/ice40/arith_map.v:62.5-70.4
Info:                               /opt/homebrew/bin/../share/yosys/ice40/abc9_model.v:4.9-4.11
Info:      logic  0.31  26.34 Source conv.impl.acc_SB_DFFESR_Q_2_D_SB_LUT4_O_LC.O
Info:    routing  0.96  27.30 Net conv.impl.acc_SB_DFFESR_Q_2_D (2,10) -> (2,12)
Info:                          Sink conv.impl.sample_out_SB_DFFESR_Q_2_DFFLC.I0
Info:      setup  0.47  27.76 Source conv.impl.sample_out_SB_DFFESR_Q_2_DFFLC.I0
Info: 12.02 ns logic, 15.74 ns routing

Info: Critical path report for cross-domain path '<async>' -> 'posedge clk$SB_IO_IN_$glb_clk':
Info:       type curr  total name
Info:     source  0.00  0.00 Source sample_valid$sb_io.D_IN_0
Info:    routing  1.28  1.28 Net sample_valid$SB_IO_IN (5,17) -> (4,12)
Info:                          Sink sample_valid_SB_LUT4_I1_1_LC.I1
Info:                          Defined in:
Info:                               conv1d_large_benchmark_top.v:13.16-13.28
Info:      logic  0.40  1.68 Source sample_valid_SB_LUT4_I1_1_LC.O
Info:    routing  0.59  2.27 Net conv.impl.busy_SB_DFFSR_Q_D[1] (4,12) -> (4,11)
Info:                          Sink conv.impl.busy_SB_DFFSR_Q_D_SB_LUT4_I3_LC.I3
Info:                          Defined in:
Info:                               /opt/homebrew/bin/../share/yosys/ice40/cells_map.v:6.21-6.22
Info:      logic  0.31  2.58 Source conv.impl.busy_SB_DFFSR_Q_D_SB_LUT4_I3_LC.O
Info:    routing  1.07  3.65 Net conv.impl.busy_SB_DFFSR_Q_D_SB_LUT4_I3_O (4,11) -> (0,9)
Info:                          Sink $gbuf_conv.impl.busy_SB_DFFSR_Q_D_SB_LUT4_I3_O_$glb_ce.USER_SIGNAL_TO_GLOBAL_BUFFER
Info:      logic  0.62  4.27 Source $gbuf_conv.impl.busy_SB_DFFSR_Q_D_SB_LUT4_I3_O_$glb_ce.GLOBAL_BUFFER_OUTPUT
Info:    routing  0.60  4.87 Net conv.impl.busy_SB_DFFSR_Q_D_SB_LUT4_I3_O_$glb_ce (0,9) -> (1,10)
Info:                          Sink conv.impl.acc_SB_DFFESR_Q_DFFLC.CEN
Info:      setup  0.10  4.97 Source conv.impl.acc_SB_DFFESR_Q_DFFLC.CEN
Info: 1.43 ns logic, 3.54 ns routing

Info: Critical path report for cross-domain path 'posedge clk$SB_IO_IN_$glb_clk' -> '<async>':
Info:       type curr  total name
Info:   clk-to-q  0.54  0.54 Source conv.impl.busy_SB_DFFSR_Q_DFFLC.O
Info:    routing  1.27  1.81 Net conv.impl.busy (4,12) -> (8,15)
Info:                          Sink sample_ready_SB_LUT4_O_LC.I3
Info:                          Defined in:
Info:                               /opt/homebrew/bin/../share/yosys/ice40/cells_map.v:6.21-6.22
Info:      logic  0.31  2.13 Source sample_ready_SB_LUT4_O_LC.O
Info:    routing  0.96  3.09 Net sample_ready$SB_IO_OUT (8,15) -> (8,17)
Info:                          Sink sample_ready$sb_io.D_OUT_0
Info:                          Defined in:
Info:                               conv1d_large_benchmark_top.v:14.17-14.29
Info: 0.86 ns logic, 2.23 ns routing

Info: Max frequency for clock 'clk$SB_IO_IN_$glb_clk': 36.02 MHz (PASS at 25.00 MHz)

Info: Max delay <async>                       -> posedge clk$SB_IO_IN_$glb_clk: 4.97 ns
Info: Max delay posedge clk$SB_IO_IN_$glb_clk -> <async>                      : 3.09 ns

Info: Slack histogram:
Info:  legend: * represents 3 endpoint(s)
Info:          + represents [1,3) endpoint(s)
Info: [ 12237,  13549) |*****+
Info: [ 13549,  14861) |*****+
Info: [ 14861,  16173) |**+
Info: [ 16173,  17485) |*+
Info: [ 17485,  18797) |+
Info: [ 18797,  20109) |+
Info: [ 20109,  21421) |+
Info: [ 21421,  22733) | 
Info: [ 22733,  24045) | 
Info: [ 24045,  25357) |+
Info: [ 25357,  26669) | 
Info: [ 26669,  27981) |******************+
Info: [ 27981,  29293) |+
Info: [ 29293,  30605) |*+
Info: [ 30605,  31917) | 
Info: [ 31917,  33229) | 
Info: [ 33229,  34541) | 
Info: [ 34541,  35853) |***************+
Info: [ 35853,  37165) |**************************************************+
Info: [ 37165,  38477) |************************************************************ 
1 warning, 0 errors

Info: Program finished normally.
