Warning: No PCF file specified; IO pins will be placed automatically

Info: Packing constants..
Info: Packing IOs..
Info: Packing LUT-FFs..
Info:      280 LCs used as LUT4 only
Info:       90 LCs used as LUT4 and DFF
Info: Packing non-LUT FFs..
Info:      160 LCs used as DFF only
Info: Packing carries..
Info:       46 LCs used as CARRY only
Info: Packing indirect carry+LUT pairs...
Info:       46 LUTs merged into carry LCs
Info: Packing RAMs..
Info: Placing PLLs..
Info: Packing special functions..
Info: Packing PLLs..
Info: Promoting globals..
Info: promoting clk$SB_IO_IN (fanout 250)
Info: promoting rst$SB_IO_IN [reset] (fanout 237)
Info: promoting layer1.conv.impl.tap[2]_SB_DFFESR_Q_E[3] [cen] (fanout 40)
Info: promoting layer0.conv.impl.acc_SB_DFFESR_Q_E [cen] (fanout 32)
Info: promoting layer0.conv.impl.output_valid_SB_DFFSR_Q_D_SB_LUT4_I3_O [cen] (fanout 32)
Info: promoting layer1.conv.impl.acc_SB_DFFESR_Q_E [cen] (fanout 32)
Info: Constraining chains...
Info:        2 LCs used to legalise carry chains.
Info: Checksum: 0xcc65bcb9

Info: Device utilisation:
Info: 	         ICESTORM_LC:     534/   1280    41%
Info: 	        ICESTORM_RAM:       0/     16     0%
Info: 	               SB_IO:      21/    112    18%
Info: 	               SB_GB:       6/      8    75%
Info: 	        ICESTORM_PLL:       0/      1     0%
Info: 	         SB_WARMBOOT:       0/      1     0%

Info: Placed 0 cells based on constraints.
Info: Creating initial analytic placement for 368 cells, random placement wirelen = 5931.
Info:     at initial placer iter 0, wirelen = 373
Info:     at initial placer iter 1, wirelen = 353
Info:     at initial placer iter 2, wirelen = 342
Info:     at initial placer iter 3, wirelen = 351
Info: Running main analytical placer, max placement attempts per cell = 39340.
Info:     at iteration #1, type ALL: wirelen solved = 354, spread = 2395, legal = 3187; time = 0.01s
Info:     at iteration #2, type ALL: wirelen solved = 421, spread = 2251, legal = 2737; time = 0.01s
Info:     at iteration #3, type ALL: wirelen solved = 419, spread = 2064, legal = 2633; time = 0.01s
Info:     at iteration #4, type ALL: wirelen solved = 493, spread = 2075, legal = 2627; time = 0.01s
Info:     at iteration #5, type ALL: wirelen solved = 460, spread = 1992, legal = 2582; time = 0.01s
Info:     at iteration #6, type ALL: wirelen solved = 494, spread = 2126, legal = 2656; time = 0.01s
Info:     at iteration #7, type ALL: wirelen solved = 504, spread = 2177, legal = 2718; time = 0.01s
Info:     at iteration #8, type ALL: wirelen solved = 620, spread = 2020, legal = 2341; time = 0.01s
Info:     at iteration #9, type ALL: wirelen solved = 557, spread = 1944, legal = 2377; time = 0.01s
Info:     at iteration #10, type ALL: wirelen solved = 598, spread = 1753, legal = 2128; time = 0.01s
Info:     at iteration #11, type ALL: wirelen solved = 564, spread = 2012, legal = 2441; time = 0.01s
Info:     at iteration #12, type ALL: wirelen solved = 657, spread = 2069, legal = 2435; time = 0.01s
Info:     at iteration #13, type ALL: wirelen solved = 666, spread = 1954, legal = 2369; time = 0.01s
Info:     at iteration #14, type ALL: wirelen solved = 668, spread = 2012, legal = 2660; time = 0.01s
Info:     at iteration #15, type ALL: wirelen solved = 709, spread = 1917, legal = 2392; time = 0.01s
Info: HeAP Placer Time: 0.20s
Info:   of which solving equations: 0.12s
Info:   of which spreading cells: 0.01s
Info:   of which strict legalisation: 0.04s

Info: Running simulated annealing placer for refinement.
Info:   at iteration #1: temp = 0.000000, timing cost = 93, wirelen = 2128
Info:   at iteration #5: temp = 0.000000, timing cost = 95, wirelen = 1780
Info:   at iteration #10: temp = 0.000000, timing cost = 99, wirelen = 1665
Info:   at iteration #15: temp = 0.000000, timing cost = 88, wirelen = 1586
Info:   at iteration #19: temp = 0.000000, timing cost = 87, wirelen = 1548 
Info: SA placement time 0.16s

Info: Max frequency for clock 'clk$SB_IO_IN_$glb_clk': 107.57 MHz (PASS at 25.00 MHz)

Info: Max delay <async>                       -> posedge clk$SB_IO_IN_$glb_clk: 6.96 ns
Info: Max delay posedge clk$SB_IO_IN_$glb_clk -> <async>                      : 3.82 ns

Info: Slack histogram:
Info:  legend: * represents 1 endpoint(s)
Info:          + represents [1,1) endpoint(s)
Info: [ 30704,  31121) |****+
Info: [ 31121,  31538) |*****+
Info: [ 31538,  31955) |***********+
Info: [ 31955,  32372) |*****+
Info: [ 32372,  32789) |********************+
Info: [ 32789,  33206) |**************************+
Info: [ 33206,  33623) |*************** 
Info: [ 33623,  34040) |******************+
Info: [ 34040,  34457) |**+
Info: [ 34457,  34874) |********+
Info: [ 34874,  35291) |******+
Info: [ 35291,  35708) |************+
Info: [ 35708,  36125) |*********+
Info: [ 36125,  36542) |*******+
Info: [ 36542,  36959) |****************************+
Info: [ 36959,  37376) |******************************************+
Info: [ 37376,  37793) |************************************************************ 
Info: [ 37793,  38210) |*********************+
Info: [ 38210,  38627) |************************************************************ 
Info: [ 38627,  39044) |+
Info: Checksum: 0x53afa457

Info: Routing..
Info: Setting up routing queue.
Info: Routing 1681 arcs.
Info:            |   (re-)routed arcs  |   delta    | remaining|       time spent     |
Info:    IterCnt |  w/ripup   wo/ripup |  w/r  wo/r |      arcs| batch(sec) total(sec)|
Info:       1000 |      130        719 |  130   719 |       819|       0.17       0.17|
Info:       1993 |      260       1583 |  130   864 |         0|       0.09       0.26|
Info: Routing complete.
Info: Router1 time 0.26s
Info: Checksum: 0xb7af36ec

Info: Critical path report for clock 'clk$SB_IO_IN_$glb_clk' (posedge -> posedge):
Info:       type curr  total name
Info:   clk-to-q  0.54  0.54 Source layer1.conv.impl.tap[2]_SB_DFFESR_Q_7_DFFLC.O
Info:    routing  0.59  1.13 Net layer1.conv.impl.tap[2][0] (4,5) -> (4,6)
Info:                          Sink layer1.conv.impl.acc_SB_DFFESR_Q_31_D_SB_LUT4_O_I3_SB_LUT4_O_I2_SB_LUT4_O_I2_SB_LUT4_O_LC.I3
Info:                          Defined in:
Info:                               conv1d_serial.v:28.35-28.38
Info:      logic  0.31  1.44 Source layer1.conv.impl.acc_SB_DFFESR_Q_31_D_SB_LUT4_O_I3_SB_LUT4_O_I2_SB_LUT4_O_I2_SB_LUT4_O_LC.O
Info:    routing  0.96  2.40 Net layer1.conv.impl.acc_SB_DFFESR_Q_31_D_SB_LUT4_O_I3_SB_LUT4_O_I2_SB_LUT4_O_I2[2] (4,6) -> (4,9)
Info:                          Sink layer1.conv.impl.acc_SB_DFFESR_Q_31_D_SB_LUT4_O_I3_SB_LUT4_O_I2_SB_LUT4_O_LC.I2
Info:                          Defined in:
Info:                               conv1d_serial.v:74.32-74.51
Info:                               /opt/homebrew/bin/../share/yosys/ice40/arith_map.v:62.5-70.4
Info:                               /opt/homebrew/bin/../share/yosys/ice40/cells_map.v:6.21-6.22
Info:      logic  0.23  2.63 Source layer1.conv.impl.acc_SB_DFFESR_Q_31_D_SB_LUT4_O_I3_SB_LUT4_O_I2_SB_LUT4_O_LC.COUT
Info:    routing  0.00  2.63 Net layer1.conv.impl.acc_SB_DFFESR_Q_30_D_SB_LUT4_O_I3_SB_LUT4_O_I2_SB_LUT4_O_I2[3] (4,9) -> (4,9)
Info:                          Sink layer1.conv.impl.acc_SB_DFFESR_Q_30_D_SB_LUT4_O_I3_SB_LUT4_O_I2_SB_LUT4_O_LC.CIN
Info:                          Defined in:
Info:                               conv1d_serial.v:74.32-74.51
Info:                               /opt/homebrew/bin/../share/yosys/ice40/arith_map.v:62.5-70.4
Info:                               /opt/homebrew/bin/../share/yosys/ice40/abc9_model.v:4.9-4.11
Info:      logic  0.13  2.76 Source layer1.conv.impl.acc_SB_DFFESR_Q_30_D_SB_LUT4_O_I3_SB_LUT4_O_I2_SB_LUT4_O_LC.COUT
Info:    routing  0.00  2.76 Net layer1.conv.impl.acc_SB_DFFESR_Q_29_D_SB_LUT4_O_I3_SB_LUT4_O_I2_SB_LUT4_O_I2[3] (4,9) -> (4,9)
Info:                          Sink layer1.conv.impl.acc_SB_DFFESR_Q_29_D_SB_LUT4_O_I3_SB_LUT4_O_I2_SB_LUT4_O_LC.CIN
Info:                          Defined in:
Info:                               conv1d_serial.v:74.32-74.51
Info:                               /opt/homebrew/bin/../share/yosys/ice40/arith_map.v:62.5-70.4
Info:                               /opt/homebrew/bin/../share/yosys/ice40/abc9_model.v:4.9-4.11
Info:      logic  0.13  2.88 Source layer1.conv.impl.acc_SB_DFFESR_Q_29_D_SB_LUT4_O_I3_SB_LUT4_O_I2_SB_LUT4_O_LC.COUT
Info:    routing  0.00  2.88 Net layer1.conv.impl.acc_SB_DFFESR_Q_28_D_SB_LUT4_O_I3_SB_LUT4_O_I2_SB_LUT4_O_I2[3] (4,9) -> (4,9)
Info:                          Sink layer1.conv.impl.acc_SB_DFFESR_Q_28_D_SB_LUT4_O_I3_SB_LUT4_O_I2_SB_LUT4_O_LC.CIN
Info:                          Defined in:
Info:                               conv1d_serial.v:74.32-74.51
Info:                               /opt/homebrew/bin/../share/yosys/ice40/arith_map.v:62.5-70.4
Info:                               /opt/homebrew/bin/../share/yosys/ice40/abc9_model.v:4.9-4.11
Info:      logic  0.13  3.01 Source layer1.conv.impl.acc_SB_DFFESR_Q_28_D_SB_LUT4_O_I3_SB_LUT4_O_I2_SB_LUT4_O_LC.COUT
Info:    routing  0.00  3.01 Net layer1.conv.impl.acc_SB_DFFESR_Q_27_D_SB_LUT4_O_I3_SB_LUT4_O_I2_SB_LUT4_O_I2[3] (4,9) -> (4,9)
Info:                          Sink layer1.conv.impl.acc_SB_DFFESR_Q_27_D_SB_LUT4_O_I3_SB_LUT4_O_I2_SB_LUT4_O_LC.CIN
Info:                          Defined in:
Info:                               conv1d_serial.v:74.32-74.51
Info:                               /opt/homebrew/bin/../share/yosys/ice40/arith_map.v:62.5-70.4
Info:                               /opt/homebrew/bin/../share/yosys/ice40/abc9_model.v:4.9-4.11
Info:      logic  0.13  3.14 Source layer1.conv.impl.acc_SB_DFFESR_Q_27_D_SB_LUT4_O_I3_SB_LUT4_O_I2_SB_LUT4_O_LC.COUT
Info:    routing  0.00  3.14 Net layer1.conv.impl.acc_SB_DFFESR_Q_26_D_SB_LUT4_O_I3_SB_LUT4_O_I2_SB_LUT4_O_I2[3] (4,9) -> (4,9)
Info:                          Sink layer1.conv.impl.acc_SB_DFFESR_Q_26_D_SB_LUT4_O_I3_SB_LUT4_O_I2_SB_LUT4_O_LC.CIN
Info:                          Defined in:
Info:                               conv1d_serial.v:74.32-74.51
Info:                               /opt/homebrew/bin/../share/yosys/ice40/arith_map.v:62.5-70.4
Info:                               /opt/homebrew/bin/../share/yosys/ice40/abc9_model.v:4.9-4.11
Info:      logic  0.13  3.26 Source layer1.conv.impl.acc_SB_DFFESR_Q_26_D_SB_LUT4_O_I3_SB_LUT4_O_I2_SB_LUT4_O_LC.COUT
Info:    routing  0.00  3.26 Net layer1.conv.impl.acc_SB_DFFESR_Q_25_D_SB_LUT4_O_I3_SB_LUT4_O_I2_SB_LUT4_O_I2[3] (4,9) -> (4,9)
Info:                          Sink layer1.conv.impl.acc_SB_DFFESR_Q_25_D_SB_LUT4_O_I3_SB_LUT4_O_I2_SB_LUT4_O_LC.CIN
Info:                          Defined in:
Info:                               conv1d_serial.v:74.32-74.51
Info:                               /opt/homebrew/bin/../share/yosys/ice40/arith_map.v:62.5-70.4
Info:                               /opt/homebrew/bin/../share/yosys/ice40/abc9_model.v:4.9-4.11
Info:      logic  0.13  3.39 Source layer1.conv.impl.acc_SB_DFFESR_Q_25_D_SB_LUT4_O_I3_SB_LUT4_O_I2_SB_LUT4_O_LC.COUT
Info:    routing  0.00  3.39 Net layer1.conv.impl.acc_SB_DFFESR_Q_24_D_SB_LUT4_O_I3_SB_LUT4_O_I2_SB_LUT4_O_I3 (4,9) -> (4,9)
Info:                          Sink layer1.conv.impl.acc_SB_DFFESR_Q_24_D_SB_LUT4_O_I3_SB_LUT4_O_I2_SB_LUT4_O_LC.CIN
Info:                          Defined in:
Info:                               conv1d_serial.v:74.32-74.51
Info:                               /opt/homebrew/bin/../share/yosys/ice40/arith_map.v:62.5-70.4
Info:                               /opt/homebrew/bin/../share/yosys/ice40/abc9_model.v:4.9-4.11
Info:      logic  0.13  3.52 Source layer1.conv.impl.acc_SB_DFFESR_Q_24_D_SB_LUT4_O_I3_SB_LUT4_O_I2_SB_LUT4_O_LC.COUT
Info:    routing  0.20  3.71 Net layer1.conv.impl.acc_SB_DFFESR_Q_23_D_SB_LUT4_O_I3_SB_LUT4_O_I2_SB_LUT4_O_I3 (4,9) -> (4,10)
Info:                          Sink layer1.conv.impl.acc_SB_DFFESR_Q_23_D_SB_LUT4_O_I3_SB_LUT4_O_I2_SB_LUT4_O_LC.CIN
Info:                          Defined in:
Info:                               conv1d_serial.v:74.32-74.51
Info:                               /opt/homebrew/bin/../share/yosys/ice40/arith_map.v:62.5-70.4
Info:                               /opt/homebrew/bin/../share/yosys/ice40/abc9_model.v:4.9-4.11
Info:      logic  0.13  3.84 Source layer1.conv.impl.acc_SB_DFFESR_Q_23_D_SB_LUT4_O_I3_SB_LUT4_O_I2_SB_LUT4_O_LC.COUT
Info:    routing  0.00  3.84 Net layer1.conv.impl.acc_SB_DFFESR_Q_22_D_SB_LUT4_O_I3_SB_LUT4_O_I2_SB_LUT4_O_I3 (4,10) -> (4,10)
Info:                          Sink layer1.conv.impl.acc_SB_DFFESR_Q_22_D_SB_LUT4_O_I3_SB_LUT4_O_I2_SB_LUT4_O_LC.CIN
Info:                          Defined in:
Info:                               conv1d_serial.v:74.32-74.51
Info:                               /opt/homebrew/bin/../share/yosys/ice40/arith_map.v:62.5-70.4
Info:                               /opt/homebrew/bin/../share/yosys/ice40/abc9_model.v:4.9-4.11
Info:      logic  0.13  3.96 Source layer1.conv.impl.acc_SB_DFFESR_Q_22_D_SB_LUT4_O_I3_SB_LUT4_O_I2_SB_LUT4_O_LC.COUT
Info:    routing  0.00  3.96 Net layer1.conv.impl.acc_SB_DFFESR_Q_21_D_SB_LUT4_O_I3_SB_LUT4_O_I2_SB_LUT4_O_I3 (4,10) -> (4,10)
Info:                          Sink layer1.conv.impl.acc_SB_DFFESR_Q_21_D_SB_LUT4_O_I3_SB_LUT4_O_I2_SB_LUT4_O_LC.CIN
Info:                          Defined in:
Info:                               conv1d_serial.v:74.32-74.51
Info:                               /opt/homebrew/bin/../share/yosys/ice40/arith_map.v:62.5-70.4
Info:                               /opt/homebrew/bin/../share/yosys/ice40/abc9_model.v:4.9-4.11
Info:      logic  0.13  4.09 Source layer1.conv.impl.acc_SB_DFFESR_Q_21_D_SB_LUT4_O_I3_SB_LUT4_O_I2_SB_LUT4_O_LC.COUT
Info:    routing  0.00  4.09 Net layer1.conv.impl.acc_SB_DFFESR_Q_20_D_SB_LUT4_O_I3_SB_LUT4_O_I2_SB_LUT4_O_I3 (4,10) -> (4,10)
Info:                          Sink layer1.conv.impl.acc_SB_DFFESR_Q_20_D_SB_LUT4_O_I3_SB_LUT4_O_I2_SB_LUT4_O_LC.CIN
Info:                          Defined in:
Info:                               conv1d_serial.v:74.32-74.51
Info:                               /opt/homebrew/bin/../share/yosys/ice40/arith_map.v:62.5-70.4
Info:                               /opt/homebrew/bin/../share/yosys/ice40/abc9_model.v:4.9-4.11
Info:      logic  0.13  4.22 Source layer1.conv.impl.acc_SB_DFFESR_Q_20_D_SB_LUT4_O_I3_SB_LUT4_O_I2_SB_LUT4_O_LC.COUT
Info:    routing  0.00  4.22 Net layer1.conv.impl.acc_SB_DFFESR_Q_19_D_SB_LUT4_O_I3_SB_LUT4_O_I2_SB_LUT4_O_I3 (4,10) -> (4,10)
Info:                          Sink layer1.conv.impl.acc_SB_DFFESR_Q_19_D_SB_LUT4_O_I3_SB_LUT4_O_I2_SB_LUT4_O_LC.CIN
Info:                          Defined in:
Info:                               conv1d_serial.v:74.32-74.51
Info:                               /opt/homebrew/bin/../share/yosys/ice40/arith_map.v:62.5-70.4
Info:                               /opt/homebrew/bin/../share/yosys/ice40/abc9_model.v:4.9-4.11
Info:      logic  0.13  4.34 Source layer1.conv.impl.acc_SB_DFFESR_Q_19_D_SB_LUT4_O_I3_SB_LUT4_O_I2_SB_LUT4_O_LC.COUT
Info:    routing  0.00  4.34 Net layer1.conv.impl.acc_SB_DFFESR_Q_18_D_SB_LUT4_O_I3_SB_LUT4_O_I2_SB_LUT4_O_I3 (4,10) -> (4,10)
Info:                          Sink layer1.conv.impl.acc_SB_DFFESR_Q_18_D_SB_LUT4_O_I3_SB_LUT4_O_I2_SB_LUT4_O_LC.CIN
Info:                          Defined in:
Info:                               conv1d_serial.v:74.32-74.51
Info:                               /opt/homebrew/bin/../share/yosys/ice40/arith_map.v:62.5-70.4
Info:                               /opt/homebrew/bin/../share/yosys/ice40/abc9_model.v:4.9-4.11
Info:      logic  0.13  4.47 Source layer1.conv.impl.acc_SB_DFFESR_Q_18_D_SB_LUT4_O_I3_SB_LUT4_O_I2_SB_LUT4_O_LC.COUT
Info:    routing  0.00  4.47 Net layer1.conv.impl.acc_SB_DFFESR_Q_17_D_SB_LUT4_O_I3_SB_LUT4_O_I2_SB_LUT4_O_I3 (4,10) -> (4,10)
Info:                          Sink layer1.conv.impl.acc_SB_DFFESR_Q_17_D_SB_LUT4_O_I3_SB_LUT4_O_I2_SB_LUT4_O_LC.CIN
Info:                          Defined in:
Info:                               conv1d_serial.v:74.32-74.51
Info:                               /opt/homebrew/bin/../share/yosys/ice40/arith_map.v:62.5-70.4
Info:                               /opt/homebrew/bin/../share/yosys/ice40/abc9_model.v:4.9-4.11
Info:      logic  0.13  4.59 Source layer1.conv.impl.acc_SB_DFFESR_Q_17_D_SB_LUT4_O_I3_SB_LUT4_O_I2_SB_LUT4_O_LC.COUT
Info:    routing  0.00  4.59 Net layer1.conv.impl.acc_SB_DFFESR_Q_16_D_SB_LUT4_O_I3_SB_LUT4_O_I2_SB_LUT4_O_I3 (4,10) -> (4,10)
Info:                          Sink layer1.conv.impl.acc_SB_DFFESR_Q_16_D_SB_LUT4_O_I3_SB_LUT4_O_I2_SB_LUT4_O_LC.CIN
Info:                          Defined in:
Info:                               conv1d_serial.v:74.32-74.51
Info:                               /opt/homebrew/bin/../share/yosys/ice40/arith_map.v:62.5-70.4
Info:                               /opt/homebrew/bin/../share/yosys/ice40/abc9_model.v:4.9-4.11
Info:      logic  0.13  4.72 Source layer1.conv.impl.acc_SB_DFFESR_Q_16_D_SB_LUT4_O_I3_SB_LUT4_O_I2_SB_LUT4_O_LC.COUT
Info:    routing  0.20  4.91 Net layer1.conv.impl.acc_SB_DFFESR_Q_15_D_SB_LUT4_O_I3_SB_LUT4_O_I2_SB_LUT4_O_I3 (4,10) -> (4,11)
Info:                          Sink layer1.conv.impl.acc_SB_DFFESR_Q_15_D_SB_LUT4_O_I3_SB_LUT4_O_I2_SB_LUT4_O_LC.CIN
Info:                          Defined in:
Info:                               conv1d_serial.v:74.32-74.51
Info:                               /opt/homebrew/bin/../share/yosys/ice40/arith_map.v:62.5-70.4
Info:                               /opt/homebrew/bin/../share/yosys/ice40/abc9_model.v:4.9-4.11
Info:      logic  0.13  5.04 Source layer1.conv.impl.acc_SB_DFFESR_Q_15_D_SB_LUT4_O_I3_SB_LUT4_O_I2_SB_LUT4_O_LC.COUT
Info:    routing  0.00  5.04 Net layer1.conv.impl.acc_SB_DFFESR_Q_14_D_SB_LUT4_O_I3_SB_LUT4_O_I2_SB_LUT4_O_I3 (4,11) -> (4,11)
Info:                          Sink layer1.conv.impl.acc_SB_DFFESR_Q_14_D_SB_LUT4_O_I3_SB_LUT4_O_I2_SB_LUT4_O_LC.CIN
Info:                          Defined in:
Info:                               conv1d_serial.v:74.32-74.51
Info:                               /opt/homebrew/bin/../share/yosys/ice40/arith_map.v:62.5-70.4
Info:                               /opt/homebrew/bin/../share/yosys/ice40/abc9_model.v:4.9-4.11
Info:      logic  0.13  5.17 Source layer1.conv.impl.acc_SB_DFFESR_Q_14_D_SB_LUT4_O_I3_SB_LUT4_O_I2_SB_LUT4_O_LC.COUT
Info:    routing  0.00  5.17 Net layer1.conv.impl.acc_SB_DFFESR_Q_13_D_SB_LUT4_O_I3_SB_LUT4_O_I2_SB_LUT4_O_I3 (4,11) -> (4,11)
Info:                          Sink layer1.conv.impl.acc_SB_DFFESR_Q_13_D_SB_LUT4_O_I3_SB_LUT4_O_I2_SB_LUT4_O_LC.CIN
Info:                          Defined in:
Info:                               conv1d_serial.v:74.32-74.51
Info:                               /opt/homebrew/bin/../share/yosys/ice40/arith_map.v:62.5-70.4
Info:                               /opt/homebrew/bin/../share/yosys/ice40/abc9_model.v:4.9-4.11
Info:      logic  0.13  5.29 Source layer1.conv.impl.acc_SB_DFFESR_Q_13_D_SB_LUT4_O_I3_SB_LUT4_O_I2_SB_LUT4_O_LC.COUT
Info:    routing  0.00  5.29 Net layer1.conv.impl.acc_SB_DFFESR_Q_12_D_SB_LUT4_O_I3_SB_LUT4_O_I2_SB_LUT4_O_I3 (4,11) -> (4,11)
Info:                          Sink layer1.conv.impl.acc_SB_DFFESR_Q_12_D_SB_LUT4_O_I3_SB_LUT4_O_I2_SB_LUT4_O_LC.CIN
Info:                          Defined in:
Info:                               conv1d_serial.v:74.32-74.51
Info:                               /opt/homebrew/bin/../share/yosys/ice40/arith_map.v:62.5-70.4
Info:                               /opt/homebrew/bin/../share/yosys/ice40/abc9_model.v:4.9-4.11
Info:      logic  0.13  5.42 Source layer1.conv.impl.acc_SB_DFFESR_Q_12_D_SB_LUT4_O_I3_SB_LUT4_O_I2_SB_LUT4_O_LC.COUT
Info:    routing  0.00  5.42 Net layer1.conv.impl.acc_SB_DFFESR_Q_11_D_SB_LUT4_O_I3_SB_LUT4_O_I2_SB_LUT4_O_I3 (4,11) -> (4,11)
Info:                          Sink layer1.conv.impl.acc_SB_DFFESR_Q_11_D_SB_LUT4_O_I3_SB_LUT4_O_I2_SB_LUT4_O_LC.CIN
Info:                          Defined in:
Info:                               conv1d_serial.v:74.32-74.51
Info:                               /opt/homebrew/bin/../share/yosys/ice40/arith_map.v:62.5-70.4
Info:                               /opt/homebrew/bin/../share/yosys/ice40/abc9_model.v:4.9-4.11
Info:      logic  0.13  5.55 Source layer1.conv.impl.acc_SB_DFFESR_Q_11_D_SB_LUT4_O_I3_SB_LUT4_O_I2_SB_LUT4_O_LC.COUT
Info:    routing  0.00  5.55 Net layer1.conv.impl.acc_SB_DFFESR_Q_10_D_SB_LUT4_O_I3_SB_LUT4_O_I2_SB_LUT4_O_I3 (4,11) -> (4,11)
Info:                          Sink layer1.conv.impl.acc_SB_DFFESR_Q_10_D_SB_LUT4_O_I3_SB_LUT4_O_I2_SB_LUT4_O_LC.CIN
Info:                          Defined in:
Info:                               conv1d_serial.v:74.32-74.51
Info:                               /opt/homebrew/bin/../share/yosys/ice40/arith_map.v:62.5-70.4
Info:                               /opt/homebrew/bin/../share/yosys/ice40/abc9_model.v:4.9-4.11
Info:      logic  0.13  5.67 Source layer1.conv.impl.acc_SB_DFFESR_Q_10_D_SB_LUT4_O_I3_SB_LUT4_O_I2_SB_LUT4_O_LC.COUT
Info:    routing  0.00  5.67 Net layer1.conv.impl.acc_SB_DFFESR_Q_9_D_SB_LUT4_O_I3_SB_LUT4_O_I2_SB_LUT4_O_I3 (4,11) -> (4,11)
Info:                          Sink layer1.conv.impl.acc_SB_DFFESR_Q_9_D_SB_LUT4_O_I3_SB_LUT4_O_I2_SB_LUT4_O_LC.CIN
Info:                          Defined in:
Info:                               conv1d_serial.v:74.32-74.51
Info:                               /opt/homebrew/bin/../share/yosys/ice40/arith_map.v:62.5-70.4
Info:                               /opt/homebrew/bin/../share/yosys/ice40/abc9_model.v:4.9-4.11
Info:      logic  0.13  5.80 Source layer1.conv.impl.acc_SB_DFFESR_Q_9_D_SB_LUT4_O_I3_SB_LUT4_O_I2_SB_LUT4_O_LC.COUT
Info:    routing  0.00  5.80 Net layer1.conv.impl.acc_SB_DFFESR_Q_8_D_SB_LUT4_O_I3_SB_LUT4_O_I2_SB_LUT4_O_I3 (4,11) -> (4,11)
Info:                          Sink layer1.conv.impl.acc_SB_DFFESR_Q_8_D_SB_LUT4_O_I3_SB_LUT4_O_I2_SB_LUT4_O_LC.CIN
Info:                          Defined in:
Info:                               conv1d_serial.v:74.32-74.51
Info:                               /opt/homebrew/bin/../share/yosys/ice40/arith_map.v:62.5-70.4
Info:                               /opt/homebrew/bin/../share/yosys/ice40/abc9_model.v:4.9-4.11
Info:      logic  0.13  5.92 Source layer1.conv.impl.acc_SB_DFFESR_Q_8_D_SB_LUT4_O_I3_SB_LUT4_O_I2_SB_LUT4_O_LC.COUT
Info:    routing  0.20  6.12 Net layer1.conv.impl.acc_SB_DFFESR_Q_7_D_SB_LUT4_O_I3_SB_LUT4_O_I2_SB_LUT4_O_I3 (4,11) -> (4,12)
Info:                          Sink layer1.conv.impl.acc_SB_DFFESR_Q_7_D_SB_LUT4_O_I3_SB_LUT4_O_I2_SB_LUT4_O_LC.CIN
Info:                          Defined in:
Info:                               conv1d_serial.v:74.32-74.51
Info:                               /opt/homebrew/bin/../share/yosys/ice40/arith_map.v:62.5-70.4
Info:                               /opt/homebrew/bin/../share/yosys/ice40/abc9_model.v:4.9-4.11
Info:      logic  0.13  6.24 Source layer1.conv.impl.acc_SB_DFFESR_Q_7_D_SB_LUT4_O_I3_SB_LUT4_O_I2_SB_LUT4_O_LC.COUT
Info:    routing  0.00  6.24 Net layer1.conv.impl.acc_SB_DFFESR_Q_6_D_SB_LUT4_O_I3_SB_LUT4_O_I2_SB_LUT4_O_I3 (4,12) -> (4,12)
Info:                          Sink layer1.conv.impl.acc_SB_DFFESR_Q_6_D_SB_LUT4_O_I3_SB_LUT4_O_I2_SB_LUT4_O_LC.CIN
Info:                          Defined in:
Info:                               conv1d_serial.v:74.32-74.51
Info:                               /opt/homebrew/bin/../share/yosys/ice40/arith_map.v:62.5-70.4
Info:                               /opt/homebrew/bin/../share/yosys/ice40/abc9_model.v:4.9-4.11
Info:      logic  0.13  6.37 Source layer1.conv.impl.acc_SB_DFFESR_Q_6_D_SB_LUT4_O_I3_SB_LUT4_O_I2_SB_LUT4_O_LC.COUT
Info:    routing  0.00  6.37 Net layer1.conv.impl.acc_SB_DFFESR_Q_5_D_SB_LUT4_O_I3_SB_LUT4_O_I2_SB_LUT4_O_I3 (4,12) -> (4,12)
Info:                          Sink layer1.conv.impl.acc_SB_DFFESR_Q_5_D_SB_LUT4_O_I3_SB_LUT4_O_I2_SB_LUT4_O_LC.CIN
Info:                          Defined in:
Info:                               conv1d_serial.v:74.32-74.51
Info:                               /opt/homebrew/bin/../share/yosys/ice40/arith_map.v:62.5-70.4
Info:                               /opt/homebrew/bin/../share/yosys/ice40/abc9_model.v:4.9-4.11
Info:      logic  0.13  6.50 Source layer1.conv.impl.acc_SB_DFFESR_Q_5_D_SB_LUT4_O_I3_SB_LUT4_O_I2_SB_LUT4_O_LC.COUT
Info:    routing  0.00  6.50 Net layer1.conv.impl.acc_SB_DFFESR_Q_4_D_SB_LUT4_O_I3_SB_LUT4_O_I2_SB_LUT4_O_I3 (4,12) -> (4,12)
Info:                          Sink layer1.conv.impl.acc_SB_DFFESR_Q_4_D_SB_LUT4_O_I3_SB_LUT4_O_I2_SB_LUT4_O_LC.CIN
Info:                          Defined in:
Info:                               conv1d_serial.v:74.32-74.51
Info:                               /opt/homebrew/bin/../share/yosys/ice40/arith_map.v:62.5-70.4
Info:                               /opt/homebrew/bin/../share/yosys/ice40/abc9_model.v:4.9-4.11
Info:      logic  0.13  6.62 Source layer1.conv.impl.acc_SB_DFFESR_Q_4_D_SB_LUT4_O_I3_SB_LUT4_O_I2_SB_LUT4_O_LC.COUT
Info:    routing  0.00  6.62 Net layer1.conv.impl.acc_SB_DFFESR_Q_3_D_SB_LUT4_O_I3_SB_LUT4_O_I2_SB_LUT4_O_I3 (4,12) -> (4,12)
Info:                          Sink layer1.conv.impl.acc_SB_DFFESR_Q_3_D_SB_LUT4_O_I3_SB_LUT4_O_I2_SB_LUT4_O_LC.CIN
Info:                          Defined in:
Info:                               conv1d_serial.v:74.32-74.51
Info:                               /opt/homebrew/bin/../share/yosys/ice40/arith_map.v:62.5-70.4
Info:                               /opt/homebrew/bin/../share/yosys/ice40/abc9_model.v:4.9-4.11
Info:      logic  0.13  6.75 Source layer1.conv.impl.acc_SB_DFFESR_Q_3_D_SB_LUT4_O_I3_SB_LUT4_O_I2_SB_LUT4_O_LC.COUT
Info:    routing  0.00  6.75 Net layer1.conv.impl.acc_SB_DFFESR_Q_2_D_SB_LUT4_O_I3_SB_LUT4_O_I2_SB_LUT4_O_I3 (4,12) -> (4,12)
Info:                          Sink layer1.conv.impl.acc_SB_DFFESR_Q_2_D_SB_LUT4_O_I3_SB_LUT4_O_I2_SB_LUT4_O_LC.CIN
Info:                          Defined in:
Info:                               conv1d_serial.v:74.32-74.51
Info:                               /opt/homebrew/bin/../share/yosys/ice40/arith_map.v:62.5-70.4
Info:                               /opt/homebrew/bin/../share/yosys/ice40/abc9_model.v:4.9-4.11
Info:      logic  0.13  6.88 Source layer1.conv.impl.acc_SB_DFFESR_Q_2_D_SB_LUT4_O_I3_SB_LUT4_O_I2_SB_LUT4_O_LC.COUT
Info:    routing  0.00  6.88 Net layer1.conv.impl.acc_SB_DFFESR_Q_1_D_SB_LUT4_O_I3_SB_LUT4_O_I2_SB_LUT4_O_I3 (4,12) -> (4,12)
Info:                          Sink layer1.conv.impl.acc_SB_DFFESR_Q_1_D_SB_LUT4_O_I3_SB_LUT4_O_I2_SB_LUT4_O_LC.CIN
Info:                          Defined in:
Info:                               conv1d_serial.v:74.32-74.51
Info:                               /opt/homebrew/bin/../share/yosys/ice40/arith_map.v:62.5-70.4
Info:                               /opt/homebrew/bin/../share/yosys/ice40/abc9_model.v:4.9-4.11
Info:      logic  0.13  7.00 Source layer1.conv.impl.acc_SB_DFFESR_Q_1_D_SB_LUT4_O_I3_SB_LUT4_O_I2_SB_LUT4_O_LC.COUT
Info:    routing  0.26  7.26 Net layer1.conv.impl.acc_SB_DFFESR_Q_D_SB_LUT4_O_I1_SB_LUT4_O_1_I3_SB_LUT4_O_I3 (4,12) -> (4,12)
Info:                          Sink layer1.conv.impl.acc_SB_DFFESR_Q_D_SB_LUT4_O_I1_SB_LUT4_O_1_I3_SB_LUT4_O_LC.I3
Info:                          Defined in:
Info:                               conv1d_serial.v:74.32-74.51
Info:                               /opt/homebrew/bin/../share/yosys/ice40/arith_map.v:62.5-70.4
Info:                               /opt/homebrew/bin/../share/yosys/ice40/cells_map.v:6.21-6.22
Info:      logic  0.31  7.57 Source layer1.conv.impl.acc_SB_DFFESR_Q_D_SB_LUT4_O_I1_SB_LUT4_O_1_I3_SB_LUT4_O_LC.O
Info:    routing  0.59  8.16 Net layer1.conv.impl.acc_SB_DFFESR_Q_D_SB_LUT4_O_I1_SB_LUT4_O_1_I3[3] (4,12) -> (5,13)
Info:                          Sink layer1.conv.impl.acc_SB_DFFESR_Q_D_SB_LUT4_O_I1_SB_LUT4_O_1_LC.I3
Info:                          Defined in:
Info:                               /opt/homebrew/bin/../share/yosys/ice40/cells_map.v:6.21-6.22
Info:      logic  0.31  8.48 Source layer1.conv.impl.acc_SB_DFFESR_Q_D_SB_LUT4_O_I1_SB_LUT4_O_1_LC.O
Info:    routing  0.59  9.07 Net layer1.conv.impl.acc_SB_DFFESR_Q_D_SB_LUT4_O_I1[3] (5,13) -> (5,14)
Info:                          Sink layer1.conv.impl.acc_SB_DFFESR_Q_D_SB_LUT4_O_LC.I3
Info:                          Defined in:
Info:                               /opt/homebrew/bin/../share/yosys/ice40/cells_map.v:6.21-6.22
Info:      setup  0.34  9.40 Source layer1.conv.impl.acc_SB_DFFESR_Q_D_SB_LUT4_O_LC.I3
Info: 5.83 ns logic, 3.57 ns routing

Info: Critical path report for cross-domain path '<async>' -> 'posedge clk$SB_IO_IN_$glb_clk':
Info:       type curr  total name
Info:     source  0.00  0.00 Source sample_valid$sb_io.D_IN_0
Info:    routing  1.28  1.28 Net sample_valid$SB_IO_IN (6,17) -> (7,14)
Info:                          Sink layer0.conv.impl.tap[2]_SB_DFFESR_Q_E_SB_LUT4_O_LC.I1
Info:                          Defined in:
Info:                               tcn_network_basic.v:12.16-12.28
Info:      logic  0.40  1.68 Source layer0.conv.impl.tap[2]_SB_DFFESR_Q_E_SB_LUT4_O_LC.O
Info:    routing  0.59  2.27 Net layer0.conv.impl.tap[2]_SB_DFFESR_Q_E[3] (7,14) -> (8,15)
Info:                          Sink layer0.conv.impl.tap[2]_SB_DFFESR_Q_E_SB_LUT4_I3_LC.I3
Info:                          Defined in:
Info:                               /opt/homebrew/bin/../share/yosys/ice40/cells_map.v:6.21-6.22
Info:      logic  0.31  2.58 Source layer0.conv.impl.tap[2]_SB_DFFESR_Q_E_SB_LUT4_I3_LC.O
Info:    routing  1.39  3.97 Net layer0.conv.impl.acc_SB_DFFESR_Q_E (8,15) -> (13,8)
Info:                          Sink $gbuf_layer0.conv.impl.acc_SB_DFFESR_Q_E_$glb_ce.USER_SIGNAL_TO_GLOBAL_BUFFER
Info:      logic  0.62  4.59 Source $gbuf_layer0.conv.impl.acc_SB_DFFESR_Q_E_$glb_ce.GLOBAL_BUFFER_OUTPUT
Info:    routing  0.60  5.19 Net layer0.conv.impl.acc_SB_DFFESR_Q_E_$glb_ce (13,8) -> (6,9)
Info:                          Sink layer0.conv.impl.acc_SB_DFFESR_Q_10_D_SB_LUT4_O_LC.CEN
Info:      setup  0.10  5.29 Source layer0.conv.impl.acc_SB_DFFESR_Q_10_D_SB_LUT4_O_LC.CEN
Info: 1.43 ns logic, 3.86 ns routing

Info: Critical path report for cross-domain path 'posedge clk$SB_IO_IN_$glb_clk' -> '<async>':
Info:       type curr  total name
Info:   clk-to-q  0.54  0.54 Source layer0.conv.impl.busy_SB_DFFSR_Q_D_SB_LUT4_O_LC.O
Info:    routing  2.07  2.61 Net layer0.conv.impl.acc_SB_DFFESR_Q_10_D_SB_LUT4_O_I3[2] (7,14) -> (7,2)
Info:                          Sink sample_ready_SB_LUT4_O_LC.I3
Info:                          Defined in:
Info:                               /opt/homebrew/bin/../share/yosys/ice40/cells_map.v:6.21-6.22
Info:      logic  0.31  2.93 Source sample_ready_SB_LUT4_O_LC.O
Info:    routing  0.96  3.89 Net sample_ready$SB_IO_OUT (7,2) -> (7,0)
Info:                          Sink sample_ready$sb_io.D_OUT_0
Info:                          Defined in:
Info:                               tcn_network_basic.v:13.17-13.29
Info: 0.86 ns logic, 3.03 ns routing

Info: Max frequency for clock 'clk$SB_IO_IN_$glb_clk': 106.37 MHz (PASS at 25.00 MHz)

Info: Max delay <async>                       -> posedge clk$SB_IO_IN_$glb_clk: 5.29 ns
Info: Max delay posedge clk$SB_IO_IN_$glb_clk -> <async>                      : 3.89 ns

Info: Slack histogram:
Info:  legend: * represents 1 endpoint(s)
Info:          + represents [1,1) endpoint(s)
Info: [ 30599,  30996) |**+
Info: [ 30996,  31393) |****+
Info: [ 31393,  31790) |****+
Info: [ 31790,  32187) |************+
Info: [ 32187,  32584) |**+
Info: [ 32584,  32981) |***+
Info: [ 32981,  33378) |**+
Info: [ 33378,  33775) |**+
Info: [ 33775,  34172) |*******************+
Info: [ 34172,  34569) |**+
Info: [ 34569,  34966) |************************************+
Info: [ 34966,  35363) |*****+
Info: [ 35363,  35760) |**********************************+
Info: [ 35760,  36157) |*************+
Info: [ 36157,  36554) |*****************+
Info: [ 36554,  36951) |**********+
Info: [ 36951,  37348) |*****************+
Info: [ 37348,  37745) |***********************************************************+
Info: [ 37745,  38142) |*******************************************+
Info: [ 38142,  38539) |************************************************************ 
1 warning, 0 errors

Info: Program finished normally.
