Warning: No PCF file specified; IO pins will be placed automatically

Info: Packing constants..
Info: Packing IOs..
Info: Packing LUT-FFs..
Info:     1048 LCs used as LUT4 only
Info:       16 LCs used as LUT4 and DFF
Info: Packing non-LUT FFs..
Info:      578 LCs used as DFF only
Info: Packing carries..
Info:        1 LCs used as CARRY only
Info: Packing indirect carry+LUT pairs...
Info:        0 LUTs merged into carry LCs
Info: Packing RAMs..
Info: Placing PLLs..
Info: Packing special functions..
Info: Packing PLLs..
Info: Promoting globals..
Info: promoting clk$SB_IO_IN (fanout 594)
Info: promoting rst$SB_IO_IN [reset] (fanout 545)
Info: promoting sample_valid_SB_LUT4_I1_O[1] [reset] (fanout 48)
Info: promoting conv.impl.busy_SB_DFFSR_Q_D_SB_LUT4_I3_O [cen] (fanout 32)
Info: promoting sample_valid_SB_LUT4_I1_2_I3_SB_LUT4_I3_O [cen] (fanout 32)
Info: promoting sample_valid_SB_LUT4_I1_1_O [cen] (fanout 16)
Info: Constraining chains...
Info:        1 LCs used to legalise carry chains.
Info: Checksum: 0x4cd75ffa

Info: Device utilisation:
Info: 	         ICESTORM_LC:    1646/   1280   128%
Info: 	        ICESTORM_RAM:       0/     16     0%
Info: 	               SB_IO:      45/    112    40%
Info: 	               SB_GB:       6/      8    75%
Info: 	        ICESTORM_PLL:       0/      1     0%
Info: 	         SB_WARMBOOT:       0/      1     0%

Info: Placed 0 cells based on constraints.
ERROR: Unable to place cell 'conv.impl.acc_SB_DFFESR_Q_19_D_SB_LUT4_O_I1_SB_LUT4_O_I2_SB_LUT4_O_LC', no BELs remaining to implement cell type 'ICESTORM_LC'
1 warning, 1 error
