Warning: No PCF file specified; IO pins will be placed automatically

Info: Packing constants..
Info: Packing IOs..
Info: Packing LUT-FFs..
Info:      346 LCs used as LUT4 only
Info:        3 LCs used as LUT4 and DFF
Info: Packing non-LUT FFs..
Info:      253 LCs used as DFF only
Info: Packing carries..
Info:       16 LCs used as CARRY only
Info: Packing indirect carry+LUT pairs...
Info:        4 LUTs merged into carry LCs
Info: Packing RAMs..
Info: Placing PLLs..
Info: Packing special functions..
Info: Packing PLLs..
Info: Promoting globals..
Info: promoting clk$SB_IO_IN (fanout 256)
Info: promoting rst$SB_IO_IN [reset] (fanout 217)
Info: promoting sample_valid_SB_LUT4_I1_O [reset] (fanout 38)
Info: promoting conv.impl.busy_SB_DFFSR_Q_D_SB_LUT4_I3_O [cen] (fanout 24)
Info: promoting conv.impl.busy_SB_LUT4_I2_O [cen] (fanout 24)
Info: Constraining chains...
Info:        4 LCs used to legalise carry chains.
Info: Checksum: 0x31ad2b47

Info: Device utilisation:
Info: 	         ICESTORM_LC:     620/   1280    48%
Info: 	        ICESTORM_RAM:       0/     16     0%
Info: 	               SB_IO:      35/    112    31%
Info: 	               SB_GB:       5/      8    62%
Info: 	        ICESTORM_PLL:       0/      1     0%
Info: 	         SB_WARMBOOT:       0/      1     0%

Info: Placed 0 cells based on constraints.
Info: Creating initial analytic placement for 557 cells, random placement wirelen = 7698.
Info:     at initial placer iter 0, wirelen = 446
Info:     at initial placer iter 1, wirelen = 416
Info:     at initial placer iter 2, wirelen = 411
Info:     at initial placer iter 3, wirelen = 402
Info: Running main analytical placer, max placement attempts per cell = 54450.
Info:     at iteration #1, type ALL: wirelen solved = 399, spread = 2307, legal = 2407; time = 0.01s
Info:     at iteration #2, type ALL: wirelen solved = 420, spread = 2082, legal = 2127; time = 0.01s
Info:     at iteration #3, type ALL: wirelen solved = 434, spread = 1987, legal = 2099; time = 0.01s
Info:     at iteration #4, type ALL: wirelen solved = 488, spread = 1907, legal = 2017; time = 0.01s
Info:     at iteration #5, type ALL: wirelen solved = 541, spread = 2016, legal = 2070; time = 0.01s
Info:     at iteration #6, type ALL: wirelen solved = 656, spread = 1935, legal = 1990; time = 0.01s
Info:     at iteration #7, type ALL: wirelen solved = 703, spread = 1858, legal = 2125; time = 0.01s
Info:     at iteration #8, type ALL: wirelen solved = 628, spread = 1870, legal = 1986; time = 0.01s
Info:     at iteration #9, type ALL: wirelen solved = 724, spread = 1812, legal = 1976; time = 0.01s
Info:     at iteration #10, type ALL: wirelen solved = 772, spread = 1919, legal = 2075; time = 0.01s
Info:     at iteration #11, type ALL: wirelen solved = 844, spread = 1776, legal = 1968; time = 0.01s
Info:     at iteration #12, type ALL: wirelen solved = 849, spread = 1790, legal = 2029; time = 0.01s
Info:     at iteration #13, type ALL: wirelen solved = 917, spread = 1874, legal = 2104; time = 0.01s
Info:     at iteration #14, type ALL: wirelen solved = 930, spread = 1777, legal = 1967; time = 0.01s
Info:     at iteration #15, type ALL: wirelen solved = 932, spread = 1824, legal = 2015; time = 0.01s
Info:     at iteration #16, type ALL: wirelen solved = 967, spread = 1667, legal = 1924; time = 0.01s
Info:     at iteration #17, type ALL: wirelen solved = 953, spread = 1816, legal = 1981; time = 0.01s
Info:     at iteration #18, type ALL: wirelen solved = 988, spread = 1840, legal = 1995; time = 0.01s
Info:     at iteration #19, type ALL: wirelen solved = 985, spread = 1837, legal = 1969; time = 0.01s
Info:     at iteration #20, type ALL: wirelen solved = 1005, spread = 1802, legal = 1954; time = 0.01s
Info:     at iteration #21, type ALL: wirelen solved = 1044, spread = 1769, legal = 1911; time = 0.01s
Info:     at iteration #22, type ALL: wirelen solved = 1043, spread = 1819, legal = 2017; time = 0.01s
Info:     at iteration #23, type ALL: wirelen solved = 1034, spread = 1781, legal = 1961; time = 0.01s
Info:     at iteration #24, type ALL: wirelen solved = 1100, spread = 1747, legal = 1971; time = 0.01s
Info:     at iteration #25, type ALL: wirelen solved = 1056, spread = 1729, legal = 1886; time = 0.01s
Info:     at iteration #26, type ALL: wirelen solved = 1103, spread = 1743, legal = 1903; time = 0.01s
Info:     at iteration #27, type ALL: wirelen solved = 1120, spread = 1765, legal = 1956; time = 0.01s
Info:     at iteration #28, type ALL: wirelen solved = 1108, spread = 1755, legal = 1946; time = 0.01s
Info:     at iteration #29, type ALL: wirelen solved = 1164, spread = 1729, legal = 1899; time = 0.01s
Info:     at iteration #30, type ALL: wirelen solved = 1162, spread = 1726, legal = 1877; time = 0.01s
Info:     at iteration #31, type ALL: wirelen solved = 1174, spread = 1742, legal = 1906; time = 0.01s
Info:     at iteration #32, type ALL: wirelen solved = 1193, spread = 1715, legal = 1884; time = 0.01s
Info:     at iteration #33, type ALL: wirelen solved = 1190, spread = 1631, legal = 1819; time = 0.01s
Info:     at iteration #34, type ALL: wirelen solved = 1165, spread = 1630, legal = 1881; time = 0.01s
Info:     at iteration #35, type ALL: wirelen solved = 1208, spread = 1628, legal = 1799; time = 0.01s
Info:     at iteration #36, type ALL: wirelen solved = 1212, spread = 1609, legal = 1835; time = 0.01s
Info:     at iteration #37, type ALL: wirelen solved = 1236, spread = 1660, legal = 1825; time = 0.01s
Info:     at iteration #38, type ALL: wirelen solved = 1232, spread = 1665, legal = 1917; time = 0.01s
Info:     at iteration #39, type ALL: wirelen solved = 1217, spread = 1607, legal = 1833; time = 0.01s
Info:     at iteration #40, type ALL: wirelen solved = 1248, spread = 1732, legal = 1896; time = 0.01s
Info: HeAP Placer Time: 0.31s
Info:   of which solving equations: 0.20s
Info:   of which spreading cells: 0.04s
Info:   of which strict legalisation: 0.02s

Info: Running simulated annealing placer for refinement.
Info:   at iteration #1: temp = 0.000000, timing cost = 355, wirelen = 1799
Info:   at iteration #5: temp = 0.000000, timing cost = 332, wirelen = 1372
Info:   at iteration #10: temp = 0.000000, timing cost = 310, wirelen = 1309
Info:   at iteration #15: temp = 0.000000, timing cost = 301, wirelen = 1262
Info:   at iteration #20: temp = 0.000000, timing cost = 304, wirelen = 1209
Info:   at iteration #20: temp = 0.000000, timing cost = 302, wirelen = 1210 
Info: SA placement time 0.23s

Info: Max frequency for clock 'clk$SB_IO_IN_$glb_clk': 44.12 MHz (PASS at 25.00 MHz)

Info: Max delay <async>                       -> posedge clk$SB_IO_IN_$glb_clk: 6.69 ns
Info: Max delay posedge clk$SB_IO_IN_$glb_clk -> <async>                      : 2.29 ns

Info: Slack histogram:
Info:  legend: * represents 3 endpoint(s)
Info:          + represents [1,3) endpoint(s)
Info: [ 17334,  18395) |****+
Info: [ 18395,  19456) |****+
Info: [ 19456,  20517) |**+
Info: [ 20517,  21578) |*+
Info: [ 21578,  22639) | 
Info: [ 22639,  23700) | 
Info: [ 23700,  24761) | 
Info: [ 24761,  25822) |+
Info: [ 25822,  26883) |*******+
Info: [ 26883,  27944) |+
Info: [ 27944,  29005) |*******+
Info: [ 29005,  30066) | 
Info: [ 30066,  31127) |*+
Info: [ 31127,  32188) | 
Info: [ 32188,  33249) |*+
Info: [ 33249,  34310) |**+
Info: [ 34310,  35371) |*******+
Info: [ 35371,  36432) |***+
Info: [ 36432,  37493) |*******************************************************+
Info: [ 37493,  38554) |************************************************************ 
Info: Checksum: 0x833f470f

Info: Routing..
Info: Setting up routing queue.
Info: Routing 1667 arcs.
Info:            |   (re-)routed arcs  |   delta    | remaining|       time spent     |
Info:    IterCnt |  w/ripup   wo/ripup |  w/r  wo/r |      arcs| batch(sec) total(sec)|
Info:       1000 |       86        858 |   86   858 |       803|       0.09       0.09|
Info:       2000 |      552       1389 |  466   531 |       370|       0.11       0.20|
Info:       2380 |      563       1758 |   11   369 |         0|       0.03       0.23|
Info: Routing complete.
Info: Router1 time 0.23s
Info: Checksum: 0x976e070d

Info: Critical path report for clock 'clk$SB_IO_IN_$glb_clk' (posedge -> posedge):
Info:       type curr  total name
Info:   clk-to-q  0.54  0.54 Source conv.impl.tap_index_SB_DFFESR_Q_13_D_SB_LUT4_O_LC.O
Info:    routing  1.27  1.81 Net conv.impl.acc_SB_DFFESR_Q_16_D_SB_LUT4_O_I1_SB_LUT4_O_I3_SB_CARRY_CI_CO_SB_LUT4_I3_I1_SB_LUT4_O_I3_SB_CARRY_CO_CI_SB_CARRY_CO_I0_SB_LUT4_O_1_I3_SB_LUT4_O_I0[0] (4,5) -> (7,2)
Info:                          Sink $nextpnr_ICESTORM_LC_0.I1
Info:                          Defined in:
Info:                               /opt/homebrew/bin/../share/yosys/ice40/cells_map.v:6.21-6.22
Info:      logic  0.26  2.07 Source $nextpnr_ICESTORM_LC_0.COUT
Info:    routing  0.00  2.07 Net $nextpnr_ICESTORM_LC_0$O (7,2) -> (7,2)
Info:                          Sink conv.impl.tap_index_SB_DFFESR_Q_11_D_SB_LUT4_O_I2_SB_LUT4_O_I3_SB_CARRY_CO$CARRY.CIN
Info:      logic  0.13  2.20 Source conv.impl.tap_index_SB_DFFESR_Q_11_D_SB_LUT4_O_I2_SB_LUT4_O_I3_SB_CARRY_CO$CARRY.COUT
Info:    routing  0.00  2.20 Net conv.impl.tap_index_SB_DFFESR_Q_11_D_SB_LUT4_O_I2_SB_LUT4_O_I3 (7,2) -> (7,2)
Info:                          Sink conv.impl.tap_index_SB_DFFESR_Q_11_D_SB_LUT4_O_I2_SB_LUT4_O_LC.CIN
Info:                          Defined in:
Info:                               /Users/adarmaori/Desktop/Final Project/FPGA/conv1d_large_4mult.v:88.22-88.35
Info:                               /opt/homebrew/bin/../share/yosys/ice40/arith_map.v:62.5-70.4
Info:                               /opt/homebrew/bin/../share/yosys/ice40/abc9_model.v:4.9-4.11
Info:      logic  0.13  2.33 Source conv.impl.tap_index_SB_DFFESR_Q_11_D_SB_LUT4_O_I2_SB_LUT4_O_LC.COUT
Info:    routing  0.00  2.33 Net conv.impl.tap_index_SB_DFFESR_Q_11_D_SB_LUT4_O_I2_SB_LUT4_O_I3_SB_CARRY_CI_CO (7,2) -> (7,2)
Info:                          Sink conv.impl.tap_index_SB_DFFESR_Q_11_D_SB_LUT4_O_I2_SB_LUT4_O_I3_SB_CARRY_CI_CO_SB_LUT4_I3_LC.CIN
Info:                          Defined in:
Info:                               /Users/adarmaori/Desktop/Final Project/FPGA/conv1d_large_4mult.v:88.22-88.35
Info:                               /opt/homebrew/bin/../share/yosys/ice40/arith_map.v:62.5-70.4
Info:                               /opt/homebrew/bin/../share/yosys/ice40/abc9_model.v:4.9-4.11
Info:      logic  0.13  2.45 Source conv.impl.tap_index_SB_DFFESR_Q_11_D_SB_LUT4_O_I2_SB_LUT4_O_I3_SB_CARRY_CI_CO_SB_LUT4_I3_LC.COUT
Info:    routing  0.00  2.45 Net conv.impl.tap_index_SB_DFFESR_Q_11_D_SB_LUT4_O_I2_SB_LUT4_O_I3_SB_CARRY_CI_CO_SB_CARRY_CI_CO (7,2) -> (7,2)
Info:                          Sink conv.impl.tap_index_SB_DFFESR_Q_11_D_SB_LUT4_O_I2_SB_LUT4_O_I3_SB_CARRY_CI_CO_SB_CARRY_CI_CO_SB_LUT4_I3_LC.CIN
Info:                          Defined in:
Info:                               /Users/adarmaori/Desktop/Final Project/FPGA/conv1d_large_4mult.v:88.22-88.35
Info:                               /opt/homebrew/bin/../share/yosys/ice40/arith_map.v:62.5-70.4
Info:                               /opt/homebrew/bin/../share/yosys/ice40/abc9_model.v:4.9-4.11
Info:      logic  0.13  2.58 Source conv.impl.tap_index_SB_DFFESR_Q_11_D_SB_LUT4_O_I2_SB_LUT4_O_I3_SB_CARRY_CI_CO_SB_CARRY_CI_CO_SB_LUT4_I3_LC.COUT
Info:    routing  0.00  2.58 Net conv.impl.tap_index_SB_DFFESR_Q_11_D_SB_LUT4_O_I2_SB_LUT4_O_I3_SB_CARRY_CI_CO_SB_CARRY_CI_CO_SB_CARRY_CI_CO (7,2) -> (7,2)
Info:                          Sink conv.impl.tap_index_SB_DFFESR_Q_11_D_SB_LUT4_O_I2_SB_LUT4_O_I3_SB_CARRY_CI_CO_SB_CARRY_CI_CO_SB_CARRY_CI_CO_SB_LUT4_I3_LC.CIN
Info:                          Defined in:
Info:                               /Users/adarmaori/Desktop/Final Project/FPGA/conv1d_large_4mult.v:88.22-88.35
Info:                               /opt/homebrew/bin/../share/yosys/ice40/arith_map.v:62.5-70.4
Info:                               /opt/homebrew/bin/../share/yosys/ice40/abc9_model.v:4.9-4.11
Info:      logic  0.13  2.70 Source conv.impl.tap_index_SB_DFFESR_Q_11_D_SB_LUT4_O_I2_SB_LUT4_O_I3_SB_CARRY_CI_CO_SB_CARRY_CI_CO_SB_CARRY_CI_CO_SB_LUT4_I3_LC.COUT
Info:    routing  0.00  2.70 Net conv.impl.tap_index_SB_DFFESR_Q_11_D_SB_LUT4_O_I2_SB_LUT4_O_I3_SB_CARRY_CI_CO_SB_CARRY_CI_CO_SB_CARRY_CI_CO_SB_CARRY_CI_CO (7,2) -> (7,2)
Info:                          Sink conv.impl.tap_index_SB_DFFESR_Q_11_D_SB_LUT4_O_I2_SB_LUT4_O_I3_SB_CARRY_CI_CO_SB_CARRY_CI_CO_SB_CARRY_CI_CO_SB_CARRY_CI_CO_SB_LUT4_I3_LC.CIN
Info:                          Defined in:
Info:                               /Users/adarmaori/Desktop/Final Project/FPGA/conv1d_large_4mult.v:88.22-88.35
Info:                               /opt/homebrew/bin/../share/yosys/ice40/arith_map.v:62.5-70.4
Info:                               /opt/homebrew/bin/../share/yosys/ice40/abc9_model.v:4.9-4.11
Info:      logic  0.13  2.83 Source conv.impl.tap_index_SB_DFFESR_Q_11_D_SB_LUT4_O_I2_SB_LUT4_O_I3_SB_CARRY_CI_CO_SB_CARRY_CI_CO_SB_CARRY_CI_CO_SB_CARRY_CI_CO_SB_LUT4_I3_LC.COUT
Info:    routing  0.00  2.83 Net conv.impl.tap_index_SB_DFFESR_Q_11_D_SB_LUT4_O_I2_SB_LUT4_O_I3_SB_CARRY_CI_CO_SB_CARRY_CI_CO_SB_CARRY_CI_CO_SB_CARRY_CI_CO_SB_CARRY_CI_CO (7,2) -> (7,2)
Info:                          Sink conv.impl.tap_index_SB_DFFESR_Q_11_D_SB_LUT4_O_I2_SB_LUT4_O_I3_SB_CARRY_CI_CO_SB_CARRY_CI_CO_SB_CARRY_CI_CO_SB_CARRY_CI_CO_SB_CARRY_CI_CO_SB_LUT4_I3_LC.CIN
Info:                          Defined in:
Info:                               /Users/adarmaori/Desktop/Final Project/FPGA/conv1d_large_4mult.v:88.22-88.35
Info:                               /opt/homebrew/bin/../share/yosys/ice40/arith_map.v:62.5-70.4
Info:                               /opt/homebrew/bin/../share/yosys/ice40/abc9_model.v:4.9-4.11
Info:      logic  0.13  2.95 Source conv.impl.tap_index_SB_DFFESR_Q_11_D_SB_LUT4_O_I2_SB_LUT4_O_I3_SB_CARRY_CI_CO_SB_CARRY_CI_CO_SB_CARRY_CI_CO_SB_CARRY_CI_CO_SB_CARRY_CI_CO_SB_LUT4_I3_LC.COUT
Info:    routing  0.20  3.15 Net conv.impl.tap_index_SB_DFFESR_Q_11_D_SB_LUT4_O_I2_SB_LUT4_O_I3_SB_CARRY_CI_CO_SB_CARRY_CI_CO_SB_CARRY_CI_CO_SB_CARRY_CI_CO_SB_CARRY_CI_CO_SB_CARRY_CI_CO (7,2) -> (7,3)
Info:                          Sink conv.impl.tap_index_SB_DFFESR_Q_11_D_SB_LUT4_O_I2_SB_LUT4_O_I3_SB_CARRY_CI_CO_SB_CARRY_CI_CO_SB_CARRY_CI_CO_SB_CARRY_CI_CO_SB_CARRY_CI_CO_SB_CARRY_CI_CO_SB_LUT4_I3_LC.CIN
Info:                          Defined in:
Info:                               /Users/adarmaori/Desktop/Final Project/FPGA/conv1d_large_4mult.v:88.22-88.35
Info:                               /opt/homebrew/bin/../share/yosys/ice40/arith_map.v:62.5-70.4
Info:                               /opt/homebrew/bin/../share/yosys/ice40/abc9_model.v:4.9-4.11
Info:      logic  0.13  3.28 Source conv.impl.tap_index_SB_DFFESR_Q_11_D_SB_LUT4_O_I2_SB_LUT4_O_I3_SB_CARRY_CI_CO_SB_CARRY_CI_CO_SB_CARRY_CI_CO_SB_CARRY_CI_CO_SB_CARRY_CI_CO_SB_CARRY_CI_CO_SB_LUT4_I3_LC.COUT
Info:    routing  0.00  3.28 Net conv.impl.tap_index_SB_DFFESR_Q_11_D_SB_LUT4_O_I2_SB_LUT4_O_I3_SB_CARRY_CI_CO_SB_CARRY_CI_CO_SB_CARRY_CI_CO_SB_CARRY_CI_CO_SB_CARRY_CI_CO_SB_CARRY_CI_CO_SB_CARRY_CI_CO (7,3) -> (7,3)
Info:                          Sink conv.impl.tap_index_SB_DFFESR_Q_11_D_SB_LUT4_O_I2_SB_LUT4_O_I3_SB_CARRY_CI_CO_SB_CARRY_CI_CO_SB_CARRY_CI_CO_SB_CARRY_CI_CO_SB_CARRY_CI_CO_SB_CARRY_CI_CO_SB_CARRY_CI_CO_SB_LUT4_I3_LC.CIN
Info:                          Defined in:
Info:                               /Users/adarmaori/Desktop/Final Project/FPGA/conv1d_large_4mult.v:88.22-88.35
Info:                               /opt/homebrew/bin/../share/yosys/ice40/arith_map.v:62.5-70.4
Info:                               /opt/homebrew/bin/../share/yosys/ice40/abc9_model.v:4.9-4.11
Info:      logic  0.13  3.40 Source conv.impl.tap_index_SB_DFFESR_Q_11_D_SB_LUT4_O_I2_SB_LUT4_O_I3_SB_CARRY_CI_CO_SB_CARRY_CI_CO_SB_CARRY_CI_CO_SB_CARRY_CI_CO_SB_CARRY_CI_CO_SB_CARRY_CI_CO_SB_CARRY_CI_CO_SB_LUT4_I3_LC.COUT
Info:    routing  0.00  3.40 Net conv.impl.tap_index_SB_DFFESR_Q_11_D_SB_LUT4_O_I2_SB_LUT4_O_I3_SB_CARRY_CI_CO_SB_CARRY_CI_CO_SB_CARRY_CI_CO_SB_CARRY_CI_CO_SB_CARRY_CI_CO_SB_CARRY_CI_CO_SB_CARRY_CI_CO_SB_CARRY_CI_CO (7,3) -> (7,3)
Info:                          Sink conv.impl.tap_index_SB_DFFESR_Q_11_D_SB_LUT4_O_I2_SB_LUT4_O_I3_SB_CARRY_CI_CO_SB_CARRY_CI_CO_SB_CARRY_CI_CO_SB_CARRY_CI_CO_SB_CARRY_CI_CO_SB_CARRY_CI_CO_SB_CARRY_CI_CO_SB_CARRY_CI_CO_SB_LUT4_I3_LC.CIN
Info:                          Defined in:
Info:                               /Users/adarmaori/Desktop/Final Project/FPGA/conv1d_large_4mult.v:88.22-88.35
Info:                               /opt/homebrew/bin/../share/yosys/ice40/arith_map.v:62.5-70.4
Info:                               /opt/homebrew/bin/../share/yosys/ice40/abc9_model.v:4.9-4.11
Info:      logic  0.13  3.53 Source conv.impl.tap_index_SB_DFFESR_Q_11_D_SB_LUT4_O_I2_SB_LUT4_O_I3_SB_CARRY_CI_CO_SB_CARRY_CI_CO_SB_CARRY_CI_CO_SB_CARRY_CI_CO_SB_CARRY_CI_CO_SB_CARRY_CI_CO_SB_CARRY_CI_CO_SB_CARRY_CI_CO_SB_LUT4_I3_LC.COUT
Info:    routing  0.00  3.53 Net conv.impl.tap_index_SB_DFFESR_Q_11_D_SB_LUT4_O_I2_SB_LUT4_O_I3_SB_CARRY_CI_CO_SB_CARRY_CI_CO_SB_CARRY_CI_CO_SB_CARRY_CI_CO_SB_CARRY_CI_CO_SB_CARRY_CI_CO_SB_CARRY_CI_CO_SB_CARRY_CI_CO_SB_CARRY_CI_CO (7,3) -> (7,3)
Info:                          Sink conv.impl.tap_index_SB_DFFESR_Q_11_D_SB_LUT4_O_I2_SB_LUT4_O_I3_SB_CARRY_CI_CO_SB_CARRY_CI_CO_SB_CARRY_CI_CO_SB_CARRY_CI_CO_SB_CARRY_CI_CO_SB_CARRY_CI_CO_SB_CARRY_CI_CO_SB_CARRY_CI_CO_SB_CARRY_CI_CO_SB_LUT4_I3_LC.CIN
Info:                          Defined in:
Info:                               /Users/adarmaori/Desktop/Final Project/FPGA/conv1d_large_4mult.v:88.22-88.35
Info:                               /opt/homebrew/bin/../share/yosys/ice40/arith_map.v:62.5-70.4
Info:                               /opt/homebrew/bin/../share/yosys/ice40/abc9_model.v:4.9-4.11
Info:      logic  0.13  3.65 Source conv.impl.tap_index_SB_DFFESR_Q_11_D_SB_LUT4_O_I2_SB_LUT4_O_I3_SB_CARRY_CI_CO_SB_CARRY_CI_CO_SB_CARRY_CI_CO_SB_CARRY_CI_CO_SB_CARRY_CI_CO_SB_CARRY_CI_CO_SB_CARRY_CI_CO_SB_CARRY_CI_CO_SB_CARRY_CI_CO_SB_LUT4_I3_LC.COUT
Info:    routing  0.00  3.65 Net conv.impl.tap_index_SB_DFFESR_Q_11_D_SB_LUT4_O_I2_SB_LUT4_O_I3_SB_CARRY_CI_CO_SB_CARRY_CI_CO_SB_CARRY_CI_CO_SB_CARRY_CI_CO_SB_CARRY_CI_CO_SB_CARRY_CI_CO_SB_CARRY_CI_CO_SB_CARRY_CI_CO_SB_CARRY_CI_CO_SB_CARRY_CI_CO (7,3) -> (7,3)
Info:                          Sink conv.impl.tap_index_SB_DFFESR_Q_11_D_SB_LUT4_O_I2_SB_LUT4_O_I3_SB_CARRY_CI_CO_SB_CARRY_CI_CO_SB_CARRY_CI_CO_SB_CARRY_CI_CO_SB_CARRY_CI_CO_SB_CARRY_CI_CO_SB_CARRY_CI_CO_SB_CARRY_CI_CO_SB_CARRY_CI_CO_SB_CARRY_CI_CO_SB_LUT4_I3_LC.CIN
Info:                          Defined in:
Info:                               /Users/adarmaori/Desktop/Final Project/FPGA/conv1d_large_4mult.v:88.22-88.35
Info:                               /opt/homebrew/bin/../share/yosys/ice40/arith_map.v:62.5-70.4
Info:                               /opt/homebrew/bin/../share/yosys/ice40/abc9_model.v:4.9-4.11
Info:      logic  0.13  3.78 Source conv.impl.tap_index_SB_DFFESR_Q_11_D_SB_LUT4_O_I2_SB_LUT4_O_I3_SB_CARRY_CI_CO_SB_CARRY_CI_CO_SB_CARRY_CI_CO_SB_CARRY_CI_CO_SB_CARRY_CI_CO_SB_CARRY_CI_CO_SB_CARRY_CI_CO_SB_CARRY_CI_CO_SB_CARRY_CI_CO_SB_CARRY_CI_CO_SB_LUT4_I3_LC.COUT
Info:    routing  0.00  3.78 Net conv.impl.tap_index_SB_DFFESR_Q_11_D_SB_LUT4_O_I2_SB_LUT4_O_I3_SB_CARRY_CI_CO_SB_CARRY_CI_CO_SB_CARRY_CI_CO_SB_CARRY_CI_CO_SB_CARRY_CI_CO_SB_CARRY_CI_CO_SB_CARRY_CI_CO_SB_CARRY_CI_CO_SB_CARRY_CI_CO_SB_CARRY_CI_CO_SB_CARRY_CI_CO (7,3) -> (7,3)
Info:                          Sink conv.impl.tap_index_SB_DFFESR_Q_11_D_SB_LUT4_O_I2_SB_LUT4_O_I3_SB_CARRY_CI_CO_SB_CARRY_CI_CO_SB_CARRY_CI_CO_SB_CARRY_CI_CO_SB_CARRY_CI_CO_SB_CARRY_CI_CO_SB_CARRY_CI_CO_SB_CARRY_CI_CO_SB_CARRY_CI_CO_SB_CARRY_CI_CO_SB_CARRY_CI_CO_SB_LUT4_I3_LC.CIN
Info:                          Defined in:
Info:                               /Users/adarmaori/Desktop/Final Project/FPGA/conv1d_large_4mult.v:88.22-88.35
Info:                               /opt/homebrew/bin/../share/yosys/ice40/arith_map.v:62.5-70.4
Info:                               /opt/homebrew/bin/../share/yosys/ice40/abc9_model.v:4.9-4.11
Info:      logic  0.13  3.91 Source conv.impl.tap_index_SB_DFFESR_Q_11_D_SB_LUT4_O_I2_SB_LUT4_O_I3_SB_CARRY_CI_CO_SB_CARRY_CI_CO_SB_CARRY_CI_CO_SB_CARRY_CI_CO_SB_CARRY_CI_CO_SB_CARRY_CI_CO_SB_CARRY_CI_CO_SB_CARRY_CI_CO_SB_CARRY_CI_CO_SB_CARRY_CI_CO_SB_CARRY_CI_CO_SB_LUT4_I3_LC.COUT
Info:    routing  0.26  4.17 Net $nextpnr_ICESTORM_LC_1$I3 (7,3) -> (7,3)
Info:                          Sink $nextpnr_ICESTORM_LC_1.I3
Info:      logic  0.31  4.48 Source $nextpnr_ICESTORM_LC_1.O
Info:    routing  0.59  5.07 Net conv.impl.tap_index_SB_DFFESR_Q_11_D_SB_LUT4_O_I2_SB_LUT4_O_I3_SB_CARRY_CI_CO_SB_CARRY_CI_CO_SB_CARRY_CI_CO_SB_CARRY_CI_CO_SB_CARRY_CI_CO_SB_CARRY_CI_CO_SB_CARRY_CI_CO_SB_CARRY_CI_CO_SB_CARRY_CI_CO_SB_CARRY_CI_CO_SB_CARRY_CI_CO_SB_CARRY_CI_CO (7,3) -> (6,3)
Info:                          Sink conv.impl.tap_index_SB_DFFESR_Q_11_D_SB_LUT4_O_I2_SB_LUT4_I3_O_SB_CARRY_I1_CO_SB_CARRY_CI_CO_SB_CARRY_CI_CO_SB_CARRY_CI_CO_SB_CARRY_CI_CO_SB_CARRY_CI_CO_SB_CARRY_CI_CO_SB_CARRY_CI_CO_SB_CARRY_CI_CO_SB_CARRY_CI_CO_SB_CARRY_CI_CO_SB_CARRY_CI_CO_SB_CARRY_CI$CARRY.I3
Info:                          Defined in:
Info:                               /Users/adarmaori/Desktop/Final Project/FPGA/conv1d_large_4mult.v:88.22-88.35
Info:                               /opt/homebrew/bin/../share/yosys/ice40/arith_map.v:62.5-70.4
Info:                               /opt/homebrew/bin/../share/yosys/ice40/abc9_model.v:4.9-4.11
Info:      logic  0.31  5.38 Source conv.impl.tap_index_SB_DFFESR_Q_11_D_SB_LUT4_O_I2_SB_LUT4_I3_O_SB_CARRY_I1_CO_SB_CARRY_CI_CO_SB_CARRY_CI_CO_SB_CARRY_CI_CO_SB_CARRY_CI_CO_SB_CARRY_CI_CO_SB_CARRY_CI_CO_SB_CARRY_CI_CO_SB_CARRY_CI_CO_SB_CARRY_CI_CO_SB_CARRY_CI_CO_SB_CARRY_CI_CO_SB_CARRY_CI$CARRY.O
Info:    routing  0.59  5.97 Net conv.impl.tap_index_SB_DFFESR_Q_11_D_SB_LUT4_O_I2_SB_LUT4_O_I3_SB_CARRY_CI_CO_SB_CARRY_CI_CO_SB_CARRY_CI_CO_SB_CARRY_CI_CO_SB_CARRY_CI_CO_SB_CARRY_CI_CO_SB_CARRY_CI_CO_SB_CARRY_CI_CO_SB_CARRY_CI_CO_SB_CARRY_CI_CO_SB_CARRY_CI_CO_SB_CARRY_CI_CO_SB_LUT4_I3_O (6,3) -> (6,3)
Info:                          Sink conv.impl.tap_index_SB_DFFESR_Q_11_D_SB_LUT4_O_I2_SB_LUT4_I3_O_SB_CARRY_I1_CO_SB_CARRY_CI_CO_SB_CARRY_CI_CO_SB_CARRY_CI_CO_SB_CARRY_CI_CO_SB_CARRY_CI_CO_SB_CARRY_CI_CO_SB_CARRY_CI_CO_SB_CARRY_CI_CO_SB_CARRY_CI_CO_SB_CARRY_CI_CO_SB_CARRY_CI_CO_SB_CARRY_CI$CARRY.I2
Info:      logic  0.23  6.20 Source conv.impl.tap_index_SB_DFFESR_Q_11_D_SB_LUT4_O_I2_SB_LUT4_I3_O_SB_CARRY_I1_CO_SB_CARRY_CI_CO_SB_CARRY_CI_CO_SB_CARRY_CI_CO_SB_CARRY_CI_CO_SB_CARRY_CI_CO_SB_CARRY_CI_CO_SB_CARRY_CI_CO_SB_CARRY_CI_CO_SB_CARRY_CI_CO_SB_CARRY_CI_CO_SB_CARRY_CI_CO_SB_CARRY_CI$CARRY.COUT
Info:    routing  0.26  6.46 Net $nextpnr_ICESTORM_LC_3$I3 (6,3) -> (6,3)
Info:                          Sink $nextpnr_ICESTORM_LC_3.I3
Info:      logic  0.31  6.78 Source $nextpnr_ICESTORM_LC_3.O
Info:    routing  2.02  8.79 Net conv.impl.acc_SB_DFFESR_Q_16_D_SB_LUT4_O_I1_SB_LUT4_O_I1[0] (6,3) -> (2,12)
Info:                          Sink conv.impl.acc_SB_DFFESR_Q_16_D_SB_LUT4_O_I1_SB_LUT4_O_I3_SB_CARRY_CI_CO_SB_LUT4_I3_I1_SB_LUT4_O_I3_SB_CARRY_CO_CI_SB_CARRY_CO_I0_SB_LUT4_O_1_I3_SB_LUT4_O_I0_SB_LUT4_I3_O_SB_LUT4_I3_O_SB_LUT4_O_I1_SB_LUT4_O_I2_SB_LUT4_O_I2_SB_LUT4_I1_O_SB_LUT4_O_1_I2_SB_LUT4_O_LC.I1
Info:                          Defined in:
Info:                               /opt/homebrew/bin/../share/yosys/ice40/cells_map.v:6.21-6.22
Info:      logic  0.40  9.19 Source conv.impl.acc_SB_DFFESR_Q_16_D_SB_LUT4_O_I1_SB_LUT4_O_I3_SB_CARRY_CI_CO_SB_LUT4_I3_I1_SB_LUT4_O_I3_SB_CARRY_CO_CI_SB_CARRY_CO_I0_SB_LUT4_O_1_I3_SB_LUT4_O_I0_SB_LUT4_I3_O_SB_LUT4_I3_O_SB_LUT4_O_I1_SB_LUT4_O_I2_SB_LUT4_O_I2_SB_LUT4_I1_O_SB_LUT4_O_1_I2_SB_LUT4_O_LC.O
Info:    routing  0.59  9.78 Net conv.impl.acc_SB_DFFESR_Q_16_D_SB_LUT4_O_I1_SB_LUT4_O_I3_SB_CARRY_CI_CO_SB_LUT4_I3_I1_SB_LUT4_O_I3_SB_CARRY_CO_CI_SB_CARRY_CO_I0_SB_LUT4_O_1_I3_SB_LUT4_O_I0_SB_LUT4_I3_O_SB_LUT4_I3_O_SB_LUT4_O_I1_SB_LUT4_O_I2_SB_LUT4_O_I2_SB_LUT4_I1_O_SB_LUT4_O_1_I2[1] (2,12) -> (2,11)
Info:                          Sink conv.impl.acc_SB_DFFESR_Q_16_D_SB_LUT4_O_I1_SB_LUT4_O_I3_SB_CARRY_CI_CO_SB_LUT4_I3_I1_SB_LUT4_O_I3_SB_CARRY_CO_CI_SB_CARRY_CO_I0_SB_LUT4_O_1_I3_SB_LUT4_O_I0_SB_LUT4_I3_O_SB_LUT4_I3_O_SB_LUT4_O_I1_SB_LUT4_O_I2_SB_LUT4_O_I2_SB_LUT4_I1_O_SB_LUT4_O_1_LC.I2
Info:                          Defined in:
Info:                               /opt/homebrew/bin/../share/yosys/ice40/cells_map.v:6.21-6.22
Info:      logic  0.38  10.16 Source conv.impl.acc_SB_DFFESR_Q_16_D_SB_LUT4_O_I1_SB_LUT4_O_I3_SB_CARRY_CI_CO_SB_LUT4_I3_I1_SB_LUT4_O_I3_SB_CARRY_CO_CI_SB_CARRY_CO_I0_SB_LUT4_O_1_I3_SB_LUT4_O_I0_SB_LUT4_I3_O_SB_LUT4_I3_O_SB_LUT4_O_I1_SB_LUT4_O_I2_SB_LUT4_O_I2_SB_LUT4_I1_O_SB_LUT4_O_1_LC.O
Info:    routing  0.59  10.75 Net conv.impl.acc_SB_DFFESR_Q_16_D_SB_LUT4_O_I1_SB_LUT4_O_I3_SB_CARRY_CI_CO_SB_LUT4_I3_I1_SB_LUT4_O_I3_SB_CARRY_CO_CI_SB_CARRY_CO_I0_SB_LUT4_O_1_I3_SB_LUT4_O_I0_SB_LUT4_I3_O_SB_LUT4_I3_O_SB_LUT4_O_I1_SB_LUT4_O_I2_SB_LUT4_O_I2_SB_LUT4_I1_O[3] (2,11) -> (2,10)
Info:                          Sink conv.impl.acc_SB_DFFESR_Q_16_D_SB_LUT4_O_I1_SB_LUT4_O_I3_SB_CARRY_CI_CO_SB_LUT4_I3_I1_SB_LUT4_O_I3_SB_CARRY_CO_CI_SB_CARRY_CO_I0_SB_LUT4_O_1_I3_SB_LUT4_O_I0_SB_LUT4_I3_O_SB_LUT4_I3_O_SB_LUT4_O_I1_SB_LUT4_O_I2_SB_LUT4_O_1_LC.I3
Info:                          Defined in:
Info:                               /opt/homebrew/bin/../share/yosys/ice40/cells_map.v:6.21-6.22
Info:      logic  0.31  11.06 Source conv.impl.acc_SB_DFFESR_Q_16_D_SB_LUT4_O_I1_SB_LUT4_O_I3_SB_CARRY_CI_CO_SB_LUT4_I3_I1_SB_LUT4_O_I3_SB_CARRY_CO_CI_SB_CARRY_CO_I0_SB_LUT4_O_1_I3_SB_LUT4_O_I0_SB_LUT4_I3_O_SB_LUT4_I3_O_SB_LUT4_O_I1_SB_LUT4_O_I2_SB_LUT4_O_1_LC.O
Info:    routing  0.59  11.65 Net conv.impl.acc_SB_DFFESR_Q_16_D_SB_LUT4_O_I1_SB_LUT4_O_I3_SB_CARRY_CI_CO_SB_LUT4_I3_I1_SB_LUT4_O_I3_SB_CARRY_CO_CI_SB_CARRY_CO_I0_SB_LUT4_O_1_I3_SB_LUT4_O_I0_SB_LUT4_I3_O_SB_LUT4_I3_O_SB_LUT4_O_I1_SB_LUT4_O_I2[3] (2,10) -> (2,9)
Info:                          Sink conv.impl.acc_SB_DFFESR_Q_16_D_SB_LUT4_O_I1_SB_LUT4_O_I3_SB_CARRY_CI_CO_SB_LUT4_I3_I1_SB_LUT4_O_I3_SB_CARRY_CO_CI_SB_CARRY_CO_I0_SB_LUT4_O_1_I3_SB_LUT4_O_I0_SB_LUT4_I3_O_SB_LUT4_I3_O_SB_LUT4_O_I1_SB_LUT4_O_LC.I3
Info:                          Defined in:
Info:                               /opt/homebrew/bin/../share/yosys/ice40/cells_map.v:6.21-6.22
Info:      logic  0.31  11.96 Source conv.impl.acc_SB_DFFESR_Q_16_D_SB_LUT4_O_I1_SB_LUT4_O_I3_SB_CARRY_CI_CO_SB_LUT4_I3_I1_SB_LUT4_O_I3_SB_CARRY_CO_CI_SB_CARRY_CO_I0_SB_LUT4_O_1_I3_SB_LUT4_O_I0_SB_LUT4_I3_O_SB_LUT4_I3_O_SB_LUT4_O_I1_SB_LUT4_O_LC.O
Info:    routing  1.27  13.24 Net conv.impl.acc_SB_DFFESR_Q_16_D_SB_LUT4_O_I1_SB_LUT4_O_I3_SB_CARRY_CI_CO_SB_LUT4_I3_I1_SB_LUT4_O_I3_SB_CARRY_CO_CI_SB_CARRY_CO_I0_SB_LUT4_O_1_I3_SB_LUT4_O_I0_SB_LUT4_I3_O_SB_LUT4_I3_O_SB_LUT4_O_I1[1] (2,9) -> (4,11)
Info:                          Sink conv.impl.acc_SB_DFFESR_Q_16_D_SB_LUT4_O_I1_SB_LUT4_O_I3_SB_CARRY_CI_CO_SB_LUT4_I3_I1_SB_LUT4_O_I3_SB_CARRY_CO_CI_SB_CARRY_CO_I0_SB_LUT4_O_1_I3_SB_LUT4_O_I0_SB_LUT4_I3_O_SB_LUT4_I3_O_SB_LUT4_O_LC.I1
Info:                          Defined in:
Info:                               /opt/homebrew/bin/../share/yosys/ice40/arith_map.v:62.5-70.4
Info:                               /opt/homebrew/bin/../share/yosys/ice40/cells_map.v:6.21-6.22
Info:      logic  0.26  13.50 Source conv.impl.acc_SB_DFFESR_Q_16_D_SB_LUT4_O_I1_SB_LUT4_O_I3_SB_CARRY_CI_CO_SB_LUT4_I3_I1_SB_LUT4_O_I3_SB_CARRY_CO_CI_SB_CARRY_CO_I0_SB_LUT4_O_1_I3_SB_LUT4_O_I0_SB_LUT4_I3_O_SB_LUT4_I3_O_SB_LUT4_O_LC.COUT
Info:    routing  0.26  13.76 Net conv.impl.acc_SB_DFFESR_Q_16_D_SB_LUT4_O_I1_SB_LUT4_O_I3_SB_CARRY_CI_CO_SB_LUT4_I3_I1_SB_LUT4_O_I3_SB_CARRY_CO_CI_SB_CARRY_CO_I0_SB_LUT4_O_1_I3_SB_LUT4_O_I2_SB_LUT4_O_I3_SB_CARRY_CI_CO_SB_CARRY_CI_CO (4,11) -> (4,11)
Info:                          Sink conv.impl.acc_SB_DFFESR_Q_16_D_SB_LUT4_O_I1_SB_LUT4_O_I3_SB_CARRY_CI_CO_SB_LUT4_I3_I1_SB_LUT4_O_I3_SB_CARRY_CO_CI_SB_CARRY_CO_I0_SB_LUT4_O_1_I3_SB_LUT4_O_I2_SB_LUT4_O_I3_SB_CARRY_CI_CO_SB_CARRY_CI_CO_SB_LUT4_I3_LC.I3
Info:                          Defined in:
Info:                               /opt/homebrew/bin/../share/yosys/ice40/arith_map.v:62.5-70.4
Info:                               /opt/homebrew/bin/../share/yosys/ice40/cells_map.v:6.21-6.22
Info:      logic  0.31  14.07 Source conv.impl.acc_SB_DFFESR_Q_16_D_SB_LUT4_O_I1_SB_LUT4_O_I3_SB_CARRY_CI_CO_SB_LUT4_I3_I1_SB_LUT4_O_I3_SB_CARRY_CO_CI_SB_CARRY_CO_I0_SB_LUT4_O_1_I3_SB_LUT4_O_I2_SB_LUT4_O_I3_SB_CARRY_CI_CO_SB_CARRY_CI_CO_SB_LUT4_I3_LC.O
Info:    routing  0.59  14.66 Net conv.impl.acc_SB_DFFESR_Q_16_D_SB_LUT4_O_I1_SB_LUT4_O_I3_SB_CARRY_CI_CO_SB_LUT4_I3_I1_SB_LUT4_O_I3_SB_CARRY_CO_CI_SB_CARRY_CO_I0_SB_LUT4_O_1_I3_SB_LUT4_O_I2_SB_LUT4_O_I3_SB_CARRY_CI_CO_SB_CARRY_CI_CO_SB_LUT4_I3_O[2] (4,11) -> (4,12)
Info:                          Sink conv.impl.acc_SB_DFFESR_Q_16_D_SB_LUT4_O_I1_SB_LUT4_O_I3_SB_CARRY_CI_CO_SB_LUT4_I3_I1_SB_LUT4_O_I3_SB_CARRY_CO_CI_SB_CARRY_CO_I0_SB_LUT4_O_1_I3_SB_LUT4_O_I0_SB_LUT4_I3_O_SB_LUT4_I3_1_O_SB_LUT4_O_1_LC.I3
Info:                          Defined in:
Info:                               /opt/homebrew/bin/../share/yosys/ice40/cells_map.v:6.21-6.22
Info:      logic  0.31  14.97 Source conv.impl.acc_SB_DFFESR_Q_16_D_SB_LUT4_O_I1_SB_LUT4_O_I3_SB_CARRY_CI_CO_SB_LUT4_I3_I1_SB_LUT4_O_I3_SB_CARRY_CO_CI_SB_CARRY_CO_I0_SB_LUT4_O_1_I3_SB_LUT4_O_I0_SB_LUT4_I3_O_SB_LUT4_I3_1_O_SB_LUT4_O_1_LC.O
Info:    routing  0.59  15.56 Net conv.impl.acc_SB_DFFESR_Q_16_D_SB_LUT4_O_I1_SB_LUT4_O_I3_SB_CARRY_CI_CO_SB_LUT4_I3_I1_SB_LUT4_O_I3_SB_CARRY_CO_CI_SB_CARRY_CO_I0_SB_LUT4_O_1_I3_SB_LUT4_O_I0_SB_LUT4_I3_O_SB_LUT4_I3_1_O[2] (4,12) -> (4,13)
Info:                          Sink conv.impl.acc_SB_DFFESR_Q_16_D_SB_LUT4_O_I1_SB_LUT4_O_I3_SB_CARRY_CI_CO_SB_LUT4_I3_I1_SB_LUT4_O_I3_SB_CARRY_CO_CI_SB_CARRY_CO_I0_SB_LUT4_O_LC.I3
Info:                          Defined in:
Info:                               /opt/homebrew/bin/../share/yosys/ice40/cells_map.v:6.21-6.22
Info:      logic  0.31  15.88 Source conv.impl.acc_SB_DFFESR_Q_16_D_SB_LUT4_O_I1_SB_LUT4_O_I3_SB_CARRY_CI_CO_SB_LUT4_I3_I1_SB_LUT4_O_I3_SB_CARRY_CO_CI_SB_CARRY_CO_I0_SB_LUT4_O_LC.O
Info:    routing  0.59  16.47 Net conv.impl.acc_SB_DFFESR_Q_16_D_SB_LUT4_O_I1_SB_LUT4_O_I3_SB_CARRY_CI_CO_SB_LUT4_I3_I1_SB_LUT4_O_I3_SB_CARRY_CO_CI_SB_CARRY_CO_I0[1] (4,13) -> (5,12)
Info:                          Sink conv.impl.acc_SB_DFFESR_Q_16_D_SB_LUT4_O_I1_SB_LUT4_O_I3_SB_CARRY_CI_CO_SB_LUT4_I3_I1_SB_LUT4_O_I3_SB_CARRY_CO_CI_SB_LUT4_I3_O_SB_LUT4_O_LC.I1
Info:                          Defined in:
Info:                               /opt/homebrew/bin/../share/yosys/ice40/arith_map.v:62.5-70.4
Info:                               /opt/homebrew/bin/../share/yosys/ice40/cells_map.v:6.21-6.22
Info:      logic  0.26  16.72 Source conv.impl.acc_SB_DFFESR_Q_16_D_SB_LUT4_O_I1_SB_LUT4_O_I3_SB_CARRY_CI_CO_SB_LUT4_I3_I1_SB_LUT4_O_I3_SB_CARRY_CO_CI_SB_LUT4_I3_O_SB_LUT4_O_LC.COUT
Info:    routing  0.26  16.98 Net conv.impl.acc_SB_DFFESR_Q_16_D_SB_LUT4_O_I1_SB_LUT4_O_I3_SB_CARRY_CI_CO_SB_LUT4_I3_I1_SB_LUT4_O_I3_SB_CARRY_CO_CI (5,12) -> (5,12)
Info:                          Sink conv.impl.acc_SB_DFFESR_Q_16_D_SB_LUT4_O_I1_SB_LUT4_O_I3_SB_CARRY_CI_CO_SB_LUT4_I3_I1_SB_LUT4_O_I3_SB_CARRY_CO_CI_SB_LUT4_I3_LC.I3
Info:                          Defined in:
Info:                               /opt/homebrew/bin/../share/yosys/ice40/arith_map.v:62.5-70.4
Info:                               /opt/homebrew/bin/../share/yosys/ice40/cells_map.v:6.21-6.22
Info:      logic  0.31  17.30 Source conv.impl.acc_SB_DFFESR_Q_16_D_SB_LUT4_O_I1_SB_LUT4_O_I3_SB_CARRY_CI_CO_SB_LUT4_I3_I1_SB_LUT4_O_I3_SB_CARRY_CO_CI_SB_LUT4_I3_LC.O
Info:    routing  0.59  17.89 Net conv.impl.acc_SB_DFFESR_Q_16_D_SB_LUT4_O_I1_SB_LUT4_O_I3_SB_CARRY_CI_CO_SB_LUT4_I3_I1_SB_LUT4_O_I3_SB_CARRY_CO_CI_SB_LUT4_I3_O[2] (5,12) -> (5,13)
Info:                          Sink conv.impl.acc_SB_DFFESR_Q_16_D_SB_LUT4_O_I1_SB_LUT4_O_I3_SB_CARRY_CI_CO_SB_LUT4_I3_I1_SB_LUT4_O_I3_SB_CARRY_CO_CI_SB_LUT4_I3_O_SB_LUT4_I2_2_LC.I3
Info:                          Defined in:
Info:                               /opt/homebrew/bin/../share/yosys/ice40/cells_map.v:6.21-6.22
Info:      logic  0.31  18.20 Source conv.impl.acc_SB_DFFESR_Q_16_D_SB_LUT4_O_I1_SB_LUT4_O_I3_SB_CARRY_CI_CO_SB_LUT4_I3_I1_SB_LUT4_O_I3_SB_CARRY_CO_CI_SB_LUT4_I3_O_SB_LUT4_I2_2_LC.O
Info:    routing  0.59  18.79 Net conv.impl.acc_SB_DFFESR_Q_16_D_SB_LUT4_O_I1_SB_LUT4_O_I1[1] (5,13) -> (6,13)
Info:                          Sink conv.impl.acc_SB_DFFESR_Q_16_D_SB_LUT4_O_I1_SB_LUT4_O_LC.I1
Info:                          Defined in:
Info:                               /opt/homebrew/bin/../share/yosys/ice40/arith_map.v:62.5-70.4
Info:                               /opt/homebrew/bin/../share/yosys/ice40/cells_map.v:6.21-6.22
Info:      logic  0.26  19.05 Source conv.impl.acc_SB_DFFESR_Q_16_D_SB_LUT4_O_I1_SB_LUT4_O_LC.COUT
Info:    routing  0.26  19.31 Net conv.impl.acc_SB_DFFESR_Q_16_D_SB_LUT4_O_I1_SB_LUT4_O_I3_SB_CARRY_CI_CO (6,13) -> (6,13)
Info:                          Sink conv.impl.acc_SB_DFFESR_Q_16_D_SB_LUT4_O_I1_SB_LUT4_O_I3_SB_CARRY_CI_CO_SB_LUT4_I3_LC.I3
Info:                          Defined in:
Info:                               /opt/homebrew/bin/../share/yosys/ice40/arith_map.v:62.5-70.4
Info:                               /opt/homebrew/bin/../share/yosys/ice40/cells_map.v:6.21-6.22
Info:      logic  0.31  19.62 Source conv.impl.acc_SB_DFFESR_Q_16_D_SB_LUT4_O_I1_SB_LUT4_O_I3_SB_CARRY_CI_CO_SB_LUT4_I3_LC.O
Info:    routing  0.59  20.21 Net conv.impl.acc_SB_DFFESR_Q_16_D_SB_LUT4_O_I1_SB_LUT4_O_I3_SB_CARRY_CI_CO_SB_LUT4_I3_O[1] (6,13) -> (7,14)
Info:                          Sink conv.impl.acc_SB_DFFESR_Q_15_D_SB_LUT4_O_LC.I1
Info:                          Defined in:
Info:                               /Users/adarmaori/Desktop/Final Project/FPGA/conv1d_large_4mult.v:89.35-89.50
Info:                               /opt/homebrew/bin/../share/yosys/ice40/arith_map.v:62.5-70.4
Info:                               /opt/homebrew/bin/../share/yosys/ice40/cells_map.v:6.21-6.22
Info:      logic  0.26  20.47 Source conv.impl.acc_SB_DFFESR_Q_15_D_SB_LUT4_O_LC.COUT
Info:    routing  0.00  20.47 Net conv.impl.acc_SB_DFFESR_Q_14_D_SB_LUT4_O_I3 (7,14) -> (7,14)
Info:                          Sink conv.impl.acc_SB_DFFESR_Q_14_D_SB_LUT4_O_LC.CIN
Info:                          Defined in:
Info:                               /Users/adarmaori/Desktop/Final Project/FPGA/conv1d_large_4mult.v:89.35-89.50
Info:                               /opt/homebrew/bin/../share/yosys/ice40/arith_map.v:62.5-70.4
Info:                               /opt/homebrew/bin/../share/yosys/ice40/abc9_model.v:4.9-4.11
Info:      logic  0.13  20.59 Source conv.impl.acc_SB_DFFESR_Q_14_D_SB_LUT4_O_LC.COUT
Info:    routing  0.00  20.59 Net conv.impl.acc_SB_DFFESR_Q_13_D_SB_LUT4_O_I3 (7,14) -> (7,14)
Info:                          Sink conv.impl.acc_SB_DFFESR_Q_13_D_SB_LUT4_O_LC.CIN
Info:                          Defined in:
Info:                               /Users/adarmaori/Desktop/Final Project/FPGA/conv1d_large_4mult.v:89.35-89.50
Info:                               /opt/homebrew/bin/../share/yosys/ice40/arith_map.v:62.5-70.4
Info:                               /opt/homebrew/bin/../share/yosys/ice40/abc9_model.v:4.9-4.11
Info:      logic  0.13  20.72 Source conv.impl.acc_SB_DFFESR_Q_13_D_SB_LUT4_O_LC.COUT
Info:    routing  0.00  20.72 Net conv.impl.acc_SB_DFFESR_Q_12_D_SB_LUT4_O_I3 (7,14) -> (7,14)
Info:                          Sink conv.impl.acc_SB_DFFESR_Q_12_D_SB_LUT4_O_LC.CIN
Info:                          Defined in:
Info:                               /Users/adarmaori/Desktop/Final Project/FPGA/conv1d_large_4mult.v:89.35-89.50
Info:                               /opt/homebrew/bin/../share/yosys/ice40/arith_map.v:62.5-70.4
Info:                               /opt/homebrew/bin/../share/yosys/ice40/cells_map.v:6.21-6.22
Info:      logic  0.13  20.85 Source conv.impl.acc_SB_DFFESR_Q_12_D_SB_LUT4_O_LC.COUT
Info:    routing  0.00  20.85 Net conv.impl.acc_SB_DFFESR_Q_11_D_SB_LUT4_O_I3 (7,14) -> (7,14)
Info:                          Sink conv.impl.acc_SB_DFFESR_Q_11_D_SB_LUT4_O_LC.CIN
Info:                          Defined in:
Info:                               /Users/adarmaori/Desktop/Final Project/FPGA/conv1d_large_4mult.v:89.35-89.50
Info:                               /opt/homebrew/bin/../share/yosys/ice40/arith_map.v:62.5-70.4
Info:                               /opt/homebrew/bin/../share/yosys/ice40/abc9_model.v:4.9-4.11
Info:      logic  0.13  20.97 Source conv.impl.acc_SB_DFFESR_Q_11_D_SB_LUT4_O_LC.COUT
Info:    routing  0.00  20.97 Net conv.impl.acc_SB_DFFESR_Q_10_D_SB_LUT4_O_I3 (7,14) -> (7,14)
Info:                          Sink conv.impl.acc_SB_DFFESR_Q_10_D_SB_LUT4_O_LC.CIN
Info:                          Defined in:
Info:                               /Users/adarmaori/Desktop/Final Project/FPGA/conv1d_large_4mult.v:89.35-89.50
Info:                               /opt/homebrew/bin/../share/yosys/ice40/arith_map.v:62.5-70.4
Info:                               /opt/homebrew/bin/../share/yosys/ice40/abc9_model.v:4.9-4.11
Info:      logic  0.13  21.10 Source conv.impl.acc_SB_DFFESR_Q_10_D_SB_LUT4_O_LC.COUT
Info:    routing  0.00  21.10 Net conv.impl.acc_SB_DFFESR_Q_9_D_SB_LUT4_O_I3 (7,14) -> (7,14)
Info:                          Sink conv.impl.acc_SB_DFFESR_Q_9_D_SB_LUT4_O_LC.CIN
Info:                          Defined in:
Info:                               /Users/adarmaori/Desktop/Final Project/FPGA/conv1d_large_4mult.v:89.35-89.50
Info:                               /opt/homebrew/bin/../share/yosys/ice40/arith_map.v:62.5-70.4
Info:                               /opt/homebrew/bin/../share/yosys/ice40/abc9_model.v:4.9-4.11
Info:      logic  0.13  21.23 Source conv.impl.acc_SB_DFFESR_Q_9_D_SB_LUT4_O_LC.COUT
Info:    routing  0.00  21.23 Net conv.impl.acc_SB_DFFESR_Q_8_D_SB_LUT4_O_I3 (7,14) -> (7,14)
Info:                          Sink conv.impl.acc_SB_DFFESR_Q_8_D_SB_LUT4_O_LC.CIN
Info:                          Defined in:
Info:                               /Users/adarmaori/Desktop/Final Project/FPGA/conv1d_large_4mult.v:89.35-89.50
Info:                               /opt/homebrew/bin/../share/yosys/ice40/arith_map.v:62.5-70.4
Info:                               /opt/homebrew/bin/../share/yosys/ice40/abc9_model.v:4.9-4.11
Info:      logic  0.13  21.35 Source conv.impl.acc_SB_DFFESR_Q_8_D_SB_LUT4_O_LC.COUT
Info:    routing  0.20  21.55 Net conv.impl.acc_SB_DFFESR_Q_7_D_SB_LUT4_O_I3 (7,14) -> (7,15)
Info:                          Sink conv.impl.acc_SB_DFFESR_Q_7_D_SB_LUT4_O_LC.CIN
Info:                          Defined in:
Info:                               /Users/adarmaori/Desktop/Final Project/FPGA/conv1d_large_4mult.v:89.35-89.50
Info:                               /opt/homebrew/bin/../share/yosys/ice40/arith_map.v:62.5-70.4
Info:                               /opt/homebrew/bin/../share/yosys/ice40/abc9_model.v:4.9-4.11
Info:      logic  0.13  21.67 Source conv.impl.acc_SB_DFFESR_Q_7_D_SB_LUT4_O_LC.COUT
Info:    routing  0.00  21.67 Net conv.impl.acc_SB_DFFESR_Q_6_D_SB_LUT4_O_I3 (7,15) -> (7,15)
Info:                          Sink conv.impl.acc_SB_DFFESR_Q_6_D_SB_LUT4_O_LC.CIN
Info:                          Defined in:
Info:                               /Users/adarmaori/Desktop/Final Project/FPGA/conv1d_large_4mult.v:89.35-89.50
Info:                               /opt/homebrew/bin/../share/yosys/ice40/arith_map.v:62.5-70.4
Info:                               /opt/homebrew/bin/../share/yosys/ice40/abc9_model.v:4.9-4.11
Info:      logic  0.13  21.80 Source conv.impl.acc_SB_DFFESR_Q_6_D_SB_LUT4_O_LC.COUT
Info:    routing  0.00  21.80 Net conv.impl.acc_SB_DFFESR_Q_5_D_SB_LUT4_O_I3 (7,15) -> (7,15)
Info:                          Sink conv.impl.acc_SB_DFFESR_Q_5_D_SB_LUT4_O_LC.CIN
Info:                          Defined in:
Info:                               /Users/adarmaori/Desktop/Final Project/FPGA/conv1d_large_4mult.v:89.35-89.50
Info:                               /opt/homebrew/bin/../share/yosys/ice40/arith_map.v:62.5-70.4
Info:                               /opt/homebrew/bin/../share/yosys/ice40/abc9_model.v:4.9-4.11
Info:      logic  0.13  21.92 Source conv.impl.acc_SB_DFFESR_Q_5_D_SB_LUT4_O_LC.COUT
Info:    routing  0.00  21.92 Net conv.impl.acc_SB_DFFESR_Q_4_D_SB_LUT4_O_I3 (7,15) -> (7,15)
Info:                          Sink conv.impl.acc_SB_DFFESR_Q_4_D_SB_LUT4_O_LC.CIN
Info:                          Defined in:
Info:                               /Users/adarmaori/Desktop/Final Project/FPGA/conv1d_large_4mult.v:89.35-89.50
Info:                               /opt/homebrew/bin/../share/yosys/ice40/arith_map.v:62.5-70.4
Info:                               /opt/homebrew/bin/../share/yosys/ice40/abc9_model.v:4.9-4.11
Info:      logic  0.13  22.05 Source conv.impl.acc_SB_DFFESR_Q_4_D_SB_LUT4_O_LC.COUT
Info:    routing  0.00  22.05 Net conv.impl.acc_SB_DFFESR_Q_3_D_SB_LUT4_O_I3 (7,15) -> (7,15)
Info:                          Sink conv.impl.acc_SB_DFFESR_Q_3_D_SB_LUT4_O_LC.CIN
Info:                          Defined in:
Info:                               /Users/adarmaori/Desktop/Final Project/FPGA/conv1d_large_4mult.v:89.35-89.50
Info:                               /opt/homebrew/bin/../share/yosys/ice40/arith_map.v:62.5-70.4
Info:                               /opt/homebrew/bin/../share/yosys/ice40/abc9_model.v:4.9-4.11
Info:      logic  0.13  22.18 Source conv.impl.acc_SB_DFFESR_Q_3_D_SB_LUT4_O_LC.COUT
Info:    routing  0.00  22.18 Net conv.impl.acc_SB_DFFESR_Q_2_D_SB_LUT4_O_I3 (7,15) -> (7,15)
Info:                          Sink conv.impl.acc_SB_DFFESR_Q_2_D_SB_LUT4_O_LC.CIN
Info:                          Defined in:
Info:                               /Users/adarmaori/Desktop/Final Project/FPGA/conv1d_large_4mult.v:89.35-89.50
Info:                               /opt/homebrew/bin/../share/yosys/ice40/arith_map.v:62.5-70.4
Info:                               /opt/homebrew/bin/../share/yosys/ice40/abc9_model.v:4.9-4.11
Info:      logic  0.13  22.30 Source conv.impl.acc_SB_DFFESR_Q_2_D_SB_LUT4_O_LC.COUT
Info:    routing  0.00  22.30 Net conv.impl.acc_SB_DFFESR_Q_1_D_SB_LUT4_O_I3 (7,15) -> (7,15)
Info:                          Sink conv.impl.acc_SB_DFFESR_Q_1_D_SB_LUT4_O_LC.CIN
Info:                          Defined in:
Info:                               /Users/adarmaori/Desktop/Final Project/FPGA/conv1d_large_4mult.v:89.35-89.50
Info:                               /opt/homebrew/bin/../share/yosys/ice40/arith_map.v:62.5-70.4
Info:                               /opt/homebrew/bin/../share/yosys/ice40/abc9_model.v:4.9-4.11
Info:      logic  0.13  22.43 Source conv.impl.acc_SB_DFFESR_Q_1_D_SB_LUT4_O_LC.COUT
Info:    routing  0.26  22.69 Net conv.impl.acc_SB_DFFESR_Q_D_SB_LUT4_O_I3 (7,15) -> (7,15)
Info:                          Sink conv.impl.acc_SB_DFFESR_Q_D_SB_LUT4_O_LC.I3
Info:                          Defined in:
Info:                               /Users/adarmaori/Desktop/Final Project/FPGA/conv1d_large_4mult.v:89.35-89.50
Info:                               /opt/homebrew/bin/../share/yosys/ice40/arith_map.v:62.5-70.4
Info:                               /opt/homebrew/bin/../share/yosys/ice40/abc9_model.v:4.9-4.11
Info:      logic  0.31  23.00 Source conv.impl.acc_SB_DFFESR_Q_D_SB_LUT4_O_LC.O
Info:    routing  0.59  23.59 Net conv.impl.acc_SB_DFFESR_Q_D (7,15) -> (6,15)
Info:                          Sink conv.impl.acc_SB_DFFESR_Q_DFFLC.I0
Info:      setup  0.47  24.06 Source conv.impl.acc_SB_DFFESR_Q_DFFLC.I0
Info: 10.49 ns logic, 13.57 ns routing

Info: Critical path report for cross-domain path '<async>' -> 'posedge clk$SB_IO_IN_$glb_clk':
Info:       type curr  total name
Info:     source  0.00  0.00 Source sample_valid$sb_io.D_IN_0
Info:    routing  0.96  0.96 Net sample_valid$SB_IO_IN (4,0) -> (4,3)
Info:                          Sink sample_valid_SB_LUT4_I1_1_LC.I1
Info:                          Defined in:
Info:                               conv1d_large_benchmark_top.v:13.16-13.28
Info:      logic  0.40  1.36 Source sample_valid_SB_LUT4_I1_1_LC.O
Info:    routing  1.33  2.69 Net conv.impl.busy_SB_DFFSR_Q_D[1] (4,3) -> (4,7)
Info:                          Sink conv.impl.busy_SB_DFFSR_Q_D_SB_LUT4_I3_LC.I3
Info:                          Defined in:
Info:                               /opt/homebrew/bin/../share/yosys/ice40/cells_map.v:6.21-6.22
Info:      logic  0.31  3.00 Source conv.impl.busy_SB_DFFSR_Q_D_SB_LUT4_I3_LC.O
Info:    routing  1.69  4.69 Net conv.impl.busy_SB_DFFSR_Q_D_SB_LUT4_I3_O (4,7) -> (0,9)
Info:                          Sink $gbuf_conv.impl.busy_SB_DFFSR_Q_D_SB_LUT4_I3_O_$glb_ce.USER_SIGNAL_TO_GLOBAL_BUFFER
Info:      logic  0.62  5.31 Source $gbuf_conv.impl.busy_SB_DFFSR_Q_D_SB_LUT4_I3_O_$glb_ce.GLOBAL_BUFFER_OUTPUT
Info:    routing  0.60  5.91 Net conv.impl.busy_SB_DFFSR_Q_D_SB_LUT4_I3_O_$glb_ce (0,9) -> (6,15)
Info:                          Sink conv.impl.acc_SB_DFFESR_Q_DFFLC.CEN
Info:      setup  0.10  6.01 Source conv.impl.acc_SB_DFFESR_Q_DFFLC.CEN
Info: 1.43 ns logic, 4.58 ns routing

Info: Critical path report for cross-domain path 'posedge clk$SB_IO_IN_$glb_clk' -> '<async>':
Info:       type curr  total name
Info:   clk-to-q  0.54  0.54 Source conv.impl.busy_SB_DFFSR_Q_DFFLC.O
Info:    routing  0.96  1.50 Net conv.impl.busy (4,3) -> (4,1)
Info:                          Sink sample_ready_SB_LUT4_O_LC.I3
Info:                          Defined in:
Info:                               /Users/adarmaori/Desktop/Final Project/FPGA/conv1d_large_4mult.v:28.9-28.13
Info:      logic  0.31  1.81 Source sample_ready_SB_LUT4_O_LC.O
Info:    routing  0.59  2.40 Net sample_ready$SB_IO_OUT (4,1) -> (3,0)
Info:                          Sink sample_ready$sb_io.D_OUT_0
Info:                          Defined in:
Info:                               conv1d_large_benchmark_top.v:14.17-14.29
Info: 0.86 ns logic, 1.55 ns routing

Info: Max frequency for clock 'clk$SB_IO_IN_$glb_clk': 41.56 MHz (PASS at 25.00 MHz)

Info: Max delay <async>                       -> posedge clk$SB_IO_IN_$glb_clk: 6.01 ns
Info: Max delay posedge clk$SB_IO_IN_$glb_clk -> <async>                      : 2.40 ns

Info: Slack histogram:
Info:  legend: * represents 3 endpoint(s)
Info:          + represents [1,3) endpoint(s)
Info: [ 15941,  17068) |****+
Info: [ 17068,  18195) |****+
Info: [ 18195,  19322) |*+
Info: [ 19322,  20449) |*+
Info: [ 20449,  21576) |+
Info: [ 21576,  22703) | 
Info: [ 22703,  23830) | 
Info: [ 23830,  24957) |+
Info: [ 24957,  26084) |+
Info: [ 26084,  27211) |*******+
Info: [ 27211,  28338) |+
Info: [ 28338,  29465) |*******+
Info: [ 29465,  30592) |+
Info: [ 30592,  31719) |+
Info: [ 31719,  32846) | 
Info: [ 32846,  33973) | 
Info: [ 33973,  35100) | 
Info: [ 35100,  36227) |*************************+
Info: [ 36227,  37354) |********************************************+
Info: [ 37354,  38481) |************************************************************ 
1 warning, 0 errors

Info: Program finished normally.
