Warning: No PCF file specified; IO pins will be placed automatically

Info: Packing constants..
Info: Packing IOs..
Info: Packing LUT-FFs..
Info:      352 LCs used as LUT4 only
Info:        3 LCs used as LUT4 and DFF
Info: Packing non-LUT FFs..
Info:      269 LCs used as DFF only
Info: Packing carries..
Info:       16 LCs used as CARRY only
Info: Packing indirect carry+LUT pairs...
Info:        4 LUTs merged into carry LCs
Info: Packing RAMs..
Info: Placing PLLs..
Info: Packing special functions..
Info: Packing PLLs..
Info: Promoting globals..
Info: promoting clk$SB_IO_IN (fanout 272)
Info: promoting rst$SB_IO_IN [reset] (fanout 225)
Info: promoting sample_valid_SB_LUT4_I1_O [reset] (fanout 46)
Info: promoting conv.impl.busy_SB_DFFSR_Q_D_SB_LUT4_I3_O [cen] (fanout 32)
Info: promoting conv.impl.busy_SB_LUT4_I2_O [cen] (fanout 32)
Info: Constraining chains...
Info:        4 LCs used to legalise carry chains.
Info: Checksum: 0xb4ac7ddc

Info: Device utilisation:
Info: 	         ICESTORM_LC:     642/   1280    50%
Info: 	        ICESTORM_RAM:       0/     16     0%
Info: 	               SB_IO:      43/    112    38%
Info: 	               SB_GB:       5/      8    62%
Info: 	        ICESTORM_PLL:       0/      1     0%
Info: 	         SB_WARMBOOT:       0/      1     0%

Info: Placed 0 cells based on constraints.
Info: Creating initial analytic placement for 571 cells, random placement wirelen = 7753.
Info:     at initial placer iter 0, wirelen = 556
Info:     at initial placer iter 1, wirelen = 580
Info:     at initial placer iter 2, wirelen = 518
Info:     at initial placer iter 3, wirelen = 550
Info: Running main analytical placer, max placement attempts per cell = 59512.
Info:     at iteration #1, type ALL: wirelen solved = 587, spread = 2087, legal = 2225; time = 0.01s
Info:     at iteration #2, type ALL: wirelen solved = 554, spread = 2312, legal = 2377; time = 0.01s
Info:     at iteration #3, type ALL: wirelen solved = 589, spread = 2121, legal = 2201; time = 0.01s
Info:     at iteration #4, type ALL: wirelen solved = 624, spread = 1987, legal = 2080; time = 0.01s
Info:     at iteration #5, type ALL: wirelen solved = 633, spread = 2202, legal = 2249; time = 0.01s
Info:     at iteration #6, type ALL: wirelen solved = 743, spread = 2065, legal = 2220; time = 0.01s
Info:     at iteration #7, type ALL: wirelen solved = 756, spread = 1943, legal = 2117; time = 0.01s
Info:     at iteration #8, type ALL: wirelen solved = 838, spread = 1994, legal = 2080; time = 0.01s
Info:     at iteration #9, type ALL: wirelen solved = 838, spread = 1860, legal = 2010; time = 0.01s
Info:     at iteration #10, type ALL: wirelen solved = 898, spread = 1776, legal = 1868; time = 0.01s
Info:     at iteration #11, type ALL: wirelen solved = 915, spread = 1840, legal = 2024; time = 0.01s
Info:     at iteration #12, type ALL: wirelen solved = 929, spread = 1873, legal = 2071; time = 0.01s
Info:     at iteration #13, type ALL: wirelen solved = 1013, spread = 1979, legal = 2137; time = 0.01s
Info:     at iteration #14, type ALL: wirelen solved = 1036, spread = 1837, legal = 1983; time = 0.01s
Info:     at iteration #15, type ALL: wirelen solved = 1068, spread = 1855, legal = 2026; time = 0.01s
Info: HeAP Placer Time: 0.14s
Info:   of which solving equations: 0.09s
Info:   of which spreading cells: 0.01s
Info:   of which strict legalisation: 0.01s

Info: Running simulated annealing placer for refinement.
Info:   at iteration #1: temp = 0.000000, timing cost = 351, wirelen = 1868
Info:   at iteration #5: temp = 0.000000, timing cost = 326, wirelen = 1449
Info:   at iteration #10: temp = 0.000000, timing cost = 298, wirelen = 1351
Info:   at iteration #15: temp = 0.000000, timing cost = 291, wirelen = 1305
Info:   at iteration #20: temp = 0.000000, timing cost = 291, wirelen = 1276
Info:   at iteration #20: temp = 0.000000, timing cost = 290, wirelen = 1276 
Info: SA placement time 0.24s

Info: Max frequency for clock 'clk$SB_IO_IN_$glb_clk': 39.17 MHz (PASS at 25.00 MHz)

Info: Max delay <async>                       -> posedge clk$SB_IO_IN_$glb_clk: 6.36 ns
Info: Max delay posedge clk$SB_IO_IN_$glb_clk -> <async>                      : 2.29 ns

Info: Slack histogram:
Info:  legend: * represents 3 endpoint(s)
Info:          + represents [1,3) endpoint(s)
Info: [ 14472,  15700) |******+
Info: [ 15700,  16928) |*****+
Info: [ 16928,  18156) |***+
Info: [ 18156,  19384) |*+
Info: [ 19384,  20612) |+
Info: [ 20612,  21840) |*+
Info: [ 21840,  23068) | 
Info: [ 23068,  24296) | 
Info: [ 24296,  25524) |*********+
Info: [ 25524,  26752) |*********+
Info: [ 26752,  27980) | 
Info: [ 27980,  29208) |*+
Info: [ 29208,  30436) |+
Info: [ 30436,  31664) | 
Info: [ 31664,  32892) | 
Info: [ 32892,  34120) |+
Info: [ 34120,  35348) |*************+
Info: [ 35348,  36576) |****+
Info: [ 36576,  37804) |************************************************************ 
Info: [ 37804,  39032) |****************************************************+
Info: Checksum: 0xa5a52d52

Info: Routing..
Info: Setting up routing queue.
Info: Routing 1739 arcs.
Info:            |   (re-)routed arcs  |   delta    | remaining|       time spent     |
Info:    IterCnt |  w/ripup   wo/ripup |  w/r  wo/r |      arcs| batch(sec) total(sec)|
Info:       1000 |      114        823 |  114   823 |       914|       0.08       0.08|
Info:       2000 |      488       1446 |  374   623 |       373|       0.11       0.19|
Info:       2388 |      503       1819 |   15   373 |         0|       0.03       0.22|
Info: Routing complete.
Info: Router1 time 0.22s
Info: Checksum: 0x0480c6a6

Info: Critical path report for clock 'clk$SB_IO_IN_$glb_clk' (posedge -> posedge):
Info:       type curr  total name
Info:   clk-to-q  0.54  0.54 Source conv.impl.tap_index_SB_DFFESR_Q_13_D_SB_LUT4_O_LC.O
Info:    routing  1.59  2.13 Net conv.impl.acc_SB_DFFESR_Q_24_D_SB_LUT4_O_I1_SB_LUT4_O_I3_SB_CARRY_CI_CO_SB_LUT4_I3_I1_SB_LUT4_O_I1_SB_LUT4_O_I1_SB_LUT4_O_I3[0] (2,5) -> (9,3)
Info:                          Sink $nextpnr_ICESTORM_LC_2.I1
Info:                          Defined in:
Info:                               /opt/homebrew/bin/../share/yosys/ice40/cells_map.v:6.21-6.22
Info:      logic  0.26  2.39 Source $nextpnr_ICESTORM_LC_2.COUT
Info:    routing  0.00  2.39 Net $nextpnr_ICESTORM_LC_2$O (9,3) -> (9,3)
Info:                          Sink conv.impl.tap_index_SB_DFFESR_Q_11_D_SB_LUT4_O_I2_SB_LUT4_O_I3_SB_CARRY_CO$CARRY.CIN
Info:      logic  0.13  2.51 Source conv.impl.tap_index_SB_DFFESR_Q_11_D_SB_LUT4_O_I2_SB_LUT4_O_I3_SB_CARRY_CO$CARRY.COUT
Info:    routing  0.00  2.51 Net conv.impl.tap_index_SB_DFFESR_Q_11_D_SB_LUT4_O_I2_SB_LUT4_O_I3 (9,3) -> (9,3)
Info:                          Sink conv.impl.tap_index_SB_DFFESR_Q_11_D_SB_LUT4_O_I2_SB_LUT4_O_LC.CIN
Info:                          Defined in:
Info:                               /Users/adarmaori/Desktop/Final Project/FPGA/conv1d_large_4mult.v:88.22-88.35
Info:                               /opt/homebrew/bin/../share/yosys/ice40/arith_map.v:62.5-70.4
Info:                               /opt/homebrew/bin/../share/yosys/ice40/abc9_model.v:4.9-4.11
Info:      logic  0.13  2.64 Source conv.impl.tap_index_SB_DFFESR_Q_11_D_SB_LUT4_O_I2_SB_LUT4_O_LC.COUT
Info:    routing  0.00  2.64 Net conv.impl.tap_index_SB_DFFESR_Q_11_D_SB_LUT4_O_I2_SB_LUT4_O_I3_SB_CARRY_CI_CO (9,3) -> (9,3)
Info:                          Sink conv.impl.tap_index_SB_DFFESR_Q_11_D_SB_LUT4_O_I2_SB_LUT4_O_I3_SB_CARRY_CI_CO_SB_LUT4_I3_LC.CIN
Info:                          Defined in:
Info:                               /Users/adarmaori/Desktop/Final Project/FPGA/conv1d_large_4mult.v:88.22-88.35
Info:                               /opt/homebrew/bin/../share/yosys/ice40/arith_map.v:62.5-70.4
Info:                               /opt/homebrew/bin/../share/yosys/ice40/abc9_model.v:4.9-4.11
Info:      logic  0.13  2.77 Source conv.impl.tap_index_SB_DFFESR_Q_11_D_SB_LUT4_O_I2_SB_LUT4_O_I3_SB_CARRY_CI_CO_SB_LUT4_I3_LC.COUT
Info:    routing  0.00  2.77 Net conv.impl.tap_index_SB_DFFESR_Q_11_D_SB_LUT4_O_I2_SB_LUT4_O_I3_SB_CARRY_CI_CO_SB_CARRY_CI_CO (9,3) -> (9,3)
Info:                          Sink conv.impl.tap_index_SB_DFFESR_Q_11_D_SB_LUT4_O_I2_SB_LUT4_O_I3_SB_CARRY_CI_CO_SB_CARRY_CI_CO_SB_LUT4_I3_LC.CIN
Info:                          Defined in:
Info:                               /Users/adarmaori/Desktop/Final Project/FPGA/conv1d_large_4mult.v:88.22-88.35
Info:                               /opt/homebrew/bin/../share/yosys/ice40/arith_map.v:62.5-70.4
Info:                               /opt/homebrew/bin/../share/yosys/ice40/abc9_model.v:4.9-4.11
Info:      logic  0.13  2.89 Source conv.impl.tap_index_SB_DFFESR_Q_11_D_SB_LUT4_O_I2_SB_LUT4_O_I3_SB_CARRY_CI_CO_SB_CARRY_CI_CO_SB_LUT4_I3_LC.COUT
Info:    routing  0.00  2.89 Net conv.impl.tap_index_SB_DFFESR_Q_11_D_SB_LUT4_O_I2_SB_LUT4_O_I3_SB_CARRY_CI_CO_SB_CARRY_CI_CO_SB_CARRY_CI_CO (9,3) -> (9,3)
Info:                          Sink conv.impl.tap_index_SB_DFFESR_Q_11_D_SB_LUT4_O_I2_SB_LUT4_O_I3_SB_CARRY_CI_CO_SB_CARRY_CI_CO_SB_CARRY_CI_CO_SB_LUT4_I3_LC.CIN
Info:                          Defined in:
Info:                               /Users/adarmaori/Desktop/Final Project/FPGA/conv1d_large_4mult.v:88.22-88.35
Info:                               /opt/homebrew/bin/../share/yosys/ice40/arith_map.v:62.5-70.4
Info:                               /opt/homebrew/bin/../share/yosys/ice40/abc9_model.v:4.9-4.11
Info:      logic  0.13  3.02 Source conv.impl.tap_index_SB_DFFESR_Q_11_D_SB_LUT4_O_I2_SB_LUT4_O_I3_SB_CARRY_CI_CO_SB_CARRY_CI_CO_SB_CARRY_CI_CO_SB_LUT4_I3_LC.COUT
Info:    routing  0.00  3.02 Net conv.impl.tap_index_SB_DFFESR_Q_11_D_SB_LUT4_O_I2_SB_LUT4_O_I3_SB_CARRY_CI_CO_SB_CARRY_CI_CO_SB_CARRY_CI_CO_SB_CARRY_CI_CO (9,3) -> (9,3)
Info:                          Sink conv.impl.tap_index_SB_DFFESR_Q_11_D_SB_LUT4_O_I2_SB_LUT4_O_I3_SB_CARRY_CI_CO_SB_CARRY_CI_CO_SB_CARRY_CI_CO_SB_CARRY_CI_CO_SB_LUT4_I3_LC.CIN
Info:                          Defined in:
Info:                               /Users/adarmaori/Desktop/Final Project/FPGA/conv1d_large_4mult.v:88.22-88.35
Info:                               /opt/homebrew/bin/../share/yosys/ice40/arith_map.v:62.5-70.4
Info:                               /opt/homebrew/bin/../share/yosys/ice40/abc9_model.v:4.9-4.11
Info:      logic  0.13  3.14 Source conv.impl.tap_index_SB_DFFESR_Q_11_D_SB_LUT4_O_I2_SB_LUT4_O_I3_SB_CARRY_CI_CO_SB_CARRY_CI_CO_SB_CARRY_CI_CO_SB_CARRY_CI_CO_SB_LUT4_I3_LC.COUT
Info:    routing  0.00  3.14 Net conv.impl.tap_index_SB_DFFESR_Q_11_D_SB_LUT4_O_I2_SB_LUT4_O_I3_SB_CARRY_CI_CO_SB_CARRY_CI_CO_SB_CARRY_CI_CO_SB_CARRY_CI_CO_SB_CARRY_CI_CO (9,3) -> (9,3)
Info:                          Sink conv.impl.tap_index_SB_DFFESR_Q_11_D_SB_LUT4_O_I2_SB_LUT4_O_I3_SB_CARRY_CI_CO_SB_CARRY_CI_CO_SB_CARRY_CI_CO_SB_CARRY_CI_CO_SB_CARRY_CI_CO_SB_LUT4_I3_LC.CIN
Info:                          Defined in:
Info:                               /Users/adarmaori/Desktop/Final Project/FPGA/conv1d_large_4mult.v:88.22-88.35
Info:                               /opt/homebrew/bin/../share/yosys/ice40/arith_map.v:62.5-70.4
Info:                               /opt/homebrew/bin/../share/yosys/ice40/abc9_model.v:4.9-4.11
Info:      logic  0.13  3.27 Source conv.impl.tap_index_SB_DFFESR_Q_11_D_SB_LUT4_O_I2_SB_LUT4_O_I3_SB_CARRY_CI_CO_SB_CARRY_CI_CO_SB_CARRY_CI_CO_SB_CARRY_CI_CO_SB_CARRY_CI_CO_SB_LUT4_I3_LC.COUT
Info:    routing  0.20  3.47 Net conv.impl.tap_index_SB_DFFESR_Q_11_D_SB_LUT4_O_I2_SB_LUT4_O_I3_SB_CARRY_CI_CO_SB_CARRY_CI_CO_SB_CARRY_CI_CO_SB_CARRY_CI_CO_SB_CARRY_CI_CO_SB_CARRY_CI_CO (9,3) -> (9,4)
Info:                          Sink conv.impl.tap_index_SB_DFFESR_Q_11_D_SB_LUT4_O_I2_SB_LUT4_O_I3_SB_CARRY_CI_CO_SB_CARRY_CI_CO_SB_CARRY_CI_CO_SB_CARRY_CI_CO_SB_CARRY_CI_CO_SB_CARRY_CI_CO_SB_LUT4_I3_LC.CIN
Info:                          Defined in:
Info:                               /Users/adarmaori/Desktop/Final Project/FPGA/conv1d_large_4mult.v:88.22-88.35
Info:                               /opt/homebrew/bin/../share/yosys/ice40/arith_map.v:62.5-70.4
Info:                               /opt/homebrew/bin/../share/yosys/ice40/abc9_model.v:4.9-4.11
Info:      logic  0.13  3.59 Source conv.impl.tap_index_SB_DFFESR_Q_11_D_SB_LUT4_O_I2_SB_LUT4_O_I3_SB_CARRY_CI_CO_SB_CARRY_CI_CO_SB_CARRY_CI_CO_SB_CARRY_CI_CO_SB_CARRY_CI_CO_SB_CARRY_CI_CO_SB_LUT4_I3_LC.COUT
Info:    routing  0.00  3.59 Net conv.impl.tap_index_SB_DFFESR_Q_11_D_SB_LUT4_O_I2_SB_LUT4_O_I3_SB_CARRY_CI_CO_SB_CARRY_CI_CO_SB_CARRY_CI_CO_SB_CARRY_CI_CO_SB_CARRY_CI_CO_SB_CARRY_CI_CO_SB_CARRY_CI_CO (9,4) -> (9,4)
Info:                          Sink conv.impl.tap_index_SB_DFFESR_Q_11_D_SB_LUT4_O_I2_SB_LUT4_O_I3_SB_CARRY_CI_CO_SB_CARRY_CI_CO_SB_CARRY_CI_CO_SB_CARRY_CI_CO_SB_CARRY_CI_CO_SB_CARRY_CI_CO_SB_CARRY_CI_CO_SB_LUT4_I3_LC.CIN
Info:                          Defined in:
Info:                               /Users/adarmaori/Desktop/Final Project/FPGA/conv1d_large_4mult.v:88.22-88.35
Info:                               /opt/homebrew/bin/../share/yosys/ice40/arith_map.v:62.5-70.4
Info:                               /opt/homebrew/bin/../share/yosys/ice40/abc9_model.v:4.9-4.11
Info:      logic  0.13  3.72 Source conv.impl.tap_index_SB_DFFESR_Q_11_D_SB_LUT4_O_I2_SB_LUT4_O_I3_SB_CARRY_CI_CO_SB_CARRY_CI_CO_SB_CARRY_CI_CO_SB_CARRY_CI_CO_SB_CARRY_CI_CO_SB_CARRY_CI_CO_SB_CARRY_CI_CO_SB_LUT4_I3_LC.COUT
Info:    routing  0.00  3.72 Net conv.impl.tap_index_SB_DFFESR_Q_11_D_SB_LUT4_O_I2_SB_LUT4_O_I3_SB_CARRY_CI_CO_SB_CARRY_CI_CO_SB_CARRY_CI_CO_SB_CARRY_CI_CO_SB_CARRY_CI_CO_SB_CARRY_CI_CO_SB_CARRY_CI_CO_SB_CARRY_CI_CO (9,4) -> (9,4)
Info:                          Sink conv.impl.tap_index_SB_DFFESR_Q_11_D_SB_LUT4_O_I2_SB_LUT4_O_I3_SB_CARRY_CI_CO_SB_CARRY_CI_CO_SB_CARRY_CI_CO_SB_CARRY_CI_CO_SB_CARRY_CI_CO_SB_CARRY_CI_CO_SB_CARRY_CI_CO_SB_CARRY_CI_CO_SB_LUT4_I3_LC.CIN
Info:                          Defined in:
Info:                               /Users/adarmaori/Desktop/Final Project/FPGA/conv1d_large_4mult.v:88.22-88.35
Info:                               /opt/homebrew/bin/../share/yosys/ice40/arith_map.v:62.5-70.4
Info:                               /opt/homebrew/bin/../share/yosys/ice40/abc9_model.v:4.9-4.11
Info:      logic  0.13  3.84 Source conv.impl.tap_index_SB_DFFESR_Q_11_D_SB_LUT4_O_I2_SB_LUT4_O_I3_SB_CARRY_CI_CO_SB_CARRY_CI_CO_SB_CARRY_CI_CO_SB_CARRY_CI_CO_SB_CARRY_CI_CO_SB_CARRY_CI_CO_SB_CARRY_CI_CO_SB_CARRY_CI_CO_SB_LUT4_I3_LC.COUT
Info:    routing  0.00  3.84 Net conv.impl.tap_index_SB_DFFESR_Q_11_D_SB_LUT4_O_I2_SB_LUT4_O_I3_SB_CARRY_CI_CO_SB_CARRY_CI_CO_SB_CARRY_CI_CO_SB_CARRY_CI_CO_SB_CARRY_CI_CO_SB_CARRY_CI_CO_SB_CARRY_CI_CO_SB_CARRY_CI_CO_SB_CARRY_CI_CO (9,4) -> (9,4)
Info:                          Sink conv.impl.tap_index_SB_DFFESR_Q_11_D_SB_LUT4_O_I2_SB_LUT4_O_I3_SB_CARRY_CI_CO_SB_CARRY_CI_CO_SB_CARRY_CI_CO_SB_CARRY_CI_CO_SB_CARRY_CI_CO_SB_CARRY_CI_CO_SB_CARRY_CI_CO_SB_CARRY_CI_CO_SB_CARRY_CI_CO_SB_LUT4_I3_LC.CIN
Info:                          Defined in:
Info:                               /Users/adarmaori/Desktop/Final Project/FPGA/conv1d_large_4mult.v:88.22-88.35
Info:                               /opt/homebrew/bin/../share/yosys/ice40/arith_map.v:62.5-70.4
Info:                               /opt/homebrew/bin/../share/yosys/ice40/abc9_model.v:4.9-4.11
Info:      logic  0.13  3.97 Source conv.impl.tap_index_SB_DFFESR_Q_11_D_SB_LUT4_O_I2_SB_LUT4_O_I3_SB_CARRY_CI_CO_SB_CARRY_CI_CO_SB_CARRY_CI_CO_SB_CARRY_CI_CO_SB_CARRY_CI_CO_SB_CARRY_CI_CO_SB_CARRY_CI_CO_SB_CARRY_CI_CO_SB_CARRY_CI_CO_SB_LUT4_I3_LC.COUT
Info:    routing  0.00  3.97 Net conv.impl.tap_index_SB_DFFESR_Q_11_D_SB_LUT4_O_I2_SB_LUT4_O_I3_SB_CARRY_CI_CO_SB_CARRY_CI_CO_SB_CARRY_CI_CO_SB_CARRY_CI_CO_SB_CARRY_CI_CO_SB_CARRY_CI_CO_SB_CARRY_CI_CO_SB_CARRY_CI_CO_SB_CARRY_CI_CO_SB_CARRY_CI_CO (9,4) -> (9,4)
Info:                          Sink conv.impl.tap_index_SB_DFFESR_Q_11_D_SB_LUT4_O_I2_SB_LUT4_O_I3_SB_CARRY_CI_CO_SB_CARRY_CI_CO_SB_CARRY_CI_CO_SB_CARRY_CI_CO_SB_CARRY_CI_CO_SB_CARRY_CI_CO_SB_CARRY_CI_CO_SB_CARRY_CI_CO_SB_CARRY_CI_CO_SB_CARRY_CI_CO_SB_LUT4_I3_LC.CIN
Info:                          Defined in:
Info:                               /Users/adarmaori/Desktop/Final Project/FPGA/conv1d_large_4mult.v:88.22-88.35
Info:                               /opt/homebrew/bin/../share/yosys/ice40/arith_map.v:62.5-70.4
Info:                               /opt/homebrew/bin/../share/yosys/ice40/abc9_model.v:4.9-4.11
Info:      logic  0.13  4.10 Source conv.impl.tap_index_SB_DFFESR_Q_11_D_SB_LUT4_O_I2_SB_LUT4_O_I3_SB_CARRY_CI_CO_SB_CARRY_CI_CO_SB_CARRY_CI_CO_SB_CARRY_CI_CO_SB_CARRY_CI_CO_SB_CARRY_CI_CO_SB_CARRY_CI_CO_SB_CARRY_CI_CO_SB_CARRY_CI_CO_SB_CARRY_CI_CO_SB_LUT4_I3_LC.COUT
Info:    routing  0.00  4.10 Net conv.impl.tap_index_SB_DFFESR_Q_11_D_SB_LUT4_O_I2_SB_LUT4_O_I3_SB_CARRY_CI_CO_SB_CARRY_CI_CO_SB_CARRY_CI_CO_SB_CARRY_CI_CO_SB_CARRY_CI_CO_SB_CARRY_CI_CO_SB_CARRY_CI_CO_SB_CARRY_CI_CO_SB_CARRY_CI_CO_SB_CARRY_CI_CO_SB_CARRY_CI_CO (9,4) -> (9,4)
Info:                          Sink conv.impl.tap_index_SB_DFFESR_Q_11_D_SB_LUT4_O_I2_SB_LUT4_O_I3_SB_CARRY_CI_CO_SB_CARRY_CI_CO_SB_CARRY_CI_CO_SB_CARRY_CI_CO_SB_CARRY_CI_CO_SB_CARRY_CI_CO_SB_CARRY_CI_CO_SB_CARRY_CI_CO_SB_CARRY_CI_CO_SB_CARRY_CI_CO_SB_CARRY_CI_CO_SB_LUT4_I3_LC.CIN
Info:                          Defined in:
Info:                               /Users/adarmaori/Desktop/Final Project/FPGA/conv1d_large_4mult.v:88.22-88.35
Info:                               /opt/homebrew/bin/../share/yosys/ice40/arith_map.v:62.5-70.4
Info:                               /opt/homebrew/bin/../share/yosys/ice40/abc9_model.v:4.9-4.11
Info:      logic  0.13  4.22 Source conv.impl.tap_index_SB_DFFESR_Q_11_D_SB_LUT4_O_I2_SB_LUT4_O_I3_SB_CARRY_CI_CO_SB_CARRY_CI_CO_SB_CARRY_CI_CO_SB_CARRY_CI_CO_SB_CARRY_CI_CO_SB_CARRY_CI_CO_SB_CARRY_CI_CO_SB_CARRY_CI_CO_SB_CARRY_CI_CO_SB_CARRY_CI_CO_SB_CARRY_CI_CO_SB_LUT4_I3_LC.COUT
Info:    routing  0.26  4.48 Net $nextpnr_ICESTORM_LC_3$I3 (9,4) -> (9,4)
Info:                          Sink $nextpnr_ICESTORM_LC_3.I3
Info:      logic  0.31  4.80 Source $nextpnr_ICESTORM_LC_3.O
Info:    routing  0.59  5.38 Net conv.impl.tap_index_SB_DFFESR_Q_11_D_SB_LUT4_O_I2_SB_LUT4_O_I3_SB_CARRY_CI_CO_SB_CARRY_CI_CO_SB_CARRY_CI_CO_SB_CARRY_CI_CO_SB_CARRY_CI_CO_SB_CARRY_CI_CO_SB_CARRY_CI_CO_SB_CARRY_CI_CO_SB_CARRY_CI_CO_SB_CARRY_CI_CO_SB_CARRY_CI_CO_SB_CARRY_CI_CO (9,4) -> (8,5)
Info:                          Sink conv.impl.tap_index_SB_DFFESR_Q_11_D_SB_LUT4_O_I2_SB_LUT4_I3_O_SB_CARRY_I1_CO_SB_CARRY_CI_CO_SB_CARRY_CI_CO_SB_CARRY_CI_CO_SB_CARRY_CI_CO_SB_CARRY_CI_CO_SB_CARRY_CI_CO_SB_CARRY_CI_CO_SB_CARRY_CI_CO_SB_CARRY_CI_CO_SB_CARRY_CI_CO_SB_CARRY_CI_CO_SB_CARRY_CI$CARRY.I3
Info:                          Defined in:
Info:                               /Users/adarmaori/Desktop/Final Project/FPGA/conv1d_large_4mult.v:88.22-88.35
Info:                               /opt/homebrew/bin/../share/yosys/ice40/arith_map.v:62.5-70.4
Info:                               /opt/homebrew/bin/../share/yosys/ice40/abc9_model.v:4.9-4.11
Info:      logic  0.31  5.70 Source conv.impl.tap_index_SB_DFFESR_Q_11_D_SB_LUT4_O_I2_SB_LUT4_I3_O_SB_CARRY_I1_CO_SB_CARRY_CI_CO_SB_CARRY_CI_CO_SB_CARRY_CI_CO_SB_CARRY_CI_CO_SB_CARRY_CI_CO_SB_CARRY_CI_CO_SB_CARRY_CI_CO_SB_CARRY_CI_CO_SB_CARRY_CI_CO_SB_CARRY_CI_CO_SB_CARRY_CI_CO_SB_CARRY_CI$CARRY.O
Info:    routing  0.59  6.29 Net conv.impl.tap_index_SB_DFFESR_Q_11_D_SB_LUT4_O_I2_SB_LUT4_O_I3_SB_CARRY_CI_CO_SB_CARRY_CI_CO_SB_CARRY_CI_CO_SB_CARRY_CI_CO_SB_CARRY_CI_CO_SB_CARRY_CI_CO_SB_CARRY_CI_CO_SB_CARRY_CI_CO_SB_CARRY_CI_CO_SB_CARRY_CI_CO_SB_CARRY_CI_CO_SB_CARRY_CI_CO_SB_LUT4_I3_O (8,5) -> (8,5)
Info:                          Sink conv.impl.tap_index_SB_DFFESR_Q_11_D_SB_LUT4_O_I2_SB_LUT4_I3_O_SB_CARRY_I1_CO_SB_CARRY_CI_CO_SB_CARRY_CI_CO_SB_CARRY_CI_CO_SB_CARRY_CI_CO_SB_CARRY_CI_CO_SB_CARRY_CI_CO_SB_CARRY_CI_CO_SB_CARRY_CI_CO_SB_CARRY_CI_CO_SB_CARRY_CI_CO_SB_CARRY_CI_CO_SB_CARRY_CI$CARRY.I2
Info:      logic  0.23  6.52 Source conv.impl.tap_index_SB_DFFESR_Q_11_D_SB_LUT4_O_I2_SB_LUT4_I3_O_SB_CARRY_I1_CO_SB_CARRY_CI_CO_SB_CARRY_CI_CO_SB_CARRY_CI_CO_SB_CARRY_CI_CO_SB_CARRY_CI_CO_SB_CARRY_CI_CO_SB_CARRY_CI_CO_SB_CARRY_CI_CO_SB_CARRY_CI_CO_SB_CARRY_CI_CO_SB_CARRY_CI_CO_SB_CARRY_CI$CARRY.COUT
Info:    routing  0.26  6.78 Net $nextpnr_ICESTORM_LC_1$I3 (8,5) -> (8,5)
Info:                          Sink $nextpnr_ICESTORM_LC_1.I3
Info:      logic  0.31  7.09 Source $nextpnr_ICESTORM_LC_1.O
Info:    routing  1.59  8.68 Net sample_valid_SB_LUT4_I1_1_I3_SB_LUT4_O_I2[1] (8,5) -> (2,6)
Info:                          Sink conv.impl.acc_SB_DFFESR_Q_31_D_SB_LUT4_O_I1_SB_LUT4_O_I3_SB_LUT4_I3_O_SB_LUT4_O_I1_SB_LUT4_I1_O_SB_LUT4_O_1_I3_SB_LUT4_O_I1_SB_LUT4_I3_O_SB_LUT4_O_I0_SB_LUT4_I1_LC.I2
Info:                          Defined in:
Info:                               /opt/homebrew/bin/../share/yosys/ice40/cells_map.v:6.21-6.22
Info:      logic  0.38  9.06 Source conv.impl.acc_SB_DFFESR_Q_31_D_SB_LUT4_O_I1_SB_LUT4_O_I3_SB_LUT4_I3_O_SB_LUT4_O_I1_SB_LUT4_I1_O_SB_LUT4_O_1_I3_SB_LUT4_O_I1_SB_LUT4_I3_O_SB_LUT4_O_I0_SB_LUT4_I1_LC.O
Info:    routing  0.90  9.96 Net conv.impl.acc_SB_DFFESR_Q_31_D_SB_LUT4_O_I1_SB_LUT4_O_I3_SB_LUT4_I3_O_SB_LUT4_O_I1_SB_LUT4_I1_O_SB_LUT4_O_1_I3_SB_LUT4_O_I1_SB_LUT4_I3_O_SB_LUT4_O_I0_SB_LUT4_I1_O[3] (2,6) -> (4,6)
Info:                          Sink conv.impl.acc_SB_DFFESR_Q_24_D_SB_LUT4_O_I1_SB_LUT4_O_I3_SB_CARRY_CI_CO_SB_LUT4_I3_I1_SB_LUT4_O_I1_SB_LUT4_O_I2_SB_LUT4_O_I2_SB_LUT4_O_I1_SB_LUT4_O_1_I2_SB_LUT4_O_1_I1_SB_LUT4_O_LC.I3
Info:                          Defined in:
Info:                               /opt/homebrew/bin/../share/yosys/ice40/cells_map.v:6.21-6.22
Info:      logic  0.31  10.28 Source conv.impl.acc_SB_DFFESR_Q_24_D_SB_LUT4_O_I1_SB_LUT4_O_I3_SB_CARRY_CI_CO_SB_LUT4_I3_I1_SB_LUT4_O_I1_SB_LUT4_O_I2_SB_LUT4_O_I2_SB_LUT4_O_I1_SB_LUT4_O_1_I2_SB_LUT4_O_1_I1_SB_LUT4_O_LC.O
Info:    routing  0.59  10.86 Net conv.impl.acc_SB_DFFESR_Q_24_D_SB_LUT4_O_I1_SB_LUT4_O_I3_SB_CARRY_CI_CO_SB_LUT4_I3_I1_SB_LUT4_O_I1_SB_LUT4_O_I2_SB_LUT4_O_I2_SB_LUT4_O_I1_SB_LUT4_O_1_I2_SB_LUT4_O_1_I1[1] (4,6) -> (4,6)
Info:                          Sink conv.impl.acc_SB_DFFESR_Q_24_D_SB_LUT4_O_I1_SB_LUT4_O_I3_SB_CARRY_CI_CO_SB_LUT4_I3_I1_SB_LUT4_O_I1_SB_LUT4_O_I2_SB_LUT4_O_I2_SB_LUT4_O_I1_SB_LUT4_O_1_I2_SB_LUT4_O_1_LC.I2
Info:                          Defined in:
Info:                               /opt/homebrew/bin/../share/yosys/ice40/cells_map.v:6.21-6.22
Info:      logic  0.38  11.24 Source conv.impl.acc_SB_DFFESR_Q_24_D_SB_LUT4_O_I1_SB_LUT4_O_I3_SB_CARRY_CI_CO_SB_LUT4_I3_I1_SB_LUT4_O_I1_SB_LUT4_O_I2_SB_LUT4_O_I2_SB_LUT4_O_I1_SB_LUT4_O_1_I2_SB_LUT4_O_1_LC.O
Info:    routing  0.59  11.83 Net conv.impl.acc_SB_DFFESR_Q_24_D_SB_LUT4_O_I1_SB_LUT4_O_I3_SB_CARRY_CI_CO_SB_LUT4_I3_I1_SB_LUT4_O_I1_SB_LUT4_O_I2_SB_LUT4_O_I2_SB_LUT4_O_I1_SB_LUT4_O_1_I2[3] (4,6) -> (4,5)
Info:                          Sink conv.impl.acc_SB_DFFESR_Q_24_D_SB_LUT4_O_I1_SB_LUT4_O_I3_SB_CARRY_CI_CO_SB_LUT4_I3_I1_SB_LUT4_O_I1_SB_LUT4_O_I2_SB_LUT4_O_I2_SB_LUT4_O_I3_SB_CARRY_CO_I0_SB_LUT4_O_LC.I3
Info:                          Defined in:
Info:                               /opt/homebrew/bin/../share/yosys/ice40/cells_map.v:6.21-6.22
Info:      logic  0.31  12.15 Source conv.impl.acc_SB_DFFESR_Q_24_D_SB_LUT4_O_I1_SB_LUT4_O_I3_SB_CARRY_CI_CO_SB_LUT4_I3_I1_SB_LUT4_O_I1_SB_LUT4_O_I2_SB_LUT4_O_I2_SB_LUT4_O_I3_SB_CARRY_CO_I0_SB_LUT4_O_LC.O
Info:    routing  0.59  12.73 Net conv.impl.acc_SB_DFFESR_Q_24_D_SB_LUT4_O_I1_SB_LUT4_O_I3_SB_CARRY_CI_CO_SB_LUT4_I3_I1_SB_LUT4_O_I1_SB_LUT4_O_I2_SB_LUT4_O_I2_SB_LUT4_O_I3_SB_CARRY_CO_I0[1] (4,5) -> (4,6)
Info:                          Sink conv.impl.acc_SB_DFFESR_Q_24_D_SB_LUT4_O_I1_SB_LUT4_O_I3_SB_CARRY_CI_CO_SB_LUT4_I3_I1_SB_LUT4_O_I1_SB_LUT4_O_I2_SB_LUT4_O_I2_SB_LUT4_O_I3_SB_CARRY_CO_CI_SB_LUT4_I3_LC.I1
Info:                          Defined in:
Info:                               /opt/homebrew/bin/../share/yosys/ice40/arith_map.v:62.5-70.4
Info:                               /opt/homebrew/bin/../share/yosys/ice40/cells_map.v:6.21-6.22
Info:      logic  0.40  13.13 Source conv.impl.acc_SB_DFFESR_Q_24_D_SB_LUT4_O_I1_SB_LUT4_O_I3_SB_CARRY_CI_CO_SB_LUT4_I3_I1_SB_LUT4_O_I1_SB_LUT4_O_I2_SB_LUT4_O_I2_SB_LUT4_O_I3_SB_CARRY_CO_CI_SB_LUT4_I3_LC.O
Info:    routing  0.96  14.09 Net conv.impl.acc_SB_DFFESR_Q_24_D_SB_LUT4_O_I1_SB_LUT4_O_I3_SB_CARRY_CI_CO_SB_LUT4_I3_I1_SB_LUT4_O_I1_SB_LUT4_O_I2_SB_LUT4_O_I2_SB_LUT4_O_I3_SB_CARRY_CO_CI_SB_LUT4_I3_O[2] (4,6) -> (5,8)
Info:                          Sink conv.impl.acc_SB_DFFESR_Q_31_D_SB_LUT4_O_I1_SB_LUT4_O_I3_SB_LUT4_I3_O_SB_LUT4_O_I1_SB_LUT4_I3_O_SB_LUT4_I2_1_I3_SB_LUT4_I3_O_SB_LUT4_O_1_LC.I3
Info:                          Defined in:
Info:                               /opt/homebrew/bin/../share/yosys/ice40/cells_map.v:6.21-6.22
Info:      logic  0.31  14.41 Source conv.impl.acc_SB_DFFESR_Q_31_D_SB_LUT4_O_I1_SB_LUT4_O_I3_SB_LUT4_I3_O_SB_LUT4_O_I1_SB_LUT4_I3_O_SB_LUT4_I2_1_I3_SB_LUT4_I3_O_SB_LUT4_O_1_LC.O
Info:    routing  0.59  14.99 Net conv.impl.acc_SB_DFFESR_Q_31_D_SB_LUT4_O_I1_SB_LUT4_O_I3_SB_LUT4_I3_O_SB_LUT4_O_I1_SB_LUT4_I3_O_SB_LUT4_I2_1_I3_SB_LUT4_I3_O[2] (5,8) -> (5,8)
Info:                          Sink conv.impl.acc_SB_DFFESR_Q_24_D_SB_LUT4_O_I1_SB_LUT4_O_I3_SB_CARRY_CI_CO_SB_LUT4_I3_I1_SB_LUT4_O_1_I3_SB_LUT4_O_I3_SB_CARRY_CO_CI_SB_CARRY_CO_I0_SB_LUT4_O_LC.I3
Info:                          Defined in:
Info:                               /opt/homebrew/bin/../share/yosys/ice40/cells_map.v:6.21-6.22
Info:      logic  0.31  15.31 Source conv.impl.acc_SB_DFFESR_Q_24_D_SB_LUT4_O_I1_SB_LUT4_O_I3_SB_CARRY_CI_CO_SB_LUT4_I3_I1_SB_LUT4_O_1_I3_SB_LUT4_O_I3_SB_CARRY_CO_CI_SB_CARRY_CO_I0_SB_LUT4_O_LC.O
Info:    routing  0.59  15.90 Net conv.impl.acc_SB_DFFESR_Q_24_D_SB_LUT4_O_I1_SB_LUT4_O_I3_SB_CARRY_CI_CO_SB_LUT4_I3_I1_SB_LUT4_O_1_I3_SB_LUT4_O_I3_SB_CARRY_CO_CI_SB_CARRY_CO_I0[1] (5,8) -> (6,8)
Info:                          Sink conv.impl.acc_SB_DFFESR_Q_24_D_SB_LUT4_O_I1_SB_LUT4_O_I3_SB_CARRY_CI_CO_SB_LUT4_I3_I1_SB_LUT4_O_1_I3_SB_LUT4_O_I3_SB_CARRY_CO_CI_SB_CARRY_CO_CI_SB_LUT4_I3_LC.I1
Info:                          Defined in:
Info:                               /opt/homebrew/bin/../share/yosys/ice40/arith_map.v:62.5-70.4
Info:                               /opt/homebrew/bin/../share/yosys/ice40/cells_map.v:6.21-6.22
Info:      logic  0.40  16.30 Source conv.impl.acc_SB_DFFESR_Q_24_D_SB_LUT4_O_I1_SB_LUT4_O_I3_SB_CARRY_CI_CO_SB_LUT4_I3_I1_SB_LUT4_O_1_I3_SB_LUT4_O_I3_SB_CARRY_CO_CI_SB_CARRY_CO_CI_SB_LUT4_I3_LC.O
Info:    routing  0.96  17.26 Net conv.impl.acc_SB_DFFESR_Q_24_D_SB_LUT4_O_I1_SB_LUT4_O_I3_SB_CARRY_CI_CO_SB_LUT4_I3_I1_SB_LUT4_O_1_I3_SB_LUT4_O_I3_SB_CARRY_CO_CI_SB_CARRY_CO_CI_SB_CARRY_CO_CI_SB_LUT4_I3_O_SB_LUT4_I2_O[1] (6,8) -> (6,10)
Info:                          Sink conv.impl.acc_SB_DFFESR_Q_24_D_SB_LUT4_O_I1_SB_LUT4_O_I3_SB_CARRY_CI_CO_SB_LUT4_I3_I1_SB_LUT4_O_1_I3_SB_LUT4_O_I3_SB_CARRY_CO_CI_SB_LUT4_I3_O_SB_LUT4_O_LC.I3
Info:                          Defined in:
Info:                               /opt/homebrew/bin/../share/yosys/ice40/cells_map.v:6.21-6.22
Info:      logic  0.31  17.57 Source conv.impl.acc_SB_DFFESR_Q_24_D_SB_LUT4_O_I1_SB_LUT4_O_I3_SB_CARRY_CI_CO_SB_LUT4_I3_I1_SB_LUT4_O_1_I3_SB_LUT4_O_I3_SB_CARRY_CO_CI_SB_LUT4_I3_O_SB_LUT4_O_LC.O
Info:    routing  0.59  18.16 Net conv.impl.acc_SB_DFFESR_Q_24_D_SB_LUT4_O_I1_SB_LUT4_O_I3_SB_CARRY_CI_CO_SB_LUT4_I3_I1_SB_LUT4_O_1_I3_SB_LUT4_O_I3_SB_CARRY_CO_CI_SB_LUT4_I3_O[2] (6,10) -> (6,9)
Info:                          Sink conv.impl.acc_SB_DFFESR_Q_25_D_SB_LUT4_O_I1_SB_LUT4_O_I1_SB_LUT4_O_LC.I3
Info:                          Defined in:
Info:                               /opt/homebrew/bin/../share/yosys/ice40/cells_map.v:6.21-6.22
Info:      logic  0.31  18.47 Source conv.impl.acc_SB_DFFESR_Q_25_D_SB_LUT4_O_I1_SB_LUT4_O_I1_SB_LUT4_O_LC.O
Info:    routing  0.59  19.06 Net conv.impl.acc_SB_DFFESR_Q_25_D_SB_LUT4_O_I1_SB_LUT4_O_I1[1] (6,9) -> (7,9)
Info:                          Sink conv.impl.acc_SB_DFFESR_Q_25_D_SB_LUT4_O_I1_SB_LUT4_O_LC.I1
Info:                          Defined in:
Info:                               /opt/homebrew/bin/../share/yosys/ice40/arith_map.v:62.5-70.4
Info:                               /opt/homebrew/bin/../share/yosys/ice40/cells_map.v:6.21-6.22
Info:      logic  0.26  19.32 Source conv.impl.acc_SB_DFFESR_Q_25_D_SB_LUT4_O_I1_SB_LUT4_O_LC.COUT
Info:    routing  0.26  19.58 Net conv.impl.acc_SB_DFFESR_Q_24_D_SB_LUT4_O_I1_SB_LUT4_O_I3 (7,9) -> (7,9)
Info:                          Sink conv.impl.acc_SB_DFFESR_Q_24_D_SB_LUT4_O_I1_SB_LUT4_O_LC.I3
Info:                          Defined in:
Info:                               /opt/homebrew/bin/../share/yosys/ice40/arith_map.v:62.5-70.4
Info:                               /opt/homebrew/bin/../share/yosys/ice40/cells_map.v:6.21-6.22
Info:      logic  0.31  19.90 Source conv.impl.acc_SB_DFFESR_Q_24_D_SB_LUT4_O_I1_SB_LUT4_O_LC.O
Info:    routing  0.59  20.48 Net conv.impl.acc_SB_DFFESR_Q_24_D_SB_LUT4_O_I1[1] (7,9) -> (8,8)
Info:                          Sink conv.impl.acc_SB_DFFESR_Q_24_D_SB_LUT4_O_LC.I1
Info:                          Defined in:
Info:                               /Users/adarmaori/Desktop/Final Project/FPGA/conv1d_large_4mult.v:89.35-89.50
Info:                               /opt/homebrew/bin/../share/yosys/ice40/arith_map.v:62.5-70.4
Info:                               /opt/homebrew/bin/../share/yosys/ice40/cells_map.v:6.21-6.22
Info:      logic  0.26  20.74 Source conv.impl.acc_SB_DFFESR_Q_24_D_SB_LUT4_O_LC.COUT
Info:    routing  0.20  20.94 Net conv.impl.acc_SB_DFFESR_Q_23_D_SB_LUT4_O_I3 (8,8) -> (8,9)
Info:                          Sink conv.impl.acc_SB_DFFESR_Q_23_D_SB_LUT4_O_LC.CIN
Info:                          Defined in:
Info:                               /Users/adarmaori/Desktop/Final Project/FPGA/conv1d_large_4mult.v:89.35-89.50
Info:                               /opt/homebrew/bin/../share/yosys/ice40/arith_map.v:62.5-70.4
Info:                               /opt/homebrew/bin/../share/yosys/ice40/abc9_model.v:4.9-4.11
Info:      logic  0.13  21.06 Source conv.impl.acc_SB_DFFESR_Q_23_D_SB_LUT4_O_LC.COUT
Info:    routing  0.00  21.06 Net conv.impl.acc_SB_DFFESR_Q_22_D_SB_LUT4_O_I3 (8,9) -> (8,9)
Info:                          Sink conv.impl.acc_SB_DFFESR_Q_22_D_SB_LUT4_O_LC.CIN
Info:                          Defined in:
Info:                               /Users/adarmaori/Desktop/Final Project/FPGA/conv1d_large_4mult.v:89.35-89.50
Info:                               /opt/homebrew/bin/../share/yosys/ice40/arith_map.v:62.5-70.4
Info:                               /opt/homebrew/bin/../share/yosys/ice40/cells_map.v:6.21-6.22
Info:      logic  0.13  21.19 Source conv.impl.acc_SB_DFFESR_Q_22_D_SB_LUT4_O_LC.COUT
Info:    routing  0.00  21.19 Net conv.impl.acc_SB_DFFESR_Q_21_D_SB_LUT4_O_I3 (8,9) -> (8,9)
Info:                          Sink conv.impl.acc_SB_DFFESR_Q_21_D_SB_LUT4_O_LC.CIN
Info:                          Defined in:
Info:                               /Users/adarmaori/Desktop/Final Project/FPGA/conv1d_large_4mult.v:89.35-89.50
Info:                               /opt/homebrew/bin/../share/yosys/ice40/arith_map.v:62.5-70.4
Info:                               /opt/homebrew/bin/../share/yosys/ice40/abc9_model.v:4.9-4.11
Info:      logic  0.13  21.32 Source conv.impl.acc_SB_DFFESR_Q_21_D_SB_LUT4_O_LC.COUT
Info:    routing  0.00  21.32 Net conv.impl.acc_SB_DFFESR_Q_20_D_SB_LUT4_O_I3 (8,9) -> (8,9)
Info:                          Sink conv.impl.acc_SB_DFFESR_Q_20_D_SB_LUT4_O_LC.CIN
Info:                          Defined in:
Info:                               /Users/adarmaori/Desktop/Final Project/FPGA/conv1d_large_4mult.v:89.35-89.50
Info:                               /opt/homebrew/bin/../share/yosys/ice40/arith_map.v:62.5-70.4
Info:                               /opt/homebrew/bin/../share/yosys/ice40/abc9_model.v:4.9-4.11
Info:      logic  0.13  21.44 Source conv.impl.acc_SB_DFFESR_Q_20_D_SB_LUT4_O_LC.COUT
Info:    routing  0.00  21.44 Net conv.impl.acc_SB_DFFESR_Q_19_D_SB_LUT4_O_I3 (8,9) -> (8,9)
Info:                          Sink conv.impl.acc_SB_DFFESR_Q_19_D_SB_LUT4_O_LC.CIN
Info:                          Defined in:
Info:                               /Users/adarmaori/Desktop/Final Project/FPGA/conv1d_large_4mult.v:89.35-89.50
Info:                               /opt/homebrew/bin/../share/yosys/ice40/arith_map.v:62.5-70.4
Info:                               /opt/homebrew/bin/../share/yosys/ice40/abc9_model.v:4.9-4.11
Info:      logic  0.13  21.57 Source conv.impl.acc_SB_DFFESR_Q_19_D_SB_LUT4_O_LC.COUT
Info:    routing  0.00  21.57 Net conv.impl.acc_SB_DFFESR_Q_18_D_SB_LUT4_O_I3 (8,9) -> (8,9)
Info:                          Sink conv.impl.acc_SB_DFFESR_Q_18_D_SB_LUT4_O_LC.CIN
Info:                          Defined in:
Info:                               /Users/adarmaori/Desktop/Final Project/FPGA/conv1d_large_4mult.v:89.35-89.50
Info:                               /opt/homebrew/bin/../share/yosys/ice40/arith_map.v:62.5-70.4
Info:                               /opt/homebrew/bin/../share/yosys/ice40/abc9_model.v:4.9-4.11
Info:      logic  0.13  21.69 Source conv.impl.acc_SB_DFFESR_Q_18_D_SB_LUT4_O_LC.COUT
Info:    routing  0.00  21.69 Net conv.impl.acc_SB_DFFESR_Q_17_D_SB_LUT4_O_I3 (8,9) -> (8,9)
Info:                          Sink conv.impl.acc_SB_DFFESR_Q_17_D_SB_LUT4_O_LC.CIN
Info:                          Defined in:
Info:                               /Users/adarmaori/Desktop/Final Project/FPGA/conv1d_large_4mult.v:89.35-89.50
Info:                               /opt/homebrew/bin/../share/yosys/ice40/arith_map.v:62.5-70.4
Info:                               /opt/homebrew/bin/../share/yosys/ice40/abc9_model.v:4.9-4.11
Info:      logic  0.13  21.82 Source conv.impl.acc_SB_DFFESR_Q_17_D_SB_LUT4_O_LC.COUT
Info:    routing  0.00  21.82 Net conv.impl.acc_SB_DFFESR_Q_16_D_SB_LUT4_O_I3 (8,9) -> (8,9)
Info:                          Sink conv.impl.acc_SB_DFFESR_Q_16_D_SB_LUT4_O_LC.CIN
Info:                          Defined in:
Info:                               /Users/adarmaori/Desktop/Final Project/FPGA/conv1d_large_4mult.v:89.35-89.50
Info:                               /opt/homebrew/bin/../share/yosys/ice40/arith_map.v:62.5-70.4
Info:                               /opt/homebrew/bin/../share/yosys/ice40/abc9_model.v:4.9-4.11
Info:      logic  0.13  21.95 Source conv.impl.acc_SB_DFFESR_Q_16_D_SB_LUT4_O_LC.COUT
Info:    routing  0.20  22.14 Net conv.impl.acc_SB_DFFESR_Q_15_D_SB_LUT4_O_I3 (8,9) -> (8,10)
Info:                          Sink conv.impl.acc_SB_DFFESR_Q_15_D_SB_LUT4_O_LC.CIN
Info:                          Defined in:
Info:                               /Users/adarmaori/Desktop/Final Project/FPGA/conv1d_large_4mult.v:89.35-89.50
Info:                               /opt/homebrew/bin/../share/yosys/ice40/arith_map.v:62.5-70.4
Info:                               /opt/homebrew/bin/../share/yosys/ice40/abc9_model.v:4.9-4.11
Info:      logic  0.13  22.27 Source conv.impl.acc_SB_DFFESR_Q_15_D_SB_LUT4_O_LC.COUT
Info:    routing  0.00  22.27 Net conv.impl.acc_SB_DFFESR_Q_14_D_SB_LUT4_O_I3 (8,10) -> (8,10)
Info:                          Sink conv.impl.acc_SB_DFFESR_Q_14_D_SB_LUT4_O_LC.CIN
Info:                          Defined in:
Info:                               /Users/adarmaori/Desktop/Final Project/FPGA/conv1d_large_4mult.v:89.35-89.50
Info:                               /opt/homebrew/bin/../share/yosys/ice40/arith_map.v:62.5-70.4
Info:                               /opt/homebrew/bin/../share/yosys/ice40/abc9_model.v:4.9-4.11
Info:      logic  0.13  22.39 Source conv.impl.acc_SB_DFFESR_Q_14_D_SB_LUT4_O_LC.COUT
Info:    routing  0.00  22.39 Net conv.impl.acc_SB_DFFESR_Q_13_D_SB_LUT4_O_I3 (8,10) -> (8,10)
Info:                          Sink conv.impl.acc_SB_DFFESR_Q_13_D_SB_LUT4_O_LC.CIN
Info:                          Defined in:
Info:                               /Users/adarmaori/Desktop/Final Project/FPGA/conv1d_large_4mult.v:89.35-89.50
Info:                               /opt/homebrew/bin/../share/yosys/ice40/arith_map.v:62.5-70.4
Info:                               /opt/homebrew/bin/../share/yosys/ice40/abc9_model.v:4.9-4.11
Info:      logic  0.13  22.52 Source conv.impl.acc_SB_DFFESR_Q_13_D_SB_LUT4_O_LC.COUT
Info:    routing  0.00  22.52 Net conv.impl.acc_SB_DFFESR_Q_12_D_SB_LUT4_O_I3 (8,10) -> (8,10)
Info:                          Sink conv.impl.acc_SB_DFFESR_Q_12_D_SB_LUT4_O_LC.CIN
Info:                          Defined in:
Info:                               /Users/adarmaori/Desktop/Final Project/FPGA/conv1d_large_4mult.v:89.35-89.50
Info:                               /opt/homebrew/bin/../share/yosys/ice40/arith_map.v:62.5-70.4
Info:                               /opt/homebrew/bin/../share/yosys/ice40/abc9_model.v:4.9-4.11
Info:      logic  0.13  22.65 Source conv.impl.acc_SB_DFFESR_Q_12_D_SB_LUT4_O_LC.COUT
Info:    routing  0.00  22.65 Net conv.impl.acc_SB_DFFESR_Q_11_D_SB_LUT4_O_I3 (8,10) -> (8,10)
Info:                          Sink conv.impl.acc_SB_DFFESR_Q_11_D_SB_LUT4_O_LC.CIN
Info:                          Defined in:
Info:                               /Users/adarmaori/Desktop/Final Project/FPGA/conv1d_large_4mult.v:89.35-89.50
Info:                               /opt/homebrew/bin/../share/yosys/ice40/arith_map.v:62.5-70.4
Info:                               /opt/homebrew/bin/../share/yosys/ice40/abc9_model.v:4.9-4.11
Info:      logic  0.13  22.77 Source conv.impl.acc_SB_DFFESR_Q_11_D_SB_LUT4_O_LC.COUT
Info:    routing  0.00  22.77 Net conv.impl.acc_SB_DFFESR_Q_10_D_SB_LUT4_O_I3 (8,10) -> (8,10)
Info:                          Sink conv.impl.acc_SB_DFFESR_Q_10_D_SB_LUT4_O_LC.CIN
Info:                          Defined in:
Info:                               /Users/adarmaori/Desktop/Final Project/FPGA/conv1d_large_4mult.v:89.35-89.50
Info:                               /opt/homebrew/bin/../share/yosys/ice40/arith_map.v:62.5-70.4
Info:                               /opt/homebrew/bin/../share/yosys/ice40/abc9_model.v:4.9-4.11
Info:      logic  0.13  22.90 Source conv.impl.acc_SB_DFFESR_Q_10_D_SB_LUT4_O_LC.COUT
Info:    routing  0.00  22.90 Net conv.impl.acc_SB_DFFESR_Q_9_D_SB_LUT4_O_I3 (8,10) -> (8,10)
Info:                          Sink conv.impl.acc_SB_DFFESR_Q_9_D_SB_LUT4_O_LC.CIN
Info:                          Defined in:
Info:                               /Users/adarmaori/Desktop/Final Project/FPGA/conv1d_large_4mult.v:89.35-89.50
Info:                               /opt/homebrew/bin/../share/yosys/ice40/arith_map.v:62.5-70.4
Info:                               /opt/homebrew/bin/../share/yosys/ice40/abc9_model.v:4.9-4.11
Info:      logic  0.13  23.02 Source conv.impl.acc_SB_DFFESR_Q_9_D_SB_LUT4_O_LC.COUT
Info:    routing  0.00  23.02 Net conv.impl.acc_SB_DFFESR_Q_8_D_SB_LUT4_O_I3 (8,10) -> (8,10)
Info:                          Sink conv.impl.acc_SB_DFFESR_Q_8_D_SB_LUT4_O_LC.CIN
Info:                          Defined in:
Info:                               /Users/adarmaori/Desktop/Final Project/FPGA/conv1d_large_4mult.v:89.35-89.50
Info:                               /opt/homebrew/bin/../share/yosys/ice40/arith_map.v:62.5-70.4
Info:                               /opt/homebrew/bin/../share/yosys/ice40/abc9_model.v:4.9-4.11
Info:      logic  0.13  23.15 Source conv.impl.acc_SB_DFFESR_Q_8_D_SB_LUT4_O_LC.COUT
Info:    routing  0.20  23.35 Net conv.impl.acc_SB_DFFESR_Q_7_D_SB_LUT4_O_I3 (8,10) -> (8,11)
Info:                          Sink conv.impl.acc_SB_DFFESR_Q_7_D_SB_LUT4_O_LC.CIN
Info:                          Defined in:
Info:                               /Users/adarmaori/Desktop/Final Project/FPGA/conv1d_large_4mult.v:89.35-89.50
Info:                               /opt/homebrew/bin/../share/yosys/ice40/arith_map.v:62.5-70.4
Info:                               /opt/homebrew/bin/../share/yosys/ice40/abc9_model.v:4.9-4.11
Info:      logic  0.13  23.47 Source conv.impl.acc_SB_DFFESR_Q_7_D_SB_LUT4_O_LC.COUT
Info:    routing  0.00  23.47 Net conv.impl.acc_SB_DFFESR_Q_6_D_SB_LUT4_O_I3 (8,11) -> (8,11)
Info:                          Sink conv.impl.acc_SB_DFFESR_Q_6_D_SB_LUT4_O_LC.CIN
Info:                          Defined in:
Info:                               /Users/adarmaori/Desktop/Final Project/FPGA/conv1d_large_4mult.v:89.35-89.50
Info:                               /opt/homebrew/bin/../share/yosys/ice40/arith_map.v:62.5-70.4
Info:                               /opt/homebrew/bin/../share/yosys/ice40/abc9_model.v:4.9-4.11
Info:      logic  0.13  23.60 Source conv.impl.acc_SB_DFFESR_Q_6_D_SB_LUT4_O_LC.COUT
Info:    routing  0.00  23.60 Net conv.impl.acc_SB_DFFESR_Q_5_D_SB_LUT4_O_I3 (8,11) -> (8,11)
Info:                          Sink conv.impl.acc_SB_DFFESR_Q_5_D_SB_LUT4_O_LC.CIN
Info:                          Defined in:
Info:                               /Users/adarmaori/Desktop/Final Project/FPGA/conv1d_large_4mult.v:89.35-89.50
Info:                               /opt/homebrew/bin/../share/yosys/ice40/arith_map.v:62.5-70.4
Info:                               /opt/homebrew/bin/../share/yosys/ice40/abc9_model.v:4.9-4.11
Info:      logic  0.13  23.72 Source conv.impl.acc_SB_DFFESR_Q_5_D_SB_LUT4_O_LC.COUT
Info:    routing  0.00  23.72 Net conv.impl.acc_SB_DFFESR_Q_4_D_SB_LUT4_O_I3 (8,11) -> (8,11)
Info:                          Sink conv.impl.acc_SB_DFFESR_Q_4_D_SB_LUT4_O_LC.CIN
Info:                          Defined in:
Info:                               /Users/adarmaori/Desktop/Final Project/FPGA/conv1d_large_4mult.v:89.35-89.50
Info:                               /opt/homebrew/bin/../share/yosys/ice40/arith_map.v:62.5-70.4
Info:                               /opt/homebrew/bin/../share/yosys/ice40/abc9_model.v:4.9-4.11
Info:      logic  0.13  23.85 Source conv.impl.acc_SB_DFFESR_Q_4_D_SB_LUT4_O_LC.COUT
Info:    routing  0.00  23.85 Net conv.impl.acc_SB_DFFESR_Q_3_D_SB_LUT4_O_I3 (8,11) -> (8,11)
Info:                          Sink conv.impl.acc_SB_DFFESR_Q_3_D_SB_LUT4_O_LC.CIN
Info:                          Defined in:
Info:                               /Users/adarmaori/Desktop/Final Project/FPGA/conv1d_large_4mult.v:89.35-89.50
Info:                               /opt/homebrew/bin/../share/yosys/ice40/arith_map.v:62.5-70.4
Info:                               /opt/homebrew/bin/../share/yosys/ice40/abc9_model.v:4.9-4.11
Info:      logic  0.13  23.98 Source conv.impl.acc_SB_DFFESR_Q_3_D_SB_LUT4_O_LC.COUT
Info:    routing  0.00  23.98 Net conv.impl.acc_SB_DFFESR_Q_2_D_SB_LUT4_O_I3 (8,11) -> (8,11)
Info:                          Sink conv.impl.acc_SB_DFFESR_Q_2_D_SB_LUT4_O_LC.CIN
Info:                          Defined in:
Info:                               /Users/adarmaori/Desktop/Final Project/FPGA/conv1d_large_4mult.v:89.35-89.50
Info:                               /opt/homebrew/bin/../share/yosys/ice40/arith_map.v:62.5-70.4
Info:                               /opt/homebrew/bin/../share/yosys/ice40/abc9_model.v:4.9-4.11
Info:      logic  0.13  24.10 Source conv.impl.acc_SB_DFFESR_Q_2_D_SB_LUT4_O_LC.COUT
Info:    routing  0.00  24.10 Net conv.impl.acc_SB_DFFESR_Q_1_D_SB_LUT4_O_I3 (8,11) -> (8,11)
Info:                          Sink conv.impl.acc_SB_DFFESR_Q_1_D_SB_LUT4_O_LC.CIN
Info:                          Defined in:
Info:                               /Users/adarmaori/Desktop/Final Project/FPGA/conv1d_large_4mult.v:89.35-89.50
Info:                               /opt/homebrew/bin/../share/yosys/ice40/arith_map.v:62.5-70.4
Info:                               /opt/homebrew/bin/../share/yosys/ice40/abc9_model.v:4.9-4.11
Info:      logic  0.13  24.23 Source conv.impl.acc_SB_DFFESR_Q_1_D_SB_LUT4_O_LC.COUT
Info:    routing  0.26  24.49 Net conv.impl.acc_SB_DFFESR_Q_D_SB_LUT4_O_I3 (8,11) -> (8,11)
Info:                          Sink conv.impl.acc_SB_DFFESR_Q_D_SB_LUT4_O_LC.I3
Info:                          Defined in:
Info:                               /Users/adarmaori/Desktop/Final Project/FPGA/conv1d_large_4mult.v:89.35-89.50
Info:                               /opt/homebrew/bin/../share/yosys/ice40/arith_map.v:62.5-70.4
Info:                               /opt/homebrew/bin/../share/yosys/ice40/abc9_model.v:4.9-4.11
Info:      logic  0.31  24.80 Source conv.impl.acc_SB_DFFESR_Q_D_SB_LUT4_O_LC.O
Info:    routing  0.59  25.39 Net conv.impl.acc_SB_DFFESR_Q_D (8,11) -> (9,11)
Info:                          Sink conv.impl.acc_SB_DFFESR_Q_DFFLC.I0
Info:      setup  0.47  25.86 Source conv.impl.acc_SB_DFFESR_Q_DFFLC.I0
Info: 11.57 ns logic, 14.29 ns routing

Info: Critical path report for cross-domain path '<async>' -> 'posedge clk$SB_IO_IN_$glb_clk':
Info:       type curr  total name
Info:     source  0.00  0.00 Source sample_valid$sb_io.D_IN_0
Info:    routing  1.28  1.28 Net sample_valid$SB_IO_IN (0,13) -> (2,12)
Info:                          Sink sample_valid_SB_LUT4_I1_1_LC.I1
Info:                          Defined in:
Info:                               /opt/homebrew/bin/../share/yosys/ice40/cells_map.v:6.21-6.22
Info:      logic  0.40  1.68 Source sample_valid_SB_LUT4_I1_1_LC.O
Info:    routing  0.59  2.27 Net conv.impl.busy_SB_DFFSR_Q_D[1] (2,12) -> (1,12)
Info:                          Sink conv.impl.busy_SB_DFFSR_Q_D_SB_LUT4_I3_LC.I3
Info:                          Defined in:
Info:                               /opt/homebrew/bin/../share/yosys/ice40/cells_map.v:6.21-6.22
Info:      logic  0.31  2.58 Source conv.impl.busy_SB_DFFSR_Q_D_SB_LUT4_I3_LC.O
Info:    routing  1.02  3.61 Net conv.impl.busy_SB_DFFSR_Q_D_SB_LUT4_I3_O (1,12) -> (0,9)
Info:                          Sink $gbuf_conv.impl.busy_SB_DFFSR_Q_D_SB_LUT4_I3_O_$glb_ce.USER_SIGNAL_TO_GLOBAL_BUFFER
Info:      logic  0.62  4.22 Source $gbuf_conv.impl.busy_SB_DFFSR_Q_D_SB_LUT4_I3_O_$glb_ce.GLOBAL_BUFFER_OUTPUT
Info:    routing  0.60  4.82 Net conv.impl.busy_SB_DFFSR_Q_D_SB_LUT4_I3_O_$glb_ce (0,9) -> (9,11)
Info:                          Sink conv.impl.acc_SB_DFFESR_Q_DFFLC.CEN
Info:      setup  0.10  4.93 Source conv.impl.acc_SB_DFFESR_Q_DFFLC.CEN
Info: 1.43 ns logic, 3.49 ns routing

Info: Critical path report for cross-domain path 'posedge clk$SB_IO_IN_$glb_clk' -> '<async>':
Info:       type curr  total name
Info:   clk-to-q  0.54  0.54 Source conv.impl.sample_out_SB_DFFESR_Q_17_DFFLC.O
Info:    routing  2.02  2.56 Net sample_out[14]$SB_IO_OUT (5,9) -> (4,0)
Info:                          Sink sample_out[14]$sb_io.D_OUT_0
Info:                          Defined in:
Info:                               conv1d_large_benchmark_top.v:17.40-17.50
Info: 0.54 ns logic, 2.02 ns routing

Info: Max frequency for clock 'clk$SB_IO_IN_$glb_clk': 38.67 MHz (PASS at 25.00 MHz)

Info: Max delay <async>                       -> posedge clk$SB_IO_IN_$glb_clk: 4.93 ns
Info: Max delay posedge clk$SB_IO_IN_$glb_clk -> <async>                      : 2.56 ns

Info: Slack histogram:
Info:  legend: * represents 3 endpoint(s)
Info:          + represents [1,3) endpoint(s)
Info: [ 14142,  15359) |******+
Info: [ 15359,  16576) |*****+
Info: [ 16576,  17793) |***+
Info: [ 17793,  19010) |*+
Info: [ 19010,  20227) |+
Info: [ 20227,  21444) |*+
Info: [ 21444,  22661) | 
Info: [ 22661,  23878) | 
Info: [ 23878,  25095) | 
Info: [ 25095,  26312) |**********+
Info: [ 26312,  27529) |**********+
Info: [ 27529,  28746) |+
Info: [ 28746,  29963) |*+
Info: [ 29963,  31180) | 
Info: [ 31180,  32397) | 
Info: [ 32397,  33614) | 
Info: [ 33614,  34831) | 
Info: [ 34831,  36048) |**********************+
Info: [ 36048,  37265) |***********************************************************+
Info: [ 37265,  38482) |************************************************************ 
1 warning, 0 errors

Info: Program finished normally.
