Warning: No PCF file specified; IO pins will be placed automatically

Info: Packing constants..
Info: Packing IOs..
Info: Packing LUT-FFs..
Info:      481 LCs used as LUT4 only
Info:        3 LCs used as LUT4 and DFF
Info: Packing non-LUT FFs..
Info:      317 LCs used as DFF only
Info: Packing carries..
Info:       16 LCs used as CARRY only
Info: Packing indirect carry+LUT pairs...
Info:        4 LUTs merged into carry LCs
Info: Packing RAMs..
Info: Placing PLLs..
Info: Packing special functions..
Info: Packing PLLs..
Info: Promoting globals..
Info: promoting clk$SB_IO_IN (fanout 320)
Info: promoting rst$SB_IO_IN [reset] (fanout 281)
Info: promoting sample_valid_SB_LUT4_I1_O[1] [reset] (fanout 38)
Info: promoting conv.impl.busy_SB_DFFSR_Q_D_SB_LUT4_I3_O [cen] (fanout 24)
Info: promoting conv.impl.busy_SB_LUT4_I2_O [cen] (fanout 24)
Info: Constraining chains...
Info:        4 LCs used to legalise carry chains.
Info: Checksum: 0x38ea2cb2

Info: Device utilisation:
Info: 	         ICESTORM_LC:     819/   1280    63%
Info: 	        ICESTORM_RAM:       0/     16     0%
Info: 	               SB_IO:      37/    112    33%
Info: 	               SB_GB:       5/      8    62%
Info: 	        ICESTORM_PLL:       0/      1     0%
Info: 	         SB_WARMBOOT:       0/      1     0%

Info: Placed 0 cells based on constraints.
Info: Creating initial analytic placement for 754 cells, random placement wirelen = 10142.
Info:     at initial placer iter 0, wirelen = 444
Info:     at initial placer iter 1, wirelen = 426
Info:     at initial placer iter 2, wirelen = 424
Info:     at initial placer iter 3, wirelen = 435
Info: Running main analytical placer, max placement attempts per cell = 92665.
Info:     at iteration #1, type ALL: wirelen solved = 424, spread = 3569, legal = 3668; time = 0.01s
Info:     at iteration #2, type ALL: wirelen solved = 524, spread = 3069, legal = 3191; time = 0.01s
Info:     at iteration #3, type ALL: wirelen solved = 518, spread = 2676, legal = 2791; time = 0.01s
Info:     at iteration #4, type ALL: wirelen solved = 581, spread = 2678, legal = 2784; time = 0.01s
Info:     at iteration #5, type ALL: wirelen solved = 662, spread = 2526, legal = 2630; time = 0.01s
Info:     at iteration #6, type ALL: wirelen solved = 722, spread = 2563, legal = 2649; time = 0.01s
Info:     at iteration #7, type ALL: wirelen solved = 795, spread = 2622, legal = 2676; time = 0.01s
Info:     at iteration #8, type ALL: wirelen solved = 857, spread = 2611, legal = 2688; time = 0.01s
Info:     at iteration #9, type ALL: wirelen solved = 927, spread = 2458, legal = 2517; time = 0.01s
Info:     at iteration #10, type ALL: wirelen solved = 1013, spread = 2342, legal = 2472; time = 0.01s
Info:     at iteration #11, type ALL: wirelen solved = 1090, spread = 2341, legal = 2412; time = 0.01s
Info:     at iteration #12, type ALL: wirelen solved = 1113, spread = 2265, legal = 2345; time = 0.01s
Info:     at iteration #13, type ALL: wirelen solved = 1114, spread = 2277, legal = 2365; time = 0.01s
Info:     at iteration #14, type ALL: wirelen solved = 1159, spread = 2257, legal = 2382; time = 0.01s
Info:     at iteration #15, type ALL: wirelen solved = 1167, spread = 2232, legal = 2302; time = 0.01s
Info:     at iteration #16, type ALL: wirelen solved = 1171, spread = 2216, legal = 2277; time = 0.01s
Info:     at iteration #17, type ALL: wirelen solved = 1247, spread = 2199, legal = 2268; time = 0.01s
Info:     at iteration #18, type ALL: wirelen solved = 1256, spread = 2153, legal = 2246; time = 0.01s
Info:     at iteration #19, type ALL: wirelen solved = 1279, spread = 2144, legal = 2251; time = 0.01s
Info:     at iteration #20, type ALL: wirelen solved = 1320, spread = 2160, legal = 2270; time = 0.02s
Info:     at iteration #21, type ALL: wirelen solved = 1346, spread = 2121, legal = 2225; time = 0.04s
Info:     at iteration #22, type ALL: wirelen solved = 1408, spread = 2175, legal = 2260; time = 0.05s
Info:     at iteration #23, type ALL: wirelen solved = 1384, spread = 2160, legal = 2242; time = 0.01s
Info:     at iteration #24, type ALL: wirelen solved = 1414, spread = 2253, legal = 2287; time = 0.01s
Info:     at iteration #25, type ALL: wirelen solved = 1466, spread = 2243, legal = 2281; time = 0.01s
Info:     at iteration #26, type ALL: wirelen solved = 1450, spread = 2252, legal = 2286; time = 0.01s
Info: HeAP Placer Time: 0.42s
Info:   of which solving equations: 0.25s
Info:   of which spreading cells: 0.05s
Info:   of which strict legalisation: 0.04s

Info: Running simulated annealing placer for refinement.
Info:   at iteration #1: temp = 0.000000, timing cost = 607, wirelen = 2225
Info:   at iteration #5: temp = 0.000000, timing cost = 598, wirelen = 1775
Info:   at iteration #10: temp = 0.000000, timing cost = 565, wirelen = 1672
Info:   at iteration #15: temp = 0.000000, timing cost = 582, wirelen = 1626
Info:   at iteration #20: temp = 0.000000, timing cost = 577, wirelen = 1572
Info:   at iteration #25: temp = 0.000000, timing cost = 555, wirelen = 1538
Info:   at iteration #28: temp = 0.000000, timing cost = 552, wirelen = 1528 
Info: SA placement time 0.46s

Info: Max frequency for clock 'clk$SB_IO_IN_$glb_clk': 38.99 MHz (PASS at 25.00 MHz)

Info: Max delay <async>                       -> posedge clk$SB_IO_IN_$glb_clk: 6.38 ns
Info: Max delay posedge clk$SB_IO_IN_$glb_clk -> <async>                      : 2.09 ns

Info: Slack histogram:
Info:  legend: * represents 3 endpoint(s)
Info:          + represents [1,3) endpoint(s)
Info: [ 14352,  15586) |***+
Info: [ 15586,  16820) |****+
Info: [ 16820,  18054) |+
Info: [ 18054,  19288) |+
Info: [ 19288,  20522) |*+
Info: [ 20522,  21756) |+
Info: [ 21756,  22990) | 
Info: [ 22990,  24224) | 
Info: [ 24224,  25458) |*+
Info: [ 25458,  26692) | 
Info: [ 26692,  27926) |************+
Info: [ 27926,  29160) | 
Info: [ 29160,  30394) |+
Info: [ 30394,  31628) |+
Info: [ 31628,  32862) |+
Info: [ 32862,  34096) |*******+
Info: [ 34096,  35330) |**+
Info: [ 35330,  36564) |************************************************+
Info: [ 36564,  37798) |****************************+
Info: [ 37798,  39032) |************************************************************ 
Info: Checksum: 0xb536f139

Info: Routing..
Info: Setting up routing queue.
Info: Routing 2208 arcs.
Info:            |   (re-)routed arcs  |   delta    | remaining|       time spent     |
Info:    IterCnt |  w/ripup   wo/ripup |  w/r  wo/r |      arcs| batch(sec) total(sec)|
Info:       1000 |      107        851 |  107   851 |      1387|       0.12       0.12|
Info:       2000 |      409       1533 |  302   682 |       790|       0.05       0.18|
Info:       2990 |      568       2361 |  159   828 |         0|       0.09       0.27|
Info: Routing complete.
Info: Router1 time 0.27s
Info: Checksum: 0x690eae29

Info: Critical path report for clock 'clk$SB_IO_IN_$glb_clk' (posedge -> posedge):
Info:       type curr  total name
Info:   clk-to-q  0.54  0.54 Source conv.impl.tap_index_SB_DFFESR_Q_13_D_SB_LUT4_O_LC.O
Info:    routing  0.90  1.44 Net conv.impl.acc_SB_DFFESR_Q_14_D_SB_LUT4_O_I1_SB_LUT4_O_I3_SB_CARRY_CI_CO_SB_LUT4_I3_I1_SB_LUT4_O_I1_SB_LUT4_O_I0_SB_LUT4_O_1_I3[0] (6,5) -> (8,5)
Info:                          Sink $nextpnr_ICESTORM_LC_0.I1
Info:                          Defined in:
Info:                               /opt/homebrew/bin/../share/yosys/ice40/cells_map.v:6.21-6.22
Info:      logic  0.26  1.70 Source $nextpnr_ICESTORM_LC_0.COUT
Info:    routing  0.00  1.70 Net $nextpnr_ICESTORM_LC_0$O (8,5) -> (8,5)
Info:                          Sink conv.impl.busy_SB_LUT4_I2_I3_SB_LUT4_O_I3_SB_CARRY_CO$CARRY.CIN
Info:      logic  0.13  1.83 Source conv.impl.busy_SB_LUT4_I2_I3_SB_LUT4_O_I3_SB_CARRY_CO$CARRY.COUT
Info:    routing  0.00  1.83 Net conv.impl.busy_SB_LUT4_I2_I3_SB_LUT4_O_I3 (8,5) -> (8,5)
Info:                          Sink conv.impl.busy_SB_LUT4_I2_I3_SB_LUT4_O_LC.CIN
Info:                          Defined in:
Info:                               /Users/adarmaori/Desktop/Final Project/FPGA/conv1d_large_4mult.v:88.22-88.35
Info:                               /opt/homebrew/bin/../share/yosys/ice40/arith_map.v:62.5-70.4
Info:                               /opt/homebrew/bin/../share/yosys/ice40/abc9_model.v:4.9-4.11
Info:      logic  0.13  1.95 Source conv.impl.busy_SB_LUT4_I2_I3_SB_LUT4_O_LC.COUT
Info:    routing  0.00  1.95 Net conv.impl.busy_SB_LUT4_I2_I3_SB_LUT4_O_I3_SB_CARRY_CI_CO (8,5) -> (8,5)
Info:                          Sink conv.impl.busy_SB_LUT4_I2_I3_SB_LUT4_O_I3_SB_CARRY_CI_CO_SB_LUT4_I3_LC.CIN
Info:                          Defined in:
Info:                               /Users/adarmaori/Desktop/Final Project/FPGA/conv1d_large_4mult.v:88.22-88.35
Info:                               /opt/homebrew/bin/../share/yosys/ice40/arith_map.v:62.5-70.4
Info:                               /opt/homebrew/bin/../share/yosys/ice40/abc9_model.v:4.9-4.11
Info:      logic  0.13  2.08 Source conv.impl.busy_SB_LUT4_I2_I3_SB_LUT4_O_I3_SB_CARRY_CI_CO_SB_LUT4_I3_LC.COUT
Info:    routing  0.00  2.08 Net conv.impl.busy_SB_LUT4_I2_I3_SB_LUT4_O_I3_SB_CARRY_CI_CO_SB_CARRY_CI_CO (8,5) -> (8,5)
Info:                          Sink conv.impl.busy_SB_LUT4_I2_I3_SB_LUT4_O_I3_SB_CARRY_CI_CO_SB_CARRY_CI_CO_SB_LUT4_I3_LC.CIN
Info:                          Defined in:
Info:                               /Users/adarmaori/Desktop/Final Project/FPGA/conv1d_large_4mult.v:88.22-88.35
Info:                               /opt/homebrew/bin/../share/yosys/ice40/arith_map.v:62.5-70.4
Info:                               /opt/homebrew/bin/../share/yosys/ice40/abc9_model.v:4.9-4.11
Info:      logic  0.13  2.21 Source conv.impl.busy_SB_LUT4_I2_I3_SB_LUT4_O_I3_SB_CARRY_CI_CO_SB_CARRY_CI_CO_SB_LUT4_I3_LC.COUT
Info:    routing  0.00  2.21 Net conv.impl.busy_SB_LUT4_I2_I3_SB_LUT4_O_I3_SB_CARRY_CI_CO_SB_CARRY_CI_CO_SB_CARRY_CI_CO (8,5) -> (8,5)
Info:                          Sink conv.impl.busy_SB_LUT4_I2_I3_SB_LUT4_O_I3_SB_CARRY_CI_CO_SB_CARRY_CI_CO_SB_CARRY_CI_CO_SB_LUT4_I3_LC.CIN
Info:                          Defined in:
Info:                               /Users/adarmaori/Desktop/Final Project/FPGA/conv1d_large_4mult.v:88.22-88.35
Info:                               /opt/homebrew/bin/../share/yosys/ice40/arith_map.v:62.5-70.4
Info:                               /opt/homebrew/bin/../share/yosys/ice40/abc9_model.v:4.9-4.11
Info:      logic  0.13  2.33 Source conv.impl.busy_SB_LUT4_I2_I3_SB_LUT4_O_I3_SB_CARRY_CI_CO_SB_CARRY_CI_CO_SB_CARRY_CI_CO_SB_LUT4_I3_LC.COUT
Info:    routing  0.00  2.33 Net conv.impl.busy_SB_LUT4_I2_I3_SB_LUT4_O_I3_SB_CARRY_CI_CO_SB_CARRY_CI_CO_SB_CARRY_CI_CO_SB_CARRY_CI_CO (8,5) -> (8,5)
Info:                          Sink conv.impl.busy_SB_LUT4_I2_I3_SB_LUT4_O_I3_SB_CARRY_CI_CO_SB_CARRY_CI_CO_SB_CARRY_CI_CO_SB_CARRY_CI_CO_SB_LUT4_I3_LC.CIN
Info:                          Defined in:
Info:                               /Users/adarmaori/Desktop/Final Project/FPGA/conv1d_large_4mult.v:88.22-88.35
Info:                               /opt/homebrew/bin/../share/yosys/ice40/arith_map.v:62.5-70.4
Info:                               /opt/homebrew/bin/../share/yosys/ice40/abc9_model.v:4.9-4.11
Info:      logic  0.13  2.46 Source conv.impl.busy_SB_LUT4_I2_I3_SB_LUT4_O_I3_SB_CARRY_CI_CO_SB_CARRY_CI_CO_SB_CARRY_CI_CO_SB_CARRY_CI_CO_SB_LUT4_I3_LC.COUT
Info:    routing  0.00  2.46 Net conv.impl.busy_SB_LUT4_I2_I3_SB_LUT4_O_I3_SB_CARRY_CI_CO_SB_CARRY_CI_CO_SB_CARRY_CI_CO_SB_CARRY_CI_CO_SB_CARRY_CI_CO (8,5) -> (8,5)
Info:                          Sink conv.impl.busy_SB_LUT4_I2_I3_SB_LUT4_O_I3_SB_CARRY_CI_CO_SB_CARRY_CI_CO_SB_CARRY_CI_CO_SB_CARRY_CI_CO_SB_CARRY_CI_CO_SB_LUT4_I3_LC.CIN
Info:                          Defined in:
Info:                               /Users/adarmaori/Desktop/Final Project/FPGA/conv1d_large_4mult.v:88.22-88.35
Info:                               /opt/homebrew/bin/../share/yosys/ice40/arith_map.v:62.5-70.4
Info:                               /opt/homebrew/bin/../share/yosys/ice40/abc9_model.v:4.9-4.11
Info:      logic  0.13  2.58 Source conv.impl.busy_SB_LUT4_I2_I3_SB_LUT4_O_I3_SB_CARRY_CI_CO_SB_CARRY_CI_CO_SB_CARRY_CI_CO_SB_CARRY_CI_CO_SB_CARRY_CI_CO_SB_LUT4_I3_LC.COUT
Info:    routing  0.20  2.78 Net conv.impl.busy_SB_LUT4_I2_I3_SB_LUT4_O_I3_SB_CARRY_CI_CO_SB_CARRY_CI_CO_SB_CARRY_CI_CO_SB_CARRY_CI_CO_SB_CARRY_CI_CO_SB_CARRY_CI_CO (8,5) -> (8,6)
Info:                          Sink conv.impl.busy_SB_LUT4_I2_I3_SB_LUT4_O_I3_SB_CARRY_CI_CO_SB_CARRY_CI_CO_SB_CARRY_CI_CO_SB_CARRY_CI_CO_SB_CARRY_CI_CO_SB_CARRY_CI_CO_SB_LUT4_I3_LC.CIN
Info:                          Defined in:
Info:                               /Users/adarmaori/Desktop/Final Project/FPGA/conv1d_large_4mult.v:88.22-88.35
Info:                               /opt/homebrew/bin/../share/yosys/ice40/arith_map.v:62.5-70.4
Info:                               /opt/homebrew/bin/../share/yosys/ice40/abc9_model.v:4.9-4.11
Info:      logic  0.13  2.91 Source conv.impl.busy_SB_LUT4_I2_I3_SB_LUT4_O_I3_SB_CARRY_CI_CO_SB_CARRY_CI_CO_SB_CARRY_CI_CO_SB_CARRY_CI_CO_SB_CARRY_CI_CO_SB_CARRY_CI_CO_SB_LUT4_I3_LC.COUT
Info:    routing  0.00  2.91 Net conv.impl.busy_SB_LUT4_I2_I3_SB_LUT4_O_I3_SB_CARRY_CI_CO_SB_CARRY_CI_CO_SB_CARRY_CI_CO_SB_CARRY_CI_CO_SB_CARRY_CI_CO_SB_CARRY_CI_CO_SB_CARRY_CI_CO (8,6) -> (8,6)
Info:                          Sink conv.impl.busy_SB_LUT4_I2_I3_SB_LUT4_O_I3_SB_CARRY_CI_CO_SB_CARRY_CI_CO_SB_CARRY_CI_CO_SB_CARRY_CI_CO_SB_CARRY_CI_CO_SB_CARRY_CI_CO_SB_CARRY_CI_CO_SB_LUT4_I3_LC.CIN
Info:                          Defined in:
Info:                               /Users/adarmaori/Desktop/Final Project/FPGA/conv1d_large_4mult.v:88.22-88.35
Info:                               /opt/homebrew/bin/../share/yosys/ice40/arith_map.v:62.5-70.4
Info:                               /opt/homebrew/bin/../share/yosys/ice40/abc9_model.v:4.9-4.11
Info:      logic  0.13  3.03 Source conv.impl.busy_SB_LUT4_I2_I3_SB_LUT4_O_I3_SB_CARRY_CI_CO_SB_CARRY_CI_CO_SB_CARRY_CI_CO_SB_CARRY_CI_CO_SB_CARRY_CI_CO_SB_CARRY_CI_CO_SB_CARRY_CI_CO_SB_LUT4_I3_LC.COUT
Info:    routing  0.00  3.03 Net conv.impl.busy_SB_LUT4_I2_I3_SB_LUT4_O_I3_SB_CARRY_CI_CO_SB_CARRY_CI_CO_SB_CARRY_CI_CO_SB_CARRY_CI_CO_SB_CARRY_CI_CO_SB_CARRY_CI_CO_SB_CARRY_CI_CO_SB_CARRY_CI_CO (8,6) -> (8,6)
Info:                          Sink conv.impl.busy_SB_LUT4_I2_I3_SB_LUT4_O_I3_SB_CARRY_CI_CO_SB_CARRY_CI_CO_SB_CARRY_CI_CO_SB_CARRY_CI_CO_SB_CARRY_CI_CO_SB_CARRY_CI_CO_SB_CARRY_CI_CO_SB_CARRY_CI_CO_SB_LUT4_I3_LC.CIN
Info:                          Defined in:
Info:                               /Users/adarmaori/Desktop/Final Project/FPGA/conv1d_large_4mult.v:88.22-88.35
Info:                               /opt/homebrew/bin/../share/yosys/ice40/arith_map.v:62.5-70.4
Info:                               /opt/homebrew/bin/../share/yosys/ice40/abc9_model.v:4.9-4.11
Info:      logic  0.13  3.16 Source conv.impl.busy_SB_LUT4_I2_I3_SB_LUT4_O_I3_SB_CARRY_CI_CO_SB_CARRY_CI_CO_SB_CARRY_CI_CO_SB_CARRY_CI_CO_SB_CARRY_CI_CO_SB_CARRY_CI_CO_SB_CARRY_CI_CO_SB_CARRY_CI_CO_SB_LUT4_I3_LC.COUT
Info:    routing  0.00  3.16 Net conv.impl.busy_SB_LUT4_I2_I3_SB_LUT4_O_I3_SB_CARRY_CI_CO_SB_CARRY_CI_CO_SB_CARRY_CI_CO_SB_CARRY_CI_CO_SB_CARRY_CI_CO_SB_CARRY_CI_CO_SB_CARRY_CI_CO_SB_CARRY_CI_CO_SB_CARRY_CI_CO (8,6) -> (8,6)
Info:                          Sink conv.impl.busy_SB_LUT4_I2_I3_SB_LUT4_O_I3_SB_CARRY_CI_CO_SB_CARRY_CI_CO_SB_CARRY_CI_CO_SB_CARRY_CI_CO_SB_CARRY_CI_CO_SB_CARRY_CI_CO_SB_CARRY_CI_CO_SB_CARRY_CI_CO_SB_CARRY_CI_CO_SB_LUT4_I3_LC.CIN
Info:                          Defined in:
Info:                               /Users/adarmaori/Desktop/Final Project/FPGA/conv1d_large_4mult.v:88.22-88.35
Info:                               /opt/homebrew/bin/../share/yosys/ice40/arith_map.v:62.5-70.4
Info:                               /opt/homebrew/bin/../share/yosys/ice40/abc9_model.v:4.9-4.11
Info:      logic  0.13  3.28 Source conv.impl.busy_SB_LUT4_I2_I3_SB_LUT4_O_I3_SB_CARRY_CI_CO_SB_CARRY_CI_CO_SB_CARRY_CI_CO_SB_CARRY_CI_CO_SB_CARRY_CI_CO_SB_CARRY_CI_CO_SB_CARRY_CI_CO_SB_CARRY_CI_CO_SB_CARRY_CI_CO_SB_LUT4_I3_LC.COUT
Info:    routing  0.00  3.28 Net conv.impl.busy_SB_LUT4_I2_I3_SB_LUT4_O_I3_SB_CARRY_CI_CO_SB_CARRY_CI_CO_SB_CARRY_CI_CO_SB_CARRY_CI_CO_SB_CARRY_CI_CO_SB_CARRY_CI_CO_SB_CARRY_CI_CO_SB_CARRY_CI_CO_SB_CARRY_CI_CO_SB_CARRY_CI_CO (8,6) -> (8,6)
Info:                          Sink conv.impl.busy_SB_LUT4_I2_I3_SB_LUT4_O_I3_SB_CARRY_CI_CO_SB_CARRY_CI_CO_SB_CARRY_CI_CO_SB_CARRY_CI_CO_SB_CARRY_CI_CO_SB_CARRY_CI_CO_SB_CARRY_CI_CO_SB_CARRY_CI_CO_SB_CARRY_CI_CO_SB_CARRY_CI_CO_SB_LUT4_I3_LC.CIN
Info:                          Defined in:
Info:                               /Users/adarmaori/Desktop/Final Project/FPGA/conv1d_large_4mult.v:88.22-88.35
Info:                               /opt/homebrew/bin/../share/yosys/ice40/arith_map.v:62.5-70.4
Info:                               /opt/homebrew/bin/../share/yosys/ice40/abc9_model.v:4.9-4.11
Info:      logic  0.13  3.41 Source conv.impl.busy_SB_LUT4_I2_I3_SB_LUT4_O_I3_SB_CARRY_CI_CO_SB_CARRY_CI_CO_SB_CARRY_CI_CO_SB_CARRY_CI_CO_SB_CARRY_CI_CO_SB_CARRY_CI_CO_SB_CARRY_CI_CO_SB_CARRY_CI_CO_SB_CARRY_CI_CO_SB_CARRY_CI_CO_SB_LUT4_I3_LC.COUT
Info:    routing  0.00  3.41 Net conv.impl.busy_SB_LUT4_I2_I3_SB_LUT4_O_I3_SB_CARRY_CI_CO_SB_CARRY_CI_CO_SB_CARRY_CI_CO_SB_CARRY_CI_CO_SB_CARRY_CI_CO_SB_CARRY_CI_CO_SB_CARRY_CI_CO_SB_CARRY_CI_CO_SB_CARRY_CI_CO_SB_CARRY_CI_CO_SB_CARRY_CI_CO (8,6) -> (8,6)
Info:                          Sink conv.impl.busy_SB_LUT4_I2_I3_SB_LUT4_O_I3_SB_CARRY_CI_CO_SB_CARRY_CI_CO_SB_CARRY_CI_CO_SB_CARRY_CI_CO_SB_CARRY_CI_CO_SB_CARRY_CI_CO_SB_CARRY_CI_CO_SB_CARRY_CI_CO_SB_CARRY_CI_CO_SB_CARRY_CI_CO_SB_CARRY_CI_CO_SB_LUT4_I3_LC.CIN
Info:                          Defined in:
Info:                               /Users/adarmaori/Desktop/Final Project/FPGA/conv1d_large_4mult.v:88.22-88.35
Info:                               /opt/homebrew/bin/../share/yosys/ice40/arith_map.v:62.5-70.4
Info:                               /opt/homebrew/bin/../share/yosys/ice40/abc9_model.v:4.9-4.11
Info:      logic  0.13  3.54 Source conv.impl.busy_SB_LUT4_I2_I3_SB_LUT4_O_I3_SB_CARRY_CI_CO_SB_CARRY_CI_CO_SB_CARRY_CI_CO_SB_CARRY_CI_CO_SB_CARRY_CI_CO_SB_CARRY_CI_CO_SB_CARRY_CI_CO_SB_CARRY_CI_CO_SB_CARRY_CI_CO_SB_CARRY_CI_CO_SB_CARRY_CI_CO_SB_LUT4_I3_LC.COUT
Info:    routing  0.26  3.80 Net $nextpnr_ICESTORM_LC_1$I3 (8,6) -> (8,6)
Info:                          Sink $nextpnr_ICESTORM_LC_1.I3
Info:      logic  0.31  4.11 Source $nextpnr_ICESTORM_LC_1.O
Info:    routing  0.59  4.70 Net conv.impl.busy_SB_LUT4_I2_I3_SB_LUT4_O_I3_SB_CARRY_CI_CO_SB_CARRY_CI_CO_SB_CARRY_CI_CO_SB_CARRY_CI_CO_SB_CARRY_CI_CO_SB_CARRY_CI_CO_SB_CARRY_CI_CO_SB_CARRY_CI_CO_SB_CARRY_CI_CO_SB_CARRY_CI_CO_SB_CARRY_CI_CO_SB_CARRY_CI_CO (8,6) -> (7,6)
Info:                          Sink conv.impl.busy_SB_LUT4_I2_I3_SB_LUT4_O_I3_SB_CARRY_CI_CO_SB_LUT4_I3_O_SB_CARRY_I1_CO_SB_CARRY_CI_CO_SB_CARRY_CI_CO_SB_CARRY_CI_CO_SB_CARRY_CI_CO_SB_CARRY_CI_CO_SB_CARRY_CI_CO_SB_CARRY_CI_CO_SB_CARRY_CI_CO_SB_CARRY_CI_CO_SB_CARRY_CI_CO_SB_CARRY_CI$CARRY.I3
Info:                          Defined in:
Info:                               /Users/adarmaori/Desktop/Final Project/FPGA/conv1d_large_4mult.v:88.22-88.35
Info:                               /opt/homebrew/bin/../share/yosys/ice40/arith_map.v:62.5-70.4
Info:                               /opt/homebrew/bin/../share/yosys/ice40/abc9_model.v:4.9-4.11
Info:      logic  0.31  5.01 Source conv.impl.busy_SB_LUT4_I2_I3_SB_LUT4_O_I3_SB_CARRY_CI_CO_SB_LUT4_I3_O_SB_CARRY_I1_CO_SB_CARRY_CI_CO_SB_CARRY_CI_CO_SB_CARRY_CI_CO_SB_CARRY_CI_CO_SB_CARRY_CI_CO_SB_CARRY_CI_CO_SB_CARRY_CI_CO_SB_CARRY_CI_CO_SB_CARRY_CI_CO_SB_CARRY_CI_CO_SB_CARRY_CI$CARRY.O
Info:    routing  0.59  5.60 Net conv.impl.busy_SB_LUT4_I2_I3_SB_LUT4_O_I3_SB_CARRY_CI_CO_SB_CARRY_CI_CO_SB_CARRY_CI_CO_SB_CARRY_CI_CO_SB_CARRY_CI_CO_SB_CARRY_CI_CO_SB_CARRY_CI_CO_SB_CARRY_CI_CO_SB_CARRY_CI_CO_SB_CARRY_CI_CO_SB_CARRY_CI_CO_SB_CARRY_CI_CO_SB_LUT4_I3_O (7,6) -> (7,6)
Info:                          Sink conv.impl.busy_SB_LUT4_I2_I3_SB_LUT4_O_I3_SB_CARRY_CI_CO_SB_LUT4_I3_O_SB_CARRY_I1_CO_SB_CARRY_CI_CO_SB_CARRY_CI_CO_SB_CARRY_CI_CO_SB_CARRY_CI_CO_SB_CARRY_CI_CO_SB_CARRY_CI_CO_SB_CARRY_CI_CO_SB_CARRY_CI_CO_SB_CARRY_CI_CO_SB_CARRY_CI_CO_SB_CARRY_CI$CARRY.I2
Info:      logic  0.23  5.83 Source conv.impl.busy_SB_LUT4_I2_I3_SB_LUT4_O_I3_SB_CARRY_CI_CO_SB_LUT4_I3_O_SB_CARRY_I1_CO_SB_CARRY_CI_CO_SB_CARRY_CI_CO_SB_CARRY_CI_CO_SB_CARRY_CI_CO_SB_CARRY_CI_CO_SB_CARRY_CI_CO_SB_CARRY_CI_CO_SB_CARRY_CI_CO_SB_CARRY_CI_CO_SB_CARRY_CI_CO_SB_CARRY_CI$CARRY.COUT
Info:    routing  0.26  6.09 Net $nextpnr_ICESTORM_LC_3$I3 (7,6) -> (7,6)
Info:                          Sink $nextpnr_ICESTORM_LC_3.I3
Info:      logic  0.31  6.41 Source $nextpnr_ICESTORM_LC_3.O
Info:    routing  0.59  6.99 Net conv.impl.acc_SB_DFFESR_Q_14_D_SB_LUT4_O_I1_SB_LUT4_O_I1[0] (7,6) -> (7,7)
Info:                          Sink conv.impl.acc_SB_DFFESR_Q_23_D_SB_LUT4_O_I1_SB_LUT4_O_I3_SB_LUT4_O_I1_SB_LUT4_I3_O_SB_LUT4_O_I3_SB_LUT4_I3_O_SB_LUT4_I2_O_SB_LUT4_O_I3_SB_LUT4_I1_O_SB_LUT4_O_1_LC.I2
Info:                          Defined in:
Info:                               /Users/adarmaori/Desktop/Final Project/FPGA/conv1d_large_4mult.v:88.21-88.51
Info:                               /opt/homebrew/bin/../share/yosys/ice40/arith_map.v:62.5-70.4
Info:                               /opt/homebrew/bin/../share/yosys/ice40/abc9_model.v:4.9-4.11
Info:      logic  0.38  7.37 Source conv.impl.acc_SB_DFFESR_Q_23_D_SB_LUT4_O_I1_SB_LUT4_O_I3_SB_LUT4_O_I1_SB_LUT4_I3_O_SB_LUT4_O_I3_SB_LUT4_I3_O_SB_LUT4_I2_O_SB_LUT4_O_I3_SB_LUT4_I1_O_SB_LUT4_O_1_LC.O
Info:    routing  0.59  7.96 Net conv.impl.acc_SB_DFFESR_Q_23_D_SB_LUT4_O_I1_SB_LUT4_O_I3_SB_LUT4_O_I1_SB_LUT4_I3_O_SB_LUT4_O_I3_SB_LUT4_I3_O_SB_LUT4_I2_O_SB_LUT4_O_I3_SB_LUT4_I1_O[2] (7,7) -> (7,8)
Info:                          Sink conv.impl.acc_SB_DFFESR_Q_23_D_SB_LUT4_O_I1_SB_LUT4_O_I3_SB_LUT4_O_I1_SB_LUT4_I3_O_SB_LUT4_O_I3_SB_LUT4_I3_O_SB_LUT4_I2_O_SB_LUT4_O_I3_SB_LUT4_I1_O_SB_LUT4_O_1_I0_SB_LUT4_I3_LC.I1
Info:                          Defined in:
Info:                               /opt/homebrew/bin/../share/yosys/ice40/cells_map.v:6.21-6.22
Info:      logic  0.40  8.36 Source conv.impl.acc_SB_DFFESR_Q_23_D_SB_LUT4_O_I1_SB_LUT4_O_I3_SB_LUT4_O_I1_SB_LUT4_I3_O_SB_LUT4_O_I3_SB_LUT4_I3_O_SB_LUT4_I2_O_SB_LUT4_O_I3_SB_LUT4_I1_O_SB_LUT4_O_1_I0_SB_LUT4_I3_LC.O
Info:    routing  0.59  8.95 Net conv.impl.acc_SB_DFFESR_Q_23_D_SB_LUT4_O_I1_SB_LUT4_O_I3_SB_LUT4_O_I1_SB_LUT4_I3_O_SB_LUT4_O_I3_SB_LUT4_I3_O_SB_LUT4_I2_O_SB_LUT4_O_I3_SB_LUT4_I1_O_SB_LUT4_O_1_I0_SB_LUT4_I3_O[2] (7,8) -> (7,8)
Info:                          Sink conv.impl.acc_SB_DFFESR_Q_23_D_SB_LUT4_O_I1_SB_LUT4_O_I3_SB_LUT4_O_I1_SB_LUT4_I3_O_SB_LUT4_O_I3_SB_LUT4_I3_O_SB_LUT4_I2_O_SB_LUT4_I2_O_SB_LUT4_I2_O_SB_LUT4_I3_I0_SB_LUT4_O_2_LC.I2
Info:                          Defined in:
Info:                               /opt/homebrew/bin/../share/yosys/ice40/cells_map.v:6.21-6.22
Info:      logic  0.38  9.32 Source conv.impl.acc_SB_DFFESR_Q_23_D_SB_LUT4_O_I1_SB_LUT4_O_I3_SB_LUT4_O_I1_SB_LUT4_I3_O_SB_LUT4_O_I3_SB_LUT4_I3_O_SB_LUT4_I2_O_SB_LUT4_I2_O_SB_LUT4_I2_O_SB_LUT4_I3_I0_SB_LUT4_O_2_LC.O
Info:    routing  0.59  9.91 Net conv.impl.acc_SB_DFFESR_Q_23_D_SB_LUT4_O_I1_SB_LUT4_O_I3_SB_LUT4_O_I1_SB_LUT4_I3_O_SB_LUT4_O_I3_SB_LUT4_I3_O_SB_LUT4_I2_O_SB_LUT4_I2_O_SB_LUT4_I2_O[2] (7,8) -> (6,8)
Info:                          Sink conv.impl.acc_SB_DFFESR_Q_23_D_SB_LUT4_O_I1_SB_LUT4_O_I3_SB_LUT4_O_I1_SB_LUT4_I3_O_SB_LUT4_O_I3_SB_LUT4_I3_O_SB_LUT4_I2_O_SB_LUT4_I2_O_SB_LUT4_I2_1_O_SB_LUT4_O_LC.I3
Info:                          Defined in:
Info:                               /opt/homebrew/bin/../share/yosys/ice40/cells_map.v:6.21-6.22
Info:      logic  0.31  10.23 Source conv.impl.acc_SB_DFFESR_Q_23_D_SB_LUT4_O_I1_SB_LUT4_O_I3_SB_LUT4_O_I1_SB_LUT4_I3_O_SB_LUT4_O_I3_SB_LUT4_I3_O_SB_LUT4_I2_O_SB_LUT4_I2_O_SB_LUT4_I2_1_O_SB_LUT4_O_LC.O
Info:    routing  0.59  10.82 Net conv.impl.acc_SB_DFFESR_Q_23_D_SB_LUT4_O_I1_SB_LUT4_O_I3_SB_LUT4_O_I1_SB_LUT4_I3_O_SB_LUT4_O_I3_SB_LUT4_I3_O_SB_LUT4_I2_O_SB_LUT4_I2_O_SB_LUT4_I2_1_O[1] (6,8) -> (6,9)
Info:                          Sink conv.impl.acc_SB_DFFESR_Q_23_D_SB_LUT4_O_I1_SB_LUT4_O_I3_SB_LUT4_O_I1_SB_LUT4_I3_O_SB_LUT4_O_I3_SB_LUT4_I3_O_SB_LUT4_I2_O_SB_LUT4_I2_O_SB_LUT4_I2_O_SB_LUT4_I0_LC.I2
Info:                          Defined in:
Info:                               /opt/homebrew/bin/../share/yosys/ice40/cells_map.v:6.21-6.22
Info:      logic  0.38  11.19 Source conv.impl.acc_SB_DFFESR_Q_23_D_SB_LUT4_O_I1_SB_LUT4_O_I3_SB_LUT4_O_I1_SB_LUT4_I3_O_SB_LUT4_O_I3_SB_LUT4_I3_O_SB_LUT4_I2_O_SB_LUT4_I2_O_SB_LUT4_I2_O_SB_LUT4_I0_LC.O
Info:    routing  1.27  12.47 Net conv.impl.acc_SB_DFFESR_Q_23_D_SB_LUT4_O_I1_SB_LUT4_O_I3_SB_LUT4_O_I1_SB_LUT4_I3_O_SB_LUT4_O_I3_SB_LUT4_I3_O_SB_LUT4_I2_O_SB_LUT4_I2_O_SB_LUT4_I2_O_SB_LUT4_I0_O[2] (6,9) -> (6,12)
Info:                          Sink conv.impl.acc_SB_DFFESR_Q_14_D_SB_LUT4_O_I1_SB_LUT4_O_I3_SB_CARRY_CI_CO_SB_LUT4_I3_I1_SB_LUT4_O_I1_SB_LUT4_O_I0_SB_LUT4_O_1_I3_SB_LUT4_O_I3_SB_CARRY_CO_CI_SB_CARRY_CO_CI_SB_CARRY_CO$CARRY.I1
Info:                          Defined in:
Info:                               /opt/homebrew/bin/../share/yosys/ice40/cells_map.v:6.21-6.22
Info:      logic  0.26  12.73 Source conv.impl.acc_SB_DFFESR_Q_14_D_SB_LUT4_O_I1_SB_LUT4_O_I3_SB_CARRY_CI_CO_SB_LUT4_I3_I1_SB_LUT4_O_I1_SB_LUT4_O_I0_SB_LUT4_O_1_I3_SB_LUT4_O_I3_SB_CARRY_CO_CI_SB_CARRY_CO_CI_SB_CARRY_CO$CARRY.COUT
Info:    routing  0.26  12.99 Net conv.impl.acc_SB_DFFESR_Q_14_D_SB_LUT4_O_I1_SB_LUT4_O_I3_SB_CARRY_CI_CO_SB_LUT4_I3_I1_SB_LUT4_O_I1_SB_LUT4_O_I0_SB_LUT4_O_1_I3_SB_LUT4_O_I3_SB_CARRY_CO_CI_SB_CARRY_CO_CI (6,12) -> (6,12)
Info:                          Sink conv.impl.acc_SB_DFFESR_Q_23_D_SB_LUT4_O_I1_SB_LUT4_O_I3_SB_LUT4_O_I1_SB_LUT4_I3_O_SB_LUT4_O_I3_SB_LUT4_I3_O_SB_LUT4_I2_O_SB_LUT4_I2_O_SB_LUT4_I2_O_SB_LUT4_I3_O_SB_LUT4_I3_O_SB_LUT4_I1_LC.I3
Info:                          Defined in:
Info:                               /opt/homebrew/bin/../share/yosys/ice40/arith_map.v:62.5-70.4
Info:                               /opt/homebrew/bin/../share/yosys/ice40/cells_map.v:6.21-6.22
Info:      logic  0.31  13.30 Source conv.impl.acc_SB_DFFESR_Q_23_D_SB_LUT4_O_I1_SB_LUT4_O_I3_SB_LUT4_O_I1_SB_LUT4_I3_O_SB_LUT4_O_I3_SB_LUT4_I3_O_SB_LUT4_I2_O_SB_LUT4_I2_O_SB_LUT4_I2_O_SB_LUT4_I3_O_SB_LUT4_I3_O_SB_LUT4_I1_LC.O
Info:    routing  0.59  13.89 Net conv.impl.acc_SB_DFFESR_Q_23_D_SB_LUT4_O_I1_SB_LUT4_O_I3_SB_LUT4_O_I1_SB_LUT4_I3_O_SB_LUT4_O_I3_SB_LUT4_I3_O_SB_LUT4_I2_O_SB_LUT4_I2_O_SB_LUT4_I2_O_SB_LUT4_I3_O_SB_LUT4_I3_O_SB_LUT4_I1_O[2] (6,12) -> (6,13)
Info:                          Sink conv.impl.acc_SB_DFFESR_Q_23_D_SB_LUT4_O_I1_SB_LUT4_O_I3_SB_LUT4_O_I1_SB_LUT4_I3_O_SB_LUT4_O_I3_SB_LUT4_I3_O_SB_LUT4_I2_O_SB_LUT4_I2_O_SB_LUT4_I2_O_SB_LUT4_I0_O_SB_LUT4_O_I3_SB_LUT4_I3_O_SB_LUT4_O_1_LC.I3
Info:                          Defined in:
Info:                               /opt/homebrew/bin/../share/yosys/ice40/cells_map.v:6.21-6.22
Info:      logic  0.31  14.20 Source conv.impl.acc_SB_DFFESR_Q_23_D_SB_LUT4_O_I1_SB_LUT4_O_I3_SB_LUT4_O_I1_SB_LUT4_I3_O_SB_LUT4_O_I3_SB_LUT4_I3_O_SB_LUT4_I2_O_SB_LUT4_I2_O_SB_LUT4_I2_O_SB_LUT4_I0_O_SB_LUT4_O_I3_SB_LUT4_I3_O_SB_LUT4_O_1_LC.O
Info:    routing  0.59  14.79 Net conv.impl.acc_SB_DFFESR_Q_23_D_SB_LUT4_O_I1_SB_LUT4_O_I3_SB_LUT4_O_I1_SB_LUT4_I3_O_SB_LUT4_O_I3_SB_LUT4_I3_O_SB_LUT4_I2_O_SB_LUT4_I2_O_SB_LUT4_I2_O_SB_LUT4_I0_O_SB_LUT4_O_I3_SB_LUT4_I3_O[2] (6,13) -> (6,13)
Info:                          Sink conv.impl.acc_SB_DFFESR_Q_23_D_SB_LUT4_O_I1_SB_LUT4_O_I3_SB_LUT4_O_I1_SB_LUT4_I3_O_SB_LUT4_O_I3_SB_LUT4_I3_O_SB_LUT4_I2_O_SB_LUT4_I2_O_SB_LUT4_I2_O_SB_LUT4_I0_O_SB_LUT4_O_I3_SB_LUT4_I3_1_O_SB_LUT4_O_LC.I3
Info:                          Defined in:
Info:                               /opt/homebrew/bin/../share/yosys/ice40/cells_map.v:6.21-6.22
Info:      logic  0.31  15.11 Source conv.impl.acc_SB_DFFESR_Q_23_D_SB_LUT4_O_I1_SB_LUT4_O_I3_SB_LUT4_O_I1_SB_LUT4_I3_O_SB_LUT4_O_I3_SB_LUT4_I3_O_SB_LUT4_I2_O_SB_LUT4_I2_O_SB_LUT4_I2_O_SB_LUT4_I0_O_SB_LUT4_O_I3_SB_LUT4_I3_1_O_SB_LUT4_O_LC.O
Info:    routing  0.59  15.69 Net conv.impl.acc_SB_DFFESR_Q_23_D_SB_LUT4_O_I1_SB_LUT4_O_I3_SB_LUT4_O_I1_SB_LUT4_I3_O_SB_LUT4_O_I3_SB_LUT4_I3_O_SB_LUT4_I2_O_SB_LUT4_I2_O_SB_LUT4_I2_O_SB_LUT4_I0_O_SB_LUT4_O_I3_SB_LUT4_I3_1_O[2] (6,13) -> (5,14)
Info:                          Sink conv.impl.acc_SB_DFFESR_Q_14_D_SB_LUT4_O_I1_SB_LUT4_O_I3_SB_CARRY_CI_CO_SB_LUT4_I3_I1_SB_LUT4_O_I1_SB_LUT4_O_I3_SB_CARRY_CO_CI_SB_CARRY_CO_CI_SB_CARRY_CO_I0_SB_LUT4_O_LC.I2
Info:                          Defined in:
Info:                               /opt/homebrew/bin/../share/yosys/ice40/cells_map.v:6.21-6.22
Info:      logic  0.38  16.07 Source conv.impl.acc_SB_DFFESR_Q_14_D_SB_LUT4_O_I1_SB_LUT4_O_I3_SB_CARRY_CI_CO_SB_LUT4_I3_I1_SB_LUT4_O_I1_SB_LUT4_O_I3_SB_CARRY_CO_CI_SB_CARRY_CO_CI_SB_CARRY_CO_I0_SB_LUT4_O_LC.O
Info:    routing  1.33  17.40 Net conv.impl.acc_SB_DFFESR_Q_14_D_SB_LUT4_O_I1_SB_LUT4_O_I3_SB_CARRY_CI_CO_SB_LUT4_I3_I1_SB_LUT4_O_I1_SB_LUT4_O_I3_SB_CARRY_CO_CI_SB_CARRY_CO_CI_SB_CARRY_CO_I0[1] (5,14) -> (5,10)
Info:                          Sink conv.impl.acc_SB_DFFESR_Q_14_D_SB_LUT4_O_I1_SB_LUT4_O_I3_SB_CARRY_CI_CO_SB_LUT4_I3_I1_SB_LUT4_O_I1_SB_LUT4_O_I3_SB_CARRY_CO_CI_SB_CARRY_CO_CI_SB_CARRY_CO_CI_SB_LUT4_I3_LC.I1
Info:                          Defined in:
Info:                               /opt/homebrew/bin/../share/yosys/ice40/arith_map.v:62.5-70.4
Info:                               /opt/homebrew/bin/../share/yosys/ice40/cells_map.v:6.21-6.22
Info:      logic  0.40  17.80 Source conv.impl.acc_SB_DFFESR_Q_14_D_SB_LUT4_O_I1_SB_LUT4_O_I3_SB_CARRY_CI_CO_SB_LUT4_I3_I1_SB_LUT4_O_I1_SB_LUT4_O_I3_SB_CARRY_CO_CI_SB_CARRY_CO_CI_SB_CARRY_CO_CI_SB_LUT4_I3_LC.O
Info:    routing  0.59  18.39 Net conv.impl.acc_SB_DFFESR_Q_14_D_SB_LUT4_O_I1_SB_LUT4_O_I3_SB_CARRY_CI_CO_SB_LUT4_I3_I1_SB_LUT4_O_I1_SB_LUT4_O_I3_SB_CARRY_CO_CI_SB_CARRY_CO_CI_SB_CARRY_CO_CI_SB_LUT4_I3_O[2] (5,10) -> (5,11)
Info:                          Sink conv.impl.acc_SB_DFFESR_Q_16_D_SB_LUT4_O_I1_SB_LUT4_O_I1_SB_LUT4_O_I2_SB_LUT4_O_1_LC.I3
Info:                          Defined in:
Info:                               /opt/homebrew/bin/../share/yosys/ice40/cells_map.v:6.21-6.22
Info:      logic  0.31  18.70 Source conv.impl.acc_SB_DFFESR_Q_16_D_SB_LUT4_O_I1_SB_LUT4_O_I1_SB_LUT4_O_I2_SB_LUT4_O_1_LC.O
Info:    routing  0.96  19.66 Net conv.impl.acc_SB_DFFESR_Q_16_D_SB_LUT4_O_I1_SB_LUT4_O_I1_SB_LUT4_O_I2[1] (5,11) -> (5,13)
Info:                          Sink conv.impl.acc_SB_DFFESR_Q_16_D_SB_LUT4_O_I1_SB_LUT4_O_I1_SB_LUT4_O_LC.I3
Info:                          Defined in:
Info:                               /opt/homebrew/bin/../share/yosys/ice40/cells_map.v:6.21-6.22
Info:      logic  0.31  19.98 Source conv.impl.acc_SB_DFFESR_Q_16_D_SB_LUT4_O_I1_SB_LUT4_O_I1_SB_LUT4_O_LC.O
Info:    routing  0.59  20.57 Net conv.impl.acc_SB_DFFESR_Q_16_D_SB_LUT4_O_I1_SB_LUT4_O_I1[1] (5,13) -> (4,13)
Info:                          Sink conv.impl.acc_SB_DFFESR_Q_16_D_SB_LUT4_O_I1_SB_LUT4_O_LC.I1
Info:                          Defined in:
Info:                               /opt/homebrew/bin/../share/yosys/ice40/arith_map.v:62.5-70.4
Info:                               /opt/homebrew/bin/../share/yosys/ice40/cells_map.v:6.21-6.22
Info:      logic  0.40  20.97 Source conv.impl.acc_SB_DFFESR_Q_16_D_SB_LUT4_O_I1_SB_LUT4_O_LC.O
Info:    routing  1.27  22.24 Net conv.impl.acc_SB_DFFESR_Q_16_D_SB_LUT4_O_I1[1] (4,13) -> (2,12)
Info:                          Sink conv.impl.acc_SB_DFFESR_Q_16_D_SB_LUT4_O_LC.I1
Info:                          Defined in:
Info:                               /Users/adarmaori/Desktop/Final Project/FPGA/conv1d_large_4mult.v:89.35-89.50
Info:                               /opt/homebrew/bin/../share/yosys/ice40/arith_map.v:62.5-70.4
Info:                               /opt/homebrew/bin/../share/yosys/ice40/cells_map.v:6.21-6.22
Info:      logic  0.26  22.50 Source conv.impl.acc_SB_DFFESR_Q_16_D_SB_LUT4_O_LC.COUT
Info:    routing  0.20  22.69 Net conv.impl.acc_SB_DFFESR_Q_15_D_SB_LUT4_O_I1[3] (2,12) -> (2,13)
Info:                          Sink conv.impl.acc_SB_DFFESR_Q_15_D_SB_LUT4_O_LC.CIN
Info:                          Defined in:
Info:                               /Users/adarmaori/Desktop/Final Project/FPGA/conv1d_large_4mult.v:89.35-89.50
Info:                               /opt/homebrew/bin/../share/yosys/ice40/arith_map.v:62.5-70.4
Info:                               /opt/homebrew/bin/../share/yosys/ice40/abc9_model.v:4.9-4.11
Info:      logic  0.13  22.82 Source conv.impl.acc_SB_DFFESR_Q_15_D_SB_LUT4_O_LC.COUT
Info:    routing  0.00  22.82 Net conv.impl.acc_SB_DFFESR_Q_14_D_SB_LUT4_O_I1[3] (2,13) -> (2,13)
Info:                          Sink conv.impl.acc_SB_DFFESR_Q_14_D_SB_LUT4_O_LC.CIN
Info:                          Defined in:
Info:                               /Users/adarmaori/Desktop/Final Project/FPGA/conv1d_large_4mult.v:89.35-89.50
Info:                               /opt/homebrew/bin/../share/yosys/ice40/arith_map.v:62.5-70.4
Info:                               /opt/homebrew/bin/../share/yosys/ice40/abc9_model.v:4.9-4.11
Info:      logic  0.13  22.95 Source conv.impl.acc_SB_DFFESR_Q_14_D_SB_LUT4_O_LC.COUT
Info:    routing  0.00  22.95 Net conv.impl.acc_SB_DFFESR_Q_13_D_SB_LUT4_O_I3 (2,13) -> (2,13)
Info:                          Sink conv.impl.acc_SB_DFFESR_Q_13_D_SB_LUT4_O_LC.CIN
Info:                          Defined in:
Info:                               /Users/adarmaori/Desktop/Final Project/FPGA/conv1d_large_4mult.v:89.35-89.50
Info:                               /opt/homebrew/bin/../share/yosys/ice40/arith_map.v:62.5-70.4
Info:                               /opt/homebrew/bin/../share/yosys/ice40/abc9_model.v:4.9-4.11
Info:      logic  0.13  23.07 Source conv.impl.acc_SB_DFFESR_Q_13_D_SB_LUT4_O_LC.COUT
Info:    routing  0.00  23.07 Net conv.impl.acc_SB_DFFESR_Q_12_D_SB_LUT4_O_I3 (2,13) -> (2,13)
Info:                          Sink conv.impl.acc_SB_DFFESR_Q_12_D_SB_LUT4_O_LC.CIN
Info:                          Defined in:
Info:                               /Users/adarmaori/Desktop/Final Project/FPGA/conv1d_large_4mult.v:89.35-89.50
Info:                               /opt/homebrew/bin/../share/yosys/ice40/arith_map.v:62.5-70.4
Info:                               /opt/homebrew/bin/../share/yosys/ice40/abc9_model.v:4.9-4.11
Info:      logic  0.13  23.20 Source conv.impl.acc_SB_DFFESR_Q_12_D_SB_LUT4_O_LC.COUT
Info:    routing  0.00  23.20 Net conv.impl.acc_SB_DFFESR_Q_11_D_SB_LUT4_O_I3 (2,13) -> (2,13)
Info:                          Sink conv.impl.acc_SB_DFFESR_Q_11_D_SB_LUT4_O_LC.CIN
Info:                          Defined in:
Info:                               /Users/adarmaori/Desktop/Final Project/FPGA/conv1d_large_4mult.v:89.35-89.50
Info:                               /opt/homebrew/bin/../share/yosys/ice40/arith_map.v:62.5-70.4
Info:                               /opt/homebrew/bin/../share/yosys/ice40/abc9_model.v:4.9-4.11
Info:      logic  0.13  23.33 Source conv.impl.acc_SB_DFFESR_Q_11_D_SB_LUT4_O_LC.COUT
Info:    routing  0.00  23.33 Net conv.impl.acc_SB_DFFESR_Q_10_D_SB_LUT4_O_I3 (2,13) -> (2,13)
Info:                          Sink conv.impl.acc_SB_DFFESR_Q_10_D_SB_LUT4_O_LC.CIN
Info:                          Defined in:
Info:                               /Users/adarmaori/Desktop/Final Project/FPGA/conv1d_large_4mult.v:89.35-89.50
Info:                               /opt/homebrew/bin/../share/yosys/ice40/arith_map.v:62.5-70.4
Info:                               /opt/homebrew/bin/../share/yosys/ice40/abc9_model.v:4.9-4.11
Info:      logic  0.13  23.45 Source conv.impl.acc_SB_DFFESR_Q_10_D_SB_LUT4_O_LC.COUT
Info:    routing  0.00  23.45 Net conv.impl.acc_SB_DFFESR_Q_9_D_SB_LUT4_O_I3 (2,13) -> (2,13)
Info:                          Sink conv.impl.acc_SB_DFFESR_Q_9_D_SB_LUT4_O_LC.CIN
Info:                          Defined in:
Info:                               /Users/adarmaori/Desktop/Final Project/FPGA/conv1d_large_4mult.v:89.35-89.50
Info:                               /opt/homebrew/bin/../share/yosys/ice40/arith_map.v:62.5-70.4
Info:                               /opt/homebrew/bin/../share/yosys/ice40/abc9_model.v:4.9-4.11
Info:      logic  0.13  23.58 Source conv.impl.acc_SB_DFFESR_Q_9_D_SB_LUT4_O_LC.COUT
Info:    routing  0.00  23.58 Net conv.impl.acc_SB_DFFESR_Q_8_D_SB_LUT4_O_I3 (2,13) -> (2,13)
Info:                          Sink conv.impl.acc_SB_DFFESR_Q_8_D_SB_LUT4_O_LC.CIN
Info:                          Defined in:
Info:                               /Users/adarmaori/Desktop/Final Project/FPGA/conv1d_large_4mult.v:89.35-89.50
Info:                               /opt/homebrew/bin/../share/yosys/ice40/arith_map.v:62.5-70.4
Info:                               /opt/homebrew/bin/../share/yosys/ice40/abc9_model.v:4.9-4.11
Info:      logic  0.13  23.70 Source conv.impl.acc_SB_DFFESR_Q_8_D_SB_LUT4_O_LC.COUT
Info:    routing  0.20  23.90 Net conv.impl.acc_SB_DFFESR_Q_7_D_SB_LUT4_O_I3 (2,13) -> (2,14)
Info:                          Sink conv.impl.acc_SB_DFFESR_Q_7_D_SB_LUT4_O_LC.CIN
Info:                          Defined in:
Info:                               /Users/adarmaori/Desktop/Final Project/FPGA/conv1d_large_4mult.v:89.35-89.50
Info:                               /opt/homebrew/bin/../share/yosys/ice40/arith_map.v:62.5-70.4
Info:                               /opt/homebrew/bin/../share/yosys/ice40/abc9_model.v:4.9-4.11
Info:      logic  0.13  24.02 Source conv.impl.acc_SB_DFFESR_Q_7_D_SB_LUT4_O_LC.COUT
Info:    routing  0.00  24.02 Net conv.impl.acc_SB_DFFESR_Q_6_D_SB_LUT4_O_I3 (2,14) -> (2,14)
Info:                          Sink conv.impl.acc_SB_DFFESR_Q_6_D_SB_LUT4_O_LC.CIN
Info:                          Defined in:
Info:                               /Users/adarmaori/Desktop/Final Project/FPGA/conv1d_large_4mult.v:89.35-89.50
Info:                               /opt/homebrew/bin/../share/yosys/ice40/arith_map.v:62.5-70.4
Info:                               /opt/homebrew/bin/../share/yosys/ice40/abc9_model.v:4.9-4.11
Info:      logic  0.13  24.15 Source conv.impl.acc_SB_DFFESR_Q_6_D_SB_LUT4_O_LC.COUT
Info:    routing  0.00  24.15 Net conv.impl.acc_SB_DFFESR_Q_5_D_SB_LUT4_O_I3 (2,14) -> (2,14)
Info:                          Sink conv.impl.acc_SB_DFFESR_Q_5_D_SB_LUT4_O_LC.CIN
Info:                          Defined in:
Info:                               /Users/adarmaori/Desktop/Final Project/FPGA/conv1d_large_4mult.v:89.35-89.50
Info:                               /opt/homebrew/bin/../share/yosys/ice40/arith_map.v:62.5-70.4
Info:                               /opt/homebrew/bin/../share/yosys/ice40/abc9_model.v:4.9-4.11
Info:      logic  0.13  24.28 Source conv.impl.acc_SB_DFFESR_Q_5_D_SB_LUT4_O_LC.COUT
Info:    routing  0.00  24.28 Net conv.impl.acc_SB_DFFESR_Q_4_D_SB_LUT4_O_I3 (2,14) -> (2,14)
Info:                          Sink conv.impl.acc_SB_DFFESR_Q_4_D_SB_LUT4_O_LC.CIN
Info:                          Defined in:
Info:                               /Users/adarmaori/Desktop/Final Project/FPGA/conv1d_large_4mult.v:89.35-89.50
Info:                               /opt/homebrew/bin/../share/yosys/ice40/arith_map.v:62.5-70.4
Info:                               /opt/homebrew/bin/../share/yosys/ice40/abc9_model.v:4.9-4.11
Info:      logic  0.13  24.40 Source conv.impl.acc_SB_DFFESR_Q_4_D_SB_LUT4_O_LC.COUT
Info:    routing  0.00  24.40 Net conv.impl.acc_SB_DFFESR_Q_3_D_SB_LUT4_O_I3 (2,14) -> (2,14)
Info:                          Sink conv.impl.acc_SB_DFFESR_Q_3_D_SB_LUT4_O_LC.CIN
Info:                          Defined in:
Info:                               /Users/adarmaori/Desktop/Final Project/FPGA/conv1d_large_4mult.v:89.35-89.50
Info:                               /opt/homebrew/bin/../share/yosys/ice40/arith_map.v:62.5-70.4
Info:                               /opt/homebrew/bin/../share/yosys/ice40/abc9_model.v:4.9-4.11
Info:      logic  0.13  24.53 Source conv.impl.acc_SB_DFFESR_Q_3_D_SB_LUT4_O_LC.COUT
Info:    routing  0.00  24.53 Net conv.impl.acc_SB_DFFESR_Q_2_D_SB_LUT4_O_I3 (2,14) -> (2,14)
Info:                          Sink conv.impl.acc_SB_DFFESR_Q_2_D_SB_LUT4_O_LC.CIN
Info:                          Defined in:
Info:                               /Users/adarmaori/Desktop/Final Project/FPGA/conv1d_large_4mult.v:89.35-89.50
Info:                               /opt/homebrew/bin/../share/yosys/ice40/arith_map.v:62.5-70.4
Info:                               /opt/homebrew/bin/../share/yosys/ice40/abc9_model.v:4.9-4.11
Info:      logic  0.13  24.66 Source conv.impl.acc_SB_DFFESR_Q_2_D_SB_LUT4_O_LC.COUT
Info:    routing  0.00  24.66 Net conv.impl.acc_SB_DFFESR_Q_14_D_SB_LUT4_O_I1_SB_LUT4_O_I3_SB_CARRY_CI_CO_SB_LUT4_I3_O[3] (2,14) -> (2,14)
Info:                          Sink conv.impl.acc_SB_DFFESR_Q_1_D_SB_LUT4_O_LC.CIN
Info:                          Defined in:
Info:                               /Users/adarmaori/Desktop/Final Project/FPGA/conv1d_large_4mult.v:89.35-89.50
Info:                               /opt/homebrew/bin/../share/yosys/ice40/arith_map.v:62.5-70.4
Info:                               /opt/homebrew/bin/../share/yosys/ice40/abc9_model.v:4.9-4.11
Info:      logic  0.13  24.78 Source conv.impl.acc_SB_DFFESR_Q_1_D_SB_LUT4_O_LC.COUT
Info:    routing  0.26  25.04 Net conv.impl.acc_SB_DFFESR_Q_D_SB_LUT4_O_I3 (2,14) -> (2,14)
Info:                          Sink conv.impl.acc_SB_DFFESR_Q_D_SB_LUT4_O_LC.I3
Info:                          Defined in:
Info:                               /Users/adarmaori/Desktop/Final Project/FPGA/conv1d_large_4mult.v:89.35-89.50
Info:                               /opt/homebrew/bin/../share/yosys/ice40/arith_map.v:62.5-70.4
Info:                               /opt/homebrew/bin/../share/yosys/ice40/abc9_model.v:4.9-4.11
Info:      logic  0.31  25.35 Source conv.impl.acc_SB_DFFESR_Q_D_SB_LUT4_O_LC.O
Info:    routing  0.96  26.31 Net conv.impl.acc_SB_DFFESR_Q_D (2,14) -> (2,16)
Info:                          Sink conv.impl.sample_out_SB_DFFESR_Q_DFFLC.I0
Info:      setup  0.47  26.78 Source conv.impl.sample_out_SB_DFFESR_Q_DFFLC.I0
Info: 11.40 ns logic, 15.38 ns routing

Info: Critical path report for cross-domain path '<async>' -> 'posedge clk$SB_IO_IN_$glb_clk':
Info:       type curr  total name
Info:     source  0.00  0.00 Source sample_valid$sb_io.D_IN_0
Info:    routing  0.96  0.96 Net sample_valid$SB_IO_IN (0,4) -> (2,4)
Info:                          Sink sample_valid_SB_LUT4_I1_1_LC.I1
Info:                          Defined in:
Info:                               conv1d_large_benchmark_top.v:13.16-13.28
Info:      logic  0.40  1.36 Source sample_valid_SB_LUT4_I1_1_LC.O
Info:    routing  0.59  1.95 Net conv.impl.busy_SB_DFFSR_Q_D[1] (2,4) -> (1,4)
Info:                          Sink conv.impl.busy_SB_DFFSR_Q_D_SB_LUT4_I3_LC.I3
Info:                          Defined in:
Info:                               /opt/homebrew/bin/../share/yosys/ice40/cells_map.v:6.21-6.22
Info:      logic  0.31  2.26 Source conv.impl.busy_SB_DFFSR_Q_D_SB_LUT4_I3_LC.O
Info:    routing  1.39  3.65 Net conv.impl.busy_SB_DFFSR_Q_D_SB_LUT4_I3_O (1,4) -> (0,9)
Info:                          Sink $gbuf_conv.impl.busy_SB_DFFSR_Q_D_SB_LUT4_I3_O_$glb_ce.USER_SIGNAL_TO_GLOBAL_BUFFER
Info:      logic  0.62  4.27 Source $gbuf_conv.impl.busy_SB_DFFSR_Q_D_SB_LUT4_I3_O_$glb_ce.GLOBAL_BUFFER_OUTPUT
Info:    routing  0.60  4.87 Net conv.impl.busy_SB_DFFSR_Q_D_SB_LUT4_I3_O_$glb_ce (0,9) -> (2,15)
Info:                          Sink conv.impl.acc_SB_DFFESR_Q_DFFLC.CEN
Info:      setup  0.10  4.97 Source conv.impl.acc_SB_DFFESR_Q_DFFLC.CEN
Info: 1.43 ns logic, 3.54 ns routing

Info: Critical path report for cross-domain path 'posedge clk$SB_IO_IN_$glb_clk' -> '<async>':
Info:       type curr  total name
Info:   clk-to-q  0.54  0.54 Source conv.impl.sample_out_SB_DFFESR_Q_9_DFFLC.O
Info:    routing  1.60  2.14 Net sample_out[14]$SB_IO_OUT (2,16) -> (6,17)
Info:                          Sink sample_out[14]$sb_io.D_OUT_0
Info:                          Defined in:
Info:                               conv1d_large_benchmark_top.v:17.40-17.50
Info: 0.54 ns logic, 1.60 ns routing

Info: Max frequency for clock 'clk$SB_IO_IN_$glb_clk': 37.34 MHz (PASS at 25.00 MHz)

Info: Max delay <async>                       -> posedge clk$SB_IO_IN_$glb_clk: 4.97 ns
Info: Max delay posedge clk$SB_IO_IN_$glb_clk -> <async>                      : 2.14 ns

Info: Slack histogram:
Info:  legend: * represents 4 endpoint(s)
Info:          + represents [1,4) endpoint(s)
Info: [ 13218,  14481) |****+
Info: [ 14481,  15744) |***+
Info: [ 15744,  17007) |+
Info: [ 17007,  18270) |+
Info: [ 18270,  19533) |+
Info: [ 19533,  20796) |+
Info: [ 20796,  22059) | 
Info: [ 22059,  23322) | 
Info: [ 23322,  24585) |+
Info: [ 24585,  25848) |+
Info: [ 25848,  27111) | 
Info: [ 27111,  28374) |******+
Info: [ 28374,  29637) |*****+
Info: [ 29637,  30900) |+
Info: [ 30900,  32163) |+
Info: [ 32163,  33426) | 
Info: [ 33426,  34689) | 
Info: [ 34689,  35952) |****************************+
Info: [ 35952,  37215) |**********************************************+
Info: [ 37215,  38478) |************************************************************ 
1 warning, 0 errors

Info: Program finished normally.
