Warning: No PCF file specified; IO pins will be placed automatically

Info: Packing constants..
Info: Packing IOs..
Info: Packing LUT-FFs..
Info:      352 LCs used as LUT4 only
Info:        3 LCs used as LUT4 and DFF
Info: Packing non-LUT FFs..
Info:      253 LCs used as DFF only
Info: Packing carries..
Info:       16 LCs used as CARRY only
Info: Packing indirect carry+LUT pairs...
Info:        4 LUTs merged into carry LCs
Info: Packing RAMs..
Info: Placing PLLs..
Info: Packing special functions..
Info: Packing PLLs..
Info: Promoting globals..
Info: promoting clk$SB_IO_IN (fanout 256)
Info: promoting rst$SB_IO_IN [reset] (fanout 217)
Info: promoting sample_valid_SB_LUT4_I1_O [reset] (fanout 38)
Info: promoting conv.impl.busy_SB_DFFSR_Q_D_SB_LUT4_I3_O [cen] (fanout 24)
Info: promoting conv.impl.busy_SB_LUT4_I2_O [cen] (fanout 24)
Info: Constraining chains...
Info:        4 LCs used to legalise carry chains.
Info: Checksum: 0xfa86ad6d

Info: Device utilisation:
Info: 	         ICESTORM_LC:     626/   1280    48%
Info: 	        ICESTORM_RAM:       0/     16     0%
Info: 	               SB_IO:      35/    112    31%
Info: 	               SB_GB:       5/      8    62%
Info: 	        ICESTORM_PLL:       0/      1     0%
Info: 	         SB_WARMBOOT:       0/      1     0%

Info: Placed 0 cells based on constraints.
Info: Creating initial analytic placement for 564 cells, random placement wirelen = 7913.
Info:     at initial placer iter 0, wirelen = 476
Info:     at initial placer iter 1, wirelen = 387
Info:     at initial placer iter 2, wirelen = 399
Info:     at initial placer iter 3, wirelen = 395
Info: Running main analytical placer, max placement attempts per cell = 55444.
Info:     at iteration #1, type ALL: wirelen solved = 398, spread = 2530, legal = 2598; time = 0.01s
Info:     at iteration #2, type ALL: wirelen solved = 465, spread = 2183, legal = 2339; time = 0.01s
Info:     at iteration #3, type ALL: wirelen solved = 469, spread = 2045, legal = 2175; time = 0.01s
Info:     at iteration #4, type ALL: wirelen solved = 534, spread = 2083, legal = 2180; time = 0.01s
Info:     at iteration #5, type ALL: wirelen solved = 586, spread = 2152, legal = 2218; time = 0.01s
Info:     at iteration #6, type ALL: wirelen solved = 580, spread = 1932, legal = 2065; time = 0.01s
Info:     at iteration #7, type ALL: wirelen solved = 601, spread = 1922, legal = 2033; time = 0.01s
Info:     at iteration #8, type ALL: wirelen solved = 676, spread = 1933, legal = 2033; time = 0.01s
Info:     at iteration #9, type ALL: wirelen solved = 751, spread = 2039, legal = 2119; time = 0.01s
Info:     at iteration #10, type ALL: wirelen solved = 723, spread = 1864, legal = 1962; time = 0.01s
Info:     at iteration #11, type ALL: wirelen solved = 748, spread = 1916, legal = 2002; time = 0.01s
Info:     at iteration #12, type ALL: wirelen solved = 802, spread = 2003, legal = 2071; time = 0.01s
Info:     at iteration #13, type ALL: wirelen solved = 866, spread = 2007, legal = 2067; time = 0.01s
Info:     at iteration #14, type ALL: wirelen solved = 852, spread = 2021, legal = 2096; time = 0.01s
Info:     at iteration #15, type ALL: wirelen solved = 864, spread = 2026, legal = 2060; time = 0.01s
Info: HeAP Placer Time: 0.16s
Info:   of which solving equations: 0.09s
Info:   of which spreading cells: 0.01s
Info:   of which strict legalisation: 0.03s

Info: Running simulated annealing placer for refinement.
Info:   at iteration #1: temp = 0.000000, timing cost = 445, wirelen = 1962
Info:   at iteration #5: temp = 0.000000, timing cost = 395, wirelen = 1517
Info:   at iteration #10: temp = 0.000000, timing cost = 355, wirelen = 1404
Info:   at iteration #15: temp = 0.000000, timing cost = 350, wirelen = 1361
Info:   at iteration #20: temp = 0.000000, timing cost = 351, wirelen = 1311
Info:   at iteration #21: temp = 0.000000, timing cost = 351, wirelen = 1307 
Info: SA placement time 0.26s

Info: Max frequency for clock 'clk$SB_IO_IN_$glb_clk': 37.39 MHz (PASS at 25.00 MHz)

Info: Max delay <async>                       -> posedge clk$SB_IO_IN_$glb_clk: 7.01 ns
Info: Max delay posedge clk$SB_IO_IN_$glb_clk -> <async>                      : 3.28 ns

Info: Slack histogram:
Info:  legend: * represents 4 endpoint(s)
Info:          + represents [1,4) endpoint(s)
Info: [ 13253,  14518) |*****+
Info: [ 14518,  15783) |**+
Info: [ 15783,  17048) |+
Info: [ 17048,  18313) |+
Info: [ 18313,  19578) |+
Info: [ 19578,  20843) |+
Info: [ 20843,  22108) |+
Info: [ 22108,  23373) | 
Info: [ 23373,  24638) |+
Info: [ 24638,  25903) |+
Info: [ 25903,  27168) |****+
Info: [ 27168,  28433) |*****+
Info: [ 28433,  29698) |+
Info: [ 29698,  30963) |+
Info: [ 30963,  32228) |+
Info: [ 32228,  33493) | 
Info: [ 33493,  34758) |****+
Info: [ 34758,  36023) |****+
Info: [ 36023,  37288) |******************************+
Info: [ 37288,  38553) |************************************************************ 
Info: Checksum: 0x4ba82133

Info: Routing..
Info: Setting up routing queue.
Info: Routing 1686 arcs.
Info:            |   (re-)routed arcs  |   delta    | remaining|       time spent     |
Info:    IterCnt |  w/ripup   wo/ripup |  w/r  wo/r |      arcs| batch(sec) total(sec)|
Info:       1000 |      126        822 |  126   822 |       850|       0.07       0.07|
Info:       2000 |      463       1479 |  337   657 |       282|       0.09       0.17|
Info:       2293 |      474       1761 |   11   282 |         0|       0.02       0.19|
Info: Routing complete.
Info: Router1 time 0.19s
Info: Checksum: 0x69701237

Info: Critical path report for clock 'clk$SB_IO_IN_$glb_clk' (posedge -> posedge):
Info:       type curr  total name
Info:   clk-to-q  0.54  0.54 Source conv.impl.tap_index_SB_DFFESR_Q_13_D_SB_LUT4_O_LC.O
Info:    routing  1.27  1.81 Net conv.impl.acc_SB_DFFESR_Q_16_D_SB_LUT4_O_I1_SB_LUT4_O_I3_SB_CARRY_CI_CO_SB_LUT4_I3_I1_SB_LUT4_O_I0[1] (7,6) -> (9,2)
Info:                          Sink $nextpnr_ICESTORM_LC_2.I1
Info:                          Defined in:
Info:                               /opt/homebrew/bin/../share/yosys/ice40/cells_map.v:6.21-6.22
Info:      logic  0.26  2.07 Source $nextpnr_ICESTORM_LC_2.COUT
Info:    routing  0.00  2.07 Net $nextpnr_ICESTORM_LC_2$O (9,2) -> (9,2)
Info:                          Sink conv.impl.tap_index_SB_DFFESR_Q_11_D_SB_LUT4_O_I2_SB_LUT4_O_I3_SB_CARRY_CO$CARRY.CIN
Info:      logic  0.13  2.20 Source conv.impl.tap_index_SB_DFFESR_Q_11_D_SB_LUT4_O_I2_SB_LUT4_O_I3_SB_CARRY_CO$CARRY.COUT
Info:    routing  0.00  2.20 Net conv.impl.tap_index_SB_DFFESR_Q_11_D_SB_LUT4_O_I2_SB_LUT4_O_I3 (9,2) -> (9,2)
Info:                          Sink conv.impl.tap_index_SB_DFFESR_Q_11_D_SB_LUT4_O_I2_SB_LUT4_O_LC.CIN
Info:                          Defined in:
Info:                               /Users/adarmaori/Desktop/Final Project/FPGA/conv1d_large_4mult.v:88.22-88.35
Info:                               /opt/homebrew/bin/../share/yosys/ice40/arith_map.v:62.5-70.4
Info:                               /opt/homebrew/bin/../share/yosys/ice40/abc9_model.v:4.9-4.11
Info:      logic  0.13  2.33 Source conv.impl.tap_index_SB_DFFESR_Q_11_D_SB_LUT4_O_I2_SB_LUT4_O_LC.COUT
Info:    routing  0.00  2.33 Net conv.impl.tap_index_SB_DFFESR_Q_11_D_SB_LUT4_O_I2_SB_LUT4_O_I3_SB_CARRY_CI_CO (9,2) -> (9,2)
Info:                          Sink conv.impl.tap_index_SB_DFFESR_Q_11_D_SB_LUT4_O_I2_SB_LUT4_O_I3_SB_CARRY_CI_CO_SB_LUT4_I3_LC.CIN
Info:                          Defined in:
Info:                               /Users/adarmaori/Desktop/Final Project/FPGA/conv1d_large_4mult.v:88.22-88.35
Info:                               /opt/homebrew/bin/../share/yosys/ice40/arith_map.v:62.5-70.4
Info:                               /opt/homebrew/bin/../share/yosys/ice40/abc9_model.v:4.9-4.11
Info:      logic  0.13  2.45 Source conv.impl.tap_index_SB_DFFESR_Q_11_D_SB_LUT4_O_I2_SB_LUT4_O_I3_SB_CARRY_CI_CO_SB_LUT4_I3_LC.COUT
Info:    routing  0.00  2.45 Net conv.impl.tap_index_SB_DFFESR_Q_11_D_SB_LUT4_O_I2_SB_LUT4_O_I3_SB_CARRY_CI_CO_SB_CARRY_CI_CO (9,2) -> (9,2)
Info:                          Sink conv.impl.tap_index_SB_DFFESR_Q_11_D_SB_LUT4_O_I2_SB_LUT4_O_I3_SB_CARRY_CI_CO_SB_CARRY_CI_CO_SB_LUT4_I3_LC.CIN
Info:                          Defined in:
Info:                               /Users/adarmaori/Desktop/Final Project/FPGA/conv1d_large_4mult.v:88.22-88.35
Info:                               /opt/homebrew/bin/../share/yosys/ice40/arith_map.v:62.5-70.4
Info:                               /opt/homebrew/bin/../share/yosys/ice40/abc9_model.v:4.9-4.11
Info:      logic  0.13  2.58 Source conv.impl.tap_index_SB_DFFESR_Q_11_D_SB_LUT4_O_I2_SB_LUT4_O_I3_SB_CARRY_CI_CO_SB_CARRY_CI_CO_SB_LUT4_I3_LC.COUT
Info:    routing  0.00  2.58 Net conv.impl.tap_index_SB_DFFESR_Q_11_D_SB_LUT4_O_I2_SB_LUT4_O_I3_SB_CARRY_CI_CO_SB_CARRY_CI_CO_SB_CARRY_CI_CO (9,2) -> (9,2)
Info:                          Sink conv.impl.tap_index_SB_DFFESR_Q_11_D_SB_LUT4_O_I2_SB_LUT4_O_I3_SB_CARRY_CI_CO_SB_CARRY_CI_CO_SB_CARRY_CI_CO_SB_LUT4_I3_LC.CIN
Info:                          Defined in:
Info:                               /Users/adarmaori/Desktop/Final Project/FPGA/conv1d_large_4mult.v:88.22-88.35
Info:                               /opt/homebrew/bin/../share/yosys/ice40/arith_map.v:62.5-70.4
Info:                               /opt/homebrew/bin/../share/yosys/ice40/abc9_model.v:4.9-4.11
Info:      logic  0.13  2.70 Source conv.impl.tap_index_SB_DFFESR_Q_11_D_SB_LUT4_O_I2_SB_LUT4_O_I3_SB_CARRY_CI_CO_SB_CARRY_CI_CO_SB_CARRY_CI_CO_SB_LUT4_I3_LC.COUT
Info:    routing  0.00  2.70 Net conv.impl.tap_index_SB_DFFESR_Q_11_D_SB_LUT4_O_I2_SB_LUT4_O_I3_SB_CARRY_CI_CO_SB_CARRY_CI_CO_SB_CARRY_CI_CO_SB_CARRY_CI_CO (9,2) -> (9,2)
Info:                          Sink conv.impl.tap_index_SB_DFFESR_Q_11_D_SB_LUT4_O_I2_SB_LUT4_O_I3_SB_CARRY_CI_CO_SB_CARRY_CI_CO_SB_CARRY_CI_CO_SB_CARRY_CI_CO_SB_LUT4_I3_LC.CIN
Info:                          Defined in:
Info:                               /Users/adarmaori/Desktop/Final Project/FPGA/conv1d_large_4mult.v:88.22-88.35
Info:                               /opt/homebrew/bin/../share/yosys/ice40/arith_map.v:62.5-70.4
Info:                               /opt/homebrew/bin/../share/yosys/ice40/abc9_model.v:4.9-4.11
Info:      logic  0.13  2.83 Source conv.impl.tap_index_SB_DFFESR_Q_11_D_SB_LUT4_O_I2_SB_LUT4_O_I3_SB_CARRY_CI_CO_SB_CARRY_CI_CO_SB_CARRY_CI_CO_SB_CARRY_CI_CO_SB_LUT4_I3_LC.COUT
Info:    routing  0.00  2.83 Net conv.impl.tap_index_SB_DFFESR_Q_11_D_SB_LUT4_O_I2_SB_LUT4_O_I3_SB_CARRY_CI_CO_SB_CARRY_CI_CO_SB_CARRY_CI_CO_SB_CARRY_CI_CO_SB_CARRY_CI_CO (9,2) -> (9,2)
Info:                          Sink conv.impl.tap_index_SB_DFFESR_Q_11_D_SB_LUT4_O_I2_SB_LUT4_O_I3_SB_CARRY_CI_CO_SB_CARRY_CI_CO_SB_CARRY_CI_CO_SB_CARRY_CI_CO_SB_CARRY_CI_CO_SB_LUT4_I3_LC.CIN
Info:                          Defined in:
Info:                               /Users/adarmaori/Desktop/Final Project/FPGA/conv1d_large_4mult.v:88.22-88.35
Info:                               /opt/homebrew/bin/../share/yosys/ice40/arith_map.v:62.5-70.4
Info:                               /opt/homebrew/bin/../share/yosys/ice40/abc9_model.v:4.9-4.11
Info:      logic  0.13  2.95 Source conv.impl.tap_index_SB_DFFESR_Q_11_D_SB_LUT4_O_I2_SB_LUT4_O_I3_SB_CARRY_CI_CO_SB_CARRY_CI_CO_SB_CARRY_CI_CO_SB_CARRY_CI_CO_SB_CARRY_CI_CO_SB_LUT4_I3_LC.COUT
Info:    routing  0.20  3.15 Net conv.impl.tap_index_SB_DFFESR_Q_11_D_SB_LUT4_O_I2_SB_LUT4_O_I3_SB_CARRY_CI_CO_SB_CARRY_CI_CO_SB_CARRY_CI_CO_SB_CARRY_CI_CO_SB_CARRY_CI_CO_SB_CARRY_CI_CO (9,2) -> (9,3)
Info:                          Sink conv.impl.tap_index_SB_DFFESR_Q_11_D_SB_LUT4_O_I2_SB_LUT4_O_I3_SB_CARRY_CI_CO_SB_CARRY_CI_CO_SB_CARRY_CI_CO_SB_CARRY_CI_CO_SB_CARRY_CI_CO_SB_CARRY_CI_CO_SB_LUT4_I3_LC.CIN
Info:                          Defined in:
Info:                               /Users/adarmaori/Desktop/Final Project/FPGA/conv1d_large_4mult.v:88.22-88.35
Info:                               /opt/homebrew/bin/../share/yosys/ice40/arith_map.v:62.5-70.4
Info:                               /opt/homebrew/bin/../share/yosys/ice40/abc9_model.v:4.9-4.11
Info:      logic  0.13  3.28 Source conv.impl.tap_index_SB_DFFESR_Q_11_D_SB_LUT4_O_I2_SB_LUT4_O_I3_SB_CARRY_CI_CO_SB_CARRY_CI_CO_SB_CARRY_CI_CO_SB_CARRY_CI_CO_SB_CARRY_CI_CO_SB_CARRY_CI_CO_SB_LUT4_I3_LC.COUT
Info:    routing  0.00  3.28 Net conv.impl.tap_index_SB_DFFESR_Q_11_D_SB_LUT4_O_I2_SB_LUT4_O_I3_SB_CARRY_CI_CO_SB_CARRY_CI_CO_SB_CARRY_CI_CO_SB_CARRY_CI_CO_SB_CARRY_CI_CO_SB_CARRY_CI_CO_SB_CARRY_CI_CO (9,3) -> (9,3)
Info:                          Sink conv.impl.tap_index_SB_DFFESR_Q_11_D_SB_LUT4_O_I2_SB_LUT4_O_I3_SB_CARRY_CI_CO_SB_CARRY_CI_CO_SB_CARRY_CI_CO_SB_CARRY_CI_CO_SB_CARRY_CI_CO_SB_CARRY_CI_CO_SB_CARRY_CI_CO_SB_LUT4_I3_LC.CIN
Info:                          Defined in:
Info:                               /Users/adarmaori/Desktop/Final Project/FPGA/conv1d_large_4mult.v:88.22-88.35
Info:                               /opt/homebrew/bin/../share/yosys/ice40/arith_map.v:62.5-70.4
Info:                               /opt/homebrew/bin/../share/yosys/ice40/abc9_model.v:4.9-4.11
Info:      logic  0.13  3.40 Source conv.impl.tap_index_SB_DFFESR_Q_11_D_SB_LUT4_O_I2_SB_LUT4_O_I3_SB_CARRY_CI_CO_SB_CARRY_CI_CO_SB_CARRY_CI_CO_SB_CARRY_CI_CO_SB_CARRY_CI_CO_SB_CARRY_CI_CO_SB_CARRY_CI_CO_SB_LUT4_I3_LC.COUT
Info:    routing  0.00  3.40 Net conv.impl.tap_index_SB_DFFESR_Q_11_D_SB_LUT4_O_I2_SB_LUT4_O_I3_SB_CARRY_CI_CO_SB_CARRY_CI_CO_SB_CARRY_CI_CO_SB_CARRY_CI_CO_SB_CARRY_CI_CO_SB_CARRY_CI_CO_SB_CARRY_CI_CO_SB_CARRY_CI_CO (9,3) -> (9,3)
Info:                          Sink conv.impl.tap_index_SB_DFFESR_Q_11_D_SB_LUT4_O_I2_SB_LUT4_O_I3_SB_CARRY_CI_CO_SB_CARRY_CI_CO_SB_CARRY_CI_CO_SB_CARRY_CI_CO_SB_CARRY_CI_CO_SB_CARRY_CI_CO_SB_CARRY_CI_CO_SB_CARRY_CI_CO_SB_LUT4_I3_LC.CIN
Info:                          Defined in:
Info:                               /Users/adarmaori/Desktop/Final Project/FPGA/conv1d_large_4mult.v:88.22-88.35
Info:                               /opt/homebrew/bin/../share/yosys/ice40/arith_map.v:62.5-70.4
Info:                               /opt/homebrew/bin/../share/yosys/ice40/abc9_model.v:4.9-4.11
Info:      logic  0.13  3.53 Source conv.impl.tap_index_SB_DFFESR_Q_11_D_SB_LUT4_O_I2_SB_LUT4_O_I3_SB_CARRY_CI_CO_SB_CARRY_CI_CO_SB_CARRY_CI_CO_SB_CARRY_CI_CO_SB_CARRY_CI_CO_SB_CARRY_CI_CO_SB_CARRY_CI_CO_SB_CARRY_CI_CO_SB_LUT4_I3_LC.COUT
Info:    routing  0.00  3.53 Net conv.impl.tap_index_SB_DFFESR_Q_11_D_SB_LUT4_O_I2_SB_LUT4_O_I3_SB_CARRY_CI_CO_SB_CARRY_CI_CO_SB_CARRY_CI_CO_SB_CARRY_CI_CO_SB_CARRY_CI_CO_SB_CARRY_CI_CO_SB_CARRY_CI_CO_SB_CARRY_CI_CO_SB_CARRY_CI_CO (9,3) -> (9,3)
Info:                          Sink conv.impl.tap_index_SB_DFFESR_Q_11_D_SB_LUT4_O_I2_SB_LUT4_O_I3_SB_CARRY_CI_CO_SB_CARRY_CI_CO_SB_CARRY_CI_CO_SB_CARRY_CI_CO_SB_CARRY_CI_CO_SB_CARRY_CI_CO_SB_CARRY_CI_CO_SB_CARRY_CI_CO_SB_CARRY_CI_CO_SB_LUT4_I3_LC.CIN
Info:                          Defined in:
Info:                               /Users/adarmaori/Desktop/Final Project/FPGA/conv1d_large_4mult.v:88.22-88.35
Info:                               /opt/homebrew/bin/../share/yosys/ice40/arith_map.v:62.5-70.4
Info:                               /opt/homebrew/bin/../share/yosys/ice40/abc9_model.v:4.9-4.11
Info:      logic  0.13  3.65 Source conv.impl.tap_index_SB_DFFESR_Q_11_D_SB_LUT4_O_I2_SB_LUT4_O_I3_SB_CARRY_CI_CO_SB_CARRY_CI_CO_SB_CARRY_CI_CO_SB_CARRY_CI_CO_SB_CARRY_CI_CO_SB_CARRY_CI_CO_SB_CARRY_CI_CO_SB_CARRY_CI_CO_SB_CARRY_CI_CO_SB_LUT4_I3_LC.COUT
Info:    routing  0.00  3.65 Net conv.impl.tap_index_SB_DFFESR_Q_11_D_SB_LUT4_O_I2_SB_LUT4_O_I3_SB_CARRY_CI_CO_SB_CARRY_CI_CO_SB_CARRY_CI_CO_SB_CARRY_CI_CO_SB_CARRY_CI_CO_SB_CARRY_CI_CO_SB_CARRY_CI_CO_SB_CARRY_CI_CO_SB_CARRY_CI_CO_SB_CARRY_CI_CO (9,3) -> (9,3)
Info:                          Sink conv.impl.tap_index_SB_DFFESR_Q_11_D_SB_LUT4_O_I2_SB_LUT4_O_I3_SB_CARRY_CI_CO_SB_CARRY_CI_CO_SB_CARRY_CI_CO_SB_CARRY_CI_CO_SB_CARRY_CI_CO_SB_CARRY_CI_CO_SB_CARRY_CI_CO_SB_CARRY_CI_CO_SB_CARRY_CI_CO_SB_CARRY_CI_CO_SB_LUT4_I3_LC.CIN
Info:                          Defined in:
Info:                               /Users/adarmaori/Desktop/Final Project/FPGA/conv1d_large_4mult.v:88.22-88.35
Info:                               /opt/homebrew/bin/../share/yosys/ice40/arith_map.v:62.5-70.4
Info:                               /opt/homebrew/bin/../share/yosys/ice40/abc9_model.v:4.9-4.11
Info:      logic  0.13  3.78 Source conv.impl.tap_index_SB_DFFESR_Q_11_D_SB_LUT4_O_I2_SB_LUT4_O_I3_SB_CARRY_CI_CO_SB_CARRY_CI_CO_SB_CARRY_CI_CO_SB_CARRY_CI_CO_SB_CARRY_CI_CO_SB_CARRY_CI_CO_SB_CARRY_CI_CO_SB_CARRY_CI_CO_SB_CARRY_CI_CO_SB_CARRY_CI_CO_SB_LUT4_I3_LC.COUT
Info:    routing  0.00  3.78 Net conv.impl.tap_index_SB_DFFESR_Q_11_D_SB_LUT4_O_I2_SB_LUT4_O_I3_SB_CARRY_CI_CO_SB_CARRY_CI_CO_SB_CARRY_CI_CO_SB_CARRY_CI_CO_SB_CARRY_CI_CO_SB_CARRY_CI_CO_SB_CARRY_CI_CO_SB_CARRY_CI_CO_SB_CARRY_CI_CO_SB_CARRY_CI_CO_SB_CARRY_CI_CO (9,3) -> (9,3)
Info:                          Sink conv.impl.tap_index_SB_DFFESR_Q_11_D_SB_LUT4_O_I2_SB_LUT4_O_I3_SB_CARRY_CI_CO_SB_CARRY_CI_CO_SB_CARRY_CI_CO_SB_CARRY_CI_CO_SB_CARRY_CI_CO_SB_CARRY_CI_CO_SB_CARRY_CI_CO_SB_CARRY_CI_CO_SB_CARRY_CI_CO_SB_CARRY_CI_CO_SB_CARRY_CI_CO_SB_LUT4_I3_LC.CIN
Info:                          Defined in:
Info:                               /Users/adarmaori/Desktop/Final Project/FPGA/conv1d_large_4mult.v:88.22-88.35
Info:                               /opt/homebrew/bin/../share/yosys/ice40/arith_map.v:62.5-70.4
Info:                               /opt/homebrew/bin/../share/yosys/ice40/abc9_model.v:4.9-4.11
Info:      logic  0.13  3.91 Source conv.impl.tap_index_SB_DFFESR_Q_11_D_SB_LUT4_O_I2_SB_LUT4_O_I3_SB_CARRY_CI_CO_SB_CARRY_CI_CO_SB_CARRY_CI_CO_SB_CARRY_CI_CO_SB_CARRY_CI_CO_SB_CARRY_CI_CO_SB_CARRY_CI_CO_SB_CARRY_CI_CO_SB_CARRY_CI_CO_SB_CARRY_CI_CO_SB_CARRY_CI_CO_SB_LUT4_I3_LC.COUT
Info:    routing  0.26  4.17 Net $nextpnr_ICESTORM_LC_3$I3 (9,3) -> (9,3)
Info:                          Sink $nextpnr_ICESTORM_LC_3.I3
Info:      logic  0.31  4.48 Source $nextpnr_ICESTORM_LC_3.O
Info:    routing  0.59  5.07 Net conv.impl.tap_index_SB_DFFESR_Q_11_D_SB_LUT4_O_I2_SB_LUT4_O_I3_SB_CARRY_CI_CO_SB_CARRY_CI_CO_SB_CARRY_CI_CO_SB_CARRY_CI_CO_SB_CARRY_CI_CO_SB_CARRY_CI_CO_SB_CARRY_CI_CO_SB_CARRY_CI_CO_SB_CARRY_CI_CO_SB_CARRY_CI_CO_SB_CARRY_CI_CO_SB_CARRY_CI_CO (9,3) -> (8,3)
Info:                          Sink conv.impl.tap_index_SB_DFFESR_Q_11_D_SB_LUT4_O_I2_SB_LUT4_I3_O_SB_CARRY_I1_CO_SB_CARRY_CI_CO_SB_CARRY_CI_CO_SB_CARRY_CI_CO_SB_CARRY_CI_CO_SB_CARRY_CI_CO_SB_CARRY_CI_CO_SB_CARRY_CI_CO_SB_CARRY_CI_CO_SB_CARRY_CI_CO_SB_CARRY_CI_CO_SB_CARRY_CI_CO_SB_CARRY_CI$CARRY.I3
Info:                          Defined in:
Info:                               /Users/adarmaori/Desktop/Final Project/FPGA/conv1d_large_4mult.v:88.22-88.35
Info:                               /opt/homebrew/bin/../share/yosys/ice40/arith_map.v:62.5-70.4
Info:                               /opt/homebrew/bin/../share/yosys/ice40/abc9_model.v:4.9-4.11
Info:      logic  0.31  5.38 Source conv.impl.tap_index_SB_DFFESR_Q_11_D_SB_LUT4_O_I2_SB_LUT4_I3_O_SB_CARRY_I1_CO_SB_CARRY_CI_CO_SB_CARRY_CI_CO_SB_CARRY_CI_CO_SB_CARRY_CI_CO_SB_CARRY_CI_CO_SB_CARRY_CI_CO_SB_CARRY_CI_CO_SB_CARRY_CI_CO_SB_CARRY_CI_CO_SB_CARRY_CI_CO_SB_CARRY_CI_CO_SB_CARRY_CI$CARRY.O
Info:    routing  0.59  5.97 Net conv.impl.tap_index_SB_DFFESR_Q_11_D_SB_LUT4_O_I2_SB_LUT4_O_I3_SB_CARRY_CI_CO_SB_CARRY_CI_CO_SB_CARRY_CI_CO_SB_CARRY_CI_CO_SB_CARRY_CI_CO_SB_CARRY_CI_CO_SB_CARRY_CI_CO_SB_CARRY_CI_CO_SB_CARRY_CI_CO_SB_CARRY_CI_CO_SB_CARRY_CI_CO_SB_CARRY_CI_CO_SB_LUT4_I3_O (8,3) -> (8,3)
Info:                          Sink conv.impl.tap_index_SB_DFFESR_Q_11_D_SB_LUT4_O_I2_SB_LUT4_I3_O_SB_CARRY_I1_CO_SB_CARRY_CI_CO_SB_CARRY_CI_CO_SB_CARRY_CI_CO_SB_CARRY_CI_CO_SB_CARRY_CI_CO_SB_CARRY_CI_CO_SB_CARRY_CI_CO_SB_CARRY_CI_CO_SB_CARRY_CI_CO_SB_CARRY_CI_CO_SB_CARRY_CI_CO_SB_CARRY_CI$CARRY.I2
Info:      logic  0.23  6.20 Source conv.impl.tap_index_SB_DFFESR_Q_11_D_SB_LUT4_O_I2_SB_LUT4_I3_O_SB_CARRY_I1_CO_SB_CARRY_CI_CO_SB_CARRY_CI_CO_SB_CARRY_CI_CO_SB_CARRY_CI_CO_SB_CARRY_CI_CO_SB_CARRY_CI_CO_SB_CARRY_CI_CO_SB_CARRY_CI_CO_SB_CARRY_CI_CO_SB_CARRY_CI_CO_SB_CARRY_CI_CO_SB_CARRY_CI$CARRY.COUT
Info:    routing  0.26  6.46 Net $nextpnr_ICESTORM_LC_1$I3 (8,3) -> (8,3)
Info:                          Sink $nextpnr_ICESTORM_LC_1.I3
Info:      logic  0.31  6.78 Source $nextpnr_ICESTORM_LC_1.O
Info:    routing  0.96  7.74 Net conv.impl.acc_SB_DFFESR_Q_16_D_SB_LUT4_O_I1_SB_LUT4_O_I1[0] (8,3) -> (8,6)
Info:                          Sink conv.impl.acc_SB_DFFESR_Q_23_D_SB_LUT4_O_I1_SB_LUT4_O_I2_SB_LUT4_I3_O_SB_LUT4_O_I2_SB_LUT4_O_1_I2_SB_LUT4_I3_O_SB_LUT4_O_2_I3_SB_LUT4_O_I3_SB_LUT4_O_1_LC.I3
Info:                          Defined in:
Info:                               /Users/adarmaori/Desktop/Final Project/FPGA/conv1d_large_4mult.v:88.21-88.51
Info:                               /opt/homebrew/bin/../share/yosys/ice40/arith_map.v:62.5-70.4
Info:                               /opt/homebrew/bin/../share/yosys/ice40/abc9_model.v:4.9-4.11
Info:      logic  0.31  8.05 Source conv.impl.acc_SB_DFFESR_Q_23_D_SB_LUT4_O_I1_SB_LUT4_O_I2_SB_LUT4_I3_O_SB_LUT4_O_I2_SB_LUT4_O_1_I2_SB_LUT4_I3_O_SB_LUT4_O_2_I3_SB_LUT4_O_I3_SB_LUT4_O_1_LC.O
Info:    routing  0.59  8.64 Net conv.impl.acc_SB_DFFESR_Q_23_D_SB_LUT4_O_I1_SB_LUT4_O_I2_SB_LUT4_I3_O_SB_LUT4_O_I2_SB_LUT4_O_1_I2_SB_LUT4_I3_O_SB_LUT4_O_2_I3_SB_LUT4_O_I3[2] (8,6) -> (7,5)
Info:                          Sink conv.impl.acc_SB_DFFESR_Q_23_D_SB_LUT4_O_I1_SB_LUT4_O_I2_SB_LUT4_I3_O_SB_LUT4_O_I2_SB_LUT4_O_1_I2_SB_LUT4_I3_O_SB_LUT4_O_I1_SB_LUT4_O_LC.I2
Info:                          Defined in:
Info:                               /opt/homebrew/bin/../share/yosys/ice40/cells_map.v:6.21-6.22
Info:      logic  0.38  9.02 Source conv.impl.acc_SB_DFFESR_Q_23_D_SB_LUT4_O_I1_SB_LUT4_O_I2_SB_LUT4_I3_O_SB_LUT4_O_I2_SB_LUT4_O_1_I2_SB_LUT4_I3_O_SB_LUT4_O_I1_SB_LUT4_O_LC.O
Info:    routing  0.59  9.60 Net conv.impl.acc_SB_DFFESR_Q_23_D_SB_LUT4_O_I1_SB_LUT4_O_I2_SB_LUT4_I3_O_SB_LUT4_O_I2_SB_LUT4_O_1_I2_SB_LUT4_I3_O_SB_LUT4_O_2_I3[0] (7,5) -> (6,6)
Info:                          Sink conv.impl.acc_SB_DFFESR_Q_23_D_SB_LUT4_O_I1_SB_LUT4_O_I2_SB_LUT4_I3_O_SB_LUT4_O_I2_SB_LUT4_O_1_I2_SB_LUT4_I3_O_SB_LUT4_O_2_LC.I0
Info:                          Defined in:
Info:                               /opt/homebrew/bin/../share/yosys/ice40/cells_map.v:6.21-6.22
Info:      logic  0.45  10.05 Source conv.impl.acc_SB_DFFESR_Q_23_D_SB_LUT4_O_I1_SB_LUT4_O_I2_SB_LUT4_I3_O_SB_LUT4_O_I2_SB_LUT4_O_1_I2_SB_LUT4_I3_O_SB_LUT4_O_2_LC.O
Info:    routing  0.59  10.64 Net conv.impl.acc_SB_DFFESR_Q_16_D_SB_LUT4_O_I1_SB_LUT4_O_I3_SB_CARRY_CI_CO_SB_LUT4_I3_I1_SB_LUT4_O_I0_SB_LUT4_O_1_I1_SB_LUT4_O_I1_SB_LUT4_O_1_I3_SB_LUT4_O_I1_SB_LUT4_O_1_I3[2] (6,6) -> (6,6)
Info:                          Sink conv.impl.acc_SB_DFFESR_Q_23_D_SB_LUT4_O_I1_SB_LUT4_O_I3_SB_LUT4_I3_O_SB_LUT4_O_I3_SB_LUT4_O_I2_SB_LUT4_I2_1_O_SB_LUT4_O_1_I1_SB_LUT4_O_1_LC.I3
Info:                          Defined in:
Info:                               /opt/homebrew/bin/../share/yosys/ice40/cells_map.v:6.21-6.22
Info:      logic  0.31  10.96 Source conv.impl.acc_SB_DFFESR_Q_23_D_SB_LUT4_O_I1_SB_LUT4_O_I3_SB_LUT4_I3_O_SB_LUT4_O_I3_SB_LUT4_O_I2_SB_LUT4_I2_1_O_SB_LUT4_O_1_I1_SB_LUT4_O_1_LC.O
Info:    routing  1.49  12.45 Net conv.impl.acc_SB_DFFESR_Q_23_D_SB_LUT4_O_I1_SB_LUT4_O_I3_SB_LUT4_I3_O_SB_LUT4_O_I3_SB_LUT4_O_I2_SB_LUT4_I2_1_O_SB_LUT4_O_1_I1[3] (6,6) -> (4,4)
Info:                          Sink conv.impl.acc_SB_DFFESR_Q_16_D_SB_LUT4_O_I1_SB_LUT4_O_I3_SB_CARRY_CI_CO_SB_LUT4_I3_I1_SB_LUT4_O_I0_SB_LUT4_O_1_I1_SB_LUT4_O_I1_SB_LUT4_O_1_I3_SB_LUT4_O_I3_SB_CARRY_CO_CI_SB_LUT4_I3_O_SB_LUT4_O_LC.I3
Info:                          Defined in:
Info:                               /opt/homebrew/bin/../share/yosys/ice40/cells_map.v:6.21-6.22
Info:      logic  0.31  12.76 Source conv.impl.acc_SB_DFFESR_Q_16_D_SB_LUT4_O_I1_SB_LUT4_O_I3_SB_CARRY_CI_CO_SB_LUT4_I3_I1_SB_LUT4_O_I0_SB_LUT4_O_1_I1_SB_LUT4_O_I1_SB_LUT4_O_1_I3_SB_LUT4_O_I3_SB_CARRY_CO_CI_SB_LUT4_I3_O_SB_LUT4_O_LC.O
Info:    routing  1.27  14.04 Net conv.impl.acc_SB_DFFESR_Q_16_D_SB_LUT4_O_I1_SB_LUT4_O_I3_SB_CARRY_CI_CO_SB_LUT4_I3_I1_SB_LUT4_O_I0_SB_LUT4_O_1_I1_SB_LUT4_O_I1_SB_LUT4_O_1_I3_SB_LUT4_O_I3_SB_CARRY_CO_CI_SB_LUT4_I3_O[2] (4,4) -> (2,5)
Info:                          Sink conv.impl.acc_SB_DFFESR_Q_16_D_SB_LUT4_O_I1_SB_LUT4_O_I3_SB_CARRY_CI_CO_SB_LUT4_I3_I1_SB_LUT4_O_I0_SB_LUT4_O_I1_SB_LUT4_O_1_I3_SB_LUT4_O_LC.I2
Info:                          Defined in:
Info:                               /opt/homebrew/bin/../share/yosys/ice40/cells_map.v:6.21-6.22
Info:      logic  0.38  14.41 Source conv.impl.acc_SB_DFFESR_Q_16_D_SB_LUT4_O_I1_SB_LUT4_O_I3_SB_CARRY_CI_CO_SB_LUT4_I3_I1_SB_LUT4_O_I0_SB_LUT4_O_I1_SB_LUT4_O_1_I3_SB_LUT4_O_LC.O
Info:    routing  0.59  15.00 Net conv.impl.acc_SB_DFFESR_Q_16_D_SB_LUT4_O_I1_SB_LUT4_O_I3_SB_CARRY_CI_CO_SB_LUT4_I3_I1_SB_LUT4_O_I0_SB_LUT4_O_I1_SB_LUT4_O_1_I1[2] (2,5) -> (2,4)
Info:                          Sink conv.impl.acc_SB_DFFESR_Q_16_D_SB_LUT4_O_I1_SB_LUT4_O_I3_SB_CARRY_CI_CO_SB_LUT4_I3_I1_SB_LUT4_O_I0_SB_LUT4_O_1_I1_SB_LUT4_O_I1_SB_LUT4_I2_O_SB_LUT4_O_LC.I0
Info:                          Defined in:
Info:                               /opt/homebrew/bin/../share/yosys/ice40/cells_map.v:6.21-6.22
Info:      logic  0.45  15.45 Source conv.impl.acc_SB_DFFESR_Q_16_D_SB_LUT4_O_I1_SB_LUT4_O_I3_SB_CARRY_CI_CO_SB_LUT4_I3_I1_SB_LUT4_O_I0_SB_LUT4_O_1_I1_SB_LUT4_O_I1_SB_LUT4_I2_O_SB_LUT4_O_LC.O
Info:    routing  0.59  16.04 Net conv.impl.acc_SB_DFFESR_Q_16_D_SB_LUT4_O_I1_SB_LUT4_O_I3_SB_CARRY_CI_CO_SB_LUT4_I3_I1_SB_LUT4_O_I0_SB_LUT4_O_1_I1_SB_LUT4_O_I1_SB_LUT4_I2_O[2] (2,4) -> (2,5)
Info:                          Sink conv.impl.acc_SB_DFFESR_Q_16_D_SB_LUT4_O_I1_SB_LUT4_O_I3_SB_CARRY_CI_CO_SB_LUT4_I3_I1_SB_LUT4_O_I0_SB_LUT4_O_I1_SB_LUT4_O_LC.I2
Info:                          Defined in:
Info:                               /opt/homebrew/bin/../share/yosys/ice40/cells_map.v:6.21-6.22
Info:      logic  0.38  16.42 Source conv.impl.acc_SB_DFFESR_Q_16_D_SB_LUT4_O_I1_SB_LUT4_O_I3_SB_CARRY_CI_CO_SB_LUT4_I3_I1_SB_LUT4_O_I0_SB_LUT4_O_I1_SB_LUT4_O_LC.O
Info:    routing  0.90  17.32 Net conv.impl.acc_SB_DFFESR_Q_16_D_SB_LUT4_O_I1_SB_LUT4_O_I3_SB_CARRY_CI_CO_SB_LUT4_I3_I1_SB_LUT4_O_I0_SB_LUT4_O_I1[1] (2,5) -> (4,5)
Info:                          Sink conv.impl.acc_SB_DFFESR_Q_16_D_SB_LUT4_O_I1_SB_LUT4_O_I3_SB_CARRY_CI_CO_SB_LUT4_I3_I1_SB_LUT4_O_I0_SB_LUT4_O_LC.I1
Info:                          Defined in:
Info:                               /opt/homebrew/bin/../share/yosys/ice40/arith_map.v:62.5-70.4
Info:                               /opt/homebrew/bin/../share/yosys/ice40/cells_map.v:6.21-6.22
Info:      logic  0.40  17.72 Source conv.impl.acc_SB_DFFESR_Q_16_D_SB_LUT4_O_I1_SB_LUT4_O_I3_SB_CARRY_CI_CO_SB_LUT4_I3_I1_SB_LUT4_O_I0_SB_LUT4_O_LC.O
Info:    routing  1.33  19.05 Net conv.impl.acc_SB_DFFESR_Q_16_D_SB_LUT4_O_I1_SB_LUT4_O_I3_SB_CARRY_CI_CO_SB_LUT4_I3_I1_SB_LUT4_O_1_I1_SB_LUT4_O_2_I2[2] (4,5) -> (4,10)
Info:                          Sink conv.impl.acc_SB_DFFESR_Q_16_D_SB_LUT4_O_I1_SB_LUT4_O_I3_SB_CARRY_CI_CO_SB_LUT4_I3_I1_SB_LUT4_O_1_I1_SB_LUT4_O_2_I2_SB_LUT4_I2_LC.I3
Info:                          Defined in:
Info:                               /opt/homebrew/bin/../share/yosys/ice40/cells_map.v:6.21-6.22
Info:      logic  0.31  19.36 Source conv.impl.acc_SB_DFFESR_Q_16_D_SB_LUT4_O_I1_SB_LUT4_O_I3_SB_CARRY_CI_CO_SB_LUT4_I3_I1_SB_LUT4_O_1_I1_SB_LUT4_O_2_I2_SB_LUT4_I2_LC.O
Info:    routing  0.59  19.95 Net conv.impl.acc_SB_DFFESR_Q_16_D_SB_LUT4_O_I1_SB_LUT4_O_I3_SB_CARRY_CI_CO_SB_LUT4_I3_I1_SB_LUT4_O_1_I1_SB_LUT4_O_2_I2_SB_LUT4_I2_O[1] (4,10) -> (4,9)
Info:                          Sink conv.impl.acc_SB_DFFESR_Q_17_D_SB_LUT4_O_I1_SB_LUT4_O_I1_SB_LUT4_O_LC.I3
Info:                          Defined in:
Info:                               /opt/homebrew/bin/../share/yosys/ice40/cells_map.v:6.21-6.22
Info:      logic  0.31  20.27 Source conv.impl.acc_SB_DFFESR_Q_17_D_SB_LUT4_O_I1_SB_LUT4_O_I1_SB_LUT4_O_LC.O
Info:    routing  1.27  21.54 Net conv.impl.acc_SB_DFFESR_Q_17_D_SB_LUT4_O_I1_SB_LUT4_O_I1[1] (4,9) -> (2,8)
Info:                          Sink conv.impl.acc_SB_DFFESR_Q_17_D_SB_LUT4_O_I1_SB_LUT4_O_LC.I1
Info:                          Defined in:
Info:                               /opt/homebrew/bin/../share/yosys/ice40/arith_map.v:62.5-70.4
Info:                               /opt/homebrew/bin/../share/yosys/ice40/cells_map.v:6.21-6.22
Info:      logic  0.26  21.80 Source conv.impl.acc_SB_DFFESR_Q_17_D_SB_LUT4_O_I1_SB_LUT4_O_LC.COUT
Info:    routing  0.26  22.06 Net conv.impl.acc_SB_DFFESR_Q_16_D_SB_LUT4_O_I1_SB_LUT4_O_I1[3] (2,8) -> (2,8)
Info:                          Sink conv.impl.acc_SB_DFFESR_Q_16_D_SB_LUT4_O_I1_SB_LUT4_O_LC.I3
Info:                          Defined in:
Info:                               /opt/homebrew/bin/../share/yosys/ice40/arith_map.v:62.5-70.4
Info:                               /opt/homebrew/bin/../share/yosys/ice40/abc9_model.v:4.9-4.11
Info:      logic  0.31  22.37 Source conv.impl.acc_SB_DFFESR_Q_16_D_SB_LUT4_O_I1_SB_LUT4_O_LC.O
Info:    routing  0.59  22.96 Net conv.impl.acc_SB_DFFESR_Q_16_D_SB_LUT4_O_I1[1] (2,8) -> (1,8)
Info:                          Sink conv.impl.acc_SB_DFFESR_Q_16_D_SB_LUT4_O_LC.I1
Info:                          Defined in:
Info:                               /Users/adarmaori/Desktop/Final Project/FPGA/conv1d_large_4mult.v:89.35-89.50
Info:                               /opt/homebrew/bin/../share/yosys/ice40/arith_map.v:62.5-70.4
Info:                               /opt/homebrew/bin/../share/yosys/ice40/cells_map.v:6.21-6.22
Info:      logic  0.26  23.22 Source conv.impl.acc_SB_DFFESR_Q_16_D_SB_LUT4_O_LC.COUT
Info:    routing  0.20  23.42 Net conv.impl.acc_SB_DFFESR_Q_15_D_SB_LUT4_O_I3 (1,8) -> (1,9)
Info:                          Sink conv.impl.acc_SB_DFFESR_Q_15_D_SB_LUT4_O_LC.CIN
Info:                          Defined in:
Info:                               /Users/adarmaori/Desktop/Final Project/FPGA/conv1d_large_4mult.v:89.35-89.50
Info:                               /opt/homebrew/bin/../share/yosys/ice40/arith_map.v:62.5-70.4
Info:                               /opt/homebrew/bin/../share/yosys/ice40/abc9_model.v:4.9-4.11
Info:      logic  0.13  23.54 Source conv.impl.acc_SB_DFFESR_Q_15_D_SB_LUT4_O_LC.COUT
Info:    routing  0.00  23.54 Net conv.impl.acc_SB_DFFESR_Q_14_D_SB_LUT4_O_I3 (1,9) -> (1,9)
Info:                          Sink conv.impl.acc_SB_DFFESR_Q_14_D_SB_LUT4_O_LC.CIN
Info:                          Defined in:
Info:                               /Users/adarmaori/Desktop/Final Project/FPGA/conv1d_large_4mult.v:89.35-89.50
Info:                               /opt/homebrew/bin/../share/yosys/ice40/arith_map.v:62.5-70.4
Info:                               /opt/homebrew/bin/../share/yosys/ice40/abc9_model.v:4.9-4.11
Info:      logic  0.13  23.67 Source conv.impl.acc_SB_DFFESR_Q_14_D_SB_LUT4_O_LC.COUT
Info:    routing  0.00  23.67 Net conv.impl.acc_SB_DFFESR_Q_13_D_SB_LUT4_O_I3 (1,9) -> (1,9)
Info:                          Sink conv.impl.acc_SB_DFFESR_Q_13_D_SB_LUT4_O_LC.CIN
Info:                          Defined in:
Info:                               /Users/adarmaori/Desktop/Final Project/FPGA/conv1d_large_4mult.v:89.35-89.50
Info:                               /opt/homebrew/bin/../share/yosys/ice40/arith_map.v:62.5-70.4
Info:                               /opt/homebrew/bin/../share/yosys/ice40/abc9_model.v:4.9-4.11
Info:      logic  0.13  23.79 Source conv.impl.acc_SB_DFFESR_Q_13_D_SB_LUT4_O_LC.COUT
Info:    routing  0.00  23.79 Net conv.impl.acc_SB_DFFESR_Q_12_D_SB_LUT4_O_I3 (1,9) -> (1,9)
Info:                          Sink conv.impl.acc_SB_DFFESR_Q_12_D_SB_LUT4_O_LC.CIN
Info:                          Defined in:
Info:                               /Users/adarmaori/Desktop/Final Project/FPGA/conv1d_large_4mult.v:89.35-89.50
Info:                               /opt/homebrew/bin/../share/yosys/ice40/arith_map.v:62.5-70.4
Info:                               /opt/homebrew/bin/../share/yosys/ice40/abc9_model.v:4.9-4.11
Info:      logic  0.13  23.92 Source conv.impl.acc_SB_DFFESR_Q_12_D_SB_LUT4_O_LC.COUT
Info:    routing  0.00  23.92 Net conv.impl.acc_SB_DFFESR_Q_11_D_SB_LUT4_O_I3 (1,9) -> (1,9)
Info:                          Sink conv.impl.acc_SB_DFFESR_Q_11_D_SB_LUT4_O_LC.CIN
Info:                          Defined in:
Info:                               /Users/adarmaori/Desktop/Final Project/FPGA/conv1d_large_4mult.v:89.35-89.50
Info:                               /opt/homebrew/bin/../share/yosys/ice40/arith_map.v:62.5-70.4
Info:                               /opt/homebrew/bin/../share/yosys/ice40/abc9_model.v:4.9-4.11
Info:      logic  0.13  24.05 Source conv.impl.acc_SB_DFFESR_Q_11_D_SB_LUT4_O_LC.COUT
Info:    routing  0.00  24.05 Net conv.impl.acc_SB_DFFESR_Q_10_D_SB_LUT4_O_I3 (1,9) -> (1,9)
Info:                          Sink conv.impl.acc_SB_DFFESR_Q_10_D_SB_LUT4_O_LC.CIN
Info:                          Defined in:
Info:                               /Users/adarmaori/Desktop/Final Project/FPGA/conv1d_large_4mult.v:89.35-89.50
Info:                               /opt/homebrew/bin/../share/yosys/ice40/arith_map.v:62.5-70.4
Info:                               /opt/homebrew/bin/../share/yosys/ice40/abc9_model.v:4.9-4.11
Info:      logic  0.13  24.17 Source conv.impl.acc_SB_DFFESR_Q_10_D_SB_LUT4_O_LC.COUT
Info:    routing  0.00  24.17 Net conv.impl.acc_SB_DFFESR_Q_9_D_SB_LUT4_O_I3 (1,9) -> (1,9)
Info:                          Sink conv.impl.acc_SB_DFFESR_Q_9_D_SB_LUT4_O_LC.CIN
Info:                          Defined in:
Info:                               /Users/adarmaori/Desktop/Final Project/FPGA/conv1d_large_4mult.v:89.35-89.50
Info:                               /opt/homebrew/bin/../share/yosys/ice40/arith_map.v:62.5-70.4
Info:                               /opt/homebrew/bin/../share/yosys/ice40/abc9_model.v:4.9-4.11
Info:      logic  0.13  24.30 Source conv.impl.acc_SB_DFFESR_Q_9_D_SB_LUT4_O_LC.COUT
Info:    routing  0.00  24.30 Net conv.impl.acc_SB_DFFESR_Q_8_D_SB_LUT4_O_I3 (1,9) -> (1,9)
Info:                          Sink conv.impl.acc_SB_DFFESR_Q_8_D_SB_LUT4_O_LC.CIN
Info:                          Defined in:
Info:                               /Users/adarmaori/Desktop/Final Project/FPGA/conv1d_large_4mult.v:89.35-89.50
Info:                               /opt/homebrew/bin/../share/yosys/ice40/arith_map.v:62.5-70.4
Info:                               /opt/homebrew/bin/../share/yosys/ice40/abc9_model.v:4.9-4.11
Info:      logic  0.13  24.42 Source conv.impl.acc_SB_DFFESR_Q_8_D_SB_LUT4_O_LC.COUT
Info:    routing  0.20  24.62 Net conv.impl.acc_SB_DFFESR_Q_7_D_SB_LUT4_O_I3 (1,9) -> (1,10)
Info:                          Sink conv.impl.acc_SB_DFFESR_Q_7_D_SB_LUT4_O_LC.CIN
Info:                          Defined in:
Info:                               /Users/adarmaori/Desktop/Final Project/FPGA/conv1d_large_4mult.v:89.35-89.50
Info:                               /opt/homebrew/bin/../share/yosys/ice40/arith_map.v:62.5-70.4
Info:                               /opt/homebrew/bin/../share/yosys/ice40/abc9_model.v:4.9-4.11
Info:      logic  0.13  24.75 Source conv.impl.acc_SB_DFFESR_Q_7_D_SB_LUT4_O_LC.COUT
Info:    routing  0.00  24.75 Net conv.impl.acc_SB_DFFESR_Q_6_D_SB_LUT4_O_I3 (1,10) -> (1,10)
Info:                          Sink conv.impl.acc_SB_DFFESR_Q_6_D_SB_LUT4_O_LC.CIN
Info:                          Defined in:
Info:                               /Users/adarmaori/Desktop/Final Project/FPGA/conv1d_large_4mult.v:89.35-89.50
Info:                               /opt/homebrew/bin/../share/yosys/ice40/arith_map.v:62.5-70.4
Info:                               /opt/homebrew/bin/../share/yosys/ice40/abc9_model.v:4.9-4.11
Info:      logic  0.13  24.87 Source conv.impl.acc_SB_DFFESR_Q_6_D_SB_LUT4_O_LC.COUT
Info:    routing  0.00  24.87 Net conv.impl.acc_SB_DFFESR_Q_5_D_SB_LUT4_O_I3 (1,10) -> (1,10)
Info:                          Sink conv.impl.acc_SB_DFFESR_Q_5_D_SB_LUT4_O_LC.CIN
Info:                          Defined in:
Info:                               /Users/adarmaori/Desktop/Final Project/FPGA/conv1d_large_4mult.v:89.35-89.50
Info:                               /opt/homebrew/bin/../share/yosys/ice40/arith_map.v:62.5-70.4
Info:                               /opt/homebrew/bin/../share/yosys/ice40/abc9_model.v:4.9-4.11
Info:      logic  0.13  25.00 Source conv.impl.acc_SB_DFFESR_Q_5_D_SB_LUT4_O_LC.COUT
Info:    routing  0.00  25.00 Net conv.impl.acc_SB_DFFESR_Q_16_D_SB_LUT4_O_I1_SB_LUT4_O_I3_SB_CARRY_CI_CO_SB_LUT4_I3_O[3] (1,10) -> (1,10)
Info:                          Sink conv.impl.acc_SB_DFFESR_Q_4_D_SB_LUT4_O_LC.CIN
Info:                          Defined in:
Info:                               /Users/adarmaori/Desktop/Final Project/FPGA/conv1d_large_4mult.v:89.35-89.50
Info:                               /opt/homebrew/bin/../share/yosys/ice40/arith_map.v:62.5-70.4
Info:                               /opt/homebrew/bin/../share/yosys/ice40/abc9_model.v:4.9-4.11
Info:      logic  0.13  25.12 Source conv.impl.acc_SB_DFFESR_Q_4_D_SB_LUT4_O_LC.COUT
Info:    routing  0.00  25.12 Net conv.impl.acc_SB_DFFESR_Q_3_D_SB_LUT4_O_I3 (1,10) -> (1,10)
Info:                          Sink conv.impl.acc_SB_DFFESR_Q_3_D_SB_LUT4_O_LC.CIN
Info:                          Defined in:
Info:                               /Users/adarmaori/Desktop/Final Project/FPGA/conv1d_large_4mult.v:89.35-89.50
Info:                               /opt/homebrew/bin/../share/yosys/ice40/arith_map.v:62.5-70.4
Info:                               /opt/homebrew/bin/../share/yosys/ice40/abc9_model.v:4.9-4.11
Info:      logic  0.13  25.25 Source conv.impl.acc_SB_DFFESR_Q_3_D_SB_LUT4_O_LC.COUT
Info:    routing  0.00  25.25 Net conv.impl.acc_SB_DFFESR_Q_2_D_SB_LUT4_O_I3 (1,10) -> (1,10)
Info:                          Sink conv.impl.acc_SB_DFFESR_Q_2_D_SB_LUT4_O_LC.CIN
Info:                          Defined in:
Info:                               /Users/adarmaori/Desktop/Final Project/FPGA/conv1d_large_4mult.v:89.35-89.50
Info:                               /opt/homebrew/bin/../share/yosys/ice40/arith_map.v:62.5-70.4
Info:                               /opt/homebrew/bin/../share/yosys/ice40/abc9_model.v:4.9-4.11
Info:      logic  0.13  25.38 Source conv.impl.acc_SB_DFFESR_Q_2_D_SB_LUT4_O_LC.COUT
Info:    routing  0.00  25.38 Net conv.impl.acc_SB_DFFESR_Q_1_D_SB_LUT4_O_I3 (1,10) -> (1,10)
Info:                          Sink conv.impl.acc_SB_DFFESR_Q_1_D_SB_LUT4_O_LC.CIN
Info:                          Defined in:
Info:                               /Users/adarmaori/Desktop/Final Project/FPGA/conv1d_large_4mult.v:89.35-89.50
Info:                               /opt/homebrew/bin/../share/yosys/ice40/arith_map.v:62.5-70.4
Info:                               /opt/homebrew/bin/../share/yosys/ice40/abc9_model.v:4.9-4.11
Info:      logic  0.13  25.50 Source conv.impl.acc_SB_DFFESR_Q_1_D_SB_LUT4_O_LC.COUT
Info:    routing  0.26  25.76 Net conv.impl.acc_SB_DFFESR_Q_D_SB_LUT4_O_I3 (1,10) -> (1,10)
Info:                          Sink conv.impl.acc_SB_DFFESR_Q_D_SB_LUT4_O_LC.I3
Info:                          Defined in:
Info:                               /Users/adarmaori/Desktop/Final Project/FPGA/conv1d_large_4mult.v:89.35-89.50
Info:                               /opt/homebrew/bin/../share/yosys/ice40/arith_map.v:62.5-70.4
Info:                               /opt/homebrew/bin/../share/yosys/ice40/abc9_model.v:4.9-4.11
Info:      logic  0.31  26.08 Source conv.impl.acc_SB_DFFESR_Q_D_SB_LUT4_O_LC.O
Info:    routing  0.59  26.66 Net conv.impl.acc_SB_DFFESR_Q_D (1,10) -> (2,10)
Info:                          Sink conv.impl.acc_SB_DFFESR_Q_DFFLC.I0
Info:      setup  0.47  27.13 Source conv.impl.acc_SB_DFFESR_Q_DFFLC.I0
Info: 11.12 ns logic, 16.01 ns routing

Info: Critical path report for cross-domain path '<async>' -> 'posedge clk$SB_IO_IN_$glb_clk':
Info:       type curr  total name
Info:     source  0.00  0.00 Source sample_valid$sb_io.D_IN_0
Info:    routing  1.27  1.27 Net sample_valid$SB_IO_IN (13,13) -> (9,11)
Info:                          Sink sample_valid_SB_LUT4_I1_1_LC.I1
Info:                          Defined in:
Info:                               conv1d_large_benchmark_top.v:13.16-13.28
Info:      logic  0.40  1.67 Source sample_valid_SB_LUT4_I1_1_LC.O
Info:    routing  0.59  2.26 Net conv.impl.busy_SB_DFFSR_Q_D[1] (9,11) -> (9,10)
Info:                          Sink conv.impl.busy_SB_DFFSR_Q_D_SB_LUT4_I3_LC.I3
Info:                          Defined in:
Info:                               /opt/homebrew/bin/../share/yosys/ice40/cells_map.v:6.21-6.22
Info:      logic  0.31  2.58 Source conv.impl.busy_SB_DFFSR_Q_D_SB_LUT4_I3_LC.O
Info:    routing  1.01  3.59 Net conv.impl.busy_SB_DFFSR_Q_D_SB_LUT4_I3_O (9,10) -> (13,8)
Info:                          Sink $gbuf_conv.impl.busy_SB_DFFSR_Q_D_SB_LUT4_I3_O_$glb_ce.USER_SIGNAL_TO_GLOBAL_BUFFER
Info:      logic  0.62  4.21 Source $gbuf_conv.impl.busy_SB_DFFSR_Q_D_SB_LUT4_I3_O_$glb_ce.GLOBAL_BUFFER_OUTPUT
Info:    routing  0.60  4.81 Net conv.impl.busy_SB_DFFSR_Q_D_SB_LUT4_I3_O_$glb_ce (13,8) -> (2,10)
Info:                          Sink conv.impl.acc_SB_DFFESR_Q_DFFLC.CEN
Info:      setup  0.10  4.91 Source conv.impl.acc_SB_DFFESR_Q_DFFLC.CEN
Info: 1.43 ns logic, 3.48 ns routing

Info: Critical path report for cross-domain path 'posedge clk$SB_IO_IN_$glb_clk' -> '<async>':
Info:       type curr  total name
Info:   clk-to-q  0.54  0.54 Source conv.impl.busy_SB_DFFSR_Q_DFFLC.O
Info:    routing  0.96  1.50 Net conv.impl.busy (9,11) -> (9,13)
Info:                          Sink sample_ready_SB_LUT4_O_LC.I3
Info:                          Defined in:
Info:                               /Users/adarmaori/Desktop/Final Project/FPGA/conv1d_large_4mult.v:28.9-28.13
Info:      logic  0.31  1.81 Source sample_ready_SB_LUT4_O_LC.O
Info:    routing  1.13  2.94 Net sample_ready$SB_IO_OUT (9,13) -> (9,17)
Info:                          Sink sample_ready$sb_io.D_OUT_0
Info:                          Defined in:
Info:                               conv1d_large_benchmark_top.v:14.17-14.29
Info: 0.86 ns logic, 2.09 ns routing

Info: Max frequency for clock 'clk$SB_IO_IN_$glb_clk': 36.86 MHz (PASS at 25.00 MHz)

Info: Max delay <async>                       -> posedge clk$SB_IO_IN_$glb_clk: 4.91 ns
Info: Max delay posedge clk$SB_IO_IN_$glb_clk -> <async>                      : 2.94 ns

Info: Slack histogram:
Info:  legend: * represents 3 endpoint(s)
Info:          + represents [1,3) endpoint(s)
Info: [ 12868,  14149) |******+
Info: [ 14149,  15430) |***+
Info: [ 15430,  16711) |*+
Info: [ 16711,  17992) |+
Info: [ 17992,  19273) |+
Info: [ 19273,  20554) |+
Info: [ 20554,  21835) |+
Info: [ 21835,  23116) | 
Info: [ 23116,  24397) |+
Info: [ 24397,  25678) | 
Info: [ 25678,  26959) | 
Info: [ 26959,  28240) |********+
Info: [ 28240,  29521) |*******+
Info: [ 29521,  30802) |*+
Info: [ 30802,  32083) | 
Info: [ 32083,  33364) | 
Info: [ 33364,  34645) | 
Info: [ 34645,  35926) |******************+
Info: [ 35926,  37207) |************************************************************ 
Info: [ 37207,  38488) |************************************************************ 
1 warning, 0 errors

Info: Program finished normally.
