Warning: No PCF file specified; IO pins will be placed automatically

Info: Packing constants..
Info: Packing IOs..
Info: Packing LUT-FFs..
Info:      589 LCs used as LUT4 only
Info:        4 LCs used as LUT4 and DFF
Info: Packing non-LUT FFs..
Info:      460 LCs used as DFF only
Info: Packing carries..
Info:       16 LCs used as CARRY only
Info: Packing indirect carry+LUT pairs...
Info:        4 LUTs merged into carry LCs
Info: Packing RAMs..
Info: Placing PLLs..
Info: Packing special functions..
Info: Packing PLLs..
Info: Promoting globals..
Info: promoting clk$SB_IO_IN (fanout 464)
Info: promoting rst$SB_IO_IN [reset] (fanout 417)
Info: promoting sample_valid_SB_LUT4_I1_O[1] [reset] (fanout 46)
Info: promoting conv.impl.busy_SB_DFFSR_Q_D_SB_LUT4_I3_O [cen] (fanout 32)
Info: promoting conv.impl.busy_SB_LUT4_I2_O [cen] (fanout 32)
Info: Constraining chains...
Info:        4 LCs used to legalise carry chains.
Info: Checksum: 0x37e55d55

Info: Device utilisation:
Info: 	         ICESTORM_LC:    1071/   1280    83%
Info: 	        ICESTORM_RAM:       0/     16     0%
Info: 	               SB_IO:      45/    112    40%
Info: 	               SB_GB:       5/      8    62%
Info: 	        ICESTORM_PLL:       0/      1     0%
Info: 	         SB_WARMBOOT:       0/      1     0%

Info: Placed 0 cells based on constraints.
Info: Creating initial analytic placement for 998 cells, random placement wirelen = 13321.
Info:     at initial placer iter 0, wirelen = 581
Info:     at initial placer iter 1, wirelen = 533
Info:     at initial placer iter 2, wirelen = 598
Info:     at initial placer iter 3, wirelen = 594
Info: Running main analytical placer, max placement attempts per cell = 157080.
Info:     at iteration #1, type ALL: wirelen solved = 572, spread = 4704, legal = 4762; time = 0.01s
Info:     at iteration #2, type ALL: wirelen solved = 583, spread = 4404, legal = 4530; time = 0.01s
Info:     at iteration #3, type ALL: wirelen solved = 687, spread = 3894, legal = 4006; time = 0.01s
Info:     at iteration #4, type ALL: wirelen solved = 746, spread = 3970, legal = 4084; time = 0.01s
Info:     at iteration #5, type ALL: wirelen solved = 921, spread = 4088, legal = 4163; time = 0.01s
Info:     at iteration #6, type ALL: wirelen solved = 919, spread = 3613, legal = 3715; time = 0.01s
Info:     at iteration #7, type ALL: wirelen solved = 998, spread = 3403, legal = 3478; time = 0.01s
Info:     at iteration #8, type ALL: wirelen solved = 1203, spread = 3357, legal = 3419; time = 0.01s
Info:     at iteration #9, type ALL: wirelen solved = 1274, spread = 3352, legal = 3382; time = 0.01s
Info:     at iteration #10, type ALL: wirelen solved = 1314, spread = 3291, legal = 3357; time = 0.01s
Info:     at iteration #11, type ALL: wirelen solved = 1317, spread = 3281, legal = 3387; time = 0.02s
Info:     at iteration #12, type ALL: wirelen solved = 1437, spread = 3150, legal = 3205; time = 0.01s
Info:     at iteration #13, type ALL: wirelen solved = 1446, spread = 3167, legal = 3270; time = 0.01s
Info:     at iteration #14, type ALL: wirelen solved = 1491, spread = 3073, legal = 3210; time = 0.01s
Info:     at iteration #15, type ALL: wirelen solved = 1532, spread = 3010, legal = 3157; time = 0.01s
Info:     at iteration #16, type ALL: wirelen solved = 1613, spread = 2993, legal = 3128; time = 0.01s
Info:     at iteration #17, type ALL: wirelen solved = 1619, spread = 2986, legal = 3051; time = 0.01s
Info:     at iteration #18, type ALL: wirelen solved = 1657, spread = 2985, legal = 3093; time = 0.01s
Info:     at iteration #19, type ALL: wirelen solved = 1702, spread = 2955, legal = 3039; time = 0.01s
Info:     at iteration #20, type ALL: wirelen solved = 1760, spread = 2942, legal = 3056; time = 0.01s
Info:     at iteration #21, type ALL: wirelen solved = 1769, spread = 2916, legal = 3012; time = 0.01s
Info:     at iteration #22, type ALL: wirelen solved = 1828, spread = 2792, legal = 2893; time = 0.01s
Info:     at iteration #23, type ALL: wirelen solved = 1827, spread = 2797, legal = 2981; time = 0.01s
Info:     at iteration #24, type ALL: wirelen solved = 1875, spread = 2806, legal = 2952; time = 0.01s
Info:     at iteration #25, type ALL: wirelen solved = 1888, spread = 2806, legal = 2948; time = 0.01s
Info:     at iteration #26, type ALL: wirelen solved = 1862, spread = 2794, legal = 2879; time = 0.01s
Info:     at iteration #27, type ALL: wirelen solved = 1912, spread = 2739, legal = 2885; time = 0.01s
Info:     at iteration #28, type ALL: wirelen solved = 1893, spread = 2838, legal = 2971; time = 0.01s
Info:     at iteration #29, type ALL: wirelen solved = 2011, spread = 2772, legal = 2917; time = 0.01s
Info:     at iteration #30, type ALL: wirelen solved = 1966, spread = 2802, legal = 2921; time = 0.01s
Info:     at iteration #31, type ALL: wirelen solved = 2050, spread = 2763, legal = 2908; time = 0.01s
Info: HeAP Placer Time: 0.50s
Info:   of which solving equations: 0.29s
Info:   of which spreading cells: 0.05s
Info:   of which strict legalisation: 0.06s

Info: Running simulated annealing placer for refinement.
Info:   at iteration #1: temp = 0.000000, timing cost = 626, wirelen = 2879
Info:   at iteration #5: temp = 0.000000, timing cost = 736, wirelen = 2361
Info:   at iteration #10: temp = 0.000000, timing cost = 683, wirelen = 2245
Info:   at iteration #15: temp = 0.000000, timing cost = 655, wirelen = 2188
Info:   at iteration #20: temp = 0.000000, timing cost = 671, wirelen = 2120
Info:   at iteration #22: temp = 0.000000, timing cost = 636, wirelen = 2109 
Info: SA placement time 0.47s

Info: Max frequency for clock 'clk$SB_IO_IN_$glb_clk': 36.07 MHz (PASS at 25.00 MHz)

Info: Max delay <async>                       -> posedge clk$SB_IO_IN_$glb_clk: 6.74 ns
Info: Max delay posedge clk$SB_IO_IN_$glb_clk -> <async>                      : 2.56 ns

Info: Slack histogram:
Info:  legend: * represents 6 endpoint(s)
Info:          + represents [1,6) endpoint(s)
Info: [ 12277,  13615) |***+
Info: [ 13615,  14953) |**+
Info: [ 14953,  16291) |*+
Info: [ 16291,  17629) |+
Info: [ 17629,  18967) |+
Info: [ 18967,  20305) |+
Info: [ 20305,  21643) |+
Info: [ 21643,  22981) |+
Info: [ 22981,  24319) |+
Info: [ 24319,  25657) | 
Info: [ 25657,  26995) |**********+
Info: [ 26995,  28333) |+
Info: [ 28333,  29671) |+
Info: [ 29671,  31009) |+
Info: [ 31009,  32347) |+
Info: [ 32347,  33685) |*****+
Info: [ 33685,  35023) |*+
Info: [ 35023,  36361) |****************************************+
Info: [ 36361,  37699) |*****************************+
Info: [ 37699,  39037) |************************************************************ 
Info: Checksum: 0x5f13a2b0

Info: Routing..
Info: Setting up routing queue.
Info: Routing 2823 arcs.
Info:            |   (re-)routed arcs  |   delta    | remaining|       time spent     |
Info:    IterCnt |  w/ripup   wo/ripup |  w/r  wo/r |      arcs| batch(sec) total(sec)|
Info:       1000 |      137        841 |  137   841 |      2045|       0.22       0.22|
Info:       2000 |      338       1597 |  201   756 |      1279|       0.04       0.26|
Info:       3000 |      654       2278 |  316   681 |       641|       0.12       0.38|
Info:       3676 |      689       2919 |   35   641 |         0|       0.05       0.43|
Info: Routing complete.
Info: Router1 time 0.43s
Info: Checksum: 0x02f5caa9

Info: Critical path report for clock 'clk$SB_IO_IN_$glb_clk' (posedge -> posedge):
Info:       type curr  total name
Info:   clk-to-q  0.54  0.54 Source conv.impl.tap_index_SB_DFFESR_Q_12_D_SB_LUT4_O_LC.O
Info:    routing  0.59  1.13 Net conv.impl.tap_index[3] (7,2) -> (7,2)
Info:                          Sink conv.impl.tap_index_SB_DFFESR_Q_12_D_SB_LUT4_O_I2_SB_LUT4_O_LC.I2
Info:                          Defined in:
Info:                               /Users/adarmaori/Desktop/Final Project/FPGA/conv1d_large_4mult.v:27.16-27.25
Info:      logic  0.38  1.51 Source conv.impl.tap_index_SB_DFFESR_Q_12_D_SB_LUT4_O_I2_SB_LUT4_O_LC.O
Info:    routing  0.59  2.09 Net conv.impl.tap_index_SB_DFFESR_Q_12_D_SB_LUT4_O_I2[3] (7,2) -> (6,3)
Info:                          Sink conv.impl.tap_index_SB_DFFESR_Q_12_D_SB_LUT4_O_I2_SB_LUT4_I3_2_LC.I3
Info:                          Defined in:
Info:                               /opt/homebrew/bin/../share/yosys/ice40/cells_map.v:6.21-6.22
Info:      logic  0.31  2.41 Source conv.impl.tap_index_SB_DFFESR_Q_12_D_SB_LUT4_O_I2_SB_LUT4_I3_2_LC.O
Info:    routing  1.67  4.08 Net conv.impl.acc_SB_DFFESR_Q_22_D_SB_LUT4_O_I1_SB_LUT4_O_I3_SB_CARRY_CI_CO_SB_LUT4_I3_I1_SB_LUT4_O_I3_SB_CARRY_CO_CI_SB_CARRY_CO_CI_SB_CARRY_CO_CI_SB_CARRY_CO_CI_SB_CARRY_CO_CI_SB_LUT4_I3_O_SB_LUT4_O_I2_SB_LUT4_O_1_I2_SB_LUT4_O_1_I1_SB_LUT4_I2_1_O_SB_LUT4_I0_O_SB_LUT4_I2_O_SB_LUT4_I3_O_SB_LUT4_I3_1_O_SB_LUT4_O_I0_SB_LUT4_O_I2_SB_LUT4_O_1_I2_SB_LUT4_O_I1_SB_LUT4_O_1_I1_SB_LUT4_O_I2[1] (6,3) -> (6,15)
Info:                          Sink conv.impl.acc_SB_DFFESR_Q_22_D_SB_LUT4_O_I1_SB_LUT4_O_I3_SB_CARRY_CI_CO_SB_LUT4_I3_I1_SB_LUT4_O_I3_SB_CARRY_CO_CI_SB_CARRY_CO_CI_SB_CARRY_CO_CI_SB_CARRY_CO_CI_SB_CARRY_CO_CI_SB_CARRY_CO_I0_SB_LUT4_O_1_I3_SB_LUT4_O_I2_SB_LUT4_O_I2_SB_LUT4_O_1_I2_SB_LUT4_O_I0_SB_LUT4_O_1_I2_SB_LUT4_O_1_I0_SB_LUT4_O_3_LC.I3
Info:                          Defined in:
Info:                               /opt/homebrew/bin/../share/yosys/ice40/cells_map.v:6.21-6.22
Info:      logic  0.31  4.39 Source conv.impl.acc_SB_DFFESR_Q_22_D_SB_LUT4_O_I1_SB_LUT4_O_I3_SB_CARRY_CI_CO_SB_LUT4_I3_I1_SB_LUT4_O_I3_SB_CARRY_CO_CI_SB_CARRY_CO_CI_SB_CARRY_CO_CI_SB_CARRY_CO_CI_SB_CARRY_CO_CI_SB_CARRY_CO_I0_SB_LUT4_O_1_I3_SB_LUT4_O_I2_SB_LUT4_O_I2_SB_LUT4_O_1_I2_SB_LUT4_O_I0_SB_LUT4_O_1_I2_SB_LUT4_O_1_I0_SB_LUT4_O_3_LC.O
Info:    routing  1.27  5.67 Net conv.impl.acc_SB_DFFESR_Q_22_D_SB_LUT4_O_I1_SB_LUT4_O_I3_SB_CARRY_CI_CO_SB_LUT4_I3_I1_SB_LUT4_O_I3_SB_CARRY_CO_CI_SB_CARRY_CO_CI_SB_CARRY_CO_CI_SB_CARRY_CO_CI_SB_CARRY_CO_CI_SB_CARRY_CO_I0_SB_LUT4_O_1_I3_SB_LUT4_O_I2_SB_LUT4_O_I2_SB_LUT4_O_1_I2_SB_LUT4_O_I0_SB_LUT4_O_1_I2_SB_LUT4_O_1_I0[3] (6,15) -> (6,12)
Info:                          Sink conv.impl.acc_SB_DFFESR_Q_22_D_SB_LUT4_O_I1_SB_LUT4_O_I3_SB_CARRY_CI_CO_SB_LUT4_I3_I1_SB_LUT4_O_I3_SB_CARRY_CO_CI_SB_CARRY_CO_CI_SB_CARRY_CO_CI_SB_CARRY_CO_CI_SB_CARRY_CO_CI_SB_CARRY_CO_I0_SB_LUT4_O_1_I3_SB_LUT4_O_I2_SB_LUT4_O_I2_SB_LUT4_O_1_I2_SB_LUT4_O_I0_SB_LUT4_O_1_I2_SB_LUT4_O_1_LC.I3
Info:                          Defined in:
Info:                               /opt/homebrew/bin/../share/yosys/ice40/cells_map.v:6.21-6.22
Info:      logic  0.31  5.98 Source conv.impl.acc_SB_DFFESR_Q_22_D_SB_LUT4_O_I1_SB_LUT4_O_I3_SB_CARRY_CI_CO_SB_LUT4_I3_I1_SB_LUT4_O_I3_SB_CARRY_CO_CI_SB_CARRY_CO_CI_SB_CARRY_CO_CI_SB_CARRY_CO_CI_SB_CARRY_CO_CI_SB_CARRY_CO_I0_SB_LUT4_O_1_I3_SB_LUT4_O_I2_SB_LUT4_O_I2_SB_LUT4_O_1_I2_SB_LUT4_O_I0_SB_LUT4_O_1_I2_SB_LUT4_O_1_LC.O
Info:    routing  0.59  6.57 Net conv.impl.acc_SB_DFFESR_Q_22_D_SB_LUT4_O_I1_SB_LUT4_O_I3_SB_CARRY_CI_CO_SB_LUT4_I3_I1_SB_LUT4_O_I3_SB_CARRY_CO_CI_SB_CARRY_CO_CI_SB_CARRY_CO_CI_SB_CARRY_CO_CI_SB_CARRY_CO_CI_SB_CARRY_CO_I0_SB_LUT4_O_1_I3_SB_LUT4_O_I2_SB_LUT4_O_I2_SB_LUT4_O_1_I2_SB_LUT4_O_I0_SB_LUT4_O_1_I2[2] (6,12) -> (5,11)
Info:                          Sink conv.impl.acc_SB_DFFESR_Q_22_D_SB_LUT4_O_I1_SB_LUT4_O_I3_SB_CARRY_CI_CO_SB_LUT4_I3_I1_SB_LUT4_O_I3_SB_CARRY_CO_CI_SB_CARRY_CO_CI_SB_CARRY_CO_CI_SB_CARRY_CO_CI_SB_CARRY_CO_CI_SB_CARRY_CO_I0_SB_LUT4_O_1_I3_SB_LUT4_O_I2_SB_LUT4_O_I2_SB_LUT4_O_1_I2_SB_LUT4_O_I0_SB_LUT4_O_1_I2_SB_LUT4_I2_LC.I3
Info:                          Defined in:
Info:                               /opt/homebrew/bin/../share/yosys/ice40/cells_map.v:6.21-6.22
Info:      logic  0.31  6.88 Source conv.impl.acc_SB_DFFESR_Q_22_D_SB_LUT4_O_I1_SB_LUT4_O_I3_SB_CARRY_CI_CO_SB_LUT4_I3_I1_SB_LUT4_O_I3_SB_CARRY_CO_CI_SB_CARRY_CO_CI_SB_CARRY_CO_CI_SB_CARRY_CO_CI_SB_CARRY_CO_CI_SB_CARRY_CO_I0_SB_LUT4_O_1_I3_SB_LUT4_O_I2_SB_LUT4_O_I2_SB_LUT4_O_1_I2_SB_LUT4_O_I0_SB_LUT4_O_1_I2_SB_LUT4_I2_LC.O
Info:    routing  1.58  8.46 Net conv.impl.acc_SB_DFFESR_Q_22_D_SB_LUT4_O_I1_SB_LUT4_O_I3_SB_CARRY_CI_CO_SB_LUT4_I3_I1_SB_LUT4_O_I3_SB_CARRY_CO_CI_SB_CARRY_CO_CI_SB_CARRY_CO_CI_SB_CARRY_CO_CI_SB_CARRY_CO_CI_SB_CARRY_CO_I0_SB_LUT4_O_1_I3_SB_LUT4_O_I2_SB_LUT4_O_I2_SB_LUT4_O_1_I2_SB_LUT4_I2_O_SB_LUT4_O_I3[0] (5,11) -> (4,5)
Info:                          Sink conv.impl.acc_SB_DFFESR_Q_22_D_SB_LUT4_O_I1_SB_LUT4_O_I3_SB_CARRY_CI_CO_SB_LUT4_I3_I1_SB_LUT4_O_I3_SB_CARRY_CO_CI_SB_CARRY_CO_CI_SB_LUT4_I3_O_SB_LUT4_O_I2_SB_LUT4_O_1_I0_SB_LUT4_O_1_I2_SB_LUT4_I1_O_SB_LUT4_I0_O_SB_LUT4_I2_O_SB_LUT4_O_I1_SB_LUT4_O_1_I0_SB_LUT4_O_I3_SB_LUT4_O_I2_SB_LUT4_I3_O_SB_LUT4_O_I2_SB_LUT4_O_LC.I3
Info:                          Defined in:
Info:                               /opt/homebrew/bin/../share/yosys/ice40/cells_map.v:6.21-6.22
Info:      logic  0.31  8.77 Source conv.impl.acc_SB_DFFESR_Q_22_D_SB_LUT4_O_I1_SB_LUT4_O_I3_SB_CARRY_CI_CO_SB_LUT4_I3_I1_SB_LUT4_O_I3_SB_CARRY_CO_CI_SB_CARRY_CO_CI_SB_LUT4_I3_O_SB_LUT4_O_I2_SB_LUT4_O_1_I0_SB_LUT4_O_1_I2_SB_LUT4_I1_O_SB_LUT4_I0_O_SB_LUT4_I2_O_SB_LUT4_O_I1_SB_LUT4_O_1_I0_SB_LUT4_O_I3_SB_LUT4_O_I2_SB_LUT4_I3_O_SB_LUT4_O_I2_SB_LUT4_O_LC.O
Info:    routing  0.59  9.36 Net conv.impl.acc_SB_DFFESR_Q_22_D_SB_LUT4_O_I1_SB_LUT4_O_I3_SB_CARRY_CI_CO_SB_LUT4_I3_I1_SB_LUT4_O_I3_SB_CARRY_CO_CI_SB_CARRY_CO_CI_SB_LUT4_I3_O_SB_LUT4_O_I2_SB_LUT4_O_1_I0_SB_LUT4_O_1_I2_SB_LUT4_I1_O_SB_LUT4_I0_O_SB_LUT4_I2_O_SB_LUT4_O_I1_SB_LUT4_O_1_I0_SB_LUT4_O_I3_SB_LUT4_O_I2_SB_LUT4_I3_O_SB_LUT4_O_I2[1] (4,5) -> (4,5)
Info:                          Sink conv.impl.acc_SB_DFFESR_Q_22_D_SB_LUT4_O_I1_SB_LUT4_O_I3_SB_CARRY_CI_CO_SB_LUT4_I3_I1_SB_LUT4_O_I3_SB_CARRY_CO_CI_SB_CARRY_CO_CI_SB_LUT4_I3_O_SB_LUT4_O_I2_SB_LUT4_O_1_I0_SB_LUT4_O_1_I2_SB_LUT4_I1_O_SB_LUT4_I0_O_SB_LUT4_I2_O_SB_LUT4_O_I1_SB_LUT4_O_1_I0_SB_LUT4_O_I3_SB_LUT4_O_I2_SB_LUT4_I3_O_SB_LUT4_O_LC.I2
Info:                          Defined in:
Info:                               /opt/homebrew/bin/../share/yosys/ice40/cells_map.v:6.21-6.22
Info:      logic  0.38  9.74 Source conv.impl.acc_SB_DFFESR_Q_22_D_SB_LUT4_O_I1_SB_LUT4_O_I3_SB_CARRY_CI_CO_SB_LUT4_I3_I1_SB_LUT4_O_I3_SB_CARRY_CO_CI_SB_CARRY_CO_CI_SB_LUT4_I3_O_SB_LUT4_O_I2_SB_LUT4_O_1_I0_SB_LUT4_O_1_I2_SB_LUT4_I1_O_SB_LUT4_I0_O_SB_LUT4_I2_O_SB_LUT4_O_I1_SB_LUT4_O_1_I0_SB_LUT4_O_I3_SB_LUT4_O_I2_SB_LUT4_I3_O_SB_LUT4_O_LC.O
Info:    routing  0.59  10.33 Net conv.impl.acc_SB_DFFESR_Q_22_D_SB_LUT4_O_I1_SB_LUT4_O_I3_SB_CARRY_CI_CO_SB_LUT4_I3_I1_SB_LUT4_O_I3_SB_CARRY_CO_CI_SB_CARRY_CO_CI_SB_CARRY_CO_CI_SB_CARRY_CO_CI_SB_CARRY_CO_CI_SB_LUT4_I3_O_SB_LUT4_O_I2_SB_LUT4_O_1_I2_SB_LUT4_O_1_I1_SB_LUT4_I2_1_O_SB_LUT4_I0_O_SB_LUT4_I2_O_SB_LUT4_I1_I3_SB_LUT4_I3_1_O_SB_LUT4_O_I1[1] (4,5) -> (5,6)
Info:                          Sink conv.impl.acc_SB_DFFESR_Q_22_D_SB_LUT4_O_I1_SB_LUT4_O_I3_SB_CARRY_CI_CO_SB_LUT4_I3_I1_SB_LUT4_O_I3_SB_CARRY_CO_CI_SB_CARRY_CO_CI_SB_CARRY_CO_CI_SB_CARRY_CO_CI_SB_CARRY_CO_CI_SB_LUT4_I3_O_SB_LUT4_O_I2_SB_LUT4_O_1_I2_SB_LUT4_O_1_I1_SB_LUT4_I2_1_O_SB_LUT4_I0_O_SB_LUT4_I2_O_SB_LUT4_I3_O_SB_LUT4_I3_1_O_SB_LUT4_O_I0_SB_LUT4_O_I2_SB_LUT4_O_1_I2_SB_LUT4_I1_O_SB_LUT4_I2_O_SB_LUT4_O_2_LC.I3
Info:                          Defined in:
Info:                               /opt/homebrew/bin/../share/yosys/ice40/cells_map.v:6.21-6.22
Info:      logic  0.31  10.64 Source conv.impl.acc_SB_DFFESR_Q_22_D_SB_LUT4_O_I1_SB_LUT4_O_I3_SB_CARRY_CI_CO_SB_LUT4_I3_I1_SB_LUT4_O_I3_SB_CARRY_CO_CI_SB_CARRY_CO_CI_SB_CARRY_CO_CI_SB_CARRY_CO_CI_SB_CARRY_CO_CI_SB_LUT4_I3_O_SB_LUT4_O_I2_SB_LUT4_O_1_I2_SB_LUT4_O_1_I1_SB_LUT4_I2_1_O_SB_LUT4_I0_O_SB_LUT4_I2_O_SB_LUT4_I3_O_SB_LUT4_I3_1_O_SB_LUT4_O_I0_SB_LUT4_O_I2_SB_LUT4_O_1_I2_SB_LUT4_I1_O_SB_LUT4_I2_O_SB_LUT4_O_2_LC.O
Info:    routing  0.59  11.23 Net conv.impl.acc_SB_DFFESR_Q_22_D_SB_LUT4_O_I1_SB_LUT4_O_I3_SB_CARRY_CI_CO_SB_LUT4_I3_I1_SB_LUT4_O_I3_SB_CARRY_CO_CI_SB_CARRY_CO_CI_SB_CARRY_CO_CI_SB_CARRY_CO_CI_SB_CARRY_CO_CI_SB_LUT4_I3_O_SB_LUT4_O_I2_SB_LUT4_O_1_I2_SB_LUT4_O_1_I1_SB_LUT4_I2_1_O_SB_LUT4_I0_O_SB_LUT4_I2_O_SB_LUT4_I3_O_SB_LUT4_I3_1_O_SB_LUT4_O_I0_SB_LUT4_O_I2_SB_LUT4_O_1_I2_SB_LUT4_I1_O_SB_LUT4_I2_O[2] (5,6) -> (5,7)
Info:                          Sink conv.impl.acc_SB_DFFESR_Q_22_D_SB_LUT4_O_I1_SB_LUT4_O_I3_SB_CARRY_CI_CO_SB_LUT4_I3_I1_SB_LUT4_O_I3_SB_CARRY_CO_CI_SB_CARRY_CO_CI_SB_LUT4_I3_O_SB_LUT4_O_I2_SB_LUT4_O_1_I0_SB_LUT4_O_1_I2_SB_LUT4_I1_O_SB_LUT4_I0_O_SB_LUT4_I2_O_SB_LUT4_O_I2_SB_LUT4_O_I3_SB_LUT4_O_I1_SB_LUT4_O_LC.I3
Info:                          Defined in:
Info:                               /opt/homebrew/bin/../share/yosys/ice40/cells_map.v:6.21-6.22
Info:      logic  0.31  11.55 Source conv.impl.acc_SB_DFFESR_Q_22_D_SB_LUT4_O_I1_SB_LUT4_O_I3_SB_CARRY_CI_CO_SB_LUT4_I3_I1_SB_LUT4_O_I3_SB_CARRY_CO_CI_SB_CARRY_CO_CI_SB_LUT4_I3_O_SB_LUT4_O_I2_SB_LUT4_O_1_I0_SB_LUT4_O_1_I2_SB_LUT4_I1_O_SB_LUT4_I0_O_SB_LUT4_I2_O_SB_LUT4_O_I2_SB_LUT4_O_I3_SB_LUT4_O_I1_SB_LUT4_O_LC.O
Info:    routing  0.59  12.14 Net conv.impl.acc_SB_DFFESR_Q_22_D_SB_LUT4_O_I1_SB_LUT4_O_I3_SB_CARRY_CI_CO_SB_LUT4_I3_I1_SB_LUT4_O_I3_SB_CARRY_CO_CI_SB_CARRY_CO_CI_SB_LUT4_I3_O_SB_LUT4_O_I2_SB_LUT4_O_1_I0_SB_LUT4_O_1_I2_SB_LUT4_I1_O_SB_LUT4_I0_O_SB_LUT4_I2_O_SB_LUT4_O_I2_SB_LUT4_O_I3_SB_LUT4_I3_O_SB_LUT4_O_I3[1] (5,7) -> (6,8)
Info:                          Sink conv.impl.acc_SB_DFFESR_Q_22_D_SB_LUT4_O_I1_SB_LUT4_O_I3_SB_CARRY_CI_CO_SB_LUT4_I3_I1_SB_LUT4_O_I3_SB_CARRY_CO_CI_SB_CARRY_CO_CI_SB_LUT4_I3_O_SB_LUT4_O_I2_SB_LUT4_O_1_I0_SB_LUT4_O_1_I2_SB_LUT4_I1_O_SB_LUT4_I0_O_SB_LUT4_I2_O_SB_LUT4_O_I2_SB_LUT4_O_I3_SB_LUT4_O_LC.I1
Info:                          Defined in:
Info:                               /opt/homebrew/bin/../share/yosys/ice40/cells_map.v:6.21-6.22
Info:      logic  0.40  12.53 Source conv.impl.acc_SB_DFFESR_Q_22_D_SB_LUT4_O_I1_SB_LUT4_O_I3_SB_CARRY_CI_CO_SB_LUT4_I3_I1_SB_LUT4_O_I3_SB_CARRY_CO_CI_SB_CARRY_CO_CI_SB_LUT4_I3_O_SB_LUT4_O_I2_SB_LUT4_O_1_I0_SB_LUT4_O_1_I2_SB_LUT4_I1_O_SB_LUT4_I0_O_SB_LUT4_I2_O_SB_LUT4_O_I2_SB_LUT4_O_I3_SB_LUT4_O_LC.O
Info:    routing  0.59  13.12 Net conv.impl.acc_SB_DFFESR_Q_22_D_SB_LUT4_O_I1_SB_LUT4_O_I3_SB_CARRY_CI_CO_SB_LUT4_I3_I1_SB_LUT4_O_I3_SB_CARRY_CO_CI_SB_CARRY_CO_CI_SB_LUT4_I3_O_SB_LUT4_O_I2_SB_LUT4_O_1_I0_SB_LUT4_O_1_I2_SB_LUT4_I1_O_SB_LUT4_I0_O_SB_LUT4_I2_O_SB_LUT4_O_I2_SB_LUT4_O_I3[3] (6,8) -> (6,8)
Info:                          Sink conv.impl.acc_SB_DFFESR_Q_22_D_SB_LUT4_O_I1_SB_LUT4_O_I3_SB_CARRY_CI_CO_SB_LUT4_I3_I1_SB_LUT4_O_I3_SB_CARRY_CO_CI_SB_CARRY_CO_CI_SB_LUT4_I3_O_SB_LUT4_O_I2_SB_LUT4_O_1_I0_SB_LUT4_O_1_I2_SB_LUT4_I1_O_SB_LUT4_I0_O_SB_LUT4_I2_O_SB_LUT4_O_I2_SB_LUT4_O_I3_SB_LUT4_I3_LC.I3
Info:                          Defined in:
Info:                               /opt/homebrew/bin/../share/yosys/ice40/cells_map.v:6.21-6.22
Info:      logic  0.31  13.44 Source conv.impl.acc_SB_DFFESR_Q_22_D_SB_LUT4_O_I1_SB_LUT4_O_I3_SB_CARRY_CI_CO_SB_LUT4_I3_I1_SB_LUT4_O_I3_SB_CARRY_CO_CI_SB_CARRY_CO_CI_SB_LUT4_I3_O_SB_LUT4_O_I2_SB_LUT4_O_1_I0_SB_LUT4_O_1_I2_SB_LUT4_I1_O_SB_LUT4_I0_O_SB_LUT4_I2_O_SB_LUT4_O_I2_SB_LUT4_O_I3_SB_LUT4_I3_LC.O
Info:    routing  0.59  14.02 Net conv.impl.acc_SB_DFFESR_Q_22_D_SB_LUT4_O_I1_SB_LUT4_O_I3_SB_CARRY_CI_CO_SB_LUT4_I3_I1_SB_LUT4_O_I3_SB_CARRY_CO_CI_SB_CARRY_CO_CI_SB_LUT4_I3_O_SB_LUT4_O_I2_SB_LUT4_O_1_I0_SB_LUT4_O_1_I2_SB_LUT4_I1_O_SB_LUT4_I0_O_SB_LUT4_I2_O_SB_LUT4_O_I2_SB_LUT4_O_I3_SB_LUT4_I3_O[1] (6,8) -> (6,8)
Info:                          Sink conv.impl.acc_SB_DFFESR_Q_22_D_SB_LUT4_O_I1_SB_LUT4_O_I3_SB_CARRY_CI_CO_SB_LUT4_I3_I1_SB_LUT4_O_I3_SB_CARRY_CO_CI_SB_CARRY_CO_CI_SB_LUT4_I3_O_SB_LUT4_O_I2_SB_LUT4_O_1_I0_SB_LUT4_O_1_I2_SB_LUT4_I1_O_SB_LUT4_I0_O_SB_LUT4_I2_O_SB_LUT4_O_I3_SB_CARRY_CO_CI_SB_LUT4_I3_LC.I1
Info:                          Defined in:
Info:                               /opt/homebrew/bin/../share/yosys/ice40/arith_map.v:62.5-70.4
Info:                               /opt/homebrew/bin/../share/yosys/ice40/cells_map.v:6.21-6.22
Info:      logic  0.40  14.42 Source conv.impl.acc_SB_DFFESR_Q_22_D_SB_LUT4_O_I1_SB_LUT4_O_I3_SB_CARRY_CI_CO_SB_LUT4_I3_I1_SB_LUT4_O_I3_SB_CARRY_CO_CI_SB_CARRY_CO_CI_SB_LUT4_I3_O_SB_LUT4_O_I2_SB_LUT4_O_1_I0_SB_LUT4_O_1_I2_SB_LUT4_I1_O_SB_LUT4_I0_O_SB_LUT4_I2_O_SB_LUT4_O_I3_SB_CARRY_CO_CI_SB_LUT4_I3_LC.O
Info:    routing  0.96  15.38 Net conv.impl.acc_SB_DFFESR_Q_22_D_SB_LUT4_O_I1_SB_LUT4_O_I3_SB_CARRY_CI_CO_SB_LUT4_I3_I1_SB_LUT4_O_I3_SB_CARRY_CO_CI_SB_CARRY_CO_CI_SB_LUT4_I3_O_SB_LUT4_O_I2_SB_LUT4_O_1_I0_SB_LUT4_O_1_I2_SB_LUT4_I1_O_SB_LUT4_I0_O_SB_LUT4_I2_O_SB_LUT4_O_I3_SB_CARRY_CO_CI_SB_LUT4_I3_O[2] (6,8) -> (7,10)
Info:                          Sink conv.impl.acc_SB_DFFESR_Q_22_D_SB_LUT4_O_I1_SB_LUT4_O_I3_SB_CARRY_CI_CO_SB_LUT4_I3_I1_SB_LUT4_O_I3_SB_CARRY_CO_CI_SB_CARRY_CO_CI_SB_CARRY_CO_CI_SB_CARRY_CO_CI_SB_LUT4_I3_O_SB_LUT4_O_I2_SB_LUT4_O_1_I2_SB_LUT4_O_1_I3_SB_LUT4_I2_1_O_SB_LUT4_I3_O_SB_LUT4_I0_O_SB_LUT4_O_I3_SB_LUT4_I2_O_SB_LUT4_O_1_LC.I3
Info:                          Defined in:
Info:                               /opt/homebrew/bin/../share/yosys/ice40/cells_map.v:6.21-6.22
Info:      logic  0.31  15.70 Source conv.impl.acc_SB_DFFESR_Q_22_D_SB_LUT4_O_I1_SB_LUT4_O_I3_SB_CARRY_CI_CO_SB_LUT4_I3_I1_SB_LUT4_O_I3_SB_CARRY_CO_CI_SB_CARRY_CO_CI_SB_CARRY_CO_CI_SB_CARRY_CO_CI_SB_LUT4_I3_O_SB_LUT4_O_I2_SB_LUT4_O_1_I2_SB_LUT4_O_1_I3_SB_LUT4_I2_1_O_SB_LUT4_I3_O_SB_LUT4_I0_O_SB_LUT4_O_I3_SB_LUT4_I2_O_SB_LUT4_O_1_LC.O
Info:    routing  0.59  16.29 Net conv.impl.acc_SB_DFFESR_Q_22_D_SB_LUT4_O_I1_SB_LUT4_O_I3_SB_CARRY_CI_CO_SB_LUT4_I3_I1_SB_LUT4_O_I3_SB_CARRY_CO_CI_SB_CARRY_CO_CI_SB_CARRY_CO_CI_SB_CARRY_CO_CI_SB_LUT4_I3_O_SB_LUT4_O_I2_SB_LUT4_O_1_I2_SB_LUT4_O_1_I3_SB_LUT4_I2_1_O_SB_LUT4_I3_O_SB_LUT4_I0_O_SB_LUT4_O_I3_SB_LUT4_I2_O[2] (7,10) -> (7,10)
Info:                          Sink conv.impl.acc_SB_DFFESR_Q_22_D_SB_LUT4_O_I1_SB_LUT4_O_I3_SB_CARRY_CI_CO_SB_LUT4_I3_I1_SB_LUT4_O_I3_SB_CARRY_CO_I0_SB_LUT4_O_1_I3_SB_LUT4_O_LC.I3
Info:                          Defined in:
Info:                               /opt/homebrew/bin/../share/yosys/ice40/cells_map.v:6.21-6.22
Info:      logic  0.31  16.60 Source conv.impl.acc_SB_DFFESR_Q_22_D_SB_LUT4_O_I1_SB_LUT4_O_I3_SB_CARRY_CI_CO_SB_LUT4_I3_I1_SB_LUT4_O_I3_SB_CARRY_CO_I0_SB_LUT4_O_1_I3_SB_LUT4_O_LC.O
Info:    routing  0.59  17.19 Net conv.impl.acc_SB_DFFESR_Q_22_D_SB_LUT4_O_I1_SB_LUT4_O_I3_SB_CARRY_CI_CO_SB_LUT4_I3_I1_SB_LUT4_O_I3_SB_CARRY_CO_I0_SB_LUT4_O_1_I3[2] (7,10) -> (7,10)
Info:                          Sink conv.impl.acc_SB_DFFESR_Q_22_D_SB_LUT4_O_I1_SB_LUT4_O_I3_SB_CARRY_CI_CO_SB_LUT4_I3_I1_SB_LUT4_O_I3_SB_CARRY_CO_CI_SB_CARRY_CO_I0_SB_LUT4_O_LC.I3
Info:                          Defined in:
Info:                               /opt/homebrew/bin/../share/yosys/ice40/cells_map.v:6.21-6.22
Info:      logic  0.31  17.50 Source conv.impl.acc_SB_DFFESR_Q_22_D_SB_LUT4_O_I1_SB_LUT4_O_I3_SB_CARRY_CI_CO_SB_LUT4_I3_I1_SB_LUT4_O_I3_SB_CARRY_CO_CI_SB_CARRY_CO_I0_SB_LUT4_O_LC.O
Info:    routing  0.59  18.09 Net conv.impl.acc_SB_DFFESR_Q_22_D_SB_LUT4_O_I1_SB_LUT4_O_I3_SB_CARRY_CI_CO_SB_LUT4_I3_I1_SB_LUT4_O_I3_SB_CARRY_CO_CI_SB_CARRY_CO_I0[1] (7,10) -> (8,9)
Info:                          Sink conv.impl.acc_SB_DFFESR_Q_22_D_SB_LUT4_O_I1_SB_LUT4_O_I3_SB_CARRY_CI_CO_SB_LUT4_I3_I1_SB_LUT4_O_I3_SB_CARRY_CO_CI_SB_CARRY_CO_CI_SB_LUT4_I3_LC.I1
Info:                          Defined in:
Info:                               /opt/homebrew/bin/../share/yosys/ice40/arith_map.v:62.5-70.4
Info:                               /opt/homebrew/bin/../share/yosys/ice40/cells_map.v:6.21-6.22
Info:      logic  0.40  18.49 Source conv.impl.acc_SB_DFFESR_Q_22_D_SB_LUT4_O_I1_SB_LUT4_O_I3_SB_CARRY_CI_CO_SB_LUT4_I3_I1_SB_LUT4_O_I3_SB_CARRY_CO_CI_SB_CARRY_CO_CI_SB_LUT4_I3_LC.O
Info:    routing  0.59  19.08 Net conv.impl.acc_SB_DFFESR_Q_22_D_SB_LUT4_O_I1_SB_LUT4_O_I3_SB_CARRY_CI_CO_SB_LUT4_I3_I1_SB_LUT4_O_I3_SB_CARRY_CO_CI_SB_CARRY_CO_CI_SB_LUT4_I3_O[1] (8,9) -> (9,9)
Info:                          Sink conv.impl.acc_SB_DFFESR_Q_22_D_SB_LUT4_O_I1_SB_LUT4_O_I3_SB_CARRY_CI_CO_SB_LUT4_I3_I1_SB_LUT4_O_I3_SB_CARRY_CO_CI_SB_LUT4_I3_O_SB_LUT4_O_1_LC.I3
Info:                          Defined in:
Info:                               /opt/homebrew/bin/../share/yosys/ice40/cells_map.v:6.21-6.22
Info:      logic  0.31  19.39 Source conv.impl.acc_SB_DFFESR_Q_22_D_SB_LUT4_O_I1_SB_LUT4_O_I3_SB_CARRY_CI_CO_SB_LUT4_I3_I1_SB_LUT4_O_I3_SB_CARRY_CO_CI_SB_LUT4_I3_O_SB_LUT4_O_1_LC.O
Info:    routing  0.59  19.98 Net conv.impl.acc_SB_DFFESR_Q_22_D_SB_LUT4_O_I1_SB_LUT4_O_I3_SB_CARRY_CI_CO_SB_LUT4_I3_I1_SB_LUT4_O_I3_SB_CARRY_CO_CI_SB_CARRY_CO_CI_SB_CARRY_CO_CI_SB_LUT4_I3_O_SB_LUT4_I1_1_O[1] (9,9) -> (9,10)
Info:                          Sink conv.impl.acc_SB_DFFESR_Q_23_D_SB_LUT4_O_I1_SB_LUT4_O_I1_SB_LUT4_O_LC.I3
Info:                          Defined in:
Info:                               /opt/homebrew/bin/../share/yosys/ice40/cells_map.v:6.21-6.22
Info:      logic  0.31  20.30 Source conv.impl.acc_SB_DFFESR_Q_23_D_SB_LUT4_O_I1_SB_LUT4_O_I1_SB_LUT4_O_LC.O
Info:    routing  0.96  21.26 Net conv.impl.acc_SB_DFFESR_Q_23_D_SB_LUT4_O_I1_SB_LUT4_O_I1[1] (9,10) -> (9,12)
Info:                          Sink conv.impl.acc_SB_DFFESR_Q_23_D_SB_LUT4_O_I1_SB_LUT4_O_LC.I1
Info:                          Defined in:
Info:                               /opt/homebrew/bin/../share/yosys/ice40/arith_map.v:62.5-70.4
Info:                               /opt/homebrew/bin/../share/yosys/ice40/cells_map.v:6.21-6.22
Info:      logic  0.26  21.51 Source conv.impl.acc_SB_DFFESR_Q_23_D_SB_LUT4_O_I1_SB_LUT4_O_LC.COUT
Info:    routing  0.00  21.51 Net conv.impl.acc_SB_DFFESR_Q_22_D_SB_LUT4_O_I1_SB_LUT4_O_I1[3] (9,12) -> (9,12)
Info:                          Sink conv.impl.acc_SB_DFFESR_Q_22_D_SB_LUT4_O_I1_SB_LUT4_O_LC.CIN
Info:                          Defined in:
Info:                               /opt/homebrew/bin/../share/yosys/ice40/arith_map.v:62.5-70.4
Info:                               /opt/homebrew/bin/../share/yosys/ice40/abc9_model.v:4.9-4.11
Info:      logic  0.13  21.64 Source conv.impl.acc_SB_DFFESR_Q_22_D_SB_LUT4_O_I1_SB_LUT4_O_LC.COUT
Info:    routing  0.26  21.90 Net conv.impl.acc_SB_DFFESR_Q_22_D_SB_LUT4_O_I1_SB_LUT4_O_I3_SB_CARRY_CI_CO (9,12) -> (9,12)
Info:                          Sink conv.impl.acc_SB_DFFESR_Q_22_D_SB_LUT4_O_I1_SB_LUT4_O_I3_SB_CARRY_CI_CO_SB_LUT4_I3_LC.I3
Info:                          Defined in:
Info:                               /opt/homebrew/bin/../share/yosys/ice40/arith_map.v:62.5-70.4
Info:                               /opt/homebrew/bin/../share/yosys/ice40/cells_map.v:6.21-6.22
Info:      logic  0.31  22.22 Source conv.impl.acc_SB_DFFESR_Q_22_D_SB_LUT4_O_I1_SB_LUT4_O_I3_SB_CARRY_CI_CO_SB_LUT4_I3_LC.O
Info:    routing  0.59  22.80 Net conv.impl.acc_SB_DFFESR_Q_22_D_SB_LUT4_O_I1_SB_LUT4_O_I3_SB_CARRY_CI_CO_SB_LUT4_I3_O[1] (9,12) -> (8,13)
Info:                          Sink conv.impl.acc_SB_DFFESR_Q_21_D_SB_LUT4_O_LC.I1
Info:                          Defined in:
Info:                               /Users/adarmaori/Desktop/Final Project/FPGA/conv1d_large_4mult.v:89.35-89.50
Info:                               /opt/homebrew/bin/../share/yosys/ice40/arith_map.v:62.5-70.4
Info:                               /opt/homebrew/bin/../share/yosys/ice40/cells_map.v:6.21-6.22
Info:      logic  0.26  23.06 Source conv.impl.acc_SB_DFFESR_Q_21_D_SB_LUT4_O_LC.COUT
Info:    routing  0.00  23.06 Net conv.impl.acc_SB_DFFESR_Q_20_D_SB_LUT4_O_I3 (8,13) -> (8,13)
Info:                          Sink conv.impl.acc_SB_DFFESR_Q_20_D_SB_LUT4_O_LC.CIN
Info:                          Defined in:
Info:                               /Users/adarmaori/Desktop/Final Project/FPGA/conv1d_large_4mult.v:89.35-89.50
Info:                               /opt/homebrew/bin/../share/yosys/ice40/arith_map.v:62.5-70.4
Info:                               /opt/homebrew/bin/../share/yosys/ice40/abc9_model.v:4.9-4.11
Info:      logic  0.13  23.19 Source conv.impl.acc_SB_DFFESR_Q_20_D_SB_LUT4_O_LC.COUT
Info:    routing  0.00  23.19 Net conv.impl.acc_SB_DFFESR_Q_19_D_SB_LUT4_O_I3 (8,13) -> (8,13)
Info:                          Sink conv.impl.acc_SB_DFFESR_Q_19_D_SB_LUT4_O_LC.CIN
Info:                          Defined in:
Info:                               /Users/adarmaori/Desktop/Final Project/FPGA/conv1d_large_4mult.v:89.35-89.50
Info:                               /opt/homebrew/bin/../share/yosys/ice40/arith_map.v:62.5-70.4
Info:                               /opt/homebrew/bin/../share/yosys/ice40/abc9_model.v:4.9-4.11
Info:      logic  0.13  23.31 Source conv.impl.acc_SB_DFFESR_Q_19_D_SB_LUT4_O_LC.COUT
Info:    routing  0.00  23.31 Net conv.impl.acc_SB_DFFESR_Q_18_D_SB_LUT4_O_I3 (8,13) -> (8,13)
Info:                          Sink conv.impl.acc_SB_DFFESR_Q_18_D_SB_LUT4_O_LC.CIN
Info:                          Defined in:
Info:                               /Users/adarmaori/Desktop/Final Project/FPGA/conv1d_large_4mult.v:89.35-89.50
Info:                               /opt/homebrew/bin/../share/yosys/ice40/arith_map.v:62.5-70.4
Info:                               /opt/homebrew/bin/../share/yosys/ice40/abc9_model.v:4.9-4.11
Info:      logic  0.13  23.44 Source conv.impl.acc_SB_DFFESR_Q_18_D_SB_LUT4_O_LC.COUT
Info:    routing  0.00  23.44 Net conv.impl.acc_SB_DFFESR_Q_17_D_SB_LUT4_O_I3 (8,13) -> (8,13)
Info:                          Sink conv.impl.acc_SB_DFFESR_Q_17_D_SB_LUT4_O_LC.CIN
Info:                          Defined in:
Info:                               /Users/adarmaori/Desktop/Final Project/FPGA/conv1d_large_4mult.v:89.35-89.50
Info:                               /opt/homebrew/bin/../share/yosys/ice40/arith_map.v:62.5-70.4
Info:                               /opt/homebrew/bin/../share/yosys/ice40/abc9_model.v:4.9-4.11
Info:      logic  0.13  23.57 Source conv.impl.acc_SB_DFFESR_Q_17_D_SB_LUT4_O_LC.COUT
Info:    routing  0.00  23.57 Net conv.impl.acc_SB_DFFESR_Q_16_D_SB_LUT4_O_I3 (8,13) -> (8,13)
Info:                          Sink conv.impl.acc_SB_DFFESR_Q_16_D_SB_LUT4_O_LC.CIN
Info:                          Defined in:
Info:                               /Users/adarmaori/Desktop/Final Project/FPGA/conv1d_large_4mult.v:89.35-89.50
Info:                               /opt/homebrew/bin/../share/yosys/ice40/arith_map.v:62.5-70.4
Info:                               /opt/homebrew/bin/../share/yosys/ice40/abc9_model.v:4.9-4.11
Info:      logic  0.13  23.69 Source conv.impl.acc_SB_DFFESR_Q_16_D_SB_LUT4_O_LC.COUT
Info:    routing  0.20  23.89 Net conv.impl.acc_SB_DFFESR_Q_15_D_SB_LUT4_O_I3 (8,13) -> (8,14)
Info:                          Sink conv.impl.acc_SB_DFFESR_Q_15_D_SB_LUT4_O_LC.CIN
Info:                          Defined in:
Info:                               /Users/adarmaori/Desktop/Final Project/FPGA/conv1d_large_4mult.v:89.35-89.50
Info:                               /opt/homebrew/bin/../share/yosys/ice40/arith_map.v:62.5-70.4
Info:                               /opt/homebrew/bin/../share/yosys/ice40/abc9_model.v:4.9-4.11
Info:      logic  0.13  24.01 Source conv.impl.acc_SB_DFFESR_Q_15_D_SB_LUT4_O_LC.COUT
Info:    routing  0.00  24.01 Net conv.impl.acc_SB_DFFESR_Q_14_D_SB_LUT4_O_I3 (8,14) -> (8,14)
Info:                          Sink conv.impl.acc_SB_DFFESR_Q_14_D_SB_LUT4_O_LC.CIN
Info:                          Defined in:
Info:                               /Users/adarmaori/Desktop/Final Project/FPGA/conv1d_large_4mult.v:89.35-89.50
Info:                               /opt/homebrew/bin/../share/yosys/ice40/arith_map.v:62.5-70.4
Info:                               /opt/homebrew/bin/../share/yosys/ice40/abc9_model.v:4.9-4.11
Info:      logic  0.13  24.14 Source conv.impl.acc_SB_DFFESR_Q_14_D_SB_LUT4_O_LC.COUT
Info:    routing  0.00  24.14 Net conv.impl.acc_SB_DFFESR_Q_13_D_SB_LUT4_O_I3 (8,14) -> (8,14)
Info:                          Sink conv.impl.acc_SB_DFFESR_Q_13_D_SB_LUT4_O_LC.CIN
Info:                          Defined in:
Info:                               /Users/adarmaori/Desktop/Final Project/FPGA/conv1d_large_4mult.v:89.35-89.50
Info:                               /opt/homebrew/bin/../share/yosys/ice40/arith_map.v:62.5-70.4
Info:                               /opt/homebrew/bin/../share/yosys/ice40/abc9_model.v:4.9-4.11
Info:      logic  0.13  24.27 Source conv.impl.acc_SB_DFFESR_Q_13_D_SB_LUT4_O_LC.COUT
Info:    routing  0.00  24.27 Net conv.impl.acc_SB_DFFESR_Q_12_D_SB_LUT4_O_I3 (8,14) -> (8,14)
Info:                          Sink conv.impl.acc_SB_DFFESR_Q_12_D_SB_LUT4_O_LC.CIN
Info:                          Defined in:
Info:                               /Users/adarmaori/Desktop/Final Project/FPGA/conv1d_large_4mult.v:89.35-89.50
Info:                               /opt/homebrew/bin/../share/yosys/ice40/arith_map.v:62.5-70.4
Info:                               /opt/homebrew/bin/../share/yosys/ice40/abc9_model.v:4.9-4.11
Info:      logic  0.13  24.39 Source conv.impl.acc_SB_DFFESR_Q_12_D_SB_LUT4_O_LC.COUT
Info:    routing  0.00  24.39 Net conv.impl.acc_SB_DFFESR_Q_11_D_SB_LUT4_O_I3 (8,14) -> (8,14)
Info:                          Sink conv.impl.acc_SB_DFFESR_Q_11_D_SB_LUT4_O_LC.CIN
Info:                          Defined in:
Info:                               /Users/adarmaori/Desktop/Final Project/FPGA/conv1d_large_4mult.v:89.35-89.50
Info:                               /opt/homebrew/bin/../share/yosys/ice40/arith_map.v:62.5-70.4
Info:                               /opt/homebrew/bin/../share/yosys/ice40/abc9_model.v:4.9-4.11
Info:      logic  0.13  24.52 Source conv.impl.acc_SB_DFFESR_Q_11_D_SB_LUT4_O_LC.COUT
Info:    routing  0.00  24.52 Net conv.impl.acc_SB_DFFESR_Q_10_D_SB_LUT4_O_I3 (8,14) -> (8,14)
Info:                          Sink conv.impl.acc_SB_DFFESR_Q_10_D_SB_LUT4_O_LC.CIN
Info:                          Defined in:
Info:                               /Users/adarmaori/Desktop/Final Project/FPGA/conv1d_large_4mult.v:89.35-89.50
Info:                               /opt/homebrew/bin/../share/yosys/ice40/arith_map.v:62.5-70.4
Info:                               /opt/homebrew/bin/../share/yosys/ice40/abc9_model.v:4.9-4.11
Info:      logic  0.13  24.64 Source conv.impl.acc_SB_DFFESR_Q_10_D_SB_LUT4_O_LC.COUT
Info:    routing  0.00  24.64 Net conv.impl.acc_SB_DFFESR_Q_9_D_SB_LUT4_O_I3 (8,14) -> (8,14)
Info:                          Sink conv.impl.acc_SB_DFFESR_Q_9_D_SB_LUT4_O_LC.CIN
Info:                          Defined in:
Info:                               /Users/adarmaori/Desktop/Final Project/FPGA/conv1d_large_4mult.v:89.35-89.50
Info:                               /opt/homebrew/bin/../share/yosys/ice40/arith_map.v:62.5-70.4
Info:                               /opt/homebrew/bin/../share/yosys/ice40/abc9_model.v:4.9-4.11
Info:      logic  0.13  24.77 Source conv.impl.acc_SB_DFFESR_Q_9_D_SB_LUT4_O_LC.COUT
Info:    routing  0.00  24.77 Net conv.impl.acc_SB_DFFESR_Q_8_D_SB_LUT4_O_I3 (8,14) -> (8,14)
Info:                          Sink conv.impl.acc_SB_DFFESR_Q_8_D_SB_LUT4_O_LC.CIN
Info:                          Defined in:
Info:                               /Users/adarmaori/Desktop/Final Project/FPGA/conv1d_large_4mult.v:89.35-89.50
Info:                               /opt/homebrew/bin/../share/yosys/ice40/arith_map.v:62.5-70.4
Info:                               /opt/homebrew/bin/../share/yosys/ice40/abc9_model.v:4.9-4.11
Info:      logic  0.13  24.90 Source conv.impl.acc_SB_DFFESR_Q_8_D_SB_LUT4_O_LC.COUT
Info:    routing  0.20  25.09 Net conv.impl.acc_SB_DFFESR_Q_7_D_SB_LUT4_O_I3 (8,14) -> (8,15)
Info:                          Sink conv.impl.acc_SB_DFFESR_Q_7_D_SB_LUT4_O_LC.CIN
Info:                          Defined in:
Info:                               /Users/adarmaori/Desktop/Final Project/FPGA/conv1d_large_4mult.v:89.35-89.50
Info:                               /opt/homebrew/bin/../share/yosys/ice40/arith_map.v:62.5-70.4
Info:                               /opt/homebrew/bin/../share/yosys/ice40/abc9_model.v:4.9-4.11
Info:      logic  0.13  25.22 Source conv.impl.acc_SB_DFFESR_Q_7_D_SB_LUT4_O_LC.COUT
Info:    routing  0.00  25.22 Net conv.impl.acc_SB_DFFESR_Q_6_D_SB_LUT4_O_I3 (8,15) -> (8,15)
Info:                          Sink conv.impl.acc_SB_DFFESR_Q_6_D_SB_LUT4_O_LC.CIN
Info:                          Defined in:
Info:                               /Users/adarmaori/Desktop/Final Project/FPGA/conv1d_large_4mult.v:89.35-89.50
Info:                               /opt/homebrew/bin/../share/yosys/ice40/arith_map.v:62.5-70.4
Info:                               /opt/homebrew/bin/../share/yosys/ice40/abc9_model.v:4.9-4.11
Info:      logic  0.13  25.34 Source conv.impl.acc_SB_DFFESR_Q_6_D_SB_LUT4_O_LC.COUT
Info:    routing  0.00  25.34 Net conv.impl.acc_SB_DFFESR_Q_5_D_SB_LUT4_O_I3 (8,15) -> (8,15)
Info:                          Sink conv.impl.acc_SB_DFFESR_Q_5_D_SB_LUT4_O_LC.CIN
Info:                          Defined in:
Info:                               /Users/adarmaori/Desktop/Final Project/FPGA/conv1d_large_4mult.v:89.35-89.50
Info:                               /opt/homebrew/bin/../share/yosys/ice40/arith_map.v:62.5-70.4
Info:                               /opt/homebrew/bin/../share/yosys/ice40/abc9_model.v:4.9-4.11
Info:      logic  0.13  25.47 Source conv.impl.acc_SB_DFFESR_Q_5_D_SB_LUT4_O_LC.COUT
Info:    routing  0.00  25.47 Net conv.impl.acc_SB_DFFESR_Q_4_D_SB_LUT4_O_I3 (8,15) -> (8,15)
Info:                          Sink conv.impl.acc_SB_DFFESR_Q_4_D_SB_LUT4_O_LC.CIN
Info:                          Defined in:
Info:                               /Users/adarmaori/Desktop/Final Project/FPGA/conv1d_large_4mult.v:89.35-89.50
Info:                               /opt/homebrew/bin/../share/yosys/ice40/arith_map.v:62.5-70.4
Info:                               /opt/homebrew/bin/../share/yosys/ice40/abc9_model.v:4.9-4.11
Info:      logic  0.13  25.60 Source conv.impl.acc_SB_DFFESR_Q_4_D_SB_LUT4_O_LC.COUT
Info:    routing  0.00  25.60 Net conv.impl.acc_SB_DFFESR_Q_3_D_SB_LUT4_O_I3 (8,15) -> (8,15)
Info:                          Sink conv.impl.acc_SB_DFFESR_Q_3_D_SB_LUT4_O_LC.CIN
Info:                          Defined in:
Info:                               /Users/adarmaori/Desktop/Final Project/FPGA/conv1d_large_4mult.v:89.35-89.50
Info:                               /opt/homebrew/bin/../share/yosys/ice40/arith_map.v:62.5-70.4
Info:                               /opt/homebrew/bin/../share/yosys/ice40/abc9_model.v:4.9-4.11
Info:      logic  0.13  25.72 Source conv.impl.acc_SB_DFFESR_Q_3_D_SB_LUT4_O_LC.COUT
Info:    routing  0.00  25.72 Net conv.impl.acc_SB_DFFESR_Q_2_D_SB_LUT4_O_I3 (8,15) -> (8,15)
Info:                          Sink conv.impl.acc_SB_DFFESR_Q_2_D_SB_LUT4_O_LC.CIN
Info:                          Defined in:
Info:                               /Users/adarmaori/Desktop/Final Project/FPGA/conv1d_large_4mult.v:89.35-89.50
Info:                               /opt/homebrew/bin/../share/yosys/ice40/arith_map.v:62.5-70.4
Info:                               /opt/homebrew/bin/../share/yosys/ice40/abc9_model.v:4.9-4.11
Info:      logic  0.13  25.85 Source conv.impl.acc_SB_DFFESR_Q_2_D_SB_LUT4_O_LC.COUT
Info:    routing  0.00  25.85 Net conv.impl.acc_SB_DFFESR_Q_1_D_SB_LUT4_O_I3 (8,15) -> (8,15)
Info:                          Sink conv.impl.acc_SB_DFFESR_Q_1_D_SB_LUT4_O_LC.CIN
Info:                          Defined in:
Info:                               /Users/adarmaori/Desktop/Final Project/FPGA/conv1d_large_4mult.v:89.35-89.50
Info:                               /opt/homebrew/bin/../share/yosys/ice40/arith_map.v:62.5-70.4
Info:                               /opt/homebrew/bin/../share/yosys/ice40/cells_map.v:6.21-6.22
Info:      logic  0.13  25.97 Source conv.impl.acc_SB_DFFESR_Q_1_D_SB_LUT4_O_LC.COUT
Info:    routing  0.26  26.23 Net conv.impl.acc_SB_DFFESR_Q_D_SB_LUT4_O_I3 (8,15) -> (8,15)
Info:                          Sink conv.impl.acc_SB_DFFESR_Q_D_SB_LUT4_O_LC.I3
Info:                          Defined in:
Info:                               /Users/adarmaori/Desktop/Final Project/FPGA/conv1d_large_4mult.v:89.35-89.50
Info:                               /opt/homebrew/bin/../share/yosys/ice40/arith_map.v:62.5-70.4
Info:                               /opt/homebrew/bin/../share/yosys/ice40/abc9_model.v:4.9-4.11
Info:      logic  0.31  26.55 Source conv.impl.acc_SB_DFFESR_Q_D_SB_LUT4_O_LC.O
Info:    routing  0.59  27.14 Net conv.impl.acc_SB_DFFESR_Q_D (8,15) -> (8,16)
Info:                          Sink conv.impl.acc_SB_DFFESR_Q_DFFLC.I0
Info:      setup  0.47  27.60 Source conv.impl.acc_SB_DFFESR_Q_DFFLC.I0
Info: 10.85 ns logic, 16.75 ns routing

Info: Critical path report for cross-domain path '<async>' -> 'posedge clk$SB_IO_IN_$glb_clk':
Info:       type curr  total name
Info:     source  0.00  0.00 Source rst$sb_io.D_IN_0
Info:    routing  0.96  0.96 Net rst$SB_IO_IN (3,0) -> (2,2)
Info:                          Sink conv.impl.busy_SB_LUT4_I2_LC.I1
Info:                          Defined in:
Info:                               conv1d_large_benchmark_top.v:12.16-12.19
Info:      logic  0.40  1.36 Source conv.impl.busy_SB_LUT4_I2_LC.O
Info:    routing  2.02  3.37 Net conv.impl.busy_SB_LUT4_I2_O (2,2) -> (13,8)
Info:                          Sink $gbuf_conv.impl.busy_SB_LUT4_I2_O_$glb_ce.USER_SIGNAL_TO_GLOBAL_BUFFER
Info:      logic  0.62  3.99 Source $gbuf_conv.impl.busy_SB_LUT4_I2_O_$glb_ce.GLOBAL_BUFFER_OUTPUT
Info:    routing  0.60  4.59 Net conv.impl.busy_SB_LUT4_I2_O_$glb_ce (13,8) -> (7,15)
Info:                          Sink conv.impl.sample_out_SB_DFFESR_Q_9_DFFLC.CEN
Info:      setup  0.10  4.69 Source conv.impl.sample_out_SB_DFFESR_Q_9_DFFLC.CEN
Info: 1.12 ns logic, 3.58 ns routing

Info: Critical path report for cross-domain path 'posedge clk$SB_IO_IN_$glb_clk' -> '<async>':
Info:       type curr  total name
Info:   clk-to-q  0.54  0.54 Source conv.impl.busy_SB_DFFSR_Q_DFFLC.O
Info:    routing  1.27  1.81 Net sample_valid_SB_LUT4_I1_O[0] (2,4) -> (1,8)
Info:                          Sink sample_ready_SB_LUT4_O_LC.I3
Info:                          Defined in:
Info:                               /opt/homebrew/bin/../share/yosys/ice40/cells_map.v:6.21-6.22
Info:      logic  0.31  2.13 Source sample_ready_SB_LUT4_O_LC.O
Info:    routing  0.59  2.72 Net sample_ready$SB_IO_OUT (1,8) -> (0,8)
Info:                          Sink sample_ready$sb_io.D_OUT_0
Info:                          Defined in:
Info:                               conv1d_large_benchmark_top.v:14.17-14.29
Info: 0.86 ns logic, 1.86 ns routing

Info: Max frequency for clock 'clk$SB_IO_IN_$glb_clk': 36.23 MHz (PASS at 25.00 MHz)

Info: Max delay <async>                       -> posedge clk$SB_IO_IN_$glb_clk: 4.69 ns
Info: Max delay posedge clk$SB_IO_IN_$glb_clk -> <async>                      : 2.72 ns

Info: Slack histogram:
Info:  legend: * represents 6 endpoint(s)
Info:          + represents [1,6) endpoint(s)
Info: [ 12396,  13700) |***+
Info: [ 13700,  15004) |***+
Info: [ 15004,  16308) |*+
Info: [ 16308,  17612) |+
Info: [ 17612,  18916) |+
Info: [ 18916,  20220) |+
Info: [ 20220,  21524) |+
Info: [ 21524,  22828) |+
Info: [ 22828,  24132) |+
Info: [ 24132,  25436) | 
Info: [ 25436,  26740) | 
Info: [ 26740,  28044) |**********+
Info: [ 28044,  29348) |+
Info: [ 29348,  30652) |+
Info: [ 30652,  31956) |+
Info: [ 31956,  33260) | 
Info: [ 33260,  34564) | 
Info: [ 34564,  35868) |***************************************+
Info: [ 35868,  37172) |*******************************+
Info: [ 37172,  38476) |************************************************************ 
1 warning, 0 errors

Info: Program finished normally.
